#1 [internal] load .dockerignore
#1 transferring context: 2B done
#1 DONE 0.0s

#2 [internal] load build definition from Dockerfile.compile
#2 transferring dockerfile: 126B done
#2 DONE 0.0s

#3 [internal] load metadata for docker.io/bittles999/gst-src:latest
#3 DONE 0.0s

#4 [1/2] FROM docker.io/bittles999/gst-src
#4 DONE 0.1s

#5 [2/2] RUN ["/compile"]
#5 0.934 /gstreamer /
#5 3.137 Cloning into 'orc'...
#5 5.411 HEAD is now at be26150 Release 0.4.33
#5 14.25 The Meson build system
#5 14.25 Version: 1.0.0
#5 14.25 Source dir: /gstreamer
#5 14.25 Build dir: /gstreamer/build
#5 14.25 Build type: native build
#5 14.25 WARNING: Project targets '>= 0.62.0' but uses feature introduced in '0.63.0': Wrap files with diff_files.
#5 14.25 Project name: gstreamer-full
#5 14.25 Project version: 1.22.0.1
#5 14.25 C compiler for the host machine: cc (gcc 11.3.0 "cc (Ubuntu 11.3.0-1ubuntu1~22.04) 11.3.0")
#5 14.25 C linker for the host machine: cc ld.bfd 2.38
#5 14.25 Host machine cpu family: aarch64
#5 14.25 Host machine cpu: aarch64
#5 14.25 Program python3 found: YES (/usr/bin/python3)
#5 14.25 
#5 14.25 Executing subproject orc 
#5 14.25 
#5 14.25 orc| Project name: orc
#5 14.25 orc| Project version: 0.4.33
#5 14.25 orc| C compiler for the host machine: cc (gcc 11.3.0 "cc (Ubuntu 11.3.0-1ubuntu1~22.04) 11.3.0")
#5 14.25 orc| C linker for the host machine: cc ld.bfd 2.38
#5 14.25 orc| Compiler for C supports link arguments -Wl,-Bsymbolic-functions: YES
#5 14.25 orc| Compiler for C supports arguments -fvisibility=hidden: YES
#5 14.25 orc| Run-time dependency threads found: YES
#5 14.25 orc| Library m found: YES
#5 14.25 orc| Checking for function "clock_gettime" : YES
#5 14.25 orc| Header "android/log.h" has symbol "__android_log_print" : NO
#5 14.25 orc| Checking for function "gettimeofday" : YES
#5 14.25 orc| Checking for function "posix_memalign" : YES
#5 14.25 orc| Checking for function "mmap" : YES
#5 14.25 orc| Checking for function "pthread_jit_write_protect_np" : NO
#5 14.25 orc| Has header "sys/time.h" : YES
#5 14.25 orc| Has header "unistd.h" : YES
#5 14.25 orc| Has header "valgrind/valgrind.h" : NO
#5 14.25 orc| Program gtkdoc-scan skipped: feature gtk_doc disabled
#5 14.25 orc| Message: Not building documentation (disabled)
#5 14.25 orc| Configuring config.h using configuration
#5 14.25 orc| Build targets in project: 7
#5 14.25 orc| Subproject orc finished.
#5 14.25 
#5 14.25 
#5 14.25 Executing subproject gstreamer 
#5 14.25 
#5 14.25 gstreamer| Project name: gstreamer
#5 14.25 gstreamer| Project version: 1.22.0.1
#5 14.25 gstreamer| C compiler for the host machine: cc (gcc 11.3.0 "cc (Ubuntu 11.3.0-1ubuntu1~22.04) 11.3.0")
#5 14.25 gstreamer| C linker for the host machine: cc ld.bfd 2.38
#5 14.25 gstreamer| Compiler for C supports link arguments -Wl,-Bsymbolic-functions: YES (cached)
#5 14.25 gstreamer| Compiler for C supports link arguments -Wl,-z,nodelete: YES
#5 14.25 gstreamer| Compiler for C supports arguments -fvisibility=hidden: YES (cached)
#5 14.25 gstreamer| Compiler for C supports arguments -fno-strict-aliasing: YES
#5 14.25 gstreamer| Message: Disabling GLib cast checks
#5 14.25 gstreamer| Has header "dlfcn.h" : YES
#5 14.25 gstreamer| Has header "inttypes.h" : YES
#5 14.25 gstreamer| Has header "memory.h" : YES
#5 14.25 gstreamer| Has header "poll.h" : YES
#5 14.25 gstreamer| Has header "stdint.h" : YES
#5 14.25 gstreamer| Has header "stdio_ext.h" : YES
#5 14.25 gstreamer| Has header "strings.h" : YES
#5 14.25 gstreamer| Has header "string.h" : YES
#5 14.25 gstreamer| Has header "sys/param.h" : YES
#5 14.25 gstreamer| Has header "sys/poll.h" : YES
#5 14.25 gstreamer| Has header "sys/prctl.h" : YES
#5 14.25 gstreamer| Has header "sys/socket.h" : YES
#5 14.25 gstreamer| Has header "sys/stat.h" : YES
#5 14.25 gstreamer| Has header "sys/times.h" : YES
#5 14.25 gstreamer| Has header "sys/time.h" : YES (cached)
#5 14.25 gstreamer| Has header "sys/types.h" : YES
#5 14.25 gstreamer| Has header "sys/utsname.h" : YES
#5 14.25 gstreamer| Has header "sys/wait.h" : YES
#5 14.25 gstreamer| Has header "ucontext.h" : YES
#5 14.25 gstreamer| Has header "unistd.h" : YES (cached)
#5 14.25 gstreamer| Has header "sys/resource.h" : YES
#5 14.25 gstreamer| Has header "sys/uio.h" : YES
#5 14.25 gstreamer| Checking whether type "struct tm" has member "tm_gmtoff" : YES
#5 14.25 gstreamer| Checking for function "gmtime_r" : YES
#5 14.25 gstreamer| Checking for function "sigaction" : YES
#5 14.25 gstreamer| Checking for function "getrusage" : YES
#5 14.25 gstreamer| Checking for function "fseeko" : YES
#5 14.25 gstreamer| Checking for function "ftello" : YES
#5 14.25 gstreamer| Checking for function "poll" : YES
#5 14.25 gstreamer| Checking for function "ppoll" : YES
#5 14.25 gstreamer| Checking for function "pselect" : YES
#5 14.25 gstreamer| Checking for function "getpagesize" : YES
#5 14.25 gstreamer| Checking for function "clock_gettime" : YES (cached)
#5 14.25 gstreamer| Checking for function "clock_nanosleep" : YES
#5 14.25 gstreamer| Checking for function "strnlen" : YES
#5 14.25 gstreamer| Checking for function "getline" : YES
#5 14.25 gstreamer| Checking for function "mkstemp" : YES
#5 14.25 gstreamer| Checking for function "alarm" : YES
#5 14.25 gstreamer| Checking for function "gettimeofday" : YES (cached)
#5 14.25 gstreamer| Checking for function "localtime_r" : YES
#5 14.25 gstreamer| Checking if "pthread_setname_np(const char*)" : links: NO
#5 14.25 gstreamer| Header "pthread.h" has symbol "pthread_condattr_setclock" : YES
#5 14.25 gstreamer| Header "pthread.h" has symbol "pthread_cond_timedwait_relative_np" : NO
#5 14.25 gstreamer| Checking if "futex(2) system call" compiles: YES
#5 14.25 gstreamer| Checking if "futex(2) system call" compiles: NO
#5 14.25 gstreamer| Checking if "posix timers from time.h" compiles: YES
#5 14.25 gstreamer| Checking if "monotonic clock from time.h" compiles: YES
#5 14.25 gstreamer| Checking if "__uint128_t available" compiles: YES
#5 14.25 gstreamer| Checking for function "getpid" : YES
#5 14.25 gstreamer| Checking for function "strdup" : YES
#5 14.25 gstreamer| Checking for function "strsignal" : YES
#5 14.25 gstreamer| Checking for type "clockid_t" : YES
#5 14.25 gstreamer| Checking for type "timer_t" : YES
#5 14.25 gstreamer| Checking whether type "struct timespec" has members "tv_sec", "tv_nsec" : YES
#5 14.25 gstreamer| Checking whether type "struct itimerspec" has members "it_interval", "it_value" : YES
#5 14.25 gstreamer| Found pkg-config: /usr/bin/pkg-config (0.29.2)
#5 14.25 gstreamer| Run-time dependency libunwind found: YES 1.3.2
#5 14.25 gstreamer| Run-time dependency libdw found: YES 0.186
#5 14.25 gstreamer| Has header "dbghelp.h" : NO
#5 14.25 gstreamer| Has header "execinfo.h" : YES
#5 14.25 gstreamer| Checking for function "backtrace" : YES
#5 14.25 gstreamer| Compiler for C supports arguments -Wmissing-declarations: YES
#5 14.25 gstreamer| Compiler for C supports arguments -Wmissing-prototypes: YES
#5 14.25 gstreamer| Compiler for C supports arguments -Wredundant-decls: YES
#5 14.25 gstreamer| Compiler for C supports arguments -Wundef: YES
#5 14.25 gstreamer| Compiler for C supports arguments -Wwrite-strings: YES
#5 14.25 gstreamer| Compiler for C supports arguments -Wformat: YES
#5 14.25 gstreamer| Compiler for C supports arguments -Wformat-nonliteral: YES
#5 14.25 gstreamer| Compiler for C supports arguments -Wformat-security: YES
#5 14.25 gstreamer| Compiler for C supports arguments -Wold-style-definition: YES
#5 14.25 gstreamer| Compiler for C supports arguments -Winit-self: YES
#5 14.25 gstreamer| Compiler for C supports arguments -Wmissing-include-dirs: YES
#5 14.25 gstreamer| Compiler for C supports arguments -Waddress: YES
#5 14.25 gstreamer| Compiler for C supports arguments -Waggregate-return: YES
#5 14.25 gstreamer| Compiler for C supports arguments -Wno-multichar: YES
#5 14.25 gstreamer| Compiler for C supports arguments -Wvla: YES
#5 14.25 gstreamer| Compiler for C supports arguments -Wpointer-arith: YES
#5 14.25 gstreamer| Library gmp found: YES
#5 14.25 gstreamer| Library gsl found: YES
#5 14.25 gstreamer| Library gslcblas found: YES
#5 14.25 gstreamer| Library dl found: YES
#5 14.25 gstreamer| Checking for function "dladdr" with dependency -ldl: YES
#5 14.25 gstreamer| Run-time dependency glib-2.0 found: YES 2.72.4
#5 14.25 gstreamer| Run-time dependency gobject-2.0 found: YES 2.72.4
#5 14.25 gstreamer| Run-time dependency gmodule-no-export-2.0 found: YES 2.72.4
#5 14.25 gstreamer| Run-time dependency gio-2.0 found: YES 2.72.4
#5 14.25 gstreamer| Run-time dependency gio-unix-2.0 found: YES 2.72.4
#5 14.25 gstreamer| Library m found: YES
#5 14.25 gstreamer| Library rt found: YES
#5 14.25 gstreamer| Program g-ir-scanner skipped: feature introspection disabled
#5 14.25 gstreamer| Program python3 found: YES (/usr/bin/python3)
#5 14.25 gstreamer| Run-time dependency bash-completion found: YES 2.11
#5 14.25 gstreamer| Configuring gstconfig.h using configuration
#5 14.25 gstreamer| Configuring gstversion.h using configuration
#5 14.25 gstreamer| Program glib-mkenums found: YES (/usr/bin/glib-mkenums)
#5 14.25 gstreamer| Program glib-mkenums found: YES (/usr/bin/glib-mkenums)
#5 14.25 gstreamer| Program flex found: YES (/usr/bin/flex)
#5 14.25 gstreamer| Program get_flex_version.py found: YES (/gstreamer/subprojects/gstreamer/gst/parse/get_flex_version.py)
#5 14.25 gstreamer| Message: flex version 2.6.4 >= 2.5.31: YES
#5 14.25 gstreamer| Configuring gen_lex.py using configuration
#5 14.25 gstreamer| Program bison found: YES (/usr/bin/bison)
#5 14.25 gstreamer| Message: bison version 3.8.2 >= 2.4: YES
#5 14.25 gstreamer| Configuring grammar.y using configuration
#5 14.25 gstreamer| Configuring gen_grammar.py using configuration
#5 14.25 gstreamer| Compiler for C supports arguments -Wno-format-nonliteral: YES
#5 14.25 gstreamer| Checking if "long long" compiles: YES
#5 14.25 gstreamer| Checking if "uintmax_t in inttypes.h" compiles: YES
#5 14.25 gstreamer| Checking if "uintmax_t in stdint.h" compiles: YES
#5 18.92 gstreamer| Program glib-mkenums found: YES (/usr/bin/glib-mkenums)
#5 18.92 gstreamer| Program glib-mkenums found: YES (/usr/bin/glib-mkenums)
#5 18.92 gstreamer| Message: PTP supported on linux.
#5 18.92 gstreamer| Checking if "SIOCGIFCONF, SIOCGIFFLAGS and SIOCGIFHWADDR available" compiles: YES
#5 18.92 gstreamer| Checking if "getifaddrs() and AF_LINK available" compiles: NO
#5 18.92 gstreamer| Program setcap /usr/sbin/setcap /sbin/setcap found: NO
#5 18.92 gstreamer| Run-time dependency libcap found: YES 2.44
#5 18.92 gstreamer| Message: How to install gst-ptp-helper: setuid-root
#5 18.92 gstreamer| Configuring libgstreamer-1.0.so.0.2200.0-gdb.py using configuration
#5 18.92 gstreamer| Configuring check.h using configuration
#5 18.92 gstreamer| Compiler for C supports arguments -Wno-undef: YES
#5 18.92 gstreamer| Compiler for C supports arguments -Wno-redundant-decls: YES
#5 18.92 gstreamer| Compiler for C supports arguments -Wno-missing-prototypes: YES
#5 18.92 gstreamer| Compiler for C supports arguments -Wno-missing-declarations: YES
#5 18.92 gstreamer| Compiler for C supports arguments -Wno-old-style-definition: YES
#5 18.92 gstreamer| Compiler for C supports arguments -Wno-declaration-after-statement: YES
#5 18.92 gstreamer| Compiler for C supports arguments -Wno-format-nonliteral: YES (cached)
#5 18.92 gstreamer| Compiler for C supports arguments -Wno-tautological-constant-out-of-range-compare: NO
#5 18.92 gstreamer| Configuring internal-check.h using configuration
#5 18.92 gstreamer| Dependency threads found: YES unknown (cached)
#5 18.92 gstreamer| Configuring gst using configuration
#5 18.92 gstreamer| Program /gstreamer/build/subprojects/gstreamer/docs/gst-plugins-doc-cache-generator found: YES (/gstreamer/build/subprojects/gstreamer/docs/gst-plugins-doc-cache-generator)
#5 18.92 gstreamer| Program hotdoc skipped: feature doc disabled
#5 18.92 gstreamer| Message: Hotdoc not found, not building the documentation
#5 18.92 gstreamer| Program xgettext found: YES (/usr/bin/xgettext)
#5 18.92 gstreamer| Program msgfmt found: YES (/usr/bin/msgfmt)
#5 18.92 gstreamer| Program msginit found: YES (/usr/bin/msginit)
#5 18.92 gstreamer| Program msgmerge found: YES (/usr/bin/msgmerge)
#5 18.92 gstreamer| Program xgettext found: YES (/usr/bin/xgettext)
#5 18.92 gstreamer| Configuring config.h using configuration
#5 18.92 gstreamer| Build targets in project: 88
#5 18.92 gstreamer| NOTICE: Future-deprecated features used:
#5 18.92 gstreamer| * 0.64.0: {'copy arg in configure_file'}
#5 18.92 gstreamer| Subproject gstreamer finished.
#5 18.92 
#5 18.92 
#5 18.92 Executing subproject gst-plugins-base 
#5 18.92 
#5 18.92 gst-plugins-base| Project name: gst-plugins-base
#5 18.92 gst-plugins-base| Project version: 1.22.0.1
#5 18.92 gst-plugins-base| C compiler for the host machine: cc (gcc 11.3.0 "cc (Ubuntu 11.3.0-1ubuntu1~22.04) 11.3.0")
#5 18.92 gst-plugins-base| C linker for the host machine: cc ld.bfd 2.38
#5 18.92 gst-plugins-base| C++ compiler for the host machine: c++ (gcc 11.3.0 "c++ (Ubuntu 11.3.0-1ubuntu1~22.04) 11.3.0")
#5 18.92 gst-plugins-base| C++ linker for the host machine: c++ ld.bfd 2.38
#5 18.92 gst-plugins-base| Compiler for C supports link arguments -Wl,-Bsymbolic-functions: YES (cached)
#5 18.92 gst-plugins-base| Compiler for C supports link arguments -Wl,-z,nodelete: YES (cached)
#5 18.92 gst-plugins-base| Compiler for C supports arguments -fvisibility=hidden: YES (cached)
#5 18.92 gst-plugins-base| Compiler for C supports arguments -fno-strict-aliasing: YES (cached)
#5 18.92 gst-plugins-base| Message: Disabling GLib cast checks
#5 18.92 gst-plugins-base| Has header "dlfcn.h" : YES (cached)
#5 18.92 gst-plugins-base| Has header "emmintrin.h" : NO
#5 18.92 gst-plugins-base| Has header "inttypes.h" : YES (cached)
#5 18.92 gst-plugins-base| Has header "memory.h" : YES (cached)
#5 18.92 gst-plugins-base| Has header "netinet/in.h" : YES
#5 18.92 gst-plugins-base| Has header "netinet/tcp.h" : YES
#5 18.92 gst-plugins-base| Has header "process.h" : NO
#5 18.92 gst-plugins-base| Has header "smmintrin.h" : NO
#5 18.92 gst-plugins-base| Has header "stdint.h" : YES (cached)
#5 18.92 gst-plugins-base| Has header "strings.h" : YES (cached)
#5 18.92 gst-plugins-base| Has header "string.h" : YES (cached)
#5 18.92 gst-plugins-base| Has header "sys/socket.h" : YES (cached)
#5 18.92 gst-plugins-base| Has header "sys/stat.h" : YES (cached)
#5 18.92 gst-plugins-base| Has header "sys/types.h" : YES (cached)
#5 18.92 gst-plugins-base| Has header "sys/wait.h" : YES (cached)
#5 18.92 gst-plugins-base| Has header "unistd.h" : YES (cached)
#5 18.92 gst-plugins-base| Has header "winsock2.h" : NO
#5 18.92 gst-plugins-base| Has header "xmmintrin.h" : NO
#5 18.92 gst-plugins-base| Has header "linux/dma-buf.h" : YES
#5 18.92 gst-plugins-base| Library m found: YES
#5 18.92 gst-plugins-base| Checking for function "dcgettext" with dependency -lm: YES
#5 18.92 gst-plugins-base| Checking for function "gmtime_r" with dependency -lm: YES
#5 18.92 gst-plugins-base| Checking for function "localtime_r" with dependency -lm: YES
#5 18.92 gst-plugins-base| Checking for function "lrintf" with dependency -lm: YES
#5 18.92 gst-plugins-base| Checking for function "mmap" with dependency -lm: YES
#5 18.92 gst-plugins-base| Checking for function "log2" with dependency -lm: YES
#5 18.92 gst-plugins-base| Checking for size of "char" : 1
#5 18.92 gst-plugins-base| Checking for size of "int" : 4
#5 18.92 gst-plugins-base| Checking for size of "long" : 8
#5 18.92 gst-plugins-base| Checking for size of "short" : 2
#5 18.92 gst-plugins-base| Checking for size of "void*" : 8
#5 18.92 gst-plugins-base| Compiler for C++ supports arguments -Waggregate-return: YES
#5 18.92 gst-plugins-base| Compiler for C supports arguments -Wmissing-declarations: YES (cached)
#5 18.92 gst-plugins-base| Compiler for C++ supports arguments -Wmissing-declarations: YES
#5 18.92 gst-plugins-base| Compiler for C supports arguments -Wredundant-decls: YES (cached)
#5 18.92 gst-plugins-base| Compiler for C++ supports arguments -Wredundant-decls: YES
#5 18.92 gst-plugins-base| Compiler for C supports arguments -Wundef: YES (cached)
#5 18.92 gst-plugins-base| Compiler for C++ supports arguments -Wundef: YES
#5 18.92 gst-plugins-base| Compiler for C supports arguments -Wwrite-strings: YES (cached)
#5 18.92 gst-plugins-base| Compiler for C++ supports arguments -Wwrite-strings: YES
#5 18.92 gst-plugins-base| Compiler for C supports arguments -Wformat: YES (cached)
#5 18.92 gst-plugins-base| Compiler for C++ supports arguments -Wformat: YES
#5 18.92 gst-plugins-base| Compiler for C supports arguments -Wformat-nonliteral: YES (cached)
#5 18.92 gst-plugins-base| Compiler for C++ supports arguments -Wformat-nonliteral: YES
#5 18.92 gst-plugins-base| Compiler for C supports arguments -Wformat-security: YES (cached)
#5 18.92 gst-plugins-base| Compiler for C++ supports arguments -Wformat-security: YES
#5 18.92 gst-plugins-base| Compiler for C supports arguments -Winit-self: YES (cached)
#5 18.92 gst-plugins-base| Compiler for C++ supports arguments -Winit-self: YES
#5 18.92 gst-plugins-base| Compiler for C supports arguments -Wmissing-include-dirs: YES (cached)
#5 18.92 gst-plugins-base| Compiler for C++ supports arguments -Wmissing-include-dirs: YES
#5 18.92 gst-plugins-base| Compiler for C supports arguments -Waddress: YES (cached)
#5 18.92 gst-plugins-base| Compiler for C++ supports arguments -Waddress: YES
#5 18.92 gst-plugins-base| Compiler for C supports arguments -Wno-multichar: YES (cached)
#5 18.92 gst-plugins-base| Compiler for C++ supports arguments -Wno-multichar: YES
#5 18.92 gst-plugins-base| Compiler for C supports arguments -Wvla: YES (cached)
#5 18.92 gst-plugins-base| Compiler for C++ supports arguments -Wvla: YES
#5 18.92 gst-plugins-base| Compiler for C supports arguments -Wpointer-arith: YES (cached)
#5 18.92 gst-plugins-base| Compiler for C++ supports arguments -Wpointer-arith: YES
#5 18.92 gst-plugins-base| Compiler for C supports arguments -Wmissing-prototypes: YES (cached)
#5 18.92 gst-plugins-base| Run-time dependency x11 found: YES 1.7.5
#5 18.92 gst-plugins-base| Dependency gio-2.0 found: YES 2.72.4 (cached)
#5 18.92 gst-plugins-base| Dependency gio-unix-2.0 found: YES 2.72.4 (cached)
#5 18.92 gst-plugins-base| Dependency gmodule-no-export-2.0 found: YES 2.72.4 (cached)
#5 18.92 gst-plugins-base| Dependency gdk-pixbuf-2.0 skipped: feature examples disabled
#5 18.92 gst-plugins-base| Dependency gtk+-3.0 skipped: feature examples disabled
#5 18.92 gst-plugins-base| Dependency gtk+-x11-3.0 skipped: feature examples disabled
#5 18.92 gst-plugins-base| Dependency gstreamer-1.0 found: YES 1.22.0.1 (overridden)
#5 18.92 gst-plugins-base| Dependency gstreamer-base-1.0 found: YES 1.22.0.1 (overridden)
#5 18.92 gst-plugins-base| Dependency gstreamer-net-1.0 found: YES 1.22.0.1 (overridden)
#5 18.92 gst-plugins-base| Dependency gstreamer-check-1.0 skipped: feature tests disabled
#5 18.92 gst-plugins-base| Dependency gstreamer-controller-1.0 found: YES 1.22.0.1 (overridden)
#5 18.92 gst-plugins-base| Dependency orc-0.4 from subproject subprojects/orc found: YES 0.4.33
#5 18.92 gst-plugins-base| Program orcc found: YES (overridden)
#5 19.94 Cloning into 'gl-headers'...
#5 20.90 HEAD is now at 5c8c7c0 meson: create empty abyss, wglext etc. subdirs in the build directory
#5 29.05 gst-plugins-base| Compiler for C supports arguments -msse: NO
#5 29.05 gst-plugins-base| Compiler for C supports arguments -msse2: NO
#5 29.05 gst-plugins-base| Compiler for C supports arguments -msse4.1: NO
#5 29.05 gst-plugins-base| Message: GStreamer debug system is enabled
#5 29.05 gst-plugins-base| Checking whether type "struct tcp_info" has member "__tcpi_reordering" : NO
#5 29.05 gst-plugins-base| Checking whether type "struct tcp_info" has member "tcpi_reordering" : YES
#5 29.05 gst-plugins-base| Program g-ir-scanner skipped: feature introspection disabled
#5 29.05 gst-plugins-base| Program scripts/meson-pkg-config-file-fixup.py found: YES (/gstreamer/subprojects/gst-plugins-base/scripts/meson-pkg-config-file-fixup.py)
#5 29.05 gst-plugins-base| Program python3 found: YES (/usr/bin/python3)
#5 29.05 gst-plugins-base| Program glib-mkenums found: YES (/usr/bin/glib-mkenums)
#5 29.05 gst-plugins-base| Program glib-mkenums found: YES (/usr/bin/glib-mkenums)
#5 29.05 gst-plugins-base| Run-time dependency iso-codes found: YES 4.9.0
#5 29.05 gst-plugins-base| Run-time dependency zlib found: YES 1.2.11
#5 29.05 gst-plugins-base| Program glib-mkenums found: YES (/usr/bin/glib-mkenums)
#5 29.05 gst-plugins-base| Program glib-mkenums found: YES (/usr/bin/glib-mkenums)
#5 29.05 gst-plugins-base| Program glib-mkenums found: YES (/usr/bin/glib-mkenums)
#5 29.05 gst-plugins-base| Program glib-mkenums found: YES (/usr/bin/glib-mkenums)
#5 29.05 gst-plugins-base| Program glib-mkenums found: YES (/usr/bin/glib-mkenums)
#5 29.05 gst-plugins-base| Program glib-mkenums found: YES (/usr/bin/glib-mkenums)
#5 29.05 gst-plugins-base| Configuring gstpluginsbaseversion.h using configuration
#5 29.05 gst-plugins-base| Program glib-mkenums found: YES (/usr/bin/glib-mkenums)
#5 29.05 gst-plugins-base| Program glib-mkenums found: YES (/usr/bin/glib-mkenums)
#5 29.05 gst-plugins-base| Program glib-mkenums found: YES (/usr/bin/glib-mkenums)
#5 29.05 gst-plugins-base| Program glib-mkenums found: YES (/usr/bin/glib-mkenums)
#5 29.05 gst-plugins-base| Program glib-mkenums found: YES (/usr/bin/glib-mkenums)
#5 29.05 gst-plugins-base| Program glib-mkenums found: YES (/usr/bin/glib-mkenums)
#5 29.05 gst-plugins-base| Looking for a fallback subproject for the dependency (anonymous)
#5 29.05 
#5 29.05 Executing subproject gst-plugins-base:gl-headers
#5 29.05 
#5 29.05 gl-headers| Project name: gl-headers
#5 29.05 gl-headers| Project version: 2019.1.0
#5 29.05 gl-headers| C compiler for the host machine: cc (gcc 11.3.0 "cc (Ubuntu 11.3.0-1ubuntu1~22.04) 11.3.0")
#5 29.05 gl-headers| C linker for the host machine: cc ld.bfd 2.38
#5 29.05 gl-headers| Program python3 found: YES (/usr/bin/python3)
#5 29.05 gl-headers| Has header "KHR/khrplatform.h" : YES
#5 29.05 gl-headers| Has header "GL/wglext.h" : NO
#5 29.05 gl-headers| Has header "GL/glext.h" : YES
#5 29.05 gl-headers| Build targets in project: 119
#5 29.05 gl-headers| Subproject gl-headers finished.
#5 29.05 
#5 29.05 gst-plugins-base| Dependency (anonymous) from subproject subprojects/gl-headers found: YES 2019.1.0
#5 29.05 gst-plugins-base| Run-time dependency opengl found: YES 4.5
#5 29.05 gst-plugins-base| Run-time dependency glx found: YES 1.4
#5 29.05 gst-plugins-base| Found CMake: /usr/bin/cmake (3.22.1)
#5 29.05 gst-plugins-base| Run-time dependency bcm_host found: NO (tried pkgconfig and cmake)
#5 29.05 gst-plugins-base| Library bcm_host found: NO
#5 29.05 gst-plugins-base| Run-time dependency glesv2 found: YES 3.2
#5 29.05 gst-plugins-base| Has header "GLES3/gl3.h" with dependency glesv2: YES
#5 29.05 gst-plugins-base| Has header "GLES3/gl3ext.h" with dependency glesv2: YES
#5 29.05 gst-plugins-base| Run-time dependency egl found: YES 1.5
#5 29.05 gst-plugins-base| Has header "EGL/egl.h" with dependency egl: YES
#5 29.05 gst-plugins-base| Has header "EGL/eglext.h" with dependency egl: YES
#5 29.05 gst-plugins-base| Has header "libdrm/drm_fourcc.h" : YES
#5 29.05 gst-plugins-base| Run-time dependency wayland-client found: YES 1.20.0
#5 29.05 gst-plugins-base| Run-time dependency wayland-cursor found: YES 1.20.0
#5 29.05 gst-plugins-base| Run-time dependency wayland-egl found: YES 18.1.0
#5 29.05 gst-plugins-base| Run-time dependency wayland-protocols found: YES 1.25
#5 29.05 gst-plugins-base| Program wayland-scanner found: YES (/usr/bin/wayland-scanner)
#5 29.05 gst-plugins-base| Run-time dependency x11-xcb found: NO (tried pkgconfig and cmake)
#5 29.05 gst-plugins-base| Checking for type "EGL_DISPMANX_WINDOW_T" with dependencies glesv2, opengl, egl, -lbcm_host: NO
#5 29.05 gst-plugins-base| Run-time dependency gudev-1.0 found: YES 237
#5 29.05 gst-plugins-base| Run-time dependency libdrm found: YES 2.4.113
#5 29.05 gst-plugins-base| Run-time dependency gbm found: YES 22.2.5
#5 29.05 gst-plugins-base| Checking for function "fbGetDisplay" with dependency egl: NO
#5 29.05 gst-plugins-base| Library nvbuf_utils found: NO
#5 29.05 gst-plugins-base| Has header "nvbuf_utils.h" : NO
#5 29.05 gst-plugins-base| Checking for type "GLeglImageOES" with dependencies glesv2, opengl: YES
#5 29.05 gst-plugins-base| Checking for type "GLchar" with dependencies glesv2, opengl: YES
#5 29.05 gst-plugins-base| Checking for type "GLsizeiptr" with dependencies glesv2, opengl: YES
#5 29.05 gst-plugins-base| Checking for type "GLintptr" with dependencies glesv2, opengl: YES
#5 29.05 gst-plugins-base| Checking for type "GLsync" with dependencies glesv2, opengl: YES
#5 29.05 gst-plugins-base| Checking for type "GLuint64" with dependencies glesv2, opengl: YES
#5 29.05 gst-plugins-base| Checking for type "GLint64" with dependencies glesv2, opengl: YES
#5 29.05 gst-plugins-base| Checking for type "EGLAttrib" with dependencies glesv2, opengl, egl: YES
#5 29.05 gst-plugins-base| Checking for type "EGLuint64KHR" with dependencies glesv2, opengl, egl: YES
#5 29.05 gst-plugins-base| Configuring gstglconfig.h using configuration
#5 29.05 gst-plugins-base| Program glib-mkenums found: YES (/usr/bin/glib-mkenums)
#5 29.05 gst-plugins-base| Program gl_mkenum.py found: YES (/usr/bin/python3 /gstreamer/subprojects/gst-plugins-base/gst-libs/gst/gl/gl_mkenum.py)
#5 29.05 gst-plugins-base| Run-time dependency alsa found: YES 1.2.6.1
#5 29.05 gst-plugins-base| Run-time dependency cdparanoia-3 found: NO (tried pkgconfig and cmake)
#5 29.05 gst-plugins-base| Library cdda_paranoia found: YES
#5 29.05 gst-plugins-base| Library cdda_interface found: YES
#5 29.05 gst-plugins-base| Header "cdda/cdda_interface.h" has symbol "cdda_open" : NO
#5 29.05 gst-plugins-base| Header "cdda_interface.h" has symbol "cdda_open" : YES
#5 29.05 gst-plugins-base| Compiler for C supports arguments -Wno-discarded-qualifiers: YES
#5 29.05 gst-plugins-base| Compiler for C supports arguments -Wno-unused-variable: YES
#5 29.05 gst-plugins-base| Run-time dependency graphene-gobject-1.0 found: YES 1.10.8
#5 29.05 gst-plugins-base| Run-time dependency libpng found: YES 1.6.37
#5 29.05 gst-plugins-base| Run-time dependency libjpeg found: YES 2.1.2
#5 29.05 gst-plugins-base| Has header "libdrm/drm_fourcc.h" : YES (cached)
#5 29.05 gst-plugins-base| Run-time dependency libvisual-0.4 found: YES 0.4.0
#5 29.05 gst-plugins-base| Run-time dependency ogg found: YES 1.3.5
#5 29.05 gst-plugins-base| Run-time dependency opus found: YES 1.3.1
#5 29.05 gst-plugins-base| Run-time dependency pangocairo found: YES 1.50.6
#5 29.05 gst-plugins-base| Run-time dependency theoradec found: YES 1.1.1
#5 29.05 gst-plugins-base| Run-time dependency theoraenc found: YES 1.1.1
#5 29.05 gst-plugins-base| Run-time dependency vorbis found: YES 1.3.7
#5 29.05 gst-plugins-base| Run-time dependency vorbisenc found: YES 1.3.7
#5 29.05 gst-plugins-base| Run-time dependency vorbisidec found: YES 1.2.1
#5 29.05 gst-plugins-base| Run-time dependency xext found: YES 1.3.4
#5 29.05 gst-plugins-base| Run-time dependency xi found: YES 1.8
#5 29.05 gst-plugins-base| Compiler for C supports arguments -Wno-deprecated-declarations: YES
#5 29.05 gst-plugins-base| Compiler for C supports arguments -Wno-deprecated-declarations: YES (cached)
#5 29.05 gst-plugins-base| Run-time dependency xv found: YES 1.0.11
#5 29.05 gst-plugins-base| Program xgettext found: YES (/usr/bin/xgettext)
#5 29.05 gst-plugins-base| Message: Introspection not built, won't build documentation requiring it
#5 29.05 gst-plugins-base| Program scripts/update-orc-dist-files.py found: YES (/gstreamer/subprojects/gst-plugins-base/scripts/update-orc-dist-files.py)
#5 29.05 gst-plugins-base| Configuring config.h using configuration
#5 29.05 gst-plugins-base| Build targets in project: 221
#5 29.05 gst-plugins-base| Subproject gst-plugins-base finished.
#5 29.05 
#5 29.05 
#5 29.05 Executing subproject gst-plugins-good 
#5 29.05 
#5 29.05 gst-plugins-good| Project name: gst-plugins-good
#5 29.05 gst-plugins-good| Project version: 1.22.0.1
#5 29.05 gst-plugins-good| C compiler for the host machine: cc (gcc 11.3.0 "cc (Ubuntu 11.3.0-1ubuntu1~22.04) 11.3.0")
#5 29.05 gst-plugins-good| C linker for the host machine: cc ld.bfd 2.38
#5 29.05 gst-plugins-good| C++ compiler for the host machine: c++ (gcc 11.3.0 "c++ (Ubuntu 11.3.0-1ubuntu1~22.04) 11.3.0")
#5 29.05 gst-plugins-good| C++ linker for the host machine: c++ ld.bfd 2.38
#5 33.41 gst-plugins-good| Compiler for C supports link arguments -Wl,-Bsymbolic-functions: YES (cached)
#5 33.41 gst-plugins-good| Compiler for C++ supports link arguments -Wl,-Bsymbolic-functions: YES
#5 33.41 gst-plugins-good| Compiler for C supports link arguments -Wl,-z,nodelete: YES (cached)
#5 33.41 gst-plugins-good| Compiler for C++ supports link arguments -Wl,-z,nodelete: YES
#5 33.41 gst-plugins-good| Compiler for C supports arguments -fvisibility=hidden: YES (cached)
#5 33.41 gst-plugins-good| Compiler for C supports arguments -fno-strict-aliasing: YES (cached)
#5 33.41 gst-plugins-good| Message: Disabling GLib cast checks
#5 33.41 gst-plugins-good| Has header "dlfcn.h" : YES (cached)
#5 33.41 gst-plugins-good| Has header "fcntl.h" : YES
#5 33.41 gst-plugins-good| Has header "inttypes.h" : YES (cached)
#5 33.41 gst-plugins-good| Has header "memory.h" : YES (cached)
#5 33.41 gst-plugins-good| Has header "process.h" : NO (cached)
#5 33.41 gst-plugins-good| Has header "stdint.h" : YES (cached)
#5 33.41 gst-plugins-good| Has header "stdlib.h" : YES
#5 33.41 gst-plugins-good| Has header "strings.h" : YES (cached)
#5 33.41 gst-plugins-good| Has header "string.h" : YES (cached)
#5 33.41 gst-plugins-good| Has header "sys/ioctl.h" : YES
#5 33.41 gst-plugins-good| Has header "sys/param.h" : YES (cached)
#5 33.41 gst-plugins-good| Has header "sys/socket.h" : YES (cached)
#5 33.41 gst-plugins-good| Has header "sys/stat.h" : YES (cached)
#5 33.41 gst-plugins-good| Has header "sys/time.h" : YES (cached)
#5 33.41 gst-plugins-good| Has header "sys/types.h" : YES (cached)
#5 33.41 gst-plugins-good| Has header "unistd.h" : YES (cached)
#5 33.41 gst-plugins-good| Library m found: YES
#5 33.41 gst-plugins-good| Checking for function "asinh" with dependency -lm: YES
#5 33.41 gst-plugins-good| Checking for function "clock_gettime" with dependency -lm: YES
#5 33.41 gst-plugins-good| Checking for function "cosh" with dependency -lm: YES
#5 33.41 gst-plugins-good| Checking for function "dcgettext" with dependency -lm: YES (cached)
#5 33.41 gst-plugins-good| Checking for function "getpagesize" with dependency -lm: YES
#5 33.41 gst-plugins-good| Checking for function "isinf" with dependency -lm: YES
#5 33.41 gst-plugins-good| Checking for function "mmap" with dependency -lm: YES (cached)
#5 33.41 gst-plugins-good| Checking for function "mmap64" with dependency -lm: NO
#5 33.41 gst-plugins-good| Checking for function "sinh" with dependency -lm: YES
#5 33.41 gst-plugins-good| Checking for function "gmtime_r" with dependency -lm: YES (cached)
#5 33.41 gst-plugins-good| Checking for size of "char" : 1
#5 33.41 gst-plugins-good| Checking for size of "int" : 4
#5 33.41 gst-plugins-good| Checking for size of "long" : 8
#5 33.41 gst-plugins-good| Checking for size of "short" : 2
#5 33.41 gst-plugins-good| Checking for size of "void*" : 8
#5 33.41 gst-plugins-good| Checking for size of "off_t" : 8
#5 33.41 gst-plugins-good| Header "dlfcn.h" has symbol "RTLD_NOLOAD" : YES
#5 33.41 gst-plugins-good| Compiler for C supports arguments -Wmissing-declarations: YES (cached)
#5 33.41 gst-plugins-good| Compiler for C++ supports arguments -Wmissing-declarations: YES (cached)
#5 33.41 gst-plugins-good| Compiler for C supports arguments -Wredundant-decls: YES (cached)
#5 33.41 gst-plugins-good| Compiler for C++ supports arguments -Wredundant-decls: YES (cached)
#5 33.41 gst-plugins-good| Compiler for C supports arguments -Wwrite-strings: YES (cached)
#5 33.41 gst-plugins-good| Compiler for C++ supports arguments -Wwrite-strings: YES (cached)
#5 33.41 gst-plugins-good| Compiler for C supports arguments -Winit-self: YES (cached)
#5 33.41 gst-plugins-good| Compiler for C++ supports arguments -Winit-self: YES (cached)
#5 33.41 gst-plugins-good| Compiler for C supports arguments -Wmissing-include-dirs: YES (cached)
#5 33.41 gst-plugins-good| Compiler for C++ supports arguments -Wmissing-include-dirs: YES (cached)
#5 33.41 gst-plugins-good| Compiler for C supports arguments -Wno-multichar: YES (cached)
#5 33.41 gst-plugins-good| Compiler for C++ supports arguments -Wno-multichar: YES (cached)
#5 33.41 gst-plugins-good| Compiler for C supports arguments -Wvla: YES (cached)
#5 33.41 gst-plugins-good| Compiler for C++ supports arguments -Wvla: YES (cached)
#5 33.41 gst-plugins-good| Compiler for C supports arguments -Wpointer-arith: YES (cached)
#5 33.41 gst-plugins-good| Compiler for C++ supports arguments -Wpointer-arith: YES (cached)
#5 33.41 gst-plugins-good| Compiler for C supports arguments -Wmissing-prototypes: YES (cached)
#5 33.41 gst-plugins-good| Compiler for C supports arguments -Wold-style-definition: YES (cached)
#5 33.41 gst-plugins-good| Compiler for C supports arguments -Waggregate-return: YES (cached)
#5 33.41 gst-plugins-good| Dependency gstreamer-1.0 found: YES 1.22.0.1 (overridden)
#5 33.41 gst-plugins-good| Dependency gstreamer-base-1.0 found: YES 1.22.0.1 (overridden)
#5 33.41 gst-plugins-good| Dependency gstreamer-net-1.0 found: YES 1.22.0.1 (overridden)
#5 33.41 gst-plugins-good| Dependency gstreamer-controller-1.0 found: YES 1.22.0.1 (overridden)
#5 33.41 gst-plugins-good| Dependency gstreamer-check-1.0 skipped: feature tests disabled
#5 33.41 gst-plugins-good| Dependency gstreamer-pbutils-1.0 found: YES 1.22.0.1 (overridden)
#5 33.41 gst-plugins-good| Dependency gstreamer-allocators-1.0 found: YES 1.22.0.1 (overridden)
#5 33.41 gst-plugins-good| Dependency gstreamer-app-1.0 found: YES 1.22.0.1 (overridden)
#5 33.41 gst-plugins-good| Dependency gstreamer-audio-1.0 found: YES 1.22.0.1 (overridden)
#5 33.41 gst-plugins-good| Dependency gstreamer-fft-1.0 found: YES 1.22.0.1 (overridden)
#5 33.41 gst-plugins-good| Dependency gstreamer-riff-1.0 found: YES 1.22.0.1 (overridden)
#5 33.41 gst-plugins-good| Dependency gstreamer-rtp-1.0 found: YES 1.22.0.1 (overridden)
#5 33.41 gst-plugins-good| Dependency gstreamer-rtsp-1.0 found: YES 1.22.0.1 (overridden)
#5 33.41 gst-plugins-good| Dependency gstreamer-sdp-1.0 found: YES 1.22.0.1 (overridden)
#5 33.41 gst-plugins-good| Dependency gstreamer-tag-1.0 found: YES 1.22.0.1 (overridden)
#5 33.41 gst-plugins-good| Dependency gstreamer-video-1.0 found: YES 1.22.0.1 (overridden)
#5 33.41 gst-plugins-good| Dependency gstreamer-gl-1.0 found: YES 1.22.0.1 (overridden)
#5 33.41 gst-plugins-good| Message: GStreamer OpenGL window systems: wayland gbm
#5 33.41 gst-plugins-good| Message: GStreamer OpenGL platforms: egl
#5 33.41 gst-plugins-good| Message: GStreamer OpenGL apis: gles2 gl
#5 33.41 gst-plugins-good| Dependency gstreamer-gl-prototypes-1.0 found: YES 1.22.0.1 (overridden)
#5 33.41 gst-plugins-good| Dependency gstreamer-gl-wayland-1.0 found: YES 1.22.0.1 (overridden)
#5 33.41 gst-plugins-good| Dependency gstreamer-gl-egl-1.0 found: YES 1.22.0.1 (overridden)
#5 33.41 gst-plugins-good| Dependency zlib found: YES 1.2.11 (cached)
#5 33.41 gst-plugins-good| Dependency gio-2.0 found: YES 2.72.4 (cached)
#5 33.41 gst-plugins-good| Dependency gmodule-no-export-2.0 found: YES 2.72.4 (cached)
#5 33.41 gst-plugins-good| Dependency orc-0.4 found: YES 0.4.33 (cached)
#5 33.41 gst-plugins-good| Program orcc found: YES (overridden)
#5 33.41 gst-plugins-good| Message: GStreamer debug system is enabled
#5 33.41 gst-plugins-good| Program python3 found: YES (/usr/bin/python3)
#5 33.41 gst-plugins-good| Library bz2 found: YES
#5 33.41 gst-plugins-good| Has header "bzlib.h" : YES
#5 33.41 gst-plugins-good| Has header "sys/soundcard.h" : YES
#5 33.41 gst-plugins-good| Message: Checking headers needed for Open Sound System 4 plugin...
#5 33.41 gst-plugins-good| Has header "fcntl.h" : YES (cached)
#5 33.41 gst-plugins-good| Has header "sys/ioctl.h" : YES (cached)
#5 33.41 gst-plugins-good| Has header "sys/stat.h" : YES (cached)
#5 33.41 gst-plugins-good| Has header "sys/types.h" : YES (cached)
#5 33.41 gst-plugins-good| Message: Required headers found, building Open Sound System 4 plugin.
#5 33.41 gst-plugins-good| Has header "bcm_host.h" : NO
#5 33.41 gst-plugins-good| Has header "linux/videodev2.h" : YES
#5 33.41 gst-plugins-good| Message: building v4l2 plugin
#5 33.41 gst-plugins-good| Dependency gudev-1.0 found: YES 237 (cached)
#5 33.41 gst-plugins-good| Run-time dependency libv4l2 found: YES 1.22.1
#5 33.41 gst-plugins-good| Dependency x11 found: YES 1.7.5 (cached)
#5 33.41 gst-plugins-good| Dependency xext found: YES 1.3.4 (cached)
#5 33.41 gst-plugins-good| Checking for function "XShmAttach" with dependency xext: YES
#5 33.41 gst-plugins-good| Run-time dependency xfixes found: YES 6.0.0
#5 33.41 gst-plugins-good| Run-time dependency xdamage found: YES 1.1.5
#5 33.41 gst-plugins-good| Has header "aalib.h" : YES
#5 33.41 gst-plugins-good| Library aa found: YES
#5 33.41 gst-plugins-good| Run-time dependency libxml-2.0 found: YES 2.9.13
#5 33.41 gst-plugins-good| Run-time dependency nettle found: YES 3.7.3
#5 33.41 gst-plugins-good| Library dl found: YES
#5 33.41 gst-plugins-good| Run-time dependency cairo-gobject found: YES 1.16.0
#5 33.41 gst-plugins-good| Run-time dependency flac found: YES 1.3.3
#5 33.41 gst-plugins-good| Run-time dependency gdk-pixbuf-2.0 found: YES 2.42.8
#5 33.41 gst-plugins-good| Run-time dependency gtk+-3.0 found: NO (tried pkgconfig and cmake)
#5 35.79 Cloning into 'libnice'...
#5 38.52 HEAD is now at 3d9cae1 version 0.1.21
#5 41.35 gst-plugins-good| Dependency jack found: NO found 0.125.0rc1 but need: '>= 1.9.7'
#5 41.35 gst-plugins-good| Run-time dependency jack found: NO (tried pkgconfig and cmake)
#5 41.35 gst-plugins-good| Dependency libjpeg found: YES 2.1.2 (cached)
#5 41.35 gst-plugins-good| Library mp3lame found: YES
#5 41.35 gst-plugins-good| Header "lame/lame.h" has symbol "lame_init" : YES
#5 41.35 gst-plugins-good| Header "lame/lame.h" has symbol "lame_set_VBR_quality" : YES
#5 41.35 gst-plugins-good| Header "lame/lame.h" has symbol "MEDIUM" : YES
#5 41.35 gst-plugins-good| Run-time dependency caca found: YES 0.99.beta19
#5 41.35 gst-plugins-good| Run-time dependency libdv found: YES 1.0.0
#5 41.35 gst-plugins-good| Dependency libpng found: YES 1.6.37 (cached)
#5 41.35 gst-plugins-good| Run-time dependency libmpg123 found: YES 1.29.3
#5 41.35 gst-plugins-good| Run-time dependency libraw1394 found: YES 2.1.2
#5 41.35 gst-plugins-good| Run-time dependency libavc1394 found: YES 0.5.4
#5 41.35 gst-plugins-good| Run-time dependency libiec61883 found: NO (tried pkgconfig and cmake)
#5 41.35 gst-plugins-good| Detecting Qt6 tools
#5 41.35 gst-plugins-good| qmake found: NO need ['>= 6', '< 7']
#5 41.35 gst-plugins-good| Run-time dependency qt6 (modules: Core) found: NO (tried pkgconfig and config-tool)
#5 41.35 gst-plugins-good| Run-time dependency libpulse found: YES 15.99.1
#5 41.35 gst-plugins-good| Run-time dependency shout found: YES 2.4.5
#5 41.35 gst-plugins-good| Library dl found: YES
#5 41.35 gst-plugins-good| Run-time dependency speex found: YES 1.2rc1
#5 41.35 gst-plugins-good| Run-time dependency taglib found: YES 1.11.1
#5 41.35 gst-plugins-good| Compiler for C++ supports arguments -fvisibility=hidden: YES
#5 41.35 gst-plugins-good| Compiler for C++ supports arguments -fno-strict-aliasing: YES
#5 41.35 gst-plugins-good| Run-time dependency twolame found: YES 0.4.0
#5 41.35 gst-plugins-good| Run-time dependency vpx found: YES 1.11.0
#5 41.35 gst-plugins-good| Message: libvpx provides VP8 encoder interface (vpx_codec_vp8_cx_algo)
#5 41.35 gst-plugins-good| Message: libvpx provides VP8 decoder interface (vpx_codec_vp8_dx_algo)
#5 41.35 gst-plugins-good| Message: libvpx provides VP9 encoder interface (vpx_codec_vp9_cx_algo)
#5 41.35 gst-plugins-good| Message: libvpx provides VP9 decoder interface (vpx_codec_vp9_dx_algo)
#5 41.35 gst-plugins-good| Message: Found vpx >= 1.8.0
#5 41.35 gst-plugins-good| Program glib-mkenums found: YES (/usr/bin/glib-mkenums)
#5 41.35 gst-plugins-good| Program glib-mkenums found: YES (/usr/bin/glib-mkenums)
#5 41.35 gst-plugins-good| Run-time dependency wavpack found: YES 5.4.0
#5 41.35 gst-plugins-good| Program hotdoc skipped: feature doc disabled
#5 41.35 gst-plugins-good| Message: Hotdoc not found, not building the documentation
#5 41.35 gst-plugins-good| Program scripts/update-orc-dist-files.py found: YES (/gstreamer/subprojects/gst-plugins-good/scripts/update-orc-dist-files.py)
#5 41.35 gst-plugins-good| Program xgettext found: YES (/usr/bin/xgettext)
#5 41.35 gst-plugins-good| Configuring config.h using configuration
#5 41.35 gst-plugins-good| Build targets in project: 355
#5 41.35 gst-plugins-good| Subproject gst-plugins-good finished.
#5 41.35 
#5 41.35 
#5 41.35 Executing subproject libnice 
#5 41.35 
#5 41.35 libnice| Project name: libnice
#5 41.35 libnice| Project version: 0.1.21
#5 41.35 libnice| C compiler for the host machine: cc (gcc 11.3.0 "cc (Ubuntu 11.3.0-1ubuntu1~22.04) 11.3.0")
#5 41.35 libnice| C linker for the host machine: cc ld.bfd 2.38
#5 41.35 libnice| Checking for function "clock_gettime" : YES (cached)
#5 41.35 libnice| Configuring nice-version.h using configuration
#5 41.35 libnice| Has header "arpa/inet.h" : YES
#5 41.35 libnice| Has header "net/in.h" : NO
#5 41.35 libnice| Has header "net/if_media.h" : NO
#5 41.35 libnice| Has header "netdb.h" : YES
#5 41.35 libnice| Has header "ifaddrs.h" : YES
#5 41.35 libnice| Has header "unistd.h" : YES (cached)
#5 41.35 libnice| Checking for function "poll" : YES (cached)
#5 41.35 libnice| Checking for function "getifaddrs" : YES
#5 41.35 libnice| Checking whether type "struct ifreq" has member "ifr_ifindex" : YES
#5 41.35 libnice| Compiler for C supports arguments -fno-strict-aliasing: YES (cached)
#5 41.35 libnice| Message: warning level: 1
#5 41.35 libnice| Message: werror enabled: false
#5 41.35 libnice| Dependency gio-2.0 found: YES 2.72.4 (cached)
#5 41.35 libnice| Run-time dependency gthread-2.0 found: YES 2.72.4
#5 41.35 libnice| Message: Crypto library requested: auto
#5 41.35 libnice| Run-time dependency gnutls found: YES 3.7.3
#5 41.35 libnice| Dependency gstreamer-base-1.0 found: YES 1.22.0.1 (overridden)
#5 41.35 libnice| Run-time dependency gupnp-igd-1.0 found: YES 1.2.0
#5 41.35 libnice| Library m found: YES
#5 41.35 libnice| Program g-ir-scanner skipped: feature introspection disabled
#5 41.35 libnice| Program glib-mkenums found: YES (/usr/bin/glib-mkenums)
#5 41.35 libnice| Program glib-mkenums found: YES (/usr/bin/glib-mkenums)
#5 41.35 libnice| Program gen-def.py found: YES (/usr/bin/python3 /gstreamer/subprojects/libnice/nice/gen-def.py)
#5 41.35 libnice| Program gen-map.py found: YES (/usr/bin/python3 /gstreamer/subprojects/libnice/nice/gen-map.py)
#5 41.35 libnice| Compiler for C supports link arguments -Wl,--version-script,/gstreamer/subprojects/libnice/nice/libnice.ver: YES
#5 41.35 libnice| Program gtkdoc-scan skipped: feature gtk_doc disabled
#5 41.35 libnice| Message: Not building documentation as gtk-doc was not found or disabled
#5 41.35 libnice| Configuring config.h using configuration
#5 41.35 libnice| Build targets in project: 367
#5 41.35 libnice| Subproject libnice finished.
#5 41.35 
#5 41.35 meson.build:175: WARNING: DEPRECATED use of the `plugins` variable in libnice.
#5 41.35 meson.build:176: WARNING: The variable should now be called `gst_plugins` and use:
#5 41.35 meson.build:177: WARNING: `declare_dependency( link_with: <plugin_target>, variable: {'full_path': <plugin_target>.full_path()})` instead
#5 41.35 
#5 41.35 Executing subproject gst-plugins-bad 
#5 41.35 
#5 41.35 gst-plugins-bad| Project name: gst-plugins-bad
#5 41.35 gst-plugins-bad| Project version: 1.22.0.1
#5 41.35 gst-plugins-bad| C compiler for the host machine: cc (gcc 11.3.0 "cc (Ubuntu 11.3.0-1ubuntu1~22.04) 11.3.0")
#5 41.35 gst-plugins-bad| C linker for the host machine: cc ld.bfd 2.38
#5 41.35 gst-plugins-bad| C++ compiler for the host machine: c++ (gcc 11.3.0 "c++ (Ubuntu 11.3.0-1ubuntu1~22.04) 11.3.0")
#5 41.35 gst-plugins-bad| C++ linker for the host machine: c++ ld.bfd 2.38
#5 41.35 gst-plugins-bad| Compiler for C++ supports arguments -Wno-non-virtual-dtor: YES
#5 41.35 gst-plugins-bad| Compiler for C supports link arguments -Wl,-Bsymbolic-functions: YES (cached)
#5 41.35 gst-plugins-bad| Compiler for C supports link arguments -Wl,-z,nodelete: YES (cached)
#5 41.35 gst-plugins-bad| Compiler for C++ supports link arguments -Wl,-z,nodelete: YES (cached)
#5 41.35 gst-plugins-bad| Compiler for C supports arguments -fvisibility=hidden: YES (cached)
#5 41.35 gst-plugins-bad| Compiler for C supports arguments -fno-strict-aliasing: YES (cached)
#5 41.35 gst-plugins-bad| Compiler for C++ supports arguments -fno-strict-aliasing: YES (cached)
#5 41.35 gst-plugins-bad| Message: Disabling GLib cast checks
#5 41.35 gst-plugins-bad| Has header "dlfcn.h" : YES (cached)
#5 41.35 gst-plugins-bad| Has header "fcntl.h" : YES (cached)
#5 41.35 gst-plugins-bad| Has header "inttypes.h" : YES (cached)
#5 41.35 gst-plugins-bad| Has header "memory.h" : YES (cached)
#5 41.35 gst-plugins-bad| Has header "netinet/in.h" : YES (cached)
#5 41.35 gst-plugins-bad| Has header "netinet/ip.h" : YES
#5 41.35 gst-plugins-bad| Has header "netinet/tcp.h" : YES (cached)
#5 41.35 gst-plugins-bad| Has header "pthread.h" : YES
#5 41.35 gst-plugins-bad| Has header "stdint.h" : YES (cached)
#5 41.35 gst-plugins-bad| Has header "stdlib.h" : YES (cached)
#5 41.35 gst-plugins-bad| Has header "strings.h" : YES (cached)
#5 41.35 gst-plugins-bad| Has header "string.h" : YES (cached)
#5 41.35 gst-plugins-bad| Has header "sys/param.h" : YES (cached)
#5 41.35 gst-plugins-bad| Has header "sys/socket.h" : YES (cached)
#5 41.35 gst-plugins-bad| Has header "sys/stat.h" : YES (cached)
#5 41.35 gst-plugins-bad| Has header "sys/time.h" : YES (cached)
#5 41.35 gst-plugins-bad| Has header "sys/types.h" : YES (cached)
#5 41.35 gst-plugins-bad| Has header "sys/utsname.h" : YES (cached)
#5 41.35 gst-plugins-bad| Has header "unistd.h" : YES (cached)
#5 41.35 gst-plugins-bad| Has header "windows.h" : NO
#5 41.35 gst-plugins-bad| Has header "winsock2.h" : NO (cached)
#5 41.35 gst-plugins-bad| Has header "ws2tcpip.h" : NO
#5 41.35 gst-plugins-bad| Checking for function "dcgettext" : YES
#5 41.35 gst-plugins-bad| Checking for function "getpagesize" : YES (cached)
#5 41.35 gst-plugins-bad| Checking for function "gmtime_r" : YES (cached)
#5 41.35 gst-plugins-bad| Checking for function "memfd_create" : YES
#5 41.35 gst-plugins-bad| Checking for function "mmap" : YES (cached)
#5 41.35 gst-plugins-bad| Checking for function "pipe2" : YES
#5 41.35 gst-plugins-bad| Checking for function "getrusage" : YES
#5 41.35 gst-plugins-bad| Checking for size of "char" : 1
#5 41.35 gst-plugins-bad| Checking for size of "int" : 4
#5 41.35 gst-plugins-bad| Checking for size of "long" : 8
#5 44.28 gst-plugins-bad| Checking for size of "short" : 2
#5 44.28 gst-plugins-bad| Checking for size of "void*" : 8
#5 44.28 gst-plugins-bad| Compiler for C supports arguments -Wmissing-prototypes: YES (cached)
#5 44.28 gst-plugins-bad| Compiler for C supports arguments -Wold-style-definition: YES (cached)
#5 44.28 gst-plugins-bad| Compiler for C++ supports arguments -Wformat-nonliteral: YES (cached)
#5 44.28 gst-plugins-bad| Compiler for C supports arguments -Wmissing-declarations: YES (cached)
#5 44.28 gst-plugins-bad| Compiler for C++ supports arguments -Wmissing-declarations: YES (cached)
#5 44.28 gst-plugins-bad| Compiler for C supports arguments -Wredundant-decls: YES (cached)
#5 44.28 gst-plugins-bad| Compiler for C++ supports arguments -Wredundant-decls: YES (cached)
#5 44.28 gst-plugins-bad| Compiler for C supports arguments -Wwrite-strings: YES (cached)
#5 44.28 gst-plugins-bad| Compiler for C++ supports arguments -Wwrite-strings: YES (cached)
#5 44.28 gst-plugins-bad| Compiler for C supports arguments -Wformat: YES (cached)
#5 44.28 gst-plugins-bad| Compiler for C++ supports arguments -Wformat: YES (cached)
#5 44.28 gst-plugins-bad| Compiler for C supports arguments -Wformat-security: YES (cached)
#5 44.28 gst-plugins-bad| Compiler for C++ supports arguments -Wformat-security: YES (cached)
#5 44.28 gst-plugins-bad| Compiler for C supports arguments -Winit-self: YES (cached)
#5 44.28 gst-plugins-bad| Compiler for C++ supports arguments -Winit-self: YES (cached)
#5 44.28 gst-plugins-bad| Compiler for C supports arguments -Wmissing-include-dirs: YES (cached)
#5 44.28 gst-plugins-bad| Compiler for C++ supports arguments -Wmissing-include-dirs: YES (cached)
#5 44.28 gst-plugins-bad| Compiler for C supports arguments -Waddress: YES (cached)
#5 44.28 gst-plugins-bad| Compiler for C++ supports arguments -Waddress: YES (cached)
#5 44.28 gst-plugins-bad| Compiler for C supports arguments -Wno-multichar: YES (cached)
#5 44.28 gst-plugins-bad| Compiler for C++ supports arguments -Wno-multichar: YES (cached)
#5 44.28 gst-plugins-bad| Compiler for C supports arguments -Wvla: YES (cached)
#5 44.28 gst-plugins-bad| Compiler for C++ supports arguments -Wvla: YES (cached)
#5 44.28 gst-plugins-bad| Compiler for C supports arguments -Wpointer-arith: YES (cached)
#5 44.28 gst-plugins-bad| Compiler for C++ supports arguments -Wpointer-arith: YES (cached)
#5 44.28 gst-plugins-bad| Dependency gstreamer-1.0 found: YES 1.22.0.1 (overridden)
#5 44.28 gst-plugins-bad| Dependency gstreamer-base-1.0 found: YES 1.22.0.1 (overridden)
#5 44.28 gst-plugins-bad| Dependency gstreamer-net-1.0 found: YES 1.22.0.1 (overridden)
#5 44.28 gst-plugins-bad| Dependency gstreamer-controller-1.0 found: YES 1.22.0.1 (overridden)
#5 44.28 gst-plugins-bad| Dependency gstreamer-pbutils-1.0 found: YES 1.22.0.1 (overridden)
#5 44.28 gst-plugins-bad| Dependency gstreamer-allocators-1.0 found: YES 1.22.0.1 (overridden)
#5 44.28 gst-plugins-bad| Dependency gstreamer-app-1.0 found: YES 1.22.0.1 (overridden)
#5 44.28 gst-plugins-bad| Dependency gstreamer-audio-1.0 found: YES 1.22.0.1 (overridden)
#5 44.28 gst-plugins-bad| Dependency gstreamer-fft-1.0 found: YES 1.22.0.1 (overridden)
#5 44.28 gst-plugins-bad| Dependency gstreamer-riff-1.0 found: YES 1.22.0.1 (overridden)
#5 44.28 gst-plugins-bad| Dependency gstreamer-rtp-1.0 found: YES 1.22.0.1 (overridden)
#5 44.28 gst-plugins-bad| Dependency gstreamer-rtsp-1.0 found: YES 1.22.0.1 (overridden)
#5 44.28 gst-plugins-bad| Dependency gstreamer-sdp-1.0 found: YES 1.22.0.1 (overridden)
#5 44.28 gst-plugins-bad| Dependency gstreamer-tag-1.0 found: YES 1.22.0.1 (overridden)
#5 44.28 gst-plugins-bad| Dependency gstreamer-video-1.0 found: YES 1.22.0.1 (overridden)
#5 44.28 gst-plugins-bad| Dependency gstreamer-check-1.0 skipped: feature tests disabled
#5 44.28 gst-plugins-bad| Dependency gstreamer-gl-1.0 found: YES 1.22.0.1 (overridden)
#5 44.28 gst-plugins-bad| Dependency gstreamer-gl-prototypes-1.0 found: YES 1.22.0.1 (overridden)
#5 44.28 gst-plugins-bad| Message: GStreamer OpenGL window systems: wayland gbm
#5 44.28 gst-plugins-bad| Message: GStreamer OpenGL platforms: egl
#5 44.28 gst-plugins-bad| Message: GStreamer OpenGL apis: gles2 gl
#5 44.28 gst-plugins-bad| Dependency gstreamer-gl-wayland-1.0 found: YES 1.22.0.1 (overridden)
#5 44.28 gst-plugins-bad| Dependency gstreamer-gl-egl-1.0 found: YES 1.22.0.1 (overridden)
#5 44.28 gst-plugins-bad| Library m found: YES
#5 44.28 gst-plugins-bad| Dependency gio-2.0 found: YES 2.72.4 (cached)
#5 44.28 gst-plugins-bad| Dependency gmodule-no-export-2.0 found: YES 2.72.4 (cached)
#5 44.28 gst-plugins-bad| Dependency x11 found: YES 1.7.5 (cached)
#5 44.28 gst-plugins-bad| Dependency orc-0.4 found: YES 0.4.33 (cached)
#5 44.28 gst-plugins-bad| Program orcc found: YES (overridden)
#5 44.28 gst-plugins-bad| Message: GStreamer debug system is enabled
#5 44.28 gst-plugins-bad| Program python3 found: YES (/usr/bin/python3)
#5 44.28 gst-plugins-bad| Program g-ir-scanner skipped: feature introspection disabled
#5 44.28 gst-plugins-bad| Program glib-mkenums found: YES (/usr/bin/glib-mkenums)
#5 44.28 gst-plugins-bad| Program glib-mkenums found: YES (/usr/bin/glib-mkenums)
#5 44.28 gst-plugins-bad| Program glib-mkenums found: YES (/usr/bin/glib-mkenums)
#5 44.28 gst-plugins-bad| Program glib-mkenums found: YES (/usr/bin/glib-mkenums)
#5 44.28 gst-plugins-bad| Run-time dependency opencv found: NO (tried pkgconfig and cmake)
#5 44.28 gst-plugins-bad| Run-time dependency opencv4 found: NO (tried pkgconfig and cmake)
#5 44.28 gst-plugins-bad| Program glib-mkenums found: YES (/usr/bin/glib-mkenums)
#5 44.28 gst-plugins-bad| Program glib-mkenums found: YES (/usr/bin/glib-mkenums)
#5 44.28 gst-plugins-bad| Run-time dependency libva found: YES 1.14.0
#5 44.28 gst-plugins-bad| Run-time dependency libva-drm found: YES 1.14.0
#5 44.28 gst-plugins-bad| Dependency libdrm found: YES 2.4.113 (cached)
#5 44.28 gst-plugins-bad| Program glib-mkenums found: YES (/usr/bin/glib-mkenums)
#5 44.28 gst-plugins-bad| Program glib-mkenums found: YES (/usr/bin/glib-mkenums)
#5 44.28 gst-plugins-bad| Run-time dependency vulkan found: YES 1.3.204
#5 44.28 gst-plugins-bad| Has header "vulkan/vulkan_core.h" : YES
#5 44.28 gst-plugins-bad| Run-time dependency xcb found: YES 1.14
#5 44.28 gst-plugins-bad| Run-time dependency xkbcommon found: YES 1.4.0
#5 44.28 gst-plugins-bad| Run-time dependency xkbcommon-x11 found: NO (tried pkgconfig and cmake)
#5 44.28 gst-plugins-bad| Dependency wayland-client found: YES 1.20.0 (cached)
#5 44.28 gst-plugins-bad| Has header "vulkan/vulkan_wayland.h" with dependency vulkan: YES
#5 44.28 gst-plugins-bad| Program glslc found: NO
#5 44.28 gst-plugins-bad| Dependency wayland-client found: YES 1.20.0 (cached)
#5 44.28 gst-plugins-bad| Dependency libdrm found: YES 2.4.113 (cached)
#5 44.28 gst-plugins-bad| Dependency wayland-protocols found: YES 1.25 (cached)
#5 44.28 gst-plugins-bad| Program wayland-scanner found: YES (/usr/bin/wayland-scanner)
#5 44.28 gst-plugins-bad| Program glib-mkenums found: YES (/usr/bin/glib-mkenums)
#5 44.28 gst-plugins-bad| Program glib-mkenums found: YES (/usr/bin/glib-mkenums)
#5 44.28 gst-plugins-bad| Dependency nice from subproject subprojects/libnice found: YES 0.1.21
#5 44.28 gst-plugins-bad| Compiler for C supports arguments -Wno-unknown-pragmas: YES
#5 44.28 gst-plugins-bad| Run-time dependency ltc found: NO (tried pkgconfig and cmake)
#5 44.28 gst-plugins-bad| Run-time dependency bluez found: NO (tried pkgconfig and cmake)
#5 44.28 gst-plugins-bad| Dependency gio-unix-2.0 found: YES 2.72.4 (cached)
#5 44.28 gst-plugins-bad| Library dl found: YES
#5 44.28 gst-plugins-bad| Dependency threads found: YES unknown (cached)
#5 44.28 gst-plugins-bad| Message: Building decklink plugin
#5 44.28 gst-plugins-bad| Has header "linux/fb.h" : YES
#5 44.28 gst-plugins-bad| Dependency libdrm found: YES 2.4.113 (cached)
#5 44.28 gst-plugins-bad| Dependency libdrm found: YES 2.4.113 (cached)
#5 44.28 gst-plugins-bad| Library m found: YES
#5 44.28 gst-plugins-bad| Library ml_audio found: NO
#5 44.28 gst-plugins-bad| Library lumin_rt_core_1_7 found: NO
#5 44.28 gst-plugins-bad| Library lumin_rt_app_1_7 found: NO
#5 44.28 gst-plugins-bad| Run-time dependency libmfx found: NO (tried pkgconfig and cmake)
#5 44.28 gst-plugins-bad| Run-time dependency vpl found: NO (tried pkgconfig and cmake)
#5 44.28 gst-plugins-bad| Has header "nvbufsurface.h" : NO
#5 44.28 gst-plugins-bad| Has header "/opt/nvidia/deepstream/deepstream/sources/includes/nvbufsurface.h" : NO
#5 44.28 gst-plugins-bad| Compiler for C supports arguments -Wno-deprecated-declarations: YES (cached)
#5 44.28 gst-plugins-bad| Has header "SLES/OpenSLES.h" : NO
#5 44.28 gst-plugins-bad| Library OpenSLES found: NO
#5 44.28 gst-plugins-bad| Library rt found: YES
#5 44.28 gst-plugins-bad| Has header "sys/socket.h" : YES (cached)
#5 44.28 gst-plugins-bad| Has header "tinyalsa/asoundlib.h" : NO
#5 44.28 gst-plugins-bad| Run-time dependency tinyalsa found: NO (tried pkgconfig and cmake)
#5 44.28 gst-plugins-bad| Looking for a fallback subproject for the dependency tinyalsa
#5 45.25 Cloning into 'libavtp'...
#5 45.83 HEAD is now at 3599a5b build: Update version to 0.2.0
#5 48.14 Cloning into 'dssim'...
#5 48.85 HEAD is now at a40c62b Merge pull request #83 from ao2/dssim-c-require-libpng-version
#5 49.26 Cloning into 'libmicrodns'...
#5 49.86 HEAD is now at 2489a7a Meson: Simplify pkgconfig generator
#5 51.22 gst-plugins-bad| Neither a subproject directory nor a tinyalsa.wrap file was found.
#5 51.22 gst-plugins-bad| Subproject  tinyalsa is buildable: NO (disabling)
#5 51.22 gst-plugins-bad| Dependency tinyalsa from subproject tinyalsa found: NO (subproject failed to configure)
#5 51.22 gst-plugins-bad| Dependency gudev-1.0 found: YES 237 (cached)
#5 51.22 gst-plugins-bad| Run-time dependency libusb-1.0 found: NO (tried pkgconfig and cmake)
#5 51.22 gst-plugins-bad| Has header "linux/uvcvideo.h" : YES
#5 51.22 gst-plugins-bad| Dependency gudev-1.0 found: YES 237 (cached)
#5 51.22 gst-plugins-bad| Has header "linux/videodev2.h" : YES (cached)
#5 51.22 gst-plugins-bad| Header "sys/mkdev.h" has symbol "makedev" : NO
#5 51.22 gst-plugins-bad| Header "sys/sysmacros.h" has symbol "makedev" : YES
#5 51.22 gst-plugins-bad| Header "sys/types.h" has symbol "makedev" : NO
#5 51.22 gst-plugins-bad| Dependency gudev-1.0 found: YES 237 (cached)
#5 51.22 gst-plugins-bad| Library ole32 found: NO
#5 51.22 gst-plugins-bad| Library ksuser found: NO
#5 51.22 gst-plugins-bad| Has header "audioclient.h" : NO
#5 51.22 gst-plugins-bad| Library ole32 found: NO
#5 51.22 gst-plugins-bad| Library ksuser found: NO
#5 51.22 gst-plugins-bad| Library runtimeobject found: NO
#5 51.22 gst-plugins-bad| Library mmdevapi found: NO
#5 51.22 gst-plugins-bad| Library mfplat found: NO
#5 51.22 gst-plugins-bad| Run-time dependency openssl found: YES 3.0.2
#5 51.22 gst-plugins-bad| Run-time dependency libass found: YES 0.15.2
#5 51.22 gst-plugins-bad| Run-time dependency aom found: YES 3.3.0
#5 51.22 gst-plugins-bad| Checking for type "struct sock_txtime" : YES
#5 51.22 gst-plugins-bad| Run-time dependency avtp found: NO (tried pkgconfig and cmake)
#5 51.22 gst-plugins-bad| Looking for a fallback subproject for the dependency avtp
#5 51.22 
#5 51.22 Executing subproject gst-plugins-bad:avtp
#5 51.22 
#5 51.22 avtp| Project name: libavtp
#5 51.22 avtp| Project version: 0.2.0
#5 51.22 avtp| C compiler for the host machine: cc (gcc 11.3.0 "cc (Ubuntu 11.3.0-1ubuntu1~22.04) 11.3.0")
#5 51.22 avtp| C linker for the host machine: cc ld.bfd 2.38
#5 51.22 avtp| Run-time dependency cmocka found: NO (tried pkgconfig and cmake)
#5 51.22 avtp| Library m found: YES
#5 51.22 avtp| Build targets in project: 500
#5 51.22 avtp| Subproject avtp finished.
#5 51.22 
#5 51.22 gst-plugins-bad| Dependency avtp from subproject subprojects/libavtp found: YES 0.2.0
#5 51.22 gst-plugins-bad| Run-time dependency libbs2b found: YES 3.1.0
#5 51.22 gst-plugins-bad| Library bz2 found: YES
#5 51.22 gst-plugins-bad| Header "bzlib.h" has symbol "BZ2_bzlibVersion" : YES
#5 51.22 gst-plugins-bad| Run-time dependency libchromaprint found: YES 1.5.1
#5 51.22 gst-plugins-bad| Dependency pangocairo found: YES 1.50.6 (cached)
#5 51.22 gst-plugins-bad| Run-time dependency lcms2 found: YES 2.12
#5 51.22 gst-plugins-bad| Run-time dependency libcurl found: YES 7.81.0
#5 51.22 gst-plugins-bad| Run-time dependency libssh2 found: NO (tried pkgconfig and cmake)
#5 51.22 gst-plugins-bad| Dependency libxml-2.0 found: YES 2.9.13 (cached)
#5 51.22 gst-plugins-bad| Run-time dependency libdc1394-2 found: NO (tried pkgconfig and cmake)
#5 51.22 gst-plugins-bad| Run-time dependency directfb found: NO (tried pkgconfig and cmake)
#5 51.22 gst-plugins-bad| Dependency openssl found: YES 3.0.2 (cached)
#5 51.22 gst-plugins-bad| Run-time dependency libcrypto found: YES 3.0.2
#5 51.22 gst-plugins-bad| Run-time dependency libdca found: YES 0.0.7
#5 51.22 gst-plugins-bad| Library faac found: YES
#5 51.22 gst-plugins-bad| Header "faac.h" has symbol "faacEncOpen" : YES
#5 51.22 gst-plugins-bad| Header "neaacdec.h" has symbol "NeAACDecOpen" : YES
#5 51.22 gst-plugins-bad| Header "neaacdec.h" has symbol "LATM" : YES
#5 51.22 gst-plugins-bad| Library faad found: YES
#5 51.22 gst-plugins-bad| Run-time dependency fdk-aac found: YES 2.0.2
#5 51.22 gst-plugins-bad| Library flite found: YES
#5 51.22 gst-plugins-bad| Library flite_cmu_us_kal found: YES
#5 51.22 gst-plugins-bad| Library flite_usenglish found: YES
#5 51.22 gst-plugins-bad| Library flite_cmulex found: YES
#5 51.22 gst-plugins-bad| Header "flite/flite.h" has symbol "flite_init" : YES
#5 51.22 gst-plugins-bad| Run-time dependency fluidsynth found: YES 2.2.5
#5 51.22 gst-plugins-bad| Has header "gme/gme.h" : YES
#5 51.22 gst-plugins-bad| Library gme found: YES
#5 51.22 gst-plugins-bad| Checking for function "gme_enable_accuracy" with dependency -lgme: YES
#5 51.22 gst-plugins-bad| Run-time dependency google_cloud_cpp_storage found: NO (tried pkgconfig and cmake)
#5 51.22 gst-plugins-bad| Library gsm found: YES
#5 51.22 gst-plugins-bad| Header "gsm.h" has symbol "gsm_create" : YES
#5 51.22 gst-plugins-bad| Run-time dependency gtk+-3.0 found: NO (tried pkgconfig and cmake)
#5 51.22 gst-plugins-bad| Run-time dependency gtk+-wayland-3.0 found: NO (tried pkgconfig and cmake)
#5 51.22 gst-plugins-bad| Dependency nettle found: YES 3.7.3 (cached)
#5 51.22 gst-plugins-bad| Run-time dependency dssim found: NO (tried pkgconfig and cmake)
#5 51.22 gst-plugins-bad| Looking for a fallback subproject for the dependency dssim
#5 51.22 
#5 51.22 Executing subproject gst-plugins-bad:dssim
#5 51.22 
#5 51.22 dssim| Project name: dssim
#5 51.22 dssim| Project version: 1.3.2.1
#5 51.22 dssim| C compiler for the host machine: cc (gcc 11.3.0 "cc (Ubuntu 11.3.0-1ubuntu1~22.04) 11.3.0")
#5 51.22 dssim| C linker for the host machine: cc ld.bfd 2.38
#5 51.22 dssim| Library m found: YES
#5 51.22 dssim| Library z found: YES
#5 51.22 dssim| Dependency libjpeg found: YES 2.1.2 (cached)
#5 51.22 dssim| Dependency libpng found: YES 1.6.37 (cached)
#5 51.22 dssim| Build targets in project: 520
#5 51.22 dssim| Subproject dssim finished.
#5 51.22 
#5 51.22 gst-plugins-bad| Dependency dssim from subproject subprojects/dssim found: YES 1.3.2.1
#5 51.22 gst-plugins-bad| Run-time dependency webrtc-audio-coding-1 found: NO (tried pkgconfig and cmake)
#5 51.22 gst-plugins-bad| Run-time dependency kate found: YES 0.4.1
#5 51.22 gst-plugins-bad| Run-time dependency lrdf found: NO (tried pkgconfig and cmake)
#5 51.22 gst-plugins-bad| Has header "ladspa.h" : NO
#5 51.22 gst-plugins-bad| Run-time dependency ldacbt-enc found: NO (tried pkgconfig and cmake)
#5 51.22 gst-plugins-bad| Run-time dependency libde265 found: YES 1.0.8
#5 51.22 gst-plugins-bad| Run-time dependency lilv-0 found: YES 0.24.12
#5 51.22 gst-plugins-bad| Run-time dependency microdns found: NO (tried pkgconfig and cmake)
#5 51.22 gst-plugins-bad| Looking for a fallback subproject for the dependency microdns
#5 51.22 
#5 51.22 Executing subproject gst-plugins-bad:libmicrodns
#5 51.22 
#5 51.22 libmicrodns| Project name: microdns
#5 51.22 libmicrodns| Project version: 0.2.0
#5 51.22 libmicrodns| C compiler for the host machine: cc (gcc 11.3.0 "cc (Ubuntu 11.3.0-1ubuntu1~22.04) 11.3.0")
#5 51.22 libmicrodns| C linker for the host machine: cc ld.bfd 2.38
#5 51.22 libmicrodns| Compiler for C supports arguments -Wsign-compare: YES
#5 51.22 libmicrodns| Compiler for C supports arguments -Wstrict-aliasing: YES
#5 51.22 libmicrodns| Compiler for C supports arguments -Wstrict-overflow: YES
#5 51.22 libmicrodns| Compiler for C supports arguments -Wformat=2: YES
#5 51.22 libmicrodns| Compiler for C supports arguments -Wno-unused-parameter: YES
#5 51.22 libmicrodns| Compiler for C supports arguments -Wcast-align: YES
#5 51.22 libmicrodns| Compiler for C supports arguments -Wpointer-arith: YES (cached)
#5 51.22 libmicrodns| Compiler for C supports arguments -Wmissing-prototypes: YES (cached)
#5 51.22 libmicrodns| Compiler for C supports arguments -Wwrite-strings: YES (cached)
#5 51.22 libmicrodns| Compiler for C supports arguments -Wlogical-op: YES
#5 51.22 libmicrodns| Checking for type "struct pollfd" : YES
#5 51.22 libmicrodns| Checking for function "getifaddrs" : YES (cached)
#5 51.22 libmicrodns| Has header "ifaddrs.h" : YES (cached)
#5 51.22 libmicrodns| Has header "unistd.h" : YES (cached)
#5 51.22 libmicrodns| Configuring config.h using configuration
#5 51.22 libmicrodns| Configuring Doxyfile using configuration
#5 51.22 libmicrodns| Build targets in project: 529
#5 51.22 libmicrodns| Subproject libmicrodns finished.
#5 51.22 
#5 51.22 gst-plugins-bad| Dependency microdns from subproject subprojects/libmicrodns found: YES 0.2.0
#5 51.22 gst-plugins-bad| Run-time dependency libmodplug found: YES 0.8.9.0
#5 51.22 gst-plugins-bad| Run-time dependency mjpegtools found: YES 2.1.0
#5 51.22 gst-plugins-bad| Library mpeg2encpp found: YES
#5 51.22 gst-plugins-bad| Compiler for C++ supports arguments -Wno-mismatched-tags: YES
#5 51.22 gst-plugins-bad| Compiler for C++ supports arguments -Wno-header-guard: NO
#5 51.22 gst-plugins-bad| Dependency mjpegtools found: YES 2.1.0 (cached)
#5 51.22 gst-plugins-bad| Library mplex2 found: YES
#5 51.22 gst-plugins-bad| Library mpcdec found: YES
#5 51.22 gst-plugins-bad| Header "mpc/mpcdec.h" has symbol "mpc_demux_init" with dependency -lmpcdec: YES
#5 51.22 gst-plugins-bad| Run-time dependency neon found: NO (tried pkgconfig and cmake)
#5 51.22 gst-plugins-bad| Run-time dependency libonnxruntime found: NO (tried pkgconfig and cmake)
#5 51.22 gst-plugins-bad| Run-time dependency openal found: NO (tried pkgconfig)
#5 51.22 gst-plugins-bad| Run-time dependency libfreeaptx found: NO (tried pkgconfig and cmake)
#5 66.84 gst-plugins-bad| Run-time dependency libopenaptx found: NO (tried pkgconfig and cmake)
#5 66.84 gst-plugins-bad| Run-time dependency opencv found: NO (tried pkgconfig and cmake)
#5 66.84 gst-plugins-bad| Run-time dependency opencv4 found: NO (tried pkgconfig and cmake)
#5 66.84 gst-plugins-bad| Run-time dependency openexr found: YES 2.5.7
#5 66.84 gst-plugins-bad| Run-time dependency openh264 found: NO (tried pkgconfig and cmake)
#5 66.84 gst-plugins-bad| Looking for a fallback subproject for the dependency openh264
#5 66.84 gst-plugins-bad| Downloading openh264 source from https://github.com/cisco/openh264/archive/refs/tags/v2.3.1.tar.gz
#5 66.84 Downloading file of unknown size.
#5 66.84 
#5 66.84 Executing subproject gst-plugins-bad:openh264
#5 66.84 
#5 66.84 openh264| Project name: openh264
#5 66.84 openh264| Project version: 2.3.1
#5 66.84 openh264| C compiler for the host machine: cc (gcc 11.3.0 "cc (Ubuntu 11.3.0-1ubuntu1~22.04) 11.3.0")
#5 66.84 openh264| C linker for the host machine: cc ld.bfd 2.38
#5 66.84 openh264| C++ compiler for the host machine: c++ (gcc 11.3.0 "c++ (Ubuntu 11.3.0-1ubuntu1~22.04) 11.3.0")
#5 66.84 openh264| C++ linker for the host machine: c++ ld.bfd 2.38
#5 66.84 openh264| Compiler for C++ supports arguments -Wno-non-virtual-dtor: YES (cached)
#5 66.84 openh264| Compiler for C++ supports arguments -Wno-class-memaccess: YES
#5 66.84 openh264| Compiler for C++ supports arguments -Wno-strict-aliasing: YES
#5 66.84 openh264| Dependency threads found: YES unknown (cached)
#5 66.84 openh264| Library m found: YES
#5 66.84 openh264| Build targets in project: 543
#5 66.84 openh264| Subproject openh264 finished.
#5 66.84 
#5 66.84 gst-plugins-bad| Dependency openh264 from subproject subprojects/openh264-2.3.1 found: YES 2.3.1
#5 66.84 gst-plugins-bad| Run-time dependency libopenjp2 found: YES 2.4.0
#5 66.84 gst-plugins-bad| Run-time dependency libopenmpt found: NO (tried pkgconfig and cmake)
#5 66.84 gst-plugins-bad| Run-time dependency libopenni2 found: NO (tried pkgconfig and cmake)
#5 66.84 gst-plugins-bad| Dependency opus found: YES 1.3.1 (cached)
#5 66.84 gst-plugins-bad| Run-time dependency libqrencode found: YES 4.1.1
#5 66.84 gst-plugins-bad| Run-time dependency json-glib-1.0 found: YES 1.6.6
#5 66.84 gst-plugins-bad| Run-time dependency dvdnav found: YES 6.1.1
#5 66.84 gst-plugins-bad| Run-time dependency dvdread found: YES 6.1.2
#5 66.84 gst-plugins-bad| Run-time dependency librsvg-2.0 found: YES 2.52.5
#5 66.84 gst-plugins-bad| Run-time dependency librtmp found: YES v2.4
#5 66.84 gst-plugins-bad| Run-time dependency sbc found: YES 1.5
#5 66.84 gst-plugins-bad| Message: Using internal libusrsctp
#5 66.84 gst-plugins-bad| Compiler for C supports arguments -Wfloat-equal: YES
#5 66.84 gst-plugins-bad| Compiler for C supports arguments -Wshadow: YES
#5 66.84 gst-plugins-bad| Compiler for C supports arguments -Wpointer-arith: YES (cached)
#5 66.84 gst-plugins-bad| Compiler for C supports arguments -Winit-self: YES (cached)
#5 66.84 gst-plugins-bad| Compiler for C supports arguments -Wno-unused-function: YES
#5 66.84 gst-plugins-bad| Compiler for C supports arguments -Wno-unused-parameter: YES (cached)
#5 66.84 gst-plugins-bad| Compiler for C supports arguments -Wno-unreachable-code: YES
#5 66.84 gst-plugins-bad| Compiler for C supports arguments -Wstrict-prototypes: YES
#5 66.84 gst-plugins-bad| Compiler for C supports arguments -Wno-missing-prototypes: YES (cached)
#5 66.84 gst-plugins-bad| Compiler for C supports arguments -Wno-incompatible-pointer-types-discards-qualifiers: NO
#5 66.84 gst-plugins-bad| Compiler for C supports arguments -Wno-address-of-packed-member: YES
#5 66.84 gst-plugins-bad| Compiler for C supports arguments -Wno-discarded-qualifiers: YES (cached)
#5 66.84 gst-plugins-bad| Compiler for C supports arguments -Wno-missing-declarations: YES (cached)
#5 66.84 gst-plugins-bad| Compiler for C supports arguments -Wno-old-style-definition: YES (cached)
#5 66.84 gst-plugins-bad| Compiler for C supports arguments -Wno-redundant-decls: YES (cached)
#5 66.84 gst-plugins-bad| Dependency threads found: YES unknown (cached)
#5 66.84 gst-plugins-bad| Has header "sys/queue.h" : YES
#5 66.84 gst-plugins-bad| Has header "sys/socket.h" : YES (cached)
#5 66.84 gst-plugins-bad| Has header "linux/if_addr.h" : YES
#5 66.84 gst-plugins-bad| Has header "linux/rtnetlink.h" : YES
#5 66.84 gst-plugins-bad| Has header "sys/types.h" : YES (cached)
#5 66.84 gst-plugins-bad| Has header "netinet/in.h" : YES (cached)
#5 66.84 gst-plugins-bad| Has header "netinet/ip.h" : YES (cached)
#5 66.84 gst-plugins-bad| Has header "netinet/ip_icmp.h" : YES
#5 66.84 gst-plugins-bad| Has header "stdatomic.h" : YES
#5 66.84 gst-plugins-bad| Checking whether type "struct sockaddr" has member "sa_len" : NO
#5 66.84 gst-plugins-bad| Checking whether type "struct sockaddr_in" has member "sin_len" : NO
#5 66.84 gst-plugins-bad| Checking whether type "struct sockaddr_in6" has member "sin6_len" : NO
#5 66.84 gst-plugins-bad| Checking whether type "struct sockaddr_conn" has member "sconn_len" : NO
#5 66.84 gst-plugins-bad| Dependency libxml-2.0 found: YES 2.9.13 (cached)
#5 66.84 gst-plugins-bad| Run-time dependency sndfile found: YES 1.0.31
#5 66.84 gst-plugins-bad| Run-time dependency soundtouch found: YES 2.3.1
#5 66.84 gst-plugins-bad| Run-time dependency spandsp found: YES 0.0.6
#5 66.84 gst-plugins-bad| Run-time dependency srt found: YES 1.4.4
#5 66.84 gst-plugins-bad| Program glib-mkenums found: YES (/usr/bin/glib-mkenums)
#5 66.84 gst-plugins-bad| Program glib-mkenums found: YES (/usr/bin/glib-mkenums)
#5 66.84 gst-plugins-bad| Run-time dependency libsrtp2 found: YES 2.4.2
#5 66.84 gst-plugins-bad| Program glib-mkenums found: YES (/usr/bin/glib-mkenums)
#5 66.84 gst-plugins-bad| Program glib-mkenums found: YES (/usr/bin/glib-mkenums)
#5 66.84 gst-plugins-bad| Run-time dependency svthevcenc found: NO (tried pkgconfig and cmake)
#5 66.84 gst-plugins-bad| Run-time dependency zvbi-0.2 found: YES 0.2.35
#5 66.84 gst-plugins-bad| Dependency libxml-2.0 found: YES 2.9.13 (cached)
#5 66.84 gst-plugins-bad| Run-time dependency pango found: YES 1.50.6
#5 66.84 gst-plugins-bad| Run-time dependency cairo found: YES 1.16.0
#5 66.84 gst-plugins-bad| Dependency pangocairo found: YES 1.50.6 (cached)
#5 66.84 gst-plugins-bad| Run-time dependency vo-aacenc found: YES 0.1.3
#5 66.84 gst-plugins-bad| Run-time dependency vo-amrwbenc found: YES 0.1.3
#5 66.84 gst-plugins-bad| Run-time dependency webrtc-audio-processing found: YES 0.3.1
#5 66.84 gst-plugins-bad| Run-time dependency libwebp found: YES 1.2.2
#5 66.84 gst-plugins-bad| Run-time dependency wildmidi found: NO (tried pkgconfig and cmake)
#5 66.84 gst-plugins-bad| Has header "wildmidi_lib.h" : YES
#5 66.84 gst-plugins-bad| Fetching value of define "LIBWILDMIDI_VER_MAJOR" : 0L
#5 66.84 gst-plugins-bad| Fetching value of define "LIBWILDMIDI_VER_MINOR" : 4L
#5 66.84 gst-plugins-bad| Library WildMidi found: YES
#5 66.84 gst-plugins-bad| Run-time dependency wpe-webkit-1.1 found: NO (tried pkgconfig and cmake)
#5 66.84 gst-plugins-bad| Run-time dependency wpe-webkit-1.0 found: NO (tried pkgconfig and cmake)
#5 66.84 gst-plugins-bad| Run-time dependency wpebackend-fdo-1.0 found: NO (tried pkgconfig and cmake)
#5 66.84 gst-plugins-bad| Dependency egl found: YES 1.5 (cached)
#5 66.84 gst-plugins-bad| Dependency xkbcommon found: YES 1.4.0 (cached)
#5 66.84 gst-plugins-bad| Run-time dependency wayland-server found: YES 1.20.0
#5 66.84 gst-plugins-bad| Run-time dependency x265 found: YES 3.5
#5 66.84 gst-plugins-bad| Run-time dependency zxing found: NO (tried pkgconfig and cmake)
#5 66.84 gst-plugins-bad| Run-time dependency zbar found: YES 0.23.92
#5 66.84 gst-plugins-bad| Program scripts/update-orc-dist-files.py found: YES (/gstreamer/subprojects/gst-plugins-bad/scripts/update-orc-dist-files.py)
#5 66.84 gst-plugins-bad| Program xgettext found: YES (/usr/bin/xgettext)
#5 66.84 gst-plugins-bad| Configuring config.h using configuration
#5 66.84 gst-plugins-bad| Message: Introspection not built, won't build documentation requiring it
#5 66.84 gst-plugins-bad| Program hotdoc skipped: feature doc disabled
#5 66.84 gst-plugins-bad| Message: Hotdoc not found, not building the documentation
#5 66.84 gst-plugins-bad| Build targets in project: 628
#5 66.84 gst-plugins-bad| Subproject gst-plugins-bad finished.
#5 66.84 
#5 66.84 
#5 66.84 Executing subproject gst-plugins-ugly 
#5 66.84 
#5 66.84 gst-plugins-ugly| Project name: gst-plugins-ugly
#5 66.84 gst-plugins-ugly| Project version: 1.22.0.1
#5 66.84 gst-plugins-ugly| C compiler for the host machine: cc (gcc 11.3.0 "cc (Ubuntu 11.3.0-1ubuntu1~22.04) 11.3.0")
#5 66.84 gst-plugins-ugly| C linker for the host machine: cc ld.bfd 2.38
#5 66.84 gst-plugins-ugly| C++ compiler for the host machine: c++ (gcc 11.3.0 "c++ (Ubuntu 11.3.0-1ubuntu1~22.04) 11.3.0")
#5 66.84 gst-plugins-ugly| C++ linker for the host machine: c++ ld.bfd 2.38
#5 66.84 gst-plugins-ugly| Compiler for C supports link arguments -Wl,-Bsymbolic-functions: YES (cached)
#5 66.84 gst-plugins-ugly| Compiler for C++ supports link arguments -Wl,-Bsymbolic-functions: YES (cached)
#5 66.84 gst-plugins-ugly| Compiler for C supports link arguments -Wl,-z,nodelete: YES (cached)
#5 68.76 gst-plugins-ugly| Compiler for C++ supports link arguments -Wl,-z,nodelete: YES (cached)
#5 68.76 gst-plugins-ugly| Has header "dlfcn.h" : YES (cached)
#5 68.76 gst-plugins-ugly| Has header "inttypes.h" : YES (cached)
#5 68.76 gst-plugins-ugly| Has header "malloc.h" : YES
#5 68.76 gst-plugins-ugly| Has header "memory.h" : YES (cached)
#5 68.76 gst-plugins-ugly| Has header "stdint.h" : YES (cached)
#5 68.76 gst-plugins-ugly| Has header "stdlib.h" : YES (cached)
#5 68.76 gst-plugins-ugly| Has header "strings.h" : YES (cached)
#5 68.76 gst-plugins-ugly| Has header "string.h" : YES (cached)
#5 68.76 gst-plugins-ugly| Has header "sys/stat.h" : YES (cached)
#5 68.76 gst-plugins-ugly| Has header "sys/types.h" : YES (cached)
#5 68.76 gst-plugins-ugly| Has header "unistd.h" : YES (cached)
#5 68.76 gst-plugins-ugly| Has header "winsock2.h" : NO (cached)
#5 68.76 gst-plugins-ugly| Checking for function "dcgettext" : YES (cached)
#5 68.76 gst-plugins-ugly| Checking for size of "char" : 1
#5 68.76 gst-plugins-ugly| Checking for size of "int" : 4
#5 68.76 gst-plugins-ugly| Checking for size of "long" : 8
#5 68.76 gst-plugins-ugly| Checking for size of "short" : 2
#5 68.76 gst-plugins-ugly| Checking for size of "void*" : 8
#5 68.76 gst-plugins-ugly| Dependency gstreamer-1.0 found: YES 1.22.0.1 (overridden)
#5 68.76 gst-plugins-ugly| Dependency gstreamer-app-1.0 found: YES 1.22.0.1 (overridden)
#5 68.76 gst-plugins-ugly| Dependency gstreamer-video-1.0 found: YES 1.22.0.1 (overridden)
#5 68.76 gst-plugins-ugly| Dependency gstreamer-pbutils-1.0 found: YES 1.22.0.1 (overridden)
#5 68.76 gst-plugins-ugly| Dependency gstreamer-tag-1.0 found: YES 1.22.0.1 (overridden)
#5 68.76 gst-plugins-ugly| Dependency gstreamer-fft-1.0 found: YES 1.22.0.1 (overridden)
#5 68.76 gst-plugins-ugly| Dependency gstreamer-audio-1.0 found: YES 1.22.0.1 (overridden)
#5 68.76 gst-plugins-ugly| Dependency gstreamer-base-1.0 found: YES 1.22.0.1 (overridden)
#5 68.76 gst-plugins-ugly| Dependency gstreamer-riff-1.0 found: YES 1.22.0.1 (overridden)
#5 68.76 gst-plugins-ugly| Dependency gstreamer-rtp-1.0 found: YES 1.22.0.1 (overridden)
#5 68.76 gst-plugins-ugly| Dependency gstreamer-net-1.0 found: YES 1.22.0.1 (overridden)
#5 68.76 gst-plugins-ugly| Dependency gstreamer-sdp-1.0 found: YES 1.22.0.1 (overridden)
#5 68.76 gst-plugins-ugly| Dependency gstreamer-rtsp-1.0 found: YES 1.22.0.1 (overridden)
#5 68.76 gst-plugins-ugly| Dependency gstreamer-check-1.0 skipped: feature tests disabled
#5 68.76 gst-plugins-ugly| Dependency gstreamer-controller-1.0 found: YES 1.22.0.1 (overridden)
#5 68.76 gst-plugins-ugly| Dependency orc-0.4 found: YES 0.4.33 (cached)
#5 68.76 gst-plugins-ugly| Dependency gmodule-no-export-2.0 found: YES 2.72.4 (cached)
#5 68.76 gst-plugins-ugly| Message: GStreamer debug system is enabled
#5 68.76 gst-plugins-ugly| Compiler for C supports arguments -Wmissing-declarations: YES (cached)
#5 68.76 gst-plugins-ugly| Compiler for C++ supports arguments -Wmissing-declarations: YES (cached)
#5 68.76 gst-plugins-ugly| Compiler for C supports arguments -Wredundant-decls: YES (cached)
#5 68.76 gst-plugins-ugly| Compiler for C++ supports arguments -Wredundant-decls: YES (cached)
#5 68.76 gst-plugins-ugly| Compiler for C supports arguments -Wwrite-strings: YES (cached)
#5 68.76 gst-plugins-ugly| Compiler for C++ supports arguments -Wwrite-strings: YES (cached)
#5 68.76 gst-plugins-ugly| Compiler for C supports arguments -Wformat: YES (cached)
#5 68.76 gst-plugins-ugly| Compiler for C++ supports arguments -Wformat: YES (cached)
#5 68.76 gst-plugins-ugly| Compiler for C supports arguments -Wformat-nonliteral: YES (cached)
#5 68.76 gst-plugins-ugly| Compiler for C++ supports arguments -Wformat-nonliteral: YES (cached)
#5 68.76 gst-plugins-ugly| Compiler for C supports arguments -Wformat-security: YES (cached)
#5 68.76 gst-plugins-ugly| Compiler for C++ supports arguments -Wformat-security: YES (cached)
#5 68.76 gst-plugins-ugly| Compiler for C supports arguments -Winit-self: YES (cached)
#5 68.76 gst-plugins-ugly| Compiler for C++ supports arguments -Winit-self: YES (cached)
#5 68.76 gst-plugins-ugly| Compiler for C supports arguments -Wmissing-include-dirs: YES (cached)
#5 68.76 gst-plugins-ugly| Compiler for C++ supports arguments -Wmissing-include-dirs: YES (cached)
#5 68.76 gst-plugins-ugly| Compiler for C supports arguments -Waddress: YES (cached)
#5 68.76 gst-plugins-ugly| Compiler for C++ supports arguments -Waddress: YES (cached)
#5 68.76 gst-plugins-ugly| Compiler for C supports arguments -Wno-multichar: YES (cached)
#5 68.76 gst-plugins-ugly| Compiler for C++ supports arguments -Wno-multichar: YES (cached)
#5 68.76 gst-plugins-ugly| Compiler for C supports arguments -Wvla: YES (cached)
#5 68.76 gst-plugins-ugly| Compiler for C++ supports arguments -Wvla: YES (cached)
#5 68.76 gst-plugins-ugly| Compiler for C supports arguments -Wpointer-arith: YES (cached)
#5 68.76 gst-plugins-ugly| Compiler for C++ supports arguments -Wpointer-arith: YES (cached)
#5 68.76 gst-plugins-ugly| Compiler for C supports arguments -Waggregate-return: YES (cached)
#5 68.76 gst-plugins-ugly| Compiler for C++ supports arguments -Waggregate-return: YES (cached)
#5 68.76 gst-plugins-ugly| Compiler for C supports arguments -fno-strict-aliasing: YES (cached)
#5 68.76 gst-plugins-ugly| Compiler for C++ supports arguments -fno-strict-aliasing: YES (cached)
#5 68.76 gst-plugins-ugly| Compiler for C supports arguments -fvisibility=hidden: YES (cached)
#5 68.76 gst-plugins-ugly| Compiler for C++ supports arguments -fvisibility=hidden: YES (cached)
#5 68.76 gst-plugins-ugly| Compiler for C supports arguments -Wmissing-prototypes: YES (cached)
#5 68.76 gst-plugins-ugly| Compiler for C supports arguments -Wold-style-definition: YES (cached)
#5 68.76 gst-plugins-ugly| Compiler for C supports arguments -Wnested-externs: YES
#5 68.76 gst-plugins-ugly| Message: Disabling GLib cast checks
#5 68.76 gst-plugins-ugly| Program python3 found: YES (/usr/bin/python3)
#5 68.76 gst-plugins-ugly| Library a52 found: YES
#5 68.76 gst-plugins-ugly| Header "a52dec/a52.h" has symbol "a52_init" : YES
#5 68.76 gst-plugins-ugly| Run-time dependency opencore-amrnb found: YES 0.1.5
#5 68.76 gst-plugins-ugly| Run-time dependency opencore-amrwb found: YES 0.1.5
#5 68.76 gst-plugins-ugly| Run-time dependency libcdio found: NO (tried pkgconfig and cmake)
#5 68.76 gst-plugins-ugly| Dependency dvdread found: YES 6.1.2 (cached)
#5 68.76 gst-plugins-ugly| Run-time dependency libmpeg2 found: YES 0.5.1
#5 68.76 gst-plugins-ugly| Has header "sidplay/player.h" : NO
#5 68.76 gst-plugins-ugly| Run-time dependency x264 found: YES 0.163.3060
#5 68.76 gst-plugins-ugly| Program xgettext found: YES (/usr/bin/xgettext)
#5 68.76 gst-plugins-ugly| Program hotdoc skipped: feature doc disabled
#5 68.76 gst-plugins-ugly| Message: Hotdoc not found, not building the documentation
#5 68.76 gst-plugins-ugly| Configuring config.h using configuration
#5 68.76 gst-plugins-ugly| Build targets in project: 687
#5 68.76 gst-plugins-ugly| Subproject gst-plugins-ugly finished.
#5 68.76 
#5 68.76 
#5 68.76 Executing subproject gst-libav 
#5 68.76 
#5 68.76 gst-libav| Project name: gst-libav
#5 68.76 gst-libav| Project version: 1.22.0.1
#5 68.76 gst-libav| C compiler for the host machine: cc (gcc 11.3.0 "cc (Ubuntu 11.3.0-1ubuntu1~22.04) 11.3.0")
#5 68.76 gst-libav| C linker for the host machine: cc ld.bfd 2.38
#5 68.76 gst-libav| Run-time dependency libavfilter found: YES 7.110.100
#5 68.76 gst-libav| Run-time dependency libavformat found: YES 58.76.100
#5 68.76 gst-libav| Run-time dependency libavcodec found: YES 58.134.100
#5 68.76 gst-libav| Run-time dependency libavutil found: YES 56.70.100
#5 68.76 gst-libav| Checking if "libav is provided by FFmpeg" with dependencies libavfilter, libavformat, libavcodec, libavutil compiles: YES
#5 68.76 gst-libav| Has header "unistd.h" : YES (cached)
#5 68.76 gst-libav| Dependency gstreamer-1.0 found: YES 1.22.0.1 (overridden)
#5 68.76 gst-libav| Dependency gstreamer-base-1.0 found: YES 1.22.0.1 (overridden)
#5 68.76 gst-libav| Dependency gstreamer-check-1.0 skipped: feature tests disabled
#5 68.76 gst-libav| Dependency gstreamer-video-1.0 found: YES 1.22.0.1 (overridden)
#5 68.76 gst-libav| Dependency gstreamer-audio-1.0 found: YES 1.22.0.1 (overridden)
#5 68.76 gst-libav| Dependency gstreamer-pbutils-1.0 found: YES 1.22.0.1 (overridden)
#5 68.76 gst-libav| Library m found: YES
#5 68.76 gst-libav| Compiler for C supports link arguments -Wl,-z,nodelete: YES (cached)
#5 68.76 gst-libav| Compiler for C supports arguments -fvisibility=hidden: YES (cached)
#5 68.76 gst-libav| Compiler for C supports link arguments -Wl,--exclude-libs=ALL: YES
#5 68.76 gst-libav| Compiler for C supports arguments -fno-strict-aliasing: YES (cached)
#5 68.76 gst-libav| Message: GStreamer debug system is enabled
#5 68.76 gst-libav| Compiler for C supports arguments -Wmissing-declarations: YES (cached)
#5 68.76 gst-libav| Compiler for C supports arguments -Wmissing-prototypes: YES (cached)
#5 68.76 gst-libav| Compiler for C supports arguments -Wold-style-definition: YES (cached)
#5 68.76 gst-libav| Compiler for C supports arguments -Wredundant-decls: YES (cached)
#5 71.08 gst-libav| Compiler for C supports arguments -Wundef: YES (cached)
#5 71.08 gst-libav| Compiler for C supports arguments -Wwrite-strings: YES (cached)
#5 71.08 gst-libav| Compiler for C supports arguments -Wformat: YES (cached)
#5 71.08 gst-libav| Compiler for C supports arguments -Wformat-nonliteral: YES (cached)
#5 71.08 gst-libav| Compiler for C supports arguments -Wformat-security: YES (cached)
#5 71.08 gst-libav| Compiler for C supports arguments -Winit-self: YES (cached)
#5 71.08 gst-libav| Compiler for C supports arguments -Wmissing-include-dirs: YES (cached)
#5 71.08 gst-libav| Compiler for C supports arguments -Waddress: YES (cached)
#5 71.08 gst-libav| Compiler for C supports arguments -Wno-multichar: YES (cached)
#5 71.08 gst-libav| Compiler for C supports arguments -Waggregate-return: YES (cached)
#5 71.08 gst-libav| Compiler for C supports arguments -Wvla: YES (cached)
#5 71.08 gst-libav| Compiler for C supports arguments -Wpointer-arith: YES (cached)
#5 71.08 gst-libav| Program hotdoc skipped: feature doc disabled
#5 71.08 gst-libav| Message: Hotdoc not found, not building the documentation
#5 71.08 gst-libav| Configuring config.h using configuration
#5 71.08 gst-libav| Build targets in project: 689
#5 71.08 gst-libav| Subproject gst-libav finished.
#5 71.08 
#5 71.08 
#5 71.08 Executing subproject gst-rtsp-server 
#5 71.08 
#5 71.08 gst-rtsp-server| Project name: gst-rtsp-server
#5 71.08 gst-rtsp-server| Project version: 1.22.0.1
#5 71.08 gst-rtsp-server| C compiler for the host machine: cc (gcc 11.3.0 "cc (Ubuntu 11.3.0-1ubuntu1~22.04) 11.3.0")
#5 71.08 gst-rtsp-server| C linker for the host machine: cc ld.bfd 2.38
#5 71.08 gst-rtsp-server| Compiler for C supports link arguments -Wl,-Bsymbolic-functions: YES (cached)
#5 71.08 gst-rtsp-server| Compiler for C supports link arguments -Wl,-z,nodelete: YES (cached)
#5 71.08 gst-rtsp-server| Compiler for C supports arguments -fvisibility=hidden: YES (cached)
#5 71.08 gst-rtsp-server| Compiler for C supports arguments -fno-strict-aliasing: YES (cached)
#5 71.08 gst-rtsp-server| Message: Disabling GLib cast checks
#5 71.08 gst-rtsp-server| Compiler for C supports arguments -Wmissing-declarations: YES (cached)
#5 71.08 gst-rtsp-server| Compiler for C supports arguments -Wmissing-prototypes: YES (cached)
#5 71.08 gst-rtsp-server| Compiler for C supports arguments -Wredundant-decls: YES (cached)
#5 71.08 gst-rtsp-server| Compiler for C supports arguments -Wundef: YES (cached)
#5 71.08 gst-rtsp-server| Compiler for C supports arguments -Wwrite-strings: YES (cached)
#5 71.08 gst-rtsp-server| Compiler for C supports arguments -Wformat: YES (cached)
#5 71.08 gst-rtsp-server| Compiler for C supports arguments -Wformat-nonliteral: YES (cached)
#5 71.08 gst-rtsp-server| Compiler for C supports arguments -Wformat-security: YES (cached)
#5 71.08 gst-rtsp-server| Compiler for C supports arguments -Wold-style-definition: YES (cached)
#5 71.08 gst-rtsp-server| Compiler for C supports arguments -Waggregate-return: YES (cached)
#5 71.08 gst-rtsp-server| Compiler for C supports arguments -Winit-self: YES (cached)
#5 71.08 gst-rtsp-server| Compiler for C supports arguments -Wmissing-include-dirs: YES (cached)
#5 71.08 gst-rtsp-server| Compiler for C supports arguments -Waddress: YES (cached)
#5 71.08 gst-rtsp-server| Compiler for C supports arguments -Wno-multichar: YES (cached)
#5 71.08 gst-rtsp-server| Compiler for C supports arguments -Wvla: YES (cached)
#5 71.08 gst-rtsp-server| Compiler for C supports arguments -Wpointer-arith: YES (cached)
#5 71.08 gst-rtsp-server| Dependency gstreamer-1.0 found: YES 1.22.0.1 (overridden)
#5 71.08 gst-rtsp-server| Dependency gstreamer-rtsp-1.0 found: YES 1.22.0.1 (overridden)
#5 71.08 gst-rtsp-server| Dependency gstreamer-rtp-1.0 found: YES 1.22.0.1 (overridden)
#5 71.08 gst-rtsp-server| Dependency gstreamer-sdp-1.0 found: YES 1.22.0.1 (overridden)
#5 71.08 gst-rtsp-server| Dependency gstreamer-app-1.0 found: YES 1.22.0.1 (overridden)
#5 71.08 gst-rtsp-server| Dependency gstreamer-net-1.0 found: YES 1.22.0.1 (overridden)
#5 71.08 gst-rtsp-server| Dependency gstreamer-check-1.0 skipped: feature tests disabled
#5 71.08 gst-rtsp-server| Message: GStreamer debug system is enabled
#5 71.08 gst-rtsp-server| Program g-ir-scanner skipped: feature introspection disabled
#5 71.08 gst-rtsp-server| Message: Introspection not built, can't build the documentation
#5 71.08 gst-rtsp-server| Configuring config.h using configuration
#5 71.08 gst-rtsp-server| Build targets in project: 691
#5 71.08 gst-rtsp-server| Subproject gst-rtsp-server finished.
#5 71.08 
#5 71.08 Subproject gst-devtools : skipped: feature devtools disabled
#5 71.08 Subproject gst-integration-testsuites : skipped: feature devtools disabled
#5 71.08 Subproject gst-editing-services : skipped: feature ges disabled
#5 71.08 
#5 71.08 Executing subproject gstreamer-vaapi 
#5 71.08 
#5 71.08 gstreamer-vaapi| Project name: gstreamer-vaapi
#5 71.08 gstreamer-vaapi| Project version: 1.22.0.1
#5 71.08 gstreamer-vaapi| C compiler for the host machine: cc (gcc 11.3.0 "cc (Ubuntu 11.3.0-1ubuntu1~22.04) 11.3.0")
#5 71.08 gstreamer-vaapi| C linker for the host machine: cc ld.bfd 2.38
#5 71.08 gstreamer-vaapi| Compiler for C supports link arguments -Wl,-Bsymbolic-functions: YES (cached)
#5 71.08 gstreamer-vaapi| Compiler for C supports arguments -fvisibility=hidden: YES (cached)
#5 71.08 gstreamer-vaapi| Compiler for C supports arguments -fno-strict-aliasing: YES (cached)
#5 71.08 gstreamer-vaapi| Library m found: YES
#5 71.08 gstreamer-vaapi| Dependency gstreamer-1.0 found: YES 1.22.0.1 (overridden)
#5 71.08 gstreamer-vaapi| Dependency gstreamer-base-1.0 found: YES 1.22.0.1 (overridden)
#5 71.08 gstreamer-vaapi| Dependency gstreamer-pbutils-1.0 found: YES 1.22.0.1 (overridden)
#5 71.08 gstreamer-vaapi| Dependency gstreamer-allocators-1.0 found: YES 1.22.0.1 (overridden)
#5 71.08 gstreamer-vaapi| Dependency gstreamer-video-1.0 found: YES 1.22.0.1 (overridden)
#5 71.08 gstreamer-vaapi| Dependency gstreamer-codecparsers-1.0 found: YES 1.22.0.1 (overridden)
#5 71.08 gstreamer-vaapi| Dependency gstreamer-gl-1.0 found: YES 1.22.0.1 (overridden)
#5 71.08 gstreamer-vaapi| Message: GStreamer debug system is enabled
#5 71.08 gstreamer-vaapi| Dependency libva found: YES 1.14.0 (cached)
#5 71.08 gstreamer-vaapi| Dependency libva-drm found: YES 1.14.0 (cached)
#5 71.08 gstreamer-vaapi| Run-time dependency libva-wayland found: YES 1.14.0
#5 71.08 gstreamer-vaapi| Dependency libva-x11 skipped: feature x11 disabled
#5 71.08 gstreamer-vaapi| Dependency libdrm found: YES 2.4.113 (cached)
#5 71.08 gstreamer-vaapi| Run-time dependency libudev found: YES 249
#5 71.08 gstreamer-vaapi| Dependency x11 skipped: feature x11 disabled
#5 71.08 gstreamer-vaapi| Dependency xrandr skipped: feature x11 disabled
#5 71.08 gstreamer-vaapi| Dependency gmodule-no-export-2.0 found: YES 2.72.4 (cached)
#5 71.08 gstreamer-vaapi| Dependency egl found: YES 1.5 (cached)
#5 71.08 gstreamer-vaapi| Dependency glesv2 found: YES 3.2 (cached)
#5 71.08 gstreamer-vaapi| Dependency gl skipped: feature glx disabled
#5 71.08 gstreamer-vaapi| Library dl skipped: feature glx disabled
#5 71.08 gstreamer-vaapi| Dependency wayland-client found: YES 1.20.0 (cached)
#5 71.08 gstreamer-vaapi| Dependency wayland-protocols found: YES 1.25 (cached)
#5 71.08 gstreamer-vaapi| Program wayland-scanner found: YES (/usr/bin/wayland-scanner)
#5 71.08 gstreamer-vaapi| Dependency gstreamer-check-1.0 skipped: feature tests disabled
#5 71.08 gstreamer-vaapi| Dependency gtk+-3.0 skipped: feature examples disabled
#5 71.08 gstreamer-vaapi| Has header "GLES2/gl2.h" with dependency glesv2: YES
#5 71.08 gstreamer-vaapi| Has header "GLES2/gl2ext.h" with dependency glesv2: YES
#5 71.08 gstreamer-vaapi| Has header "GLES3/gl3.h" with dependency glesv2: YES
#5 71.08 gstreamer-vaapi| Has header "GLES3/gl3ext.h" with dependency glesv2: YES
#5 71.08 gstreamer-vaapi| Has header "GLES2/gl2ext.h" with dependency glesv2: YES (cached)
#5 71.08 gstreamer-vaapi| Dependency gstreamer-gl-prototypes-1.0 found: YES 1.22.0.1 (overridden)
#5 71.08 gstreamer-vaapi| Dependency gstreamer-gl-wayland-1.0 found: YES 1.22.0.1 (overridden)
#5 71.08 gstreamer-vaapi| Dependency gstreamer-gl-egl-1.0 found: YES 1.22.0.1 (overridden)
#5 71.08 gstreamer-vaapi| Has header "X11/XKBlib.h" with dependency x11: YES
#5 71.08 gstreamer-vaapi| Program hotdoc skipped: feature doc disabled
#5 71.08 gstreamer-vaapi| Message: Hotdoc not found, not building the documentation
#5 71.08 gstreamer-vaapi| Configuring config.h using configuration
#5 71.08 gstreamer-vaapi| Build targets in project: 698
#5 71.08 gstreamer-vaapi| Subproject gstreamer-vaapi finished.
#5 71.08 
#5 71.08 Subproject gst-omx : skipped: feature omx disabled
#5 71.08 Subproject gstreamer-sharp : skipped: feature sharp disabled
#5 71.08 Dependency pygobject-3.0 skipped: feature python disabled
#5 71.08 Subproject gst-python : skipped: feature python disabled
#5 71.08 Subproject gst-examples : skipped: feature gst-examples disabled
#5 71.08 Subproject gst-plugins-rs : skipped: feature rs disabled
#5 71.08 Dependency glib-2.0 found: YES 2.72.4 (cached)
#5 71.08 Program hotdoc skipped: feature doc disabled
#5 78.17 Message: Not building documentation as hotdoc was not found
#5 78.17 Configuring GstDocumentedSubprojects with command
#5 78.17 Program scripts/generate_plugins_path.py found: YES (/usr/bin/python3 /gstreamer/scripts/generate_plugins_path.py)
#5 78.17 Configuring GstPluginsPath.json with command
#5 78.17 Message: Building subprojects: gstreamer, gst-plugins-base, gst-plugins-good, libnice, gst-plugins-bad, gst-plugins-ugly, gst-libav, gst-rtsp-server, gstreamer-vaapi
#5 78.17 Program gst-env.py found: YES (/gstreamer/gst-env.py)
#5 78.17 Program dotnet-format found: NO
#5 78.17 Build targets in project: 701
#5 78.17 WARNING: Project specifies a minimum meson_version '>= 0.62.0' but uses features which were added in newer versions:
#5 78.17  * 0.63.0: {'Wrap files with diff_files'}
#5 78.17 
#5 78.17 gst-plugins-bad 1.22.0.1
#5 78.17 
#5 78.17     Plugins               : accurip, adpcmdec, adpcmenc, aiff, asfmux,
#5 78.17                             audiobuffersplit, audiofxbad, audiomixmatrix,
#5 78.17                             audiolatency, audiovisualizers, autoconvert, bayer,
#5 78.17                             camerabin, codecalpha, codectimestamper,
#5 78.17                             coloreffects, debugutilsbad, dvbsubenc,
#5 78.17                             dvbsuboverlay, dvdspu, faceoverlay, festival,
#5 78.17                             fieldanalysis, freeverb, frei0r, gaudieffects, gdp,
#5 78.17                             geometrictransform, id3tag, inter, interlace,
#5 78.17                             ivfparse, ivtc, jp2kdecimator, jpegformat, rfbsrc,
#5 78.17                             midi, mpegpsdemux, mpegpsmux, mpegtsdemux,
#5 78.17                             mpegtsmux, mxf, netsim, rtponvif, pcapparse, pnm,
#5 78.17                             proxy, legacyrawparse, removesilence, rist, rtmp2,
#5 78.17                             rtpmanagerbad, sdpelem, segmentclip, siren, smooth,
#5 78.17                             speed, subenc, switchbin, timecode, transcode,
#5 78.17                             videofiltersbad, videoframe_audiolevel,
#5 78.17                             videoparsersbad, videosignal, vmnc, y4mdec,
#5 78.17                             decklink, dvb, fbdevsink, ipcpipeline, kms,
#5 78.17                             nvcodec, shm, v4l2codecs, va, aes, assrender, aom,
#5 78.17                             avtp, bs2b, bz2, chromaprint, closedcaption,
#5 78.17                             colormanagement, curl, dash, dtls, dtsdec, faac,
#5 78.17                             faad, fdkaac, flite, fluidsynthmidi, gme, gsm, hls,
#5 78.17                             iqa, kate, de265, lv2, microdns, modplug, mpeg2enc,
#5 78.17                             mplex, musepack, openexr, openh264, openjpeg,
#5 78.17                             opusparse, qroverlay, resindvd, rsvg, rtmp, sbc,
#5 78.17                             sctp, smoothstreaming, sndfile, soundtouch,
#5 78.17                             spandsp, srt, srtp, teletext, ttmlsubs, voaacenc,
#5 78.17                             voamrwbenc, waylandsink, webrtc, webrtcdsp, webp,
#5 78.17                             wildmidi, x265, zbar
#5 78.17     (A)GPL license allowed: True
#5 78.17 
#5 78.17 gst-plugins-base 1.22.0.1
#5 78.17 
#5 78.17     GL api     : gles2, gl
#5 78.17     GL platform: egl
#5 78.17     GL winsys  : wayland, gbm
#5 78.17     Plugins    : adder, app, audioconvert, audiomixer, audiorate,
#5 78.17                  audioresample, audiotestsrc, compositor, encoding, gio,
#5 78.17                  overlaycomposition, pbtypes, playback, rawparse, subparse,
#5 78.17                  tcp, typefindfunctions, videoconvertscale, videorate,
#5 78.17                  videotestsrc, volume, alsa, cdparanoia, opengl, libvisual,
#5 78.17                  ogg, opus, pango, theora, vorbis, ivorbisdec, ximagesink,
#5 78.17                  xvimagesink
#5 78.17 
#5 78.17 gst-plugins-good 1.22.0.1
#5 78.17 
#5 78.17     Plugins: alpha, alphacolor, apetag, audiofx, audioparsers, auparse,
#5 78.17              autodetect, avi, cutter, navigationtest, debug, deinterlace, dtmf,
#5 78.17              effectv, equalizer, flv, flxdec, goom, goom2k1, icydemux,
#5 78.17              id3demux, imagefreeze, interleave, isomp4, alaw, mulaw, level,
#5 78.17              matroska, monoscope, multifile, multipart, replaygain, rtp,
#5 78.17              rtpmanager, rtsp, shapewipe, smpte, spectrum, udp, videobox,
#5 78.17              videocrop, videofilter, videomixer, wavenc, wavparse, xingmux,
#5 78.17              y4menc, ossaudio, oss4, video4linux2, ximagesrc, aasink,
#5 78.17              adaptivedemux2, cairo, flac, gdkpixbuf, jpeg, lame, cacasink, dv,
#5 78.17              png, mpg123, pulseaudio, shout2, soup, speex, taglib, twolame,
#5 78.17              vpx, wavpack
#5 78.17 
#5 78.17 gst-plugins-ugly 1.22.0.1
#5 78.17 
#5 78.17     Plugins               : asf, dvdlpcmdec, dvdsub, realmedia, a52dec, amrnb,
#5 78.17                             amrwbdec, dvdread, mpeg2dec, x264
#5 78.17     (A)GPL license allowed: True
#5 78.17 
#5 78.17 gst-rtsp-server 1.22.0.1
#5 78.17 
#5 78.17     Plugins: rtspclientsink
#5 78.17 
#5 78.17 gstreamer 1.22.0.1
#5 78.17 
#5 78.17     Plugins: coreelements, coretracers
#5 78.17 
#5 78.17 gstreamer-vaapi 1.22.0.1
#5 78.17 
#5 78.17     Plugins: vaapi
#5 78.17 
#5 78.17 orc 0.4.33
#5 78.17 
#5 78.17   Backends
#5 78.17     SSE             : YES
#5 78.17     MMX             : YES
#5 78.17     NEON            : YES
#5 78.17     MIPS            : YES
#5 78.17     c64x            : YES
#5 78.17     Altivec         : YES
#5 78.17 
#5 78.17   Build options
#5 78.17     Tools           : YES
#5 78.17     Tests           : NO
#5 78.17     Examples        : NO
#5 78.17     Benchmarks      : YES
#5 78.17     Documentation   : NO  disabled
#5 78.17     Orc-test library: YES
#5 78.17 
#5 78.17 gstreamer-full 1.22.0.1
#5 78.17 
#5 78.17   Build options
#5 78.17     gstreamer-full library    : NO
#5 78.17     Tools                     : gst-inspect, gst-stats, gst-typefind,
#5 78.17                                 gst-launch, gst-device-monitor, gst-discoverer,
#5 78.17                                 gst-play
#5 78.17 
#5 78.17   Subprojects
#5 78.17     avtp                      : YES
#5 78.17     dssim                     : YES
#5 78.17     gl-headers                : YES
#5 78.17     gst-devtools              : NO Feature 'devtools' disabled
#5 78.17     gst-editing-services      : NO Feature 'ges' disabled
#5 78.17     gst-examples              : NO Feature 'gst-examples' disabled
#5 78.17     gst-integration-testsuites: NO Feature 'devtools' disabled
#5 78.17     gst-libav                 : YES
#5 78.17     gst-omx                   : NO Feature 'omx' disabled
#5 78.17     gst-plugins-bad           : YES
#5 78.17     gst-plugins-base          : YES
#5 78.17     gst-plugins-good          : YES
#5 78.17     gst-plugins-rs            : NO Feature 'rs' disabled
#5 78.17     gst-plugins-ugly          : YES
#5 78.17     gst-python                : NO Feature 'python' disabled
#5 78.17     gst-rtsp-server           : YES
#5 78.17     gstreamer                 : YES 1 warnings
#5 78.17     gstreamer-sharp           : NO Feature 'sharp' disabled
#5 78.17     gstreamer-vaapi           : YES
#5 78.17     libmicrodns               : YES
#5 78.17     libnice                   : YES
#5 78.17     openh264                  : YES
#5 78.17     orc                       : YES
#5 78.17     tinyalsa                  : NO
#5 78.17                                 Neither a subproject directory nor a tinyalsa.wrap file was found.
#5 78.17 
#5 78.17   User defined options
#5 78.17     buildtype                 : release
#5 78.17     prefix                    : /usr
#5 78.17     b_lto                     : true
#5 78.17     devtools                  : disabled
#5 78.17     doc                       : disabled
#5 78.17     examples                  : disabled
#5 78.17     ges                       : disabled
#5 78.17     gpl                       : enabled
#5 78.17     gst-examples              : disabled
#5 78.17     introspection             : disabled
#5 78.17     python                    : disabled
#5 78.17     qt5                       : disabled
#5 78.17     tests                     : disabled
#5 78.17     vaapi                     : enabled
#5 78.17     gstreamer-vaapi:x11       : disabled
#5 78.17 
#5 78.17 Found ninja-1.11.1.git.kitware.jobserver-1 at /usr/local/bin/ninja
#5 78.17 WARNING: Running the setup command as `meson [options]` instead of `meson setup [options]` is ambiguous and deprecated.
#5 79.60 ninja: Entering directory `build'
#5 79.95 [1/2937] Compiling C object subprojects/orc/orc/liborc-0.4.so.0.33.0.p/orccode.c.o
#5 79.96 [2/2937] Compiling C object subprojects/orc/orc/liborc-0.4.so.0.33.0.p/orc.c.o
#5 79.96 [3/2937] Compiling C object subprojects/orc/orc/liborc-0.4.so.0.33.0.p/orcdebug.c.o
#5 80.08 [4/2937] Compiling C object subprojects/orc/orc/liborc-0.4.so.0.33.0.p/orccodemem.c.o
#5 80.14 [5/2937] Compiling C object subprojects/orc/orc/liborc-0.4.so.0.33.0.p/orcbytecode.c.o
#5 80.20 [6/2937] Compiling C object subprojects/orc/orc/liborc-0.4.so.0.33.0.p/orccompiler.c.o
#5 80.20 [7/2937] Compiling C object subprojects/orc/orc/liborc-0.4.so.0.33.0.p/orcexecutor.c.o
#5 80.29 [8/2937] Compiling C object subprojects/orc/orc/liborc-0.4.so.0.33.0.p/orcfunctions.c.o
#5 80.33 [9/2937] Compiling C object subprojects/orc/orc/liborc-0.4.so.0.33.0.p/orconce.c.o
#5 80.35 [10/2937] Compiling C object subprojects/orc/orc/liborc-0.4.so.0.33.0.p/orcopcodes.c.o
#5 80.52 [11/2937] Compiling C object subprojects/orc/orc/liborc-0.4.so.0.33.0.p/orcrule.c.o
#5 80.62 [12/2937] Compiling C object subprojects/orc/orc/liborc-0.4.so.0.33.0.p/orcparse.c.o
#5 80.67 [13/2937] Compiling C object subprojects/orc/orc/liborc-0.4.so.0.33.0.p/orcsse.c.o
#5 80.72 [14/2937] Compiling C object subprojects/orc/orc/liborc-0.4.so.0.33.0.p/orcutils.c.o
#5 80.78 [15/2937] Compiling C object subprojects/orc/orc/liborc-0.4.so.0.33.0.p/orcemulateopcodes.c.o
#5 80.87 [16/2937] Compiling C object subprojects/orc/orc/liborc-0.4.so.0.33.0.p/orcprogram.c.o
#5 80.92 [17/2937] Compiling C object subprojects/orc/orc/liborc-0.4.so.0.33.0.p/orcprogram-c.c.o
#5 81.09 [18/2937] Compiling C object subprojects/orc/orc/liborc-0.4.so.0.33.0.p/orcx86.c.o
#5 81.11 [19/2937] Compiling C object subprojects/orc/orc/liborc-0.4.so.0.33.0.p/orcmmx.c.o
#5 81.14 [20/2937] Compiling C object subprojects/orc/orc/liborc-0.4.so.0.33.0.p/orcprogram-sse.c.o
#5 81.21 [21/2937] Compiling C object subprojects/orc/orc/liborc-0.4.so.0.33.0.p/orcx86insn.c.o
#5 81.28 [22/2937] Compiling C object subprojects/orc/orc/liborc-0.4.so.0.33.0.p/orcprogram-mmx.c.o
#5 81.63 [23/2937] Compiling C object subprojects/orc/orc/liborc-0.4.so.0.33.0.p/orcprogram-altivec.c.o
#5 81.65 [24/2937] Compiling C object subprojects/orc/orc/liborc-0.4.so.0.33.0.p/orcrules-sse.c.o
#5 81.70 [25/2937] Compiling C object subprojects/orc/orc/liborc-0.4.so.0.33.0.p/orcrules-mmx.c.o
#5 81.76 [26/2937] Compiling C object subprojects/orc/orc/liborc-0.4.so.0.33.0.p/orcprogram-neon.c.o
#5 81.78 [27/2937] Compiling C object subprojects/orc/orc/liborc-0.4.so.0.33.0.p/orcrules-altivec.c.o
#5 81.78 [28/2937] Compiling C object subprojects/orc/orc/liborc-0.4.so.0.33.0.p/orcpowerpc.c.o
#5 81.96 [29/2937] Compiling C object subprojects/orc/orc/liborc-0.4.so.0.33.0.p/orcarm.c.o
#5 82.01 [30/2937] Compiling C object subprojects/orc/orc/generate-bytecode.p/generate-bytecode.c.o
#5 82.04 [31/2937] Compiling C object subprojects/orc/orc/liborc-0.4.so.0.33.0.p/orcprogram-mips.c.o
#5 82.21 [32/2937] Compiling C object subprojects/orc/orc/liborc-0.4.so.0.33.0.p/orccpu-arm.c.o
#5 82.22 [33/2937] Compiling C object subprojects/orc/orc/generate-emulation.p/generate-emulation.c.o
#5 82.26 [34/2937] Compiling C object subprojects/orc/orc/liborc-0.4.so.0.33.0.p/orcmips.c.o
#5 82.45 [35/2937] Compiling C object subprojects/orc/orc/liborc-0.4.so.0.33.0.p/orcrules-mips.c.o
#5 82.47 [36/2937] Compiling C object subprojects/orc/orc/liborc-0.4.so.0.33.0.p/orcprogram-c64x-c.c.o
#5 82.54 [37/2937] Compiling C object subprojects/orc/orc-test/liborc-test-0.4.so.0.33.0.p/orcrandom.c.o
#5 82.56 [38/2937] Compiling C object subprojects/orc/orc-test/liborc-test-0.4.so.0.33.0.p/orcprofile.c.o
#5 82.58 [39/2937] Compiling C object subprojects/orc/orc-test/liborc-test-0.4.so.0.33.0.p/orcarray.c.o
#5 82.67 [40/2937] Compiling C object subprojects/orc/orc/liborc-0.4.so.0.33.0.p/orcrules-neon.c.o
#5 82.70 [41/2937] Compiling C object subprojects/orc/orc-test/liborc-test-0.4.so.0.33.0.p/orctest.c.o
#5 82.76 [42/2937] Linking static target subprojects/orc/orc-test/liborc-test-0.4.a
#5 82.79 [43/2937] Generating subprojects/gstreamer/gst/parse/parselex with a custom command
#5 82.82 [44/2937] Compiling C object subprojects/orc/tools/orc-bugreport.p/orc-bugreport.c.o
#5 82.86 [45/2937] Compiling C object subprojects/orc/tools/orcc.p/orcc.c.o
#5 83.18 [46/2937] Generating subprojects/gstreamer/gst/parse/parsegrammar with a custom command
#5 83.21 [47/2937] Compiling C object subprojects/gstreamer/gst/printf/libgstprintf.a.p/printf-args.c.o
#5 83.28 [48/2937] Compiling C object subprojects/gstreamer/gst/printf/libgstprintf.a.p/printf-parse.c.o
#5 83.33 [49/2937] Compiling C object subprojects/gstreamer/gst/printf/libgstprintf.a.p/asnprintf.c.o
#5 83.54 [50/2937] Compiling C object subprojects/gstreamer/gst/printf/libgstprintf.a.p/vasnprintf.c.o
#5 83.58 [51/2937] Compiling C object subprojects/gstreamer/gst/printf/libgstprintf.a.p/printf-extension.c.o
#5 83.74 [52/2937] Compiling C object subprojects/gstreamer/gst/printf/libgstprintf.a.p/printf.c.o
#5 83.77 [53/2937] Linking static target subprojects/gstreamer/gst/printf/libgstprintf.a
#5 83.94 [54/2937] Compiling C object subprojects/gstreamer/libs/gst/check/libcheck/libcheck.a.p/check_error.c.o
#5 83.95 [55/2937] Generating subprojects/gstreamer/libs/gst/controller/controller-enumtypes.h with a custom command (wrapped by meson because command contains newlines, to capture output)
#5 83.97 [56/2937] Generating subprojects/gstreamer/libs/gst/controller/controller-enumtypes.c with a custom command (wrapped by meson because command contains newlines, to capture output)
#5 84.04 [57/2937] Compiling C object subprojects/gstreamer/libs/gst/check/libcheck/libcheck.a.p/check_list.c.o
#5 84.33 [58/2937] Compiling C object subprojects/gstreamer/libs/gst/check/libcheck/libcheck.a.p/check.c.o
#5 84.35 [59/2937] Compiling C object subprojects/gstreamer/libs/gst/check/libcheck/libcheck.a.p/check_print.c.o
#5 84.36 [60/2937] Compiling C object subprojects/gstreamer/libs/gst/check/libcheck/libcheck.a.p/check_pack.c.o
#5 84.38 [61/2937] Compiling C object subprojects/gstreamer/libs/gst/check/libcheck/libcheck.a.p/check_msg.c.o
#5 84.40 [62/2937] Compiling C object subprojects/gstreamer/libs/gst/check/libcheck/libcheck.a.p/check_log.c.o
#5 84.44 [63/2937] Generating subprojects/gstreamer/po/af/LC_MESSAGES/gstreamer-1.0-af.mo with a custom command
#5 84.47 [64/2937] Generating subprojects/gstreamer/gst/gstenumtypes.c with a custom command (wrapped by meson because command contains newlines, to capture output)
#5 84.48 [65/2937] Generating subprojects/gstreamer/po/ast/LC_MESSAGES/gstreamer-1.0-ast.mo with a custom command
#5 84.48 [66/2937] Generating subprojects/gstreamer/po/az/LC_MESSAGES/gstreamer-1.0-az.mo with a custom command
#5 84.50 [67/2937] Generating subprojects/gstreamer/gst/gstenumtypes.h with a custom command (wrapped by meson because command contains newlines, to capture output)
#5 84.52 [68/2937] Generating subprojects/gstreamer/po/be/LC_MESSAGES/gstreamer-1.0-be.mo with a custom command
#5 84.53 [69/2937] Generating subprojects/gstreamer/po/bg/LC_MESSAGES/gstreamer-1.0-bg.mo with a custom command
#5 84.54 [70/2937] Generating subprojects/gstreamer/po/ca/LC_MESSAGES/gstreamer-1.0-ca.mo with a custom command
#5 84.55 [71/2937] Compiling C object subprojects/gstreamer/libs/gst/check/libcheck/libcheck.a.p/libcompat_libcompat.c.o
#5 84.64 [72/2937] Compiling C object subprojects/gstreamer/libs/gst/check/libcheck/libcheck.a.p/check_str.c.o
#5 84.80 [73/2937] Compiling C object subprojects/gstreamer/libs/gst/check/libcheck/libcheck.a.p/check_run.c.o
#5 85.49 [74/2937] Compiling C object subprojects/gstreamer/gst/libgstreamer-1.0.so.0.2200.0.p/gstallocator.c.o
#5 85.77 [75/2937] Compiling C object subprojects/gstreamer/gst/libgstreamer-1.0.so.0.2200.0.p/gst.c.o
#5 86.00 [76/2937] Compiling C object subprojects/gstreamer/gst/libgstreamer-1.0.so.0.2200.0.p/meson-generated_.._gstenumtypes.c.o
#5 86.02 [77/2937] Compiling C object subprojects/gstreamer/gst/libgstreamer-1.0.so.0.2200.0.p/meson-generated_.._parse_grammar.tab.c.o
#5 86.06 [78/2937] Compiling C object subprojects/gstreamer/gst/libgstreamer-1.0.so.0.2200.0.p/gstobject.c.o
#5 86.18 [79/2937] Compiling C object subprojects/gstreamer/gst/libgstreamer-1.0.so.0.2200.0.p/meson-generated_.._parse_lex.priv_gst_parse_yy.c.o
#5 86.29 [80/2937] Compiling C object subprojects/gstreamer/gst/libgstreamer-1.0.so.0.2200.0.p/gstbin.c.o
#5 86.60 [81/2937] Compiling C object subprojects/gstreamer/gst/libgstreamer-1.0.so.0.2200.0.p/gstbufferlist.c.o
#5 86.75 [82/2937] Compiling C object subprojects/gstreamer/gst/libgstreamer-1.0.so.0.2200.0.p/gstbuffer.c.o
#5 87.21 [83/2937] Compiling C object subprojects/gstreamer/gst/libgstreamer-1.0.so.0.2200.0.p/gstcapsfeatures.c.o
#5 87.40 [84/2937] Compiling C object subprojects/gstreamer/gst/libgstreamer-1.0.so.0.2200.0.p/gstchildproxy.c.o
#5 87.44 [85/2937] Compiling C object subprojects/gstreamer/gst/libgstreamer-1.0.so.0.2200.0.p/gstbus.c.o
#5 87.49 [86/2937] Compiling C object subprojects/gstreamer/gst/libgstreamer-1.0.so.0.2200.0.p/gstcaps.c.o
#5 87.57 [87/2937] Compiling C object subprojects/gstreamer/gst/libgstreamer-1.0.so.0.2200.0.p/gstcontext.c.o
#5 87.64 [88/2937] Compiling C object subprojects/gstreamer/gst/libgstreamer-1.0.so.0.2200.0.p/gstbufferpool.c.o
#5 88.03 [89/2937] Compiling C object subprojects/gstreamer/gst/libgstreamer-1.0.so.0.2200.0.p/gstcontrolsource.c.o
#5 88.16 [90/2937] Compiling C object subprojects/gstreamer/gst/libgstreamer-1.0.so.0.2200.0.p/gstcontrolbinding.c.o
#5 88.27 [91/2937] Compiling C object subprojects/gstreamer/gst/libgstreamer-1.0.so.0.2200.0.p/gstclock.c.o
#5 88.34 [92/2937] Compiling C object subprojects/gstreamer/gst/libgstreamer-1.0.so.0.2200.0.p/gstdebugutils.c.o
#5 88.45 [93/2937] Compiling C object subprojects/gstreamer/gst/libgstreamer-1.0.so.0.2200.0.p/gstdatetime.c.o
#5 88.61 [94/2937] Compiling C object subprojects/gstreamer/gst/libgstreamer-1.0.so.0.2200.0.p/gstdeviceprovider.c.o
#5 88.63 [95/2937] Compiling C object subprojects/gstreamer/gst/libgstreamer-1.0.so.0.2200.0.p/gstdevice.c.o
#5 88.98 [96/2937] Compiling C object subprojects/gstreamer/gst/libgstreamer-1.0.so.0.2200.0.p/gstdynamictypefactory.c.o
#5 89.08 [97/2937] Compiling C object subprojects/gstreamer/gst/libgstreamer-1.0.so.0.2200.0.p/gstdeviceproviderfactory.c.o
#5 89.16 [98/2937] Compiling C object subprojects/gstreamer/gst/libgstreamer-1.0.so.0.2200.0.p/gsterror.c.o
#5 89.42 [99/2937] Compiling C object subprojects/gstreamer/gst/libgstreamer-1.0.so.0.2200.0.p/gstformat.c.o
#5 89.57 [100/2937] Compiling C object subprojects/gstreamer/gst/libgstreamer-1.0.so.0.2200.0.p/gstelementfactory.c.o
#5 89.80 [101/2937] Compiling C object subprojects/gstreamer/gst/libgstreamer-1.0.so.0.2200.0.p/gstevent.c.o
#5 89.87 [102/2937] Compiling C object subprojects/gstreamer/gst/libgstreamer-1.0.so.0.2200.0.p/gstelement.c.o
#5 90.17 [103/2937] Compiling C object subprojects/gstreamer/gst/libgstreamer-1.0.so.0.2200.0.p/gstiterator.c.o
#5 90.19 [104/2937] Compiling C object subprojects/gstreamer/gst/libgstreamer-1.0.so.0.2200.0.p/gstdevicemonitor.c.o
#5 90.38 [105/2937] Compiling C object subprojects/gstreamer/gst/libgstreamer-1.0.so.0.2200.0.p/gstatomicqueue.c.o
#5 90.59 [106/2937] Compiling C object subprojects/gstreamer/gst/libgstreamer-1.0.so.0.2200.0.p/gstmeta.c.o
#5 90.76 [107/2937] Compiling C object subprojects/gstreamer/gst/libgstreamer-1.0.so.0.2200.0.p/gstghostpad.c.o
#5 90.89 [108/2937] Compiling C object subprojects/gstreamer/gst/libgstreamer-1.0.so.0.2200.0.p/gstmemory.c.o
#5 91.17 [109/2937] Compiling C object subprojects/gstreamer/gst/libgstreamer-1.0.so.0.2200.0.p/gstinfo.c.o
#5 91.31 [110/2937] Compiling C object subprojects/gstreamer/gst/libgstreamer-1.0.so.0.2200.0.p/gstmessage.c.o
#5 91.85 [111/2937] Compiling C object subprojects/gstreamer/gst/libgstreamer-1.0.so.0.2200.0.p/gstpipeline.c.o
#5 91.89 [112/2937] Compiling C object subprojects/gstreamer/gst/libgstreamer-1.0.so.0.2200.0.p/gstminiobject.c.o
#5 91.94 [113/2937] Compiling C object subprojects/gstreamer/gst/libgstreamer-1.0.so.0.2200.0.p/gstpadtemplate.c.o
#5 92.06 [114/2937] Compiling C object subprojects/gstreamer/gst/libgstreamer-1.0.so.0.2200.0.p/gstparamspecs.c.o
#5 92.42 [115/2937] Compiling C object subprojects/gstreamer/gst/libgstreamer-1.0.so.0.2200.0.p/gstpluginfeature.c.o
#5 92.50 [116/2937] Compiling C object subprojects/gstreamer/gst/libgstreamer-1.0.so.0.2200.0.p/gstplugin.c.o
#5 92.64 [117/2937] Compiling C object subprojects/gstreamer/gst/libgstreamer-1.0.so.0.2200.0.p/gstpad.c.o
#5 92.78 [118/2937] Compiling C object subprojects/gstreamer/gst/libgstreamer-1.0.so.0.2200.0.p/gstpluginloader.c.o
#5 93.07 [119/2937] Compiling C object subprojects/gstreamer/gst/libgstreamer-1.0.so.0.2200.0.p/gstquark.c.o
#5 93.19 [120/2937] Compiling C object subprojects/gstreamer/gst/libgstreamer-1.0.so.0.2200.0.p/gstprotection.c.o
#5 93.25 [121/2937] Compiling C object subprojects/gstreamer/gst/libgstreamer-1.0.so.0.2200.0.p/gstpreset.c.o
#5 93.66 [122/2937] Compiling C object subprojects/gstreamer/gst/libgstreamer-1.0.so.0.2200.0.p/gstpoll.c.o
#5 93.71 [123/2937] Compiling C object subprojects/gstreamer/gst/libgstreamer-1.0.so.0.2200.0.p/gstquery.c.o
#5 93.80 [124/2937] Compiling C object subprojects/gstreamer/gst/libgstreamer-1.0.so.0.2200.0.p/gstpromise.c.o
#5 93.94 [125/2937] Compiling C object subprojects/gstreamer/gst/libgstreamer-1.0.so.0.2200.0.p/gstregistry.c.o
#5 93.96 [126/2937] Compiling C object subprojects/gstreamer/gst/libgstreamer-1.0.so.0.2200.0.p/gstregistrychunks.c.o
#5 94.08 [127/2937] Compiling C object subprojects/gstreamer/gst/libgstreamer-1.0.so.0.2200.0.p/gstsample.c.o
#5 94.40 [128/2937] Compiling C object subprojects/gstreamer/gst/libgstreamer-1.0.so.0.2200.0.p/gststreams.c.o
#5 94.49 [129/2937] Compiling C object subprojects/gstreamer/gst/libgstreamer-1.0.so.0.2200.0.p/gststreamcollection.c.o
#5 94.77 [130/2937] Compiling C object subprojects/gstreamer/gst/libgstreamer-1.0.so.0.2200.0.p/gstsystemclock.c.o
#5 94.85 [131/2937] Compiling C object subprojects/gstreamer/gst/libgstreamer-1.0.so.0.2200.0.p/gsttagsetter.c.o
#5 94.97 [132/2937] Compiling C object subprojects/gstreamer/gst/libgstreamer-1.0.so.0.2200.0.p/gstsegment.c.o
#5 95.37 [133/2937] Compiling C object subprojects/gstreamer/gst/libgstreamer-1.0.so.0.2200.0.p/gsttask.c.o
#5 95.59 [134/2937] Compiling C object subprojects/gstreamer/gst/libgstreamer-1.0.so.0.2200.0.p/gsttoc.c.o
#5 95.84 [135/2937] Compiling C object subprojects/gstreamer/gst/libgstreamer-1.0.so.0.2200.0.p/gsttracer.c.o
#5 95.85 [136/2937] Compiling C object subprojects/gstreamer/gst/libgstreamer-1.0.so.0.2200.0.p/gsttaglist.c.o
#5 95.92 [137/2937] Compiling C object subprojects/gstreamer/gst/libgstreamer-1.0.so.0.2200.0.p/gsttaskpool.c.o
#5 95.99 [138/2937] Compiling C object subprojects/gstreamer/gst/libgstreamer-1.0.so.0.2200.0.p/gststructure.c.o
#5 96.01 [139/2937] Compiling C object subprojects/gstreamer/gst/libgstreamer-1.0.so.0.2200.0.p/gsttocsetter.c.o
#5 96.14 [140/2937] Compiling C object subprojects/gstreamer/gst/libgstreamer-1.0.so.0.2200.0.p/gsttracerfactory.c.o
#5 96.37 [141/2937] Compiling C object subprojects/gstreamer/gst/libgstreamer-1.0.so.0.2200.0.p/gsttracerrecord.c.o
#5 96.49 [142/2937] Compiling C object subprojects/gstreamer/gst/libgstreamer-1.0.so.0.2200.0.p/gsttypefind.c.o
#5 96.53 [143/2937] Compiling C object subprojects/gstreamer/gst/libgstreamer-1.0.so.0.2200.0.p/gsttypefindfactory.c.o
#5 96.94 [144/2937] Compiling C object subprojects/gstreamer/gst/libgstreamer-1.0.so.0.2200.0.p/gsttracerutils.c.o
#5 97.37 [145/2937] Compiling C object subprojects/gstreamer/gst/libgstreamer-1.0.so.0.2200.0.p/gstparse.c.o
#5 97.60 [146/2937] Compiling C object subprojects/gstreamer/gst/libgstreamer-1.0.so.0.2200.0.p/gsturi.c.o
#5 97.67 [147/2937] Compiling C object subprojects/gstreamer/gst/libgstreamer-1.0.so.0.2200.0.p/gstregistrybinary.c.o
#5 98.58 [148/2937] Compiling C object subprojects/gstreamer/gst/libgstreamer-1.0.so.0.2200.0.p/gstutils.c.o
#5 98.62 [149/2937] Compiling C object subprojects/gstreamer/libs/gst/base/libgstbase-1.0.so.0.2200.0.p/gstadapter.c.o
#5 99.08 [150/2937] Compiling C object subprojects/gstreamer/libs/gst/base/libgstbase-1.0.so.0.2200.0.p/gstbasesrc.c.o
#5 99.09 [151/2937] Compiling C object subprojects/gstreamer/gst/libgstreamer-1.0.so.0.2200.0.p/gstvalue.c.o
#5 99.29 [152/2937] Compiling C object subprojects/gstreamer/libs/gst/base/libgstbase-1.0.so.0.2200.0.p/gstaggregator.c.o
#5 99.90 [153/2937] Compiling C object subprojects/gstreamer/libs/gst/base/libgstbase-1.0.so.0.2200.0.p/gstbitreader.c.o
#5 100.00 [154/2937] Compiling C object subprojects/gstreamer/libs/gst/base/libgstbase-1.0.so.0.2200.0.p/gstbitwriter.c.o
#5 100.5 [155/2937] Compiling C object subprojects/gstreamer/libs/gst/base/libgstbase-1.0.so.0.2200.0.p/gstbasetransform.c.o
#5 100.6 [156/2937] Compiling C object subprojects/gstreamer/libs/gst/base/libgstbase-1.0.so.0.2200.0.p/gstbasesink.c.o
#5 100.6 [157/2937] Compiling C object subprojects/gstreamer/libs/gst/base/libgstbase-1.0.so.0.2200.0.p/gstbytereader.c.o
#5 101.3 [158/2937] Compiling C object subprojects/gstreamer/libs/gst/base/libgstbase-1.0.so.0.2200.0.p/gstbaseparse.c.o
#5 101.6 [159/2937] Compiling C object subprojects/gstreamer/libs/gst/base/libgstbase-1.0.so.0.2200.0.p/gstflowcombiner.c.o
#5 101.6 [160/2937] Compiling C object subprojects/gstreamer/libs/gst/base/libgstbase-1.0.so.0.2200.0.p/gstpushsrc.c.o
#5 101.7 [161/2937] Compiling C object subprojects/gstreamer/libs/gst/base/libgstbase-1.0.so.0.2200.0.p/gstdataqueue.c.o
#5 101.8 [162/2937] Compiling C object subprojects/gstreamer/libs/gst/base/libgstbase-1.0.so.0.2200.0.p/gstcollectpads.c.o
#5 101.9 [163/2937] Compiling C object subprojects/gstreamer/libs/gst/base/libgstbase-1.0.so.0.2200.0.p/gstbytewriter.c.o
#5 102.1 [164/2937] Compiling C object subprojects/gstreamer/libs/gst/base/libgstbase-1.0.so.0.2200.0.p/gstqueuearray.c.o
#5 102.4 [165/2937] Compiling C object subprojects/gstreamer/libs/gst/base/libgstbase-1.0.so.0.2200.0.p/gsttypefindhelper.c.o
#5 102.5 [166/2937] Compiling C object subprojects/gstreamer/libs/gst/controller/libgstcontroller-1.0.so.0.2200.0.p/meson-generated_.._controller-enumtypes.c.o
#5 102.5 [167/2937] Compiling C object subprojects/gstreamer/libs/gst/controller/libgstcontroller-1.0.so.0.2200.0.p/gstargbcontrolbinding.c.o
#5 102.9 [168/2937] Compiling C object subprojects/gstreamer/libs/gst/controller/libgstcontroller-1.0.so.0.2200.0.p/gsttimedvaluecontrolsource.c.o
#5 103.0 [169/2937] Compiling C object subprojects/gstreamer/libs/gst/controller/libgstcontroller-1.0.so.0.2200.0.p/gstinterpolationcontrolsource.c.o
#5 103.1 [170/2937] Compiling C object subprojects/gstreamer/libs/gst/controller/libgstcontroller-1.0.so.0.2200.0.p/gstdirectcontrolbinding.c.o
#5 103.1 [171/2937] Compiling C object subprojects/gstreamer/libs/gst/controller/libgstcontroller-1.0.so.0.2200.0.p/gsttriggercontrolsource.c.o
#5 103.4 [172/2937] Compiling C object subprojects/gstreamer/libs/gst/controller/libgstcontroller-1.0.so.0.2200.0.p/gstproxycontrolbinding.c.o
#5 104.0 [173/2937] Compiling C object subprojects/gstreamer/libs/gst/controller/libgstcontroller-1.0.so.0.2200.0.p/gstlfocontrolsource.c.o
#5 104.2 [174/2937] Compiling C object subprojects/gstreamer/libs/gst/net/libgstnet-1.0.so.0.2200.0.p/gstnetcontrolmessagemeta.c.o
#5 104.3 [175/2937] Compiling C object subprojects/gstreamer/libs/gst/net/libgstnet-1.0.so.0.2200.0.p/gstnetaddressmeta.c.o
#5 104.4 [176/2937] Compiling C object subprojects/gstreamer/libs/gst/net/libgstnet-1.0.so.0.2200.0.p/gstnettimepacket.c.o
#5 104.6 [177/2937] Compiling C object subprojects/gstreamer/libs/gst/net/libgstnet-1.0.so.0.2200.0.p/gstnettimeprovider.c.o
#5 104.9 [178/2937] Compiling C object subprojects/gstreamer/libs/gst/net/libgstnet-1.0.so.0.2200.0.p/gstnetclientclock.c.o
#5 105.5 [179/2937] Compiling C object subprojects/gstreamer/libs/gst/helpers/gst-completion-helper.p/gst-completion-helper.c.o
#5 105.5 [180/2937] Compiling C object subprojects/gstreamer/libs/gst/net/libgstnet-1.0.so.0.2200.0.p/gstnetutils.c.o
#5 105.5 [181/2937] Compiling C object subprojects/gstreamer/libs/gst/helpers/gst-plugin-scanner.p/gst-plugin-scanner.c.o
#5 105.5 [182/2937] Linking static target subprojects/gstreamer/libs/gst/check/libcheck/libcheck.a
#5 106.2 [183/2937] Compiling C object subprojects/gstreamer/libs/gst/net/libgstnet-1.0.so.0.2200.0.p/gstntppacket.c.o
#5 106.3 [184/2937] Compiling C object subprojects/gstreamer/libs/gst/net/libgstnet-1.0.so.0.2200.0.p/gstptpclock.c.o
#5 106.4 [185/2937] Compiling C object subprojects/gstreamer/libs/gst/check/libgstcheck-1.0.so.0.2200.0.p/gstbufferstraw.c.o
#5 106.8 [186/2937] Compiling C object subprojects/gstreamer/libs/gst/helpers/gst-ptp-helper.p/gst-ptp-helper.c.o
#5 107.0 [187/2937] Compiling C object subprojects/gstreamer/libs/gst/check/libgstcheck-1.0.so.0.2200.0.p/gstconsistencychecker.c.o
#5 107.0 [188/2937] Compiling C object subprojects/gstreamer/libs/gst/check/libgstcheck-1.0.so.0.2200.0.p/gstcheck.c.o
#5 107.4 [189/2937] Compiling C object subprojects/gstreamer/plugins/elements/libgstcoreelements.so.p/gstcapsfilter.c.o
#5 107.7 [190/2937] Compiling C object subprojects/gstreamer/plugins/elements/libgstcoreelements.so.p/gstdataurisrc.c.o
#5 107.7 [191/2937] Compiling C object subprojects/gstreamer/plugins/elements/libgstcoreelements.so.p/gstclocksync.c.o
#5 107.9 [192/2937] Compiling C object subprojects/gstreamer/libs/gst/check/libgstcheck-1.0.so.0.2200.0.p/gstharness.c.o
#5 107.9 [193/2937] Compiling C object subprojects/gstreamer/libs/gst/check/libgstcheck-1.0.so.0.2200.0.p/gsttestclock.c.o
#5 108.2 [194/2937] Compiling C object subprojects/gstreamer/plugins/elements/libgstcoreelements.so.p/gstconcat.c.o
#5 108.4 [195/2937] Compiling C object subprojects/gstreamer/plugins/elements/libgstcoreelements.so.p/gstcoreelementsplugin.c.o
#5 108.9 [196/2937] Compiling C object subprojects/gstreamer/plugins/elements/libgstcoreelements.so.p/gstelements_private.c.o
#5 109.0 [197/2937] Compiling C object subprojects/gstreamer/plugins/elements/libgstcoreelements.so.p/gstfakesink.c.o
#5 109.2 [198/2937] Compiling C object subprojects/gstreamer/plugins/elements/libgstcoreelements.so.p/gstdownloadbuffer.c.o
#5 109.5 [199/2937] Compiling C object subprojects/gstreamer/plugins/elements/libgstcoreelements.so.p/gstfdsink.c.o
#5 109.6 [200/2937] Compiling C object subprojects/gstreamer/plugins/elements/libgstcoreelements.so.p/gstfakesrc.c.o
#5 109.8 [201/2937] Compiling C object subprojects/gstreamer/plugins/elements/libgstcoreelements.so.p/gstfdsrc.c.o
#5 110.0 [202/2937] Compiling C object subprojects/gstreamer/plugins/elements/libgstcoreelements.so.p/gstfilesink.c.o
#5 110.2 [203/2937] Compiling C object subprojects/gstreamer/plugins/elements/libgstcoreelements.so.p/gstfilesrc.c.o
#5 110.3 [204/2937] Compiling C object subprojects/gstreamer/plugins/elements/libgstcoreelements.so.p/gstfunnel.c.o
#5 110.4 [205/2937] Compiling C object subprojects/gstreamer/plugins/elements/libgstcoreelements.so.p/gstidentity.c.o
#5 110.8 [206/2937] Compiling C object subprojects/gstreamer/plugins/elements/libgstcoreelements.so.p/gstinputselector.c.o
#5 111.2 [207/2937] Compiling C object subprojects/gstreamer/plugins/elements/libgstcoreelements.so.p/gstoutputselector.c.o
#5 111.8 [208/2937] Compiling C object subprojects/gstreamer/plugins/elements/libgstcoreelements.so.p/gstsparsefile.c.o
#5 112.0 [209/2937] Compiling C object subprojects/gstreamer/plugins/elements/libgstcoreelements.so.p/gststreamiddemux.c.o
#5 112.2 [210/2937] Compiling C object subprojects/gstreamer/plugins/elements/libgstcoreelements.so.p/gstqueue2.c.o
#5 112.2 [211/2937] Compiling C object subprojects/gstreamer/plugins/elements/libgstcoreelements.so.p/gstmultiqueue.c.o
#5 112.5 [212/2937] Compiling C object subprojects/gstreamer/plugins/elements/libgstcoreelements.so.p/gstqueue.c.o
#5 112.7 [213/2937] Compiling C object subprojects/gstreamer/plugins/elements/libgstcoreelements.so.p/gstvalve.c.o
#5 112.9 [214/2937] Compiling C object subprojects/gstreamer/plugins/elements/libgstcoreelements.so.p/gsttypefindelement.c.o
#5 113.0 [215/2937] Compiling C object subprojects/gstreamer/plugins/elements/libgstcoreelements.so.p/gsttee.c.o
#5 113.1 [216/2937] Compiling C object subprojects/gstreamer/plugins/tracers/libgstcoretracers.so.p/gstlatency.c.o
#5 113.1 [217/2937] Compiling C object subprojects/gstreamer/plugins/tracers/libgstcoretracers.so.p/gstleaks.c.o
#5 113.3 [218/2937] Compiling C object subprojects/gstreamer/plugins/tracers/libgstcoretracers.so.p/gsttracers.c.o
#5 113.5 [219/2937] Compiling C object subprojects/gstreamer/plugins/tracers/libgstcoretracers.so.p/gstfactories.c.o
#5 113.6 [220/2937] Compiling C object subprojects/gstreamer/plugins/tracers/libgstcoretracers.so.p/gstlog.c.o
#5 113.8 [221/2937] Compiling C object subprojects/gstreamer/plugins/tracers/libgstcoretracers.so.p/gststats.c.o
#5 114.0 [222/2937] Compiling C object subprojects/gstreamer/plugins/tracers/libgstcoretracers.so.p/gstrusage.c.o
#5 114.4 [223/2937] Compiling C object subprojects/gstreamer/tools/gst-stats-1.0.p/gst-stats.c.o
#5 114.5 [224/2937] Compiling C object subprojects/gstreamer/tests/benchmarks/caps.p/caps.c.o
#5 114.5 [225/2937] Compiling C object subprojects/gstreamer/tools/gst-typefind-1.0.p/gst-typefind.c.o
#5 114.6 [226/2937] Compiling C object subprojects/gstreamer/tools/gst-launch-1.0.p/gst-launch.c.o
#5 115.0 [227/2937] Compiling C object subprojects/gstreamer/tests/benchmarks/capsnego.p/capsnego.c.o
#5 115.3 [228/2937] Compiling C object subprojects/gstreamer/tests/benchmarks/mass-elements.p/mass-elements.c.o
#5 115.3 [229/2937] Compiling C object subprojects/gstreamer/tests/benchmarks/controller.p/controller.c.o
#5 115.6 [230/2937] Compiling C object subprojects/gstreamer/tests/benchmarks/init.p/init.c.o
#5 115.7 [231/2937] Compiling C object subprojects/gstreamer/tests/benchmarks/complexity.p/complexity.c.o
#5 115.8 [232/2937] Compiling C object subprojects/gstreamer/tools/gst-inspect-1.0.p/gst-inspect.c.o
#5 116.0 [233/2937] Compiling C object subprojects/gstreamer/tests/benchmarks/gstclockstress.p/gstclockstress.c.o
#5 116.0 [234/2937] Compiling C object subprojects/gstreamer/tests/benchmarks/gstpollstress.p/gstpollstress.c.o
#5 116.0 [235/2937] Compiling C object subprojects/gstreamer/tests/benchmarks/gstpoolstress.p/gstpoolstress.c.o
#5 116.0 [236/2937] Generating subprojects/gstreamer/po/cs/LC_MESSAGES/gstreamer-1.0-cs.mo with a custom command
#5 116.1 [237/2937] Generating subprojects/gstreamer/po/de/LC_MESSAGES/gstreamer-1.0-de.mo with a custom command
#5 116.1 [238/2937] Generating subprojects/gstreamer/po/da/LC_MESSAGES/gstreamer-1.0-da.mo with a custom command
#5 116.1 [239/2937] Generating subprojects/gstreamer/po/el/LC_MESSAGES/gstreamer-1.0-el.mo with a custom command
#5 116.1 [240/2937] Generating subprojects/gstreamer/po/en_GB/LC_MESSAGES/gstreamer-1.0-en_GB.mo with a custom command
#5 116.1 [241/2937] Generating subprojects/gstreamer/po/eo/LC_MESSAGES/gstreamer-1.0-eo.mo with a custom command
#5 116.1 [242/2937] Generating subprojects/gstreamer/po/es/LC_MESSAGES/gstreamer-1.0-es.mo with a custom command
#5 116.1 [243/2937] Generating subprojects/gstreamer/po/fi/LC_MESSAGES/gstreamer-1.0-fi.mo with a custom command
#5 116.1 [244/2937] Generating subprojects/gstreamer/po/eu/LC_MESSAGES/gstreamer-1.0-eu.mo with a custom command
#5 116.2 [245/2937] Generating subprojects/gstreamer/po/gl/LC_MESSAGES/gstreamer-1.0-gl.mo with a custom command
#5 116.2 [246/2937] Generating subprojects/gstreamer/po/fr/LC_MESSAGES/gstreamer-1.0-fr.mo with a custom command
#5 116.2 [247/2937] Generating subprojects/gstreamer/po/fur/LC_MESSAGES/gstreamer-1.0-fur.mo with a custom command
#5 116.2 [248/2937] Generating subprojects/gstreamer/po/hu/LC_MESSAGES/gstreamer-1.0-hu.mo with a custom command
#5 116.2 [249/2937] Generating subprojects/gstreamer/po/hr/LC_MESSAGES/gstreamer-1.0-hr.mo with a custom command
#5 116.3 [250/2937] Generating subprojects/gstreamer/po/id/LC_MESSAGES/gstreamer-1.0-id.mo with a custom command
#5 116.3 [251/2937] Generating subprojects/gstreamer/po/it/LC_MESSAGES/gstreamer-1.0-it.mo with a custom command
#5 116.3 [252/2937] Generating subprojects/gstreamer/po/ja/LC_MESSAGES/gstreamer-1.0-ja.mo with a custom command
#5 116.3 [253/2937] Generating subprojects/gstreamer/po/ka/LC_MESSAGES/gstreamer-1.0-ka.mo with a custom command
#5 116.3 [254/2937] Generating subprojects/gstreamer/po/ko/LC_MESSAGES/gstreamer-1.0-ko.mo with a custom command
#5 116.3 [255/2937] Generating subprojects/gstreamer/po/nb/LC_MESSAGES/gstreamer-1.0-nb.mo with a custom command
#5 116.4 [256/2937] Generating subprojects/gstreamer/po/lt/LC_MESSAGES/gstreamer-1.0-lt.mo with a custom command
#5 116.4 [257/2937] Generating subprojects/gstreamer/po/nl/LC_MESSAGES/gstreamer-1.0-nl.mo with a custom command
#5 116.4 [258/2937] Compiling C object subprojects/gstreamer/tests/benchmarks/gstbufferstress.p/gstbufferstress.c.o
#5 116.4 [259/2937] Generating subprojects/gstreamer/po/pl/LC_MESSAGES/gstreamer-1.0-pl.mo with a custom command
#5 116.4 [260/2937] Generating subprojects/gstreamer/po/pt_BR/LC_MESSAGES/gstreamer-1.0-pt_BR.mo with a custom command
#5 116.4 [261/2937] Generating subprojects/gstreamer/po/ro/LC_MESSAGES/gstreamer-1.0-ro.mo with a custom command
#5 116.5 [262/2937] Generating subprojects/gstreamer/po/sl/LC_MESSAGES/gstreamer-1.0-sl.mo with a custom command
#5 116.5 [263/2937] Generating subprojects/gstreamer/po/ru/LC_MESSAGES/gstreamer-1.0-ru.mo with a custom command
#5 116.5 [264/2937] Generating subprojects/gstreamer/po/rw/LC_MESSAGES/gstreamer-1.0-rw.mo with a custom command
#5 116.6 [265/2937] Generating subprojects/gstreamer/po/sk/LC_MESSAGES/gstreamer-1.0-sk.mo with a custom command
#5 116.6 [266/2937] Generating subprojects/gstreamer/po/sq/LC_MESSAGES/gstreamer-1.0-sq.mo with a custom command
#5 116.6 [267/2937] Generating subprojects/gstreamer/po/sv/LC_MESSAGES/gstreamer-1.0-sv.mo with a custom command
#5 116.6 [268/2937] Generating subprojects/gstreamer/po/sr/LC_MESSAGES/gstreamer-1.0-sr.mo with a custom command
#5 116.6 [269/2937] Generating subprojects/gstreamer/po/tr/LC_MESSAGES/gstreamer-1.0-tr.mo with a custom command
#5 116.6 [270/2937] Generating subprojects/gstreamer/po/zh_CN/LC_MESSAGES/gstreamer-1.0-zh_CN.mo with a custom command
#5 116.6 [271/2937] Generating subprojects/gstreamer/po/zh_TW/LC_MESSAGES/gstreamer-1.0-zh_TW.mo with a custom command
#5 116.7 [272/2937] Generating subprojects/gstreamer/po/uk/LC_MESSAGES/gstreamer-1.0-uk.mo with a custom command
#5 116.7 [273/2937] Generating subprojects/gstreamer/po/vi/LC_MESSAGES/gstreamer-1.0-vi.mo with a custom command
#5 117.0 [274/2937] Compiling C object subprojects/gstreamer/docs/gst-hotdoc-plugins-scanner.p/gst-hotdoc-plugins-scanner.c.o
#5 117.2 [275/2937] Compiling C object subprojects/gst-plugins-base/gst-libs/gst/tag/mklangtables.p/mklangtables.c.o
#5 117.5 [276/2937] Generating subprojects/gst-plugins-base/gst-libs/gst/tag/tag-enumtypes.h with a custom command (wrapped by meson because command contains newlines, to capture output)
#5 117.5 [277/2937] Generating subprojects/gst-plugins-base/gst-libs/gst/tag/tag-enumtypes.c with a custom command (wrapped by meson because command contains newlines, to capture output)
#5 118.0 [278/2937] Compiling C object subprojects/gst-plugins-base/gst-libs/gst/fft/libgstfft-1.0.so.0.2200.0.p/gstfft.c.o
#5 118.2 [279/2937] Compiling C object subprojects/gstreamer/tests/misc/netclock-replay.p/netclock-replay.c.o
#5 118.3 [280/2937] Compiling C object subprojects/gst-plugins-base/gst-libs/gst/tag/libgsttag-1.0.so.0.2200.0.p/meson-generated_.._tag-enumtypes.c.o
#5 118.4 [281/2937] Compiling C object subprojects/gst-plugins-base/gst-libs/gst/fft/libgstfft-1.0.so.0.2200.0.p/gstffts16.c.o
#5 118.6 [282/2937] Compiling C object subprojects/gst-plugins-base/gst-libs/gst/tag/libgsttag-1.0.so.0.2200.0.p/gstvorbistag.c.o
#5 119.1 [283/2937] Compiling C object subprojects/gst-plugins-base/gst-libs/gst/tag/libgsttag-1.0.so.0.2200.0.p/gstid3tag.c.o
#5 119.2 [284/2937] Compiling C object subprojects/gst-plugins-base/gst-libs/gst/fft/libgstfft-1.0.so.0.2200.0.p/gstffts32.c.o
#5 119.8 [285/2937] Compiling C object subprojects/gst-plugins-base/gst-libs/gst/tag/libgsttag-1.0.so.0.2200.0.p/licenses.c.o
#5 119.8 [286/2937] Compiling C object subprojects/gst-plugins-base/gst-libs/gst/tag/libgsttag-1.0.so.0.2200.0.p/gstxmptag.c.o
#5 119.9 [287/2937] Compiling C object subprojects/gst-plugins-base/gst-libs/gst/tag/libgsttag-1.0.so.0.2200.0.p/lang.c.o
#5 120.2 [288/2937] Compiling C object subprojects/gst-plugins-base/gst-libs/gst/tag/libgsttag-1.0.so.0.2200.0.p/tags.c.o
#5 120.5 [289/2937] Compiling C object subprojects/gst-plugins-base/gst-libs/gst/tag/libgsttag-1.0.so.0.2200.0.p/gstexiftag.c.o
#5 120.8 [290/2937] Compiling C object subprojects/gst-plugins-base/gst-libs/gst/tag/libgsttag-1.0.so.0.2200.0.p/gsttagmux.c.o
#5 121.0 [291/2937] Compiling C object subprojects/gst-plugins-base/gst-libs/gst/tag/libgsttag-1.0.so.0.2200.0.p/gsttageditingprivate.c.o
#5 121.0 [292/2937] Compiling C object subprojects/gst-plugins-base/gst-libs/gst/tag/libgsttag-1.0.so.0.2200.0.p/gsttagdemux.c.o
#5 121.5 [293/2937] Compiling C object subprojects/gst-plugins-base/gst-libs/gst/tag/libgsttag-1.0.so.0.2200.0.p/xmpwriter.c.o
#5 121.5 [294/2937] Compiling C object subprojects/gst-plugins-base/gst-libs/gst/tag/libgsttag-1.0.so.0.2200.0.p/id3v2.c.o
#5 121.6 [295/2937] Compiling C object subprojects/gst-plugins-base/gst-libs/gst/tag/mklicensestables.p/mklicensestables.c.o
#5 121.7 [296/2937] Compiling C object subprojects/gst-plugins-base/gst-libs/gst/tag/libgsttag-1.0.so.0.2200.0.p/id3v2frames.c.o
#5 122.2 [297/2937] Compiling C object subprojects/gst-plugins-base/gst-libs/gst/fft/libgstfft-1.0.so.0.2200.0.p/kiss_fft_s16.c.o
#5 122.3 [298/2937] Compiling C object subprojects/gst-plugins-base/gst-libs/gst/fft/libgstfft-1.0.so.0.2200.0.p/kiss_fft_f32.c.o
#5 122.4 [299/2937] Compiling C object subprojects/gst-plugins-base/gst-libs/gst/fft/libgstfft-1.0.so.0.2200.0.p/gstfftf32.c.o
#5 122.4 [300/2937] Compiling C object subprojects/gst-plugins-base/gst-libs/gst/fft/libgstfft-1.0.so.0.2200.0.p/gstfftf64.c.o
#5 122.4 [301/2937] Compiling C object subprojects/gst-plugins-base/gst-libs/gst/fft/libgstfft-1.0.so.0.2200.0.p/kiss_fft_s32.c.o
#5 122.4 [302/2937] Compiling C object subprojects/gst-plugins-base/gst-libs/gst/fft/libgstfft-1.0.so.0.2200.0.p/kiss_fft_f64.c.o
#5 122.7 [303/2937] Compiling C object subprojects/gst-plugins-base/gst-libs/gst/fft/libgstfft-1.0.so.0.2200.0.p/kiss_fftr_s32.c.o
#5 123.0 [304/2937] Compiling C object subprojects/gst-plugins-base/gst-libs/gst/fft/libgstfft-1.0.so.0.2200.0.p/kiss_fftr_f32.c.o
#5 123.1 [305/2937] Compiling C object subprojects/gst-plugins-base/gst-libs/gst/fft/libgstfft-1.0.so.0.2200.0.p/kiss_fftr_f64.c.o
#5 123.2 [306/2937] Compiling C object subprojects/gst-plugins-base/gst-libs/gst/fft/libgstfft-1.0.so.0.2200.0.p/kiss_fftr_s16.c.o
#5 124.1 [307/2937] Generating subprojects/gst-plugins-base/gst-libs/gst/rtp/gstrtp-enumtypes.h with a custom command (wrapped by meson because command contains newlines, to capture output)
#5 124.1 [308/2937] Generating subprojects/gst-plugins-base/gst-libs/gst/rtp/gstrtp-enumtypes.c with a custom command (wrapped by meson because command contains newlines, to capture output)
#5 124.2 [309/2937] Generating subprojects/gst-plugins-base/gst-libs/gst/audio/audio-enumtypes.h with a custom command (wrapped by meson because command contains newlines, to capture output)
#5 124.2 [310/2937] Generating subprojects/gst-plugins-base/gst-libs/gst/audio/audio-enumtypes.c with a custom command (wrapped by meson because command contains newlines, to capture output)
#5 124.5 [311/2937] Generating subprojects/gst-plugins-base/gst-libs/gst/video/video-enumtypes.h with a custom command (wrapped by meson because command contains newlines, to capture output)
#5 124.5 [312/2937] Generating subprojects/gst-plugins-base/gst-libs/gst/video/video-enumtypes.c with a custom command (wrapped by meson because command contains newlines, to capture output)
#5 125.2 [313/2937] Generating subprojects/gst-plugins-base/gst-libs/gst/pbutils/pbutils-enumtypes.c with a custom command (wrapped by meson because command contains newlines, to capture output)
#5 125.2 [314/2937] Generating subprojects/gst-plugins-base/gst-libs/gst/pbutils/pbutils-enumtypes.h with a custom command (wrapped by meson because command contains newlines, to capture output)
#5 125.5 [315/2937] Compiling C object subprojects/gst-plugins-base/gst-libs/gst/rtp/libgstrtp-1.0.so.0.2200.0.p/meson-generated_.._gstrtp-enumtypes.c.o
#5 125.7 [316/2937] Compiling C object subprojects/gst-plugins-base/gst-libs/gst/rtp/libgstrtp-1.0.so.0.2200.0.p/gstrtppayloads.c.o
#5 125.9 [317/2937] Compiling C object subprojects/gst-plugins-base/gst-libs/gst/rtp/libgstrtp-1.0.so.0.2200.0.p/gstrtcpbuffer.c.o
#5 125.9 [318/2937] Compiling C object subprojects/gst-plugins-base/gst-libs/gst/rtp/libgstrtp-1.0.so.0.2200.0.p/gstrtpmeta.c.o
#5 125.9 [319/2937] Compiling C object subprojects/gst-plugins-base/gst-libs/gst/rtp/libgstrtp-1.0.so.0.2200.0.p/gstrtpbuffer.c.o
#5 126.4 [320/2937] Compiling C object subprojects/gst-plugins-base/gst-libs/gst/rtp/libgstrtp-1.0.so.0.2200.0.p/gstrtphdrext.c.o
#5 126.9 [321/2937] Compiling C object subprojects/gst-plugins-base/gst-libs/gst/rtp/libgstrtp-1.0.so.0.2200.0.p/gstrtpbasedepayload.c.o
#5 127.1 [322/2937] Compiling C object subprojects/gst-plugins-base/gst-libs/gst/rtp/libgstrtp-1.0.so.0.2200.0.p/gstrtpbasepayload.c.o
#5 127.3 [323/2937] Compiling C object subprojects/gst-plugins-base/gst-libs/gst/rtp/libgstrtp-1.0.so.0.2200.0.p/gstrtpbaseaudiopayload.c.o
#5 127.5 [324/2937] Compiling C object subprojects/gst-plugins-base/gst-libs/gst/pbutils/libgstpbutils-1.0.so.0.2200.0.p/gstpluginsbaseversion.c.o
#5 127.8 [325/2937] Compiling C object subprojects/gst-plugins-base/gst-libs/gst/pbutils/libgstpbutils-1.0.so.0.2200.0.p/meson-generated_.._pbutils-enumtypes.c.o
#5 127.9 [326/2937] Compiling C object subprojects/gst-plugins-base/gst-libs/gst/pbutils/libgstpbutils-1.0.so.0.2200.0.p/pbutils.c.o
#5 128.2 [327/2937] Compiling C object subprojects/gst-plugins-base/gst-libs/gst/pbutils/libgstpbutils-1.0.so.0.2200.0.p/descriptions.c.o
#5 128.4 [328/2937] Compiling C object subprojects/gst-plugins-base/gst-libs/gst/pbutils/libgstpbutils-1.0.so.0.2200.0.p/install-plugins.c.o
#5 128.7 [329/2937] Compiling C object subprojects/gst-plugins-base/gst-libs/gst/pbutils/libgstpbutils-1.0.so.0.2200.0.p/encoding-profile.c.o
#5 129.0 [330/2937] Compiling C object subprojects/gst-plugins-base/gst-libs/gst/pbutils/libgstpbutils-1.0.so.0.2200.0.p/codec-utils.c.o
#5 129.2 [331/2937] Compiling C object subprojects/gst-plugins-base/gst-libs/gst/pbutils/libgstpbutils-1.0.so.0.2200.0.p/missing-plugins.c.o
#5 129.2 [332/2937] Compiling C object subprojects/gst-plugins-base/gst-libs/gst/pbutils/libgstpbutils-1.0.so.0.2200.0.p/gstaudiovisualizer.c.o
#5 129.4 [333/2937] Compiling C object subprojects/gst-plugins-base/gst-libs/gst/pbutils/libgstpbutils-1.0.so.0.2200.0.p/encoding-target.c.o
#5 130.0 [334/2937] Compiling C object subprojects/gst-plugins-base/gst-libs/gst/pbutils/libgstpbutils-1.0.so.0.2200.0.p/gstdiscoverer.c.o
#5 130.3 [335/2937] Generating subprojects/gst-plugins-base/gst-libs/gst/rtsp/gstrtsp-enumtypes.h with a custom command (wrapped by meson because command contains newlines, to capture output)
#5 130.4 [336/2937] Generating subprojects/gst-plugins-base/gst-libs/gst/rtsp/gstrtsp-enumtypes.c with a custom command (wrapped by meson because command contains newlines, to capture output)
#5 130.6 [337/2937] Compiling C object subprojects/gst-plugins-base/gst-libs/gst/pbutils/libgstpbutils-1.0.so.0.2200.0.p/gstdiscoverer-types.c.o
#5 130.8 [338/2937] Compiling C object subprojects/gst-plugins-base/gst-libs/gst/riff/libgstriff-1.0.so.0.2200.0.p/riff.c.o
#5 131.2 [339/2937] Compiling C object subprojects/gst-plugins-base/gst-libs/gst/rtsp/libgstrtsp-1.0.so.0.2200.0.p/gstrtsptransport.c.o
#5 131.4 [340/2937] Compiling C object subprojects/gst-plugins-base/gst-libs/gst/sdp/libgstsdp-1.0.so.0.2200.0.p/gstmikey.c.o
#5 131.6 [341/2937] Compiling C object subprojects/gst-plugins-base/gst-libs/gst/rtsp/libgstrtsp-1.0.so.0.2200.0.p/meson-generated_.._gstrtsp-enumtypes.c.o
#5 132.1 [342/2937] Compiling C object subprojects/gst-plugins-base/gst-libs/gst/rtsp/libgstrtsp-1.0.so.0.2200.0.p/gstrtspurl.c.o
#5 132.1 [343/2937] Compiling C object subprojects/gst-plugins-base/gst-libs/gst/rtsp/libgstrtsp-1.0.so.0.2200.0.p/gstrtspmessage.c.o
#5 132.2 [344/2937] Compiling C object subprojects/gst-plugins-base/gst-libs/gst/rtsp/libgstrtsp-1.0.so.0.2200.0.p/gstrtspdefs.c.o
#5 132.5 [345/2937] Compiling C object subprojects/gst-plugins-base/gst-libs/gst/sdp/libgstsdp-1.0.so.0.2200.0.p/gstsdpmessage.c.o
#5 132.5 [346/2937] Compiling C object subprojects/gst-plugins-base/gst-libs/gst/rtsp/libgstrtsp-1.0.so.0.2200.0.p/gstrtspextension.c.o
#5 133.1 [347/2937] Compiling C object subprojects/gst-plugins-base/gst-libs/gst/riff/libgstriff-1.0.so.0.2200.0.p/riff-read.c.o
#5 133.2 [348/2937] Compiling C object subprojects/gst-plugins-base/gst-libs/gst/rtsp/libgstrtsp-1.0.so.0.2200.0.p/gstrtsprange.c.o
#5 133.4 [349/2937] Generating subprojects/gst-plugins-base/gst-libs/gst/app/app-enumtypes.c with a custom command (wrapped by meson because command contains newlines, to capture output)
#5 133.6 [350/2937] Compiling C object subprojects/gst-plugins-base/gst-libs/gst/riff/libgstriff-1.0.so.0.2200.0.p/riff-media.c.o
#5 133.6 [351/2937] Generating subprojects/gst-plugins-base/gst-libs/gst/gl/xdg-shell-client-header with a custom command
#5 133.7 [352/2937] Generating subprojects/gst-plugins-base/gst-libs/gst/app/app-enumtypes.h with a custom command (wrapped by meson because command contains newlines, to capture output)
#5 133.7 [353/2937] Generating subprojects/gst-plugins-base/gst-libs/gst/gl/xdg-shell-client-code with a custom command
#5 134.0 [354/2937] Compiling C object subprojects/gst-plugins-base/gst-libs/gst/allocators/libgstallocators-1.0.so.0.2200.0.p/gstphysmemory.c.o
#5 134.1 [355/2937] Compiling C object subprojects/gst-plugins-base/gst-libs/gst/rtsp/libgstrtsp-1.0.so.0.2200.0.p/gstrtspconnection.c.o
#5 134.1 [356/2937] Compiling C object subprojects/gst-plugins-base/gst-libs/gst/allocators/libgstallocators-1.0.so.0.2200.0.p/gstdmabuf.c.o
#5 134.3 [357/2937] Compiling C object subprojects/gst-plugins-base/gst-libs/gst/allocators/libgstallocators-1.0.so.0.2200.0.p/gstfdmemory.c.o
#5 134.7 [358/2937] Compiling C object subprojects/gst-plugins-base/gst-libs/gst/app/libgstapp-1.0.so.0.2200.0.p/meson-generated_.._app-enumtypes.c.o
#5 135.3 [359/2937] Generating subprojects/gst-plugins-base/gst-libs/gst/gl/gstglenumtypes_h with a custom command
#5 135.3 [360/2937] Compiling C object subprojects/gst-plugins-base/gst/app/libgstapp.so.p/gstappsrc.c.o
#5 135.3 [361/2937] Compiling C object subprojects/gst-plugins-base/gst/app/libgstapp.so.p/gstapp.c.o
#5 135.4 [362/2937] Compiling C object subprojects/gst-plugins-base/gst-libs/gst/app/libgstapp-1.0.so.0.2200.0.p/gstappsrc.c.o
#5 135.5 [363/2937] Compiling C object subprojects/gst-plugins-base/gst-libs/gst/app/libgstapp-1.0.so.0.2200.0.p/gstappsink.c.o
#5 135.6 [364/2937] Compiling C object subprojects/gst-plugins-base/gst-libs/gst/gl/libgstgl-1.0.so.0.2200.0.p/meson-generated_.._xdg-shell-client-protocol.c.o
#5 135.7 [365/2937] Compiling C object subprojects/gst-plugins-base/gst/app/libgstapp.so.p/gstappsink.c.o
#5 136.2 [366/2937] Compiling C object subprojects/gst-plugins-base/gst-libs/gst/gl/libgstgl-1.0.so.0.2200.0.p/gstglapi.c.o
#5 136.4 [367/2937] Generating subprojects/gst-plugins-base/gst-libs/gst/gl/gstglenumtypes_c with a custom command
#5 136.5 [368/2937] Compiling C object subprojects/gst-plugins-base/gst-libs/gst/gl/libgstgl-1.0.so.0.2200.0.p/gstglbasefilter.c.o
#5 136.6 [369/2937] Compiling C object subprojects/gst-plugins-base/gst-libs/gst/gl/libgstgl-1.0.so.0.2200.0.p/gstglbasememory.c.o
#5 137.2 [370/2937] Compiling C object subprojects/gst-plugins-base/gst-libs/gst/gl/libgstgl-1.0.so.0.2200.0.p/meson-generated_.._gl-enumtypes.c.o
#5 137.5 [371/2937] Compiling C object subprojects/gst-plugins-base/gst-libs/gst/gl/libgstgl-1.0.so.0.2200.0.p/gstglbuffer.c.o
#5 137.5 [372/2937] Compiling C object subprojects/gst-plugins-base/gst-libs/gst/gl/libgstgl-1.0.so.0.2200.0.p/gstglbufferpool.c.o
#5 137.5 [373/2937] Compiling C object subprojects/gst-plugins-base/gst-libs/gst/gl/libgstgl-1.0.so.0.2200.0.p/gstglbasesrc.c.o
#5 137.6 [374/2937] Compiling C object subprojects/gst-plugins-base/gst-libs/gst/gl/libgstgl-1.0.so.0.2200.0.p/gstglcolorconvert.c.o
#5 138.3 [375/2937] Compiling C object subprojects/gst-plugins-base/gst-libs/gst/gl/libgstgl-1.0.so.0.2200.0.p/gstglcontextconfig.c.o
#5 138.8 [376/2937] Compiling C object subprojects/gst-plugins-base/gst-libs/gst/gl/libgstgl-1.0.so.0.2200.0.p/gstgldebug.c.o
#5 138.9 [377/2937] Compiling C object subprojects/gst-plugins-base/gst-libs/gst/gl/libgstgl-1.0.so.0.2200.0.p/gstglcontext.c.o
#5 139.1 [378/2937] Compiling C object subprojects/gst-plugins-base/gst-libs/gst/gl/libgstgl-1.0.so.0.2200.0.p/gstglcontextquirks.c.o
#5 139.2 [379/2937] Compiling C object subprojects/gst-plugins-base/gst-libs/gst/gl/libgstgl-1.0.so.0.2200.0.p/gstgldisplay.c.o
#5 139.2 [380/2937] Compiling C object subprojects/gst-plugins-base/gst-libs/gst/gl/libgstgl-1.0.so.0.2200.0.p/gstglfeature.c.o
#5 140.0 [381/2937] Compiling C object subprojects/gst-plugins-base/gst-libs/gst/gl/libgstgl-1.0.so.0.2200.0.p/gstglfilter.c.o
#5 140.0 [382/2937] Compiling C object subprojects/gst-plugins-base/gst-libs/gst/gl/libgstgl-1.0.so.0.2200.0.p/gstglformat.c.o
#5 140.4 [383/2937] Compiling C object subprojects/gst-plugins-base/gst-libs/gst/gl/libgstgl-1.0.so.0.2200.0.p/gstglframebuffer.c.o
#5 140.7 [384/2937] Compiling C object subprojects/gst-plugins-base/gst-libs/gst/gl/libgstgl-1.0.so.0.2200.0.p/gstglmemory.c.o
#5 140.7 [385/2937] Compiling C object subprojects/gst-plugins-base/gst-libs/gst/gl/libgstgl-1.0.so.0.2200.0.p/gstglmemorypbo.c.o
#5 140.7 [386/2937] Compiling C object subprojects/gst-plugins-base/gst-libs/gst/gl/libgstgl-1.0.so.0.2200.0.p/gstgloverlaycompositor.c.o
#5 141.1 [387/2937] Compiling C object subprojects/gst-plugins-base/gst-libs/gst/gl/libgstgl-1.0.so.0.2200.0.p/gstglquery.c.o
#5 141.7 [388/2937] Compiling C object subprojects/gst-plugins-base/gst-libs/gst/gl/libgstgl-1.0.so.0.2200.0.p/gstglshader.c.o
#5 141.9 [389/2937] Compiling C object subprojects/gst-plugins-base/gst-libs/gst/gl/libgstgl-1.0.so.0.2200.0.p/gstglrenderbuffer.c.o
#5 141.9 [390/2937] Compiling C object subprojects/gst-plugins-base/gst-libs/gst/gl/libgstgl-1.0.so.0.2200.0.p/gstglshaderstrings.c.o
#5 142.0 [391/2937] Compiling C object subprojects/gst-plugins-base/gst-libs/gst/gl/libgstgl-1.0.so.0.2200.0.p/gstglslstage.c.o
#5 142.3 [392/2937] Compiling C object subprojects/gst-plugins-base/gst-libs/gst/gl/libgstgl-1.0.so.0.2200.0.p/gstglsyncmeta.c.o
#5 142.6 [393/2937] Compiling C object subprojects/gst-plugins-base/gst-libs/gst/gl/libgstgl-1.0.so.0.2200.0.p/gstglsl.c.o
#5 143.0 [394/2937] Compiling C object subprojects/gst-plugins-base/gst-libs/gst/gl/libgstgl-1.0.so.0.2200.0.p/gstglupload.c.o
#5 143.2 [395/2937] Compiling C object subprojects/gst-plugins-base/gst-libs/gst/gl/libgstgl-1.0.so.0.2200.0.p/gstglviewconvert.c.o
#5 143.3 [396/2937] Compiling C object subprojects/gst-plugins-base/gst-libs/gst/gl/libgstgl-1.0.so.0.2200.0.p/egl_gstegl.c.o
#5 143.6 [397/2937] Compiling C object subprojects/gst-plugins-base/gst-libs/gst/gl/libgstgl-1.0.so.0.2200.0.p/gstglwindow.c.o
#5 143.7 [398/2937] Compiling C object subprojects/gst-plugins-base/gst-libs/gst/gl/libgstgl-1.0.so.0.2200.0.p/gstglutils.c.o
#5 143.7 [399/2937] Compiling C object subprojects/gst-plugins-base/gst-libs/gst/gl/libgstgl-1.0.so.0.2200.0.p/egl_gsteglimage.c.o
#5 144.1 [400/2937] Compiling C object subprojects/gst-plugins-base/gst-libs/gst/gl/libgstgl-1.0.so.0.2200.0.p/egl_gstgldisplay_egl.c.o
#5 144.4 [401/2937] Compiling C object subprojects/gst-plugins-base/gst-libs/gst/gl/libgstgl-1.0.so.0.2200.0.p/wayland_gstgldisplay_wayland.c.o
#5 144.6 [402/2937] Compiling C object subprojects/gst-plugins-base/gst-libs/gst/gl/libgstgl-1.0.so.0.2200.0.p/egl_gstgldisplay_egl_device.c.o
#5 144.7 [403/2937] Compiling C object subprojects/gst-plugins-base/gst-libs/gst/gl/libgstgl-1.0.so.0.2200.0.p/egl_gstglmemoryegl.c.o
#5 144.8 [404/2937] Compiling C object subprojects/gst-plugins-base/gst-libs/gst/gl/libgstgl-1.0.so.0.2200.0.p/egl_gstglcontext_egl.c.o
#5 144.9 [405/2937] Compiling C object subprojects/gst-plugins-base/gst-libs/gst/gl/libgstgl-1.0.so.0.2200.0.p/wayland_wayland_event_source.c.o
#5 145.6 [406/2937] Compiling C object subprojects/gst-plugins-base/gst-libs/gst/gl/libgstgl-1.0.so.0.2200.0.p/gbm_gstgldisplay_gbm.c.o
#5 145.7 [407/2937] Compiling C object subprojects/gst-plugins-base/gst-libs/gst/gl/libgstgl-1.0.so.0.2200.0.p/wayland_gstglwindow_wayland_egl.c.o
#5 145.9 [408/2937] Compiling C object subprojects/gst-plugins-base/gst/audioconvert/libgstaudioconvert.so.p/gstaudioconvert.c.o
#5 146.0 [409/2937] Compiling C object subprojects/gst-plugins-base/gst-libs/gst/gl/libgstgl-1.0.so.0.2200.0.p/gbm_gstglwindow_gbm_egl.c.o
#5 146.1 [410/2937] Compiling C object subprojects/gst-plugins-base/gst/audioconvert/libgstaudioconvert.so.p/plugin.c.o
#5 146.3 [411/2937] Compiling C object subprojects/gst-plugins-base/gst-libs/gst/gl/libgstgl-1.0.so.0.2200.0.p/gbm_gstgl_gbm_utils.c.o
#5 146.6 [412/2937] Compiling C object subprojects/gst-plugins-base/gst/audiorate/libgstaudiorate.so.p/gstaudiorate.c.o
#5 146.8 [413/2937] Compiling C object subprojects/gst-plugins-base/gst/audioresample/libgstaudioresample.so.p/gstaudioresample.c.o
#5 147.2 [414/2937] Compiling C object subprojects/gst-plugins-base/gst/audiotestsrc/libgstaudiotestsrc.so.p/gstaudiotestsrc.c.o
#5 147.4 [415/2937] Compiling C object subprojects/gst-plugins-base/gst/encoding/libgstencoding.so.p/gstencodebin2.c.o
#5 147.4 [416/2937] Compiling C object subprojects/gst-plugins-base/gst/encoding/libgstencoding.so.p/gstencodebin.c.o
#5 147.7 [417/2937] Compiling C object subprojects/gst-plugins-base/gst/encoding/libgstencoding.so.p/gstsmartencoder.c.o
#5 148.0 [418/2937] Compiling C object subprojects/gst-plugins-base/gst/encoding/libgstencoding.so.p/gststreamcombiner.c.o
#5 148.1 [419/2937] Compiling C object subprojects/gst-plugins-base/gst/encoding/libgstencoding.so.p/plugin.c.o
#5 148.4 [420/2937] Compiling C object subprojects/gst-plugins-base/gst/encoding/libgstencoding.so.p/gstencodingelements.c.o
#5 148.7 [421/2937] Compiling C object subprojects/gst-plugins-base/gst/encoding/libgstencoding.so.p/gststreamsplitter.c.o
#5 148.9 [422/2937] Compiling C object subprojects/gst-plugins-base/gst/encoding/libgstencoding.so.p/gstencodebasebin.c.o
#5 149.3 [423/2937] Compiling C object subprojects/gst-plugins-base/gst/gio/libgstgio.so.p/gstgioelement.c.o
#5 149.7 [424/2937] Compiling C object subprojects/gst-plugins-base/gst/gio/libgstgio.so.p/gstgio.c.o
#5 149.7 [425/2937] Compiling C object subprojects/gst-plugins-base/gst/gio/libgstgio.so.p/gstgiobasesrc.c.o
#5 150.0 [426/2937] Compiling C object subprojects/gst-plugins-base/gst/gio/libgstgio.so.p/gstgiosrc.c.o
#5 150.2 [427/2937] Compiling C object subprojects/gst-plugins-base/gst/gio/libgstgio.so.p/gstgiosink.c.o
#5 150.3 [428/2937] Compiling C object subprojects/gst-plugins-base/gst/gio/libgstgio.so.p/gstgiobasesink.c.o
#5 150.6 [429/2937] Compiling C object subprojects/gst-plugins-base/gst/gio/libgstgio.so.p/gstgiostreamsrc.c.o
#5 150.7 [430/2937] Compiling C object subprojects/gst-plugins-base/gst/pbtypes/libgstpbtypes.so.p/gstpbtypes.c.o
#5 150.8 [431/2937] Compiling C object subprojects/gst-plugins-base/gst/gio/libgstgio.so.p/gstgiostreamsink.c.o
#5 151.0 [432/2937] Compiling C object subprojects/gst-plugins-base/gst/overlaycomposition/libgstoverlaycomposition.so.p/gstoverlaycomposition.c.o
#5 151.9 [433/2937] Compiling C object subprojects/gst-plugins-base/gst/playback/libgstplayback.so.p/gsturidecodebin.c.o
#5 152.0 [434/2937] Compiling C object subprojects/gst-plugins-base/gst/playback/libgstplayback.so.p/gsturisourcebin.c.o
#5 152.1 [435/2937] Compiling C object subprojects/gst-plugins-base/gst/playback/libgstplayback.so.p/gsturidecodebin3.c.o
#5 152.8 [436/2937] Compiling C object subprojects/gst-plugins-base/gst/playback/libgstplayback.so.p/gstdecodebin2.c.o
#5 153.2 [437/2937] Compiling C object subprojects/gst-plugins-base/gst/playback/libgstplayback.so.p/gstdecodebin3.c.o
#5 153.2 [438/2937] Compiling C object subprojects/gst-plugins-base/gst/playback/libgstplayback.so.p/gstplaybackelement.c.o
#5 153.2 [439/2937] Compiling C object subprojects/gst-plugins-base/gst/playback/libgstplayback.so.p/gstplaybackplugin.c.o
#5 153.3 [440/2937] Compiling C object subprojects/gst-plugins-base/gst/playback/libgstplayback.so.p/gstplaybackutils.c.o
#5 153.5 [441/2937] Compiling C object subprojects/gst-plugins-base/gst/playback/libgstplayback.so.p/gstparsebin.c.o
#5 153.7 [442/2937] Compiling C object subprojects/gst-plugins-base/gst/playback/libgstplayback.so.p/gstplay-enum.c.o
#5 154.6 [443/2937] Compiling C object subprojects/gst-plugins-base/gst/playback/libgstplayback.so.p/gstplaybin3.c.o
#5 154.6 [444/2937] Compiling C object subprojects/gst-plugins-base/gst/playback/libgstplayback.so.p/gstplaysinkvideoconvert.c.o
#5 154.8 [445/2937] Compiling C object subprojects/gst-plugins-base/gst/playback/libgstplayback.so.p/gstsubtitleoverlay.c.o
#5 155.2 [446/2937] Compiling C object subprojects/gst-plugins-base/gst/playback/libgstplayback.so.p/gstplaysinkaudioconvert.c.o
#5 155.4 [447/2937] Compiling C object subprojects/gst-plugins-base/gst/playback/libgstplayback.so.p/gstplaybin2.c.o
#5 155.9 [448/2937] Compiling C object subprojects/gst-plugins-base/gst/playback/libgstplayback.so.p/gstplaysinkconvertbin.c.o
#5 156.0 [449/2937] Compiling C object subprojects/gst-plugins-base/gst/playback/libgstplayback.so.p/gststreamsynchronizer.c.o
#5 156.1 [450/2937] Compiling C object subprojects/gst-plugins-base/gst/rawparse/libgstrawparse.so.p/gstunalignedaudioparse.c.o
#5 156.1 [451/2937] Compiling C object subprojects/gst-plugins-base/gst/playback/libgstplayback.so.p/gstplaysink.c.o
#5 156.3 [452/2937] Compiling C object subprojects/gst-plugins-base/gst/rawparse/libgstrawparse.so.p/gstunalignedvideoparse.c.o
#5 156.5 [453/2937] Compiling C object subprojects/gst-plugins-base/gst/rawparse/libgstrawparse.so.p/gstrawbaseparse.c.o
#5 156.6 [454/2937] Compiling C object subprojects/gst-plugins-base/gst/rawparse/libgstrawparse.so.p/plugin.c.o
#5 156.9 [455/2937] Compiling C object subprojects/gst-plugins-base/gst/rawparse/libgstrawparse.so.p/gstrawaudioparse.c.o
#5 157.0 [456/2937] Compiling C object subprojects/gst-plugins-base/gst/subparse/libgstsubparse.so.p/gstssaparse.c.o
#5 157.4 [457/2937] Compiling C object subprojects/gst-plugins-base/gst/subparse/libgstsubparse.so.p/gstsubparseelement.c.o
#5 157.4 [458/2937] Compiling C object subprojects/gst-plugins-base/gst/subparse/libgstsubparse.so.p/gstsubparseplugin.c.o
#5 157.6 [459/2937] Compiling C object subprojects/gst-plugins-base/gst/rawparse/libgstrawparse.so.p/gstrawvideoparse.c.o
#5 157.8 [460/2937] Compiling C object subprojects/gst-plugins-base/gst/subparse/libgstsubparse.so.p/samiparse.c.o
#5 157.9 [461/2937] Compiling C object subprojects/gst-plugins-base/gst/subparse/libgstsubparse.so.p/tmplayerparse.c.o
#5 158.0 [462/2937] Compiling C object subprojects/gst-plugins-base/gst/subparse/libgstsubparse.so.p/gstsubparse.c.o
#5 158.1 [463/2937] Compiling C object subprojects/gst-plugins-base/gst/subparse/libgstsubparse.so.p/mpl2parse.c.o
#5 158.4 [464/2937] Compiling C object subprojects/gst-plugins-base/gst/subparse/libgstsubparse.so.p/qttextparse.c.o
#5 159.3 [465/2937] Compiling C object subprojects/gst-plugins-base/gst/tcp/libgsttcp.so.p/gstmultihandlesink.c.o
#5 159.4 [466/2937] Compiling C object subprojects/gst-plugins-base/gst/tcp/libgsttcp.so.p/gstsocketsrc.c.o
#5 159.4 [467/2937] Compiling C object subprojects/gst-plugins-base/gst/tcp/libgsttcp.so.p/gsttcpclientsrc.c.o
#5 159.7 [468/2937] Compiling C object subprojects/gst-plugins-base/gst/tcp/libgsttcp.so.p/gstmultisocketsink.c.o
#5 160.1 [469/2937] Compiling C object subprojects/gst-plugins-base/gst/tcp/libgsttcp.so.p/gsttcpclientsink.c.o
#5 160.1 [470/2937] Compiling C object subprojects/gst-plugins-base/gst/tcp/libgsttcp.so.p/gsttcpelements.c.o
#5 160.6 [471/2937] Compiling C object subprojects/gst-plugins-base/gst/tcp/libgsttcp.so.p/gsttcpsrcstats.c.o
#5 160.8 [472/2937] Compiling C object subprojects/gst-plugins-base/gst/tcp/libgsttcp.so.p/gsttcpserversink.c.o
#5 160.9 [473/2937] Compiling C object subprojects/gst-plugins-base/gst/tcp/libgsttcp.so.p/gsttcpserversrc.c.o
#5 160.9 [474/2937] Compiling C object subprojects/gst-plugins-base/gst/tcp/libgsttcp.so.p/gsttcpplugin.c.o
#5 161.4 [475/2937] Compiling C object subprojects/gst-plugins-base/gst/typefind/libgsttypefindfunctions.so.p/gsttypefindfunctionsplugin.c.o
#5 161.6 [476/2937] Compiling C object subprojects/gst-plugins-base/gst/typefind/libgsttypefindfunctions.so.p/gsttypefindfunctionsdata.c.o
#5 161.7 [477/2937] Compiling C object subprojects/gst-plugins-base/gst/typefind/libgsttypefindfunctions.so.p/gsttypefindfunctionsriff.c.o
#5 162.0 [478/2937] Compiling C object subprojects/gst-plugins-base/gst/typefind/libgsttypefindfunctions.so.p/gsttypefindfunctionsstartwith.c.o
#5 162.2 [479/2937] Compiling C object subprojects/gst-plugins-base/gst/tcp/libgsttcp.so.p/gstmultifdsink.c.o
#5 162.8 [480/2937] Compiling C object subprojects/gst-plugins-base/gst/typefind/libgsttypefindfunctions.so.p/gsttypefindfunctions.c.o
#5 162.8 [481/2937] Compiling C object subprojects/gst-plugins-base/gst/videoconvertscale/libgstvideoconvertscale.so.p/gstvideoconvert.c.o
#5 162.9 [482/2937] Compiling C object subprojects/gst-plugins-base/gst/videoconvertscale/libgstvideoconvertscale.so.p/gstvideoconvertscale.c.o
#5 163.0 [483/2937] Compiling C object subprojects/gst-plugins-base/gst/videoconvertscale/libgstvideoconvertscale.so.p/gstvideoconvertscaleplugin.c.o
#5 163.4 [484/2937] Compiling C object subprojects/gst-plugins-base/gst/videoconvertscale/libgstvideoconvertscale.so.p/gstvideoscale.c.o
#5 163.8 [485/2937] Compiling C object subprojects/gst-plugins-base/ext/alsa/libgstalsa.so.p/gstalsaelement.c.o
#5 163.8 [486/2937] Compiling C object subprojects/gst-plugins-base/ext/alsa/libgstalsa.so.p/gstalsamidisrc.c.o
#5 164.2 [487/2937] Compiling C object subprojects/gst-plugins-base/ext/alsa/libgstalsa.so.p/gstalsadeviceprovider.c.o
#5 164.5 [488/2937] Compiling C object subprojects/gst-plugins-base/ext/alsa/libgstalsa.so.p/gstalsa.c.o
#5 164.5 [489/2937] Compiling C object subprojects/gst-plugins-base/ext/alsa/libgstalsa.so.p/gstalsaplugin.c.o
#5 164.7 [490/2937] Compiling C object subprojects/gst-plugins-base/gst/videorate/libgstvideorate.so.p/gstvideorate.c.o
#5 165.2 [491/2937] Compiling C object subprojects/gst-plugins-base/ext/alsa/libgstalsa.so.p/gstalsasrc.c.o
#5 165.5 [492/2937] Compiling C object subprojects/gst-plugins-base/ext/cdparanoia/libgstcdparanoia.so.p/gstcdparanoiasrc.c.o
#5 165.7 [493/2937] Compiling C object subprojects/gst-plugins-base/ext/alsa/libgstalsa.so.p/gstalsasink.c.o
#5 166.1 [494/2937] Compiling C object subprojects/gst-plugins-base/ext/gl/libgstopengl.so.p/gstopengl.c.o
#5 166.1 [495/2937] Compiling C object subprojects/gst-plugins-base/ext/gl/libgstopengl.so.p/gstglalpha.c.o
#5 166.2 [496/2937] Compiling C object subprojects/gst-plugins-base/ext/gl/libgstopengl.so.p/gstgluploadelement.c.o
#5 166.2 [497/2937] Compiling C object subprojects/gst-plugins-base/ext/gl/libgstopengl.so.p/gstglelement.c.o
#5 166.9 [498/2937] Compiling C object subprojects/gst-plugins-base/ext/gl/libgstopengl.so.p/gstglcolorconvertelement.c.o
#5 167.1 [499/2937] Compiling C object subprojects/gst-plugins-base/ext/gl/libgstopengl.so.p/gstgldownloadelement.c.o
#5 167.2 [500/2937] Compiling C object subprojects/gst-plugins-base/ext/gl/libgstopengl.so.p/gstglfilterbin.c.o
#5 167.3 [501/2937] Compiling C object subprojects/gst-plugins-base/ext/gl/libgstopengl.so.p/gstglsrcbin.c.o
#5 167.4 [502/2937] Compiling C object subprojects/gst-plugins-base/ext/gl/libgstopengl.so.p/gstglsinkbin.c.o
#5 167.5 [503/2937] Compiling C object subprojects/gst-plugins-base/ext/gl/libgstopengl.so.p/effects_gstgleffectscurves.c.o
#5 168.5 [504/2937] Compiling C object subprojects/gst-plugins-base/ext/gl/libgstopengl.so.p/gstgleffects.c.o
#5 168.6 [505/2937] Compiling C object subprojects/gst-plugins-base/ext/gl/libgstopengl.so.p/effects_gstgleffectidentity.c.o
#5 168.7 [506/2937] Compiling C object subprojects/gst-plugins-base/ext/gl/libgstopengl.so.p/gstglfiltercube.c.o
#5 168.9 [507/2937] Compiling C object subprojects/gst-plugins-base/ext/gl/libgstopengl.so.p/gstglimagesink.c.o
#5 169.0 [508/2937] Compiling C object subprojects/gst-plugins-base/ext/gl/libgstopengl.so.p/effects_gstgleffectmirror.c.o
#5 169.1 [509/2937] Compiling C object subprojects/gst-plugins-base/ext/gl/libgstopengl.so.p/effects_gstgleffectssources.c.o
#5 169.7 [510/2937] Compiling C object subprojects/gst-plugins-base/ext/gl/libgstopengl.so.p/effects_gstgleffectfisheye.c.o
#5 170.0 [511/2937] Compiling C object subprojects/gst-plugins-base/ext/gl/libgstopengl.so.p/effects_gstgleffectsqueeze.c.o
#5 170.0 [512/2937] Compiling C object subprojects/gst-plugins-base/ext/gl/libgstopengl.so.p/effects_gstgleffectstretch.c.o
#5 170.1 [513/2937] Compiling C object subprojects/gst-plugins-base/ext/gl/libgstopengl.so.p/effects_gstgleffecttunnel.c.o
#5 170.3 [514/2937] Compiling C object subprojects/gst-plugins-base/ext/gl/libgstopengl.so.p/effects_gstgleffectbulge.c.o
#5 170.3 [515/2937] Compiling C object subprojects/gst-plugins-base/ext/gl/libgstopengl.so.p/effects_gstgleffecttwirl.c.o
#5 170.9 [516/2937] Compiling C object subprojects/gst-plugins-base/ext/gl/libgstopengl.so.p/effects_gstgleffectrgbtocurve.c.o
#5 171.0 [517/2937] Compiling C object subprojects/gst-plugins-base/ext/gl/libgstopengl.so.p/effects_gstgleffectsin.c.o
#5 171.2 [518/2937] Compiling C object subprojects/gst-plugins-base/ext/gl/libgstopengl.so.p/effects_gstgleffectsquare.c.o
#5 171.4 [519/2937] Compiling C object subprojects/gst-plugins-base/ext/gl/libgstopengl.so.p/effects_gstgleffectglow.c.o
#5 171.5 [520/2937] Compiling C object subprojects/gst-plugins-base/ext/gl/libgstopengl.so.p/effects_gstgleffectxray.c.o
#5 171.6 [521/2937] Compiling C object subprojects/gst-plugins-base/ext/gl/libgstopengl.so.p/effects_gstgleffectlumatocurve.c.o
#5 172.0 [522/2937] Compiling C object subprojects/gst-plugins-base/ext/gl/libgstopengl.so.p/effects_gstgleffectblur.c.o
#5 172.3 [523/2937] Compiling C object subprojects/gst-plugins-base/ext/gl/libgstopengl.so.p/gstglbasemixer.c.o
#5 172.6 [524/2937] Compiling C object subprojects/gst-plugins-base/ext/gl/libgstopengl.so.p/effects_gstgleffectsobel.c.o
#5 172.7 [525/2937] Compiling C object subprojects/gst-plugins-base/ext/gl/libgstopengl.so.p/gstglcolorscale.c.o
#5 172.7 [526/2937] Compiling C object subprojects/gst-plugins-base/ext/gl/libgstopengl.so.p/effects_gstgleffectlaplacian.c.o
#5 173.0 [527/2937] Compiling C object subprojects/gst-plugins-base/ext/gl/libgstopengl.so.p/gstglcolorbalance.c.o
#5 173.7 [528/2937] Compiling C object subprojects/gst-plugins-base/ext/gl/libgstopengl.so.p/gstglmixerbin.c.o
#5 173.8 [529/2937] Compiling C object subprojects/gst-plugins-base/ext/gl/libgstopengl.so.p/gstglfilterapp.c.o
#5 174.0 [530/2937] Compiling C object subprojects/gst-plugins-base/ext/gl/libgstopengl.so.p/gstgldeinterlace.c.o
#5 174.0 [531/2937] Compiling C object subprojects/gst-plugins-base/ext/gl/libgstopengl.so.p/gstglmixer.c.o
#5 174.1 [532/2937] Linking target subprojects/orc/orc/liborc-0.4.so.0.33.0
#5 174.7 [533/2937] Compiling C object subprojects/gst-plugins-base/ext/gl/libgstopengl.so.p/gstglvideomixer.c.o
#5 174.8 [534/2937] Compiling C object subprojects/gst-plugins-base/ext/gl/libgstopengl.so.p/gstglstereosplit.c.o
#5 174.9 [535/2937] Generating symbol file subprojects/orc/orc/liborc-0.4.so.0.33.0.p/liborc-0.4.so.0.33.0.symbols
#5 175.0 [536/2937] Compiling C object subprojects/gst-plugins-base/ext/gl/libgstopengl.so.p/gstglstereomix.c.o
#5 175.5 [537/2937] Compiling C object subprojects/gst-plugins-base/ext/gl/libgstopengl.so.p/gstglviewconvert.c.o
#5 175.6 [538/2937] Compiling C object subprojects/gst-plugins-base/ext/gl/libgstopengl.so.p/gltestsrc.c.o
#5 175.9 [539/2937] Linking target subprojects/orc/orc/generate-emulation
#5 176.0 [540/2937] Compiling C object subprojects/gst-plugins-base/ext/gl/libgstopengl.so.p/gstgltestsrc.c.o
#5 176.0 [541/2937] Linking target subprojects/orc/orc/generate-bytecode
#5 176.3 [542/2937] Compiling C object subprojects/gst-plugins-base/ext/gl/libgstopengl.so.p/gstglfiltershader.c.o
#5 176.4 [543/2937] Compiling C object subprojects/gst-plugins-base/ext/gl/libgstopengl.so.p/gstgloverlaycompositorelement.c.o
#5 176.9 [544/2937] Compiling C object subprojects/gst-plugins-base/ext/gl/libgstopengl.so.p/gstglutils.c.o
#5 177.8 [545/2937] Compiling C object subprojects/gst-plugins-base/ext/gl/libgstopengl.so.p/gstglfilterglass.c.o
#5 177.9 [546/2937] Compiling C object subprojects/gst-plugins-base/ext/gl/libgstopengl.so.p/gstglmosaic.c.o
#5 178.0 [547/2937] Compiling C object subprojects/gst-plugins-base/ext/gl/libgstopengl.so.p/gstglvideoflip.c.o
#5 178.7 [548/2937] Compiling C object subprojects/gst-plugins-base/ext/gl/libgstopengl.so.p/gstgldifferencematte.c.o
#5 178.8 [549/2937] Linking target subprojects/orc/orc-test/liborc-test-0.4.so.0.33.0
#5 179.1 [550/2937] Compiling C object subprojects/gst-plugins-base/ext/ogg/libgstogg.so.p/dirac_parse.c.o
#5 179.1 [551/2937] Linking target subprojects/orc/tools/orcc
#5 179.2 [552/2937] Generating symbol file subprojects/orc/orc-test/liborc-test-0.4.so.0.33.0.p/liborc-test-0.4.so.0.33.0.symbols
#5 179.2 [553/2937] Generating subprojects/gst-plugins-base/gst-libs/gst/video/video-orc.h with a custom command
#5 179.2 [554/2937] Compiling C object subprojects/gst-plugins-base/ext/libvisual/libgstlibvisual.so.p/visual.c.o
#5 179.3 [555/2937] Compiling C object subprojects/gst-plugins-base/ext/libvisual/libgstlibvisual.so.p/plugin.c.o
#5 179.3 [556/2937] Generating subprojects/gst-plugins-base/gst-libs/gst/video/video-orc.c with a custom command
#5 179.5 [557/2937] Compiling C object subprojects/gst-plugins-base/ext/gl/libgstopengl.so.p/gstgltransformation.c.o
#5 179.7 [558/2937] Compiling C object subprojects/gst-plugins-base/ext/gl/libgstopengl.so.p/gstgloverlay.c.o
#5 180.0 [559/2937] Compiling C object subprojects/gst-plugins-base/gst-libs/gst/video/libgstvideo-1.0.so.0.2200.0.p/colorbalance.c.o
#5 180.1 [560/2937] Compiling C object subprojects/gst-plugins-base/ext/ogg/libgstogg.so.p/gstoggaviparse.c.o
#5 180.5 [561/2937] Linking target subprojects/orc/tools/orc-bugreport
#5 180.6 [562/2937] Compiling C object subprojects/gst-plugins-base/gst-libs/gst/video/libgstvideo-1.0.so.0.2200.0.p/convertframe.c.o
#5 180.7 [563/2937] Compiling C object subprojects/gst-plugins-base/gst-libs/gst/video/libgstvideo-1.0.so.0.2200.0.p/colorbalancechannel.c.o
#5 180.8 [564/2937] Compiling C object subprojects/gst-plugins-base/gst-libs/gst/video/libgstvideo-1.0.so.0.2200.0.p/meson-generated_.._video-enumtypes.c.o
#5 181.0 [565/2937] Compiling C object subprojects/gst-plugins-base/gst-libs/gst/video/libgstvideo-1.0.so.0.2200.0.p/gstvideoaffinetransformationmeta.c.o
#5 181.7 [566/2937] Compiling C object subprojects/gst-plugins-base/gst-libs/gst/video/libgstvideo-1.0.so.0.2200.0.p/meson-generated_.._video-orc.c.o
#5 181.7 [567/2937] Compiling C object subprojects/gst-plugins-base/gst-libs/gst/video/libgstvideo-1.0.so.0.2200.0.p/gstvideocodecalphameta.c.o
#5 182.2 [568/2937] Compiling C object subprojects/gst-plugins-base/gst-libs/gst/video/libgstvideo-1.0.so.0.2200.0.p/gstvideometa.c.o
#5 182.3 [569/2937] Compiling C object subprojects/gst-plugins-base/gst-libs/gst/video/libgstvideo-1.0.so.0.2200.0.p/gstvideoaggregator.c.o
#5 182.5 [570/2937] Compiling C object subprojects/gst-plugins-base/gst-libs/gst/video/libgstvideo-1.0.so.0.2200.0.p/gstvideofilter.c.o
#5 182.7 [571/2937] Compiling C object subprojects/gst-plugins-base/gst-libs/gst/video/libgstvideo-1.0.so.0.2200.0.p/gstvideodecoder.c.o
#5 182.9 [572/2937] Compiling C object subprojects/gst-plugins-base/gst-libs/gst/video/libgstvideo-1.0.so.0.2200.0.p/gstvideoencoder.c.o
#5 182.9 [573/2937] Compiling C object subprojects/gst-plugins-base/gst-libs/gst/video/libgstvideo-1.0.so.0.2200.0.p/gstvideotimecode.c.o
#5 183.0 [574/2937] Compiling C object subprojects/gst-plugins-base/gst-libs/gst/video/libgstvideo-1.0.so.0.2200.0.p/gstvideopool.c.o
#5 183.1 [575/2937] Compiling C object subprojects/gst-plugins-base/gst-libs/gst/video/libgstvideo-1.0.so.0.2200.0.p/gstvideoutils.c.o
#5 183.1 [576/2937] Compiling C object subprojects/gst-plugins-base/gst-libs/gst/video/libgstvideo-1.0.so.0.2200.0.p/gstvideosink.c.o
#5 183.6 [577/2937] Compiling C object subprojects/gst-plugins-base/gst-libs/gst/video/libgstvideo-1.0.so.0.2200.0.p/navigation.c.o
#5 183.6 [578/2937] Compiling C object subprojects/gst-plugins-base/gst-libs/gst/video/libgstvideo-1.0.so.0.2200.0.p/video.c.o
#5 184.0 [579/2937] Compiling C object subprojects/gst-plugins-base/gst-libs/gst/video/libgstvideo-1.0.so.0.2200.0.p/gstvideoutilsprivate.c.o
#5 184.1 [580/2937] Compiling C object subprojects/gst-plugins-base/gst-libs/gst/video/libgstvideo-1.0.so.0.2200.0.p/video-anc.c.o
#5 184.2 [581/2937] Compiling C object subprojects/gst-plugins-base/gst-libs/gst/video/libgstvideo-1.0.so.0.2200.0.p/video-color.c.o
#5 184.3 [582/2937] Compiling C object subprojects/gst-plugins-base/gst-libs/gst/video/libgstvideo-1.0.so.0.2200.0.p/video-blend.c.o
#5 184.4 [583/2937] Compiling C object subprojects/gst-plugins-base/gst-libs/gst/video/libgstvideo-1.0.so.0.2200.0.p/video-chroma.c.o
#5 184.5 [584/2937] Compiling C object subprojects/gst-plugins-base/gst-libs/gst/video/libgstvideo-1.0.so.0.2200.0.p/video-dither.c.o
#5 184.7 [585/2937] Compiling C object subprojects/gst-plugins-base/gst-libs/gst/video/libgstvideo-1.0.so.0.2200.0.p/video-event.c.o
#5 185.2 [586/2937] Compiling C object subprojects/gst-plugins-base/gst-libs/gst/video/libgstvideo-1.0.so.0.2200.0.p/video-frame.c.o
#5 185.4 [587/2937] Compiling C object subprojects/gst-plugins-base/gst-libs/gst/video/libgstvideo-1.0.so.0.2200.0.p/video-hdr.c.o
#5 185.7 [588/2937] Compiling C object subprojects/gst-plugins-base/gst-libs/gst/video/libgstvideo-1.0.so.0.2200.0.p/video-resampler.c.o
#5 185.8 [589/2937] Compiling C object subprojects/gst-plugins-base/gst-libs/gst/video/libgstvideo-1.0.so.0.2200.0.p/video-multiview.c.o
#5 186.1 [590/2937] Compiling C object subprojects/gst-plugins-base/gst-libs/gst/video/libgstvideo-1.0.so.0.2200.0.p/video-info.c.o
#5 186.2 [591/2937] Compiling C object subprojects/gst-plugins-base/gst-libs/gst/video/libgstvideo-1.0.so.0.2200.0.p/video-tile.c.o
#5 186.4 [592/2937] Compiling C object subprojects/gst-plugins-base/gst-libs/gst/video/libgstvideo-1.0.so.0.2200.0.p/video-scaler.c.o
#5 186.5 [593/2937] Compiling C object subprojects/gst-plugins-base/gst-libs/gst/video/libgstvideo-1.0.so.0.2200.0.p/video-sei.c.o
#5 186.6 [594/2937] Generating subprojects/gst-plugins-base/gst-libs/gst/audio/gstaudiopack.h with a custom command
#5 186.6 [595/2937] Generating subprojects/gst-plugins-base/gst-libs/gst/audio/gstaudiopack.c with a custom command
#5 187.3 [596/2937] Compiling C object subprojects/gst-plugins-base/gst-libs/gst/video/libgstvideo-1.0.so.0.2200.0.p/videoorientation.c.o
#5 187.4 [597/2937] Compiling C object subprojects/gst-plugins-base/gst-libs/gst/audio/libgstaudio-1.0.so.0.2200.0.p/meson-generated_.._audio-enumtypes.c.o
#5 187.5 [598/2937] Compiling C object subprojects/gst-plugins-base/gst-libs/gst/video/libgstvideo-1.0.so.0.2200.0.p/videodirection.c.o
#5 187.5 [599/2937] Compiling C object subprojects/gst-plugins-base/gst-libs/gst/video/libgstvideo-1.0.so.0.2200.0.p/video-overlay-composition.c.o
#5 187.7 [600/2937] Compiling C object subprojects/gst-plugins-base/gst-libs/gst/video/libgstvideo-1.0.so.0.2200.0.p/videooverlay.c.o
#5 187.7 [601/2937] Compiling C object subprojects/gst-plugins-base/gst-libs/gst/video/libgstvideo-1.0.so.0.2200.0.p/video-format.c.o
#5 188.0 [602/2937] Compiling C object subprojects/gst-plugins-base/gst-libs/gst/audio/libgstaudio-1.0.so.0.2200.0.p/audio-buffer.c.o
#5 188.2 [603/2937] Compiling C object subprojects/gst-plugins-base/gst-libs/gst/audio/libgstaudio-1.0.so.0.2200.0.p/meson-generated_.._gstaudiopack.c.o
#5 188.3 [604/2937] Compiling C object subprojects/gst-plugins-base/gst-libs/gst/video/libgstvideo-1.0.so.0.2200.0.p/video-converter.c.o
#5 188.7 [605/2937] Compiling C object subprojects/gst-plugins-base/gst-libs/gst/audio/libgstaudio-1.0.so.0.2200.0.p/audio-channel-mixer.c.o
#5 188.9 [606/2937] Compiling C object subprojects/gst-plugins-base/gst-libs/gst/audio/libgstaudio-1.0.so.0.2200.0.p/audio-converter.c.o
#5 188.9 [607/2937] Compiling C object subprojects/gst-plugins-base/gst-libs/gst/audio/libgstaudio-1.0.so.0.2200.0.p/audio-format.c.o
#5 189.0 [608/2937] Compiling C object subprojects/gst-plugins-base/gst-libs/gst/audio/libgstaudio-1.0.so.0.2200.0.p/audio.c.o
#5 189.1 [609/2937] Compiling C object subprojects/gst-plugins-base/gst-libs/gst/audio/libgstaudio-1.0.so.0.2200.0.p/audio-channels.c.o
#5 189.2 [610/2937] Compiling C object subprojects/gst-plugins-base/gst-libs/gst/audio/libgstaudio-1.0.so.0.2200.0.p/audio-quantize.c.o
#5 189.7 [611/2937] Compiling C object subprojects/gst-plugins-base/gst-libs/gst/audio/libgstaudio-1.0.so.0.2200.0.p/audio-info.c.o
#5 189.9 [612/2937] Compiling C object subprojects/gst-plugins-base/gst-libs/gst/audio/libgstaudio-1.0.so.0.2200.0.p/gstaudiobasesrc.c.o
#5 190.0 [613/2937] Compiling C object subprojects/gst-plugins-base/gst-libs/gst/audio/libgstaudio-1.0.so.0.2200.0.p/gstaudioaggregator.c.o
#5 190.3 [614/2937] Compiling C object subprojects/gst-plugins-base/gst-libs/gst/audio/libgstaudio-1.0.so.0.2200.0.p/gstaudiobasesink.c.o
#5 190.3 [615/2937] Compiling C object subprojects/gst-plugins-base/gst-libs/gst/audio/libgstaudio-1.0.so.0.2200.0.p/gstaudioclock.c.o
#5 190.5 [616/2937] Compiling C object subprojects/gst-plugins-base/gst-libs/gst/audio/libgstaudio-1.0.so.0.2200.0.p/gstaudiocdsrc.c.o
#5 190.6 [617/2937] Compiling C object subprojects/gst-plugins-base/gst-libs/gst/audio/libgstaudio-1.0.so.0.2200.0.p/audio-resampler.c.o
#5 191.0 [618/2937] Compiling C object subprojects/gst-plugins-base/gst-libs/gst/audio/libgstaudio-1.0.so.0.2200.0.p/gstaudiofilter.c.o
#5 191.2 [619/2937] Compiling C object subprojects/gst-plugins-base/gst-libs/gst/audio/libgstaudio-1.0.so.0.2200.0.p/gstaudiometa.c.o
#5 191.5 [620/2937] Compiling C object subprojects/gst-plugins-base/gst-libs/gst/audio/libgstaudio-1.0.so.0.2200.0.p/gstaudioiec61937.c.o
#5 191.5 [621/2937] Compiling C object subprojects/gst-plugins-base/gst-libs/gst/audio/libgstaudio-1.0.so.0.2200.0.p/gstaudioencoder.c.o
#5 191.8 [622/2937] Compiling C object subprojects/gst-plugins-base/gst-libs/gst/audio/libgstaudio-1.0.so.0.2200.0.p/gstaudiosink.c.o
#5 191.8 [623/2937] Generating subprojects/gst-plugins-base/gst/adder/gstadderorc.h with a custom command
#5 191.9 [624/2937] Generating subprojects/gst-plugins-base/gst/adder/gstadderorc.c with a custom command
#5 191.9 [625/2937] Compiling C object subprojects/gst-plugins-base/gst-libs/gst/audio/libgstaudio-1.0.so.0.2200.0.p/gstaudiosrc.c.o
#5 192.0 [626/2937] Compiling C object subprojects/gst-plugins-base/gst-libs/gst/audio/libgstaudio-1.0.so.0.2200.0.p/gstaudiodecoder.c.o
#5 192.0 [627/2937] Generating subprojects/gst-plugins-base/gst/audiomixer/gstaudiomixerorc.h with a custom command
#5 192.1 [628/2937] Generating subprojects/gst-plugins-base/gst/audiomixer/gstaudiomixerorc.c with a custom command
#5 192.3 [629/2937] Compiling C object subprojects/gst-plugins-base/gst-libs/gst/audio/libgstaudio-1.0.so.0.2200.0.p/gstaudiostreamalign.c.o
#5 192.4 [630/2937] Compiling C object subprojects/gst-plugins-base/gst-libs/gst/audio/libgstaudio-1.0.so.0.2200.0.p/gstaudioringbuffer.c.o
#5 192.4 [631/2937] Compiling C object subprojects/gst-plugins-base/gst/adder/libgstadder.so.p/meson-generated_.._gstadderorc.c.o
#5 192.4 [632/2937] Compiling C object subprojects/gst-plugins-base/gst-libs/gst/audio/libgstaudio-1.0.so.0.2200.0.p/gstaudioutilsprivate.c.o
#5 192.6 [633/2937] Compiling C object subprojects/gst-plugins-base/gst-libs/gst/audio/libgstaudio-1.0.so.0.2200.0.p/streamvolume.c.o
#5 193.0 [634/2937] Compiling C object subprojects/gst-plugins-base/gst/audiomixer/libgstaudiomixer.so.p/meson-generated_.._gstaudiomixerorc.c.o
#5 193.1 [635/2937] Generating subprojects/gst-plugins-base/gst/compositor/compositororc.h with a custom command
#5 193.1 [636/2937] Generating subprojects/gst-plugins-base/gst/compositor/compositororc.c with a custom command
#5 193.1 [637/2937] Compiling C object subprojects/gst-plugins-base/gst/audiomixer/libgstaudiomixer.so.p/gstaudiomixerelement.c.o
#5 193.2 [638/2937] Compiling C object subprojects/gst-plugins-base/gst/adder/libgstadder.so.p/gstadder.c.o
#5 193.2 [639/2937] Compiling C object subprojects/gst-plugins-base/gst/audiomixer/libgstaudiomixer.so.p/gstliveadder.c.o
#5 193.2 [640/2937] Generating subprojects/gst-plugins-base/gst/videotestsrc/gstvideotestsrcorc.h with a custom command
#5 193.3 [641/2937] Generating subprojects/gst-plugins-base/gst/videotestsrc/gstvideotestsrcorc.c with a custom command
#5 193.4 [642/2937] Compiling C object subprojects/gst-plugins-base/gst/audiomixer/libgstaudiomixer.so.p/gstaudiointerleave.c.o
#5 193.4 [643/2937] Compiling C object subprojects/gst-plugins-base/gst/audiomixer/libgstaudiomixer.so.p/gstaudiomixer.c.o
#5 193.6 [644/2937] Compiling C object subprojects/gst-plugins-base/gst/videotestsrc/libgstvideotestsrc.so.p/meson-generated_.._gstvideotestsrcorc.c.o
#5 193.6 [645/2937] Generating subprojects/gst-plugins-base/gst/volume/gstvolumeorc.h with a custom command
#5 193.6 [646/2937] Generating subprojects/gst-plugins-base/gst/volume/gstvolumeorc.c with a custom command
#5 193.9 [647/2937] Compiling C object subprojects/gst-plugins-base/gst/compositor/libgstcompositor.so.p/meson-generated_.._compositororc.c.o
#5 194.0 [648/2937] Compiling C object subprojects/gst-plugins-base/gst/audiomixer/libgstaudiomixer.so.p/gstaudiomixerplugin.c.o
#5 194.4 [649/2937] Compiling C object subprojects/gst-plugins-base/gst/volume/libgstvolume.so.p/meson-generated_.._gstvolumeorc.c.o
#5 194.5 [650/2937] Compiling C object subprojects/gst-plugins-base/gst/compositor/libgstcompositor.so.p/compositor.c.o
#5 194.6 [651/2937] Compiling C object subprojects/gst-plugins-base/gst/videotestsrc/libgstvideotestsrc.so.p/gstvideotestsrc.c.o
#5 194.8 [652/2937] Compiling C object subprojects/gst-plugins-base/gst/videotestsrc/libgstvideotestsrc.so.p/videotestsrc.c.o
#5 194.8 [653/2937] Compiling C object subprojects/gst-plugins-base/ext/ogg/libgstogg.so.p/gstoggplugin.c.o
#5 194.9 [654/2937] Compiling C object subprojects/gst-plugins-base/gst/volume/libgstvolume.so.p/gstvolume.c.o
#5 195.3 [655/2937] Compiling C object subprojects/gst-plugins-base/ext/ogg/libgstogg.so.p/gstoggparse.c.o
#5 195.9 [656/2937] Compiling C object subprojects/gst-plugins-base/ext/ogg/libgstogg.so.p/vorbis_parse.c.o
#5 196.1 [657/2937] Compiling C object subprojects/gst-plugins-base/ext/ogg/libgstogg.so.p/gstoggmux.c.o
#5 196.4 [658/2937] Compiling C object subprojects/gst-plugins-base/ext/opus/libgstopus.so.p/gstopus.c.o
#5 196.5 [659/2937] Compiling C object subprojects/gst-plugins-base/ext/opus/libgstopus.so.p/gstopuselement.c.o
#5 196.6 [660/2937] Compiling C object subprojects/gst-plugins-base/ext/ogg/libgstogg.so.p/gstoggstream.c.o
#5 196.9 [661/2937] Compiling C object subprojects/gst-plugins-base/ext/ogg/libgstogg.so.p/gstogmparse.c.o
#5 196.9 [662/2937] Compiling C object subprojects/gst-plugins-base/gst/compositor/libgstcompositor.so.p/blend.c.o
#5 197.1 [663/2937] Compiling C object subprojects/gst-plugins-base/ext/ogg/libgstogg.so.p/gstoggdemux.c.o
#5 197.3 [664/2937] Compiling C object subprojects/gst-plugins-base/ext/pango/libgstpango.so.p/gstpangoplugin.c.o
#5 197.5 [665/2937] Compiling C object subprojects/gst-plugins-base/ext/pango/libgstpango.so.p/gstpangoelement.c.o
#5 197.6 [666/2937] Compiling C object subprojects/gst-plugins-base/ext/opus/libgstopus.so.p/gstopuscommon.c.o
#5 197.8 [667/2937] Compiling C object subprojects/gst-plugins-base/ext/opus/libgstopus.so.p/gstopusdec.c.o
#5 197.9 [668/2937] Compiling C object subprojects/gst-plugins-base/ext/opus/libgstopus.so.p/gstopusheader.c.o
#5 198.0 [669/2937] Compiling C object subprojects/gst-plugins-base/ext/opus/libgstopus.so.p/gstopusenc.c.o
#5 198.5 [670/2937] Compiling C object subprojects/gst-plugins-base/ext/theora/libgsttheora.so.p/gsttheora.c.o
#5 198.6 [671/2937] Compiling C object subprojects/gst-plugins-base/ext/pango/libgstpango.so.p/gsttextrender.c.o
#5 198.7 [672/2937] Compiling C object subprojects/gst-plugins-base/ext/pango/libgstpango.so.p/gstclockoverlay.c.o
#5 198.8 [673/2937] Compiling C object subprojects/gst-plugins-base/ext/pango/libgstpango.so.p/gsttimeoverlay.c.o
#5 199.2 [674/2937] Compiling C object subprojects/gst-plugins-base/ext/theora/libgsttheora.so.p/gsttheoraparse.c.o
#5 199.3 [675/2937] Compiling C object subprojects/gst-plugins-base/ext/pango/libgstpango.so.p/gsttextoverlay.c.o
#5 199.3 [676/2937] Compiling C object subprojects/gst-plugins-base/ext/vorbis/libgstvorbis.so.p/gstvorbiselement.c.o
#5 199.6 [677/2937] Compiling C object subprojects/gst-plugins-base/ext/theora/libgsttheora.so.p/gsttheoradec.c.o
#5 199.6 [678/2937] Compiling C object subprojects/gst-plugins-base/ext/vorbis/libgstvorbis.so.p/gstvorbis.c.o
#5 199.8 [679/2937] Compiling C object subprojects/gst-plugins-base/ext/pango/libgstpango.so.p/gstbasetextoverlay.c.o
#5 200.1 [680/2937] Compiling C object subprojects/gst-plugins-base/ext/theora/libgsttheora.so.p/gsttheoraenc.c.o
#5 200.2 [681/2937] Compiling C object subprojects/gst-plugins-base/ext/vorbis/libgstvorbis.so.p/gstvorbisdeclib.c.o
#5 200.2 [682/2937] Compiling C object subprojects/gst-plugins-base/ext/vorbis/libgstvorbis.so.p/gstvorbisdec.c.o
#5 200.5 [683/2937] Compiling C object subprojects/gst-plugins-base/ext/vorbis/libgstvorbis.so.p/gstvorbisenc.c.o
#5 200.6 [684/2937] Compiling C object subprojects/gst-plugins-base/ext/vorbis/libgstvorbis.so.p/gstvorbistag.c.o
#5 200.6 [685/2937] Compiling C object subprojects/gst-plugins-base/ext/vorbis/libgstvorbis.so.p/gstvorbiscommon.c.o
#5 200.8 [686/2937] Compiling C object subprojects/gst-plugins-base/ext/vorbis/libgstvorbis.so.p/gstvorbisparse.c.o
#5 200.9 [687/2937] Compiling C object subprojects/gst-plugins-base/ext/vorbis/libgstivorbisdec.so.p/gstvorbiselement.c.o
#5 201.0 [688/2937] Compiling C object subprojects/gst-plugins-base/ext/vorbis/libgstivorbisdec.so.p/gstivorbisdec.c.o
#5 201.2 [689/2937] Compiling C object subprojects/gst-plugins-base/ext/vorbis/libgstivorbisdec.so.p/gstvorbiscommon.c.o
#5 201.2 [690/2937] Compiling C object subprojects/gst-plugins-base/ext/vorbis/libgstivorbisdec.so.p/gstvorbisdeclib.c.o
#5 201.3 [691/2937] Compiling C object subprojects/gst-plugins-base/ext/vorbis/libgstivorbisdec.so.p/gstvorbisdec.c.o
#5 201.8 [692/2937] Compiling C object subprojects/gst-plugins-base/sys/ximage/libgstximagesink.so.p/ximage.c.o
#5 201.9 [693/2937] Compiling C object subprojects/gst-plugins-base/sys/ximage/libgstximagesink.so.p/ximagesink.c.o
#5 202.1 [694/2937] Compiling C object subprojects/gst-plugins-base/sys/ximage/libgstximagesink.so.p/ximagepool.c.o
#5 202.1 [695/2937] Compiling C object subprojects/gst-plugins-base/sys/xvimage/libgstxvimagesink.so.p/xvimage.c.o
#5 202.6 [696/2937] Compiling C object subprojects/gst-plugins-base/sys/xvimage/libgstxvimagesink.so.p/xvimagepool.c.o
#5 202.9 [697/2937] Compiling C object subprojects/gst-plugins-base/sys/xvimage/libgstxvimagesink.so.p/xvcontext.c.o
#5 202.9 [698/2937] Compiling C object subprojects/gst-plugins-base/tools/gst-discoverer-1.0.p/gst-discoverer.c.o
#5 202.9 [699/2937] Generating subprojects/gst-plugins-base/po/af/LC_MESSAGES/gst-plugins-base-1.0-af.mo with a custom command
#5 203.0 [700/2937] Compiling C object subprojects/gst-plugins-base/sys/xvimage/libgstxvimagesink.so.p/xvimageallocator.c.o
#5 203.0 [701/2937] Generating subprojects/gst-plugins-base/po/az/LC_MESSAGES/gst-plugins-base-1.0-az.mo with a custom command
#5 203.0 [702/2937] Generating subprojects/gst-plugins-base/po/bg/LC_MESSAGES/gst-plugins-base-1.0-bg.mo with a custom command
#5 203.0 [703/2937] Compiling C object subprojects/gst-plugins-base/sys/xvimage/libgstxvimagesink.so.p/xvimagesink.c.o
#5 203.0 [704/2937] Generating subprojects/gst-plugins-base/po/cs/LC_MESSAGES/gst-plugins-base-1.0-cs.mo with a custom command
#5 203.0 [705/2937] Generating subprojects/gst-plugins-base/po/ca/LC_MESSAGES/gst-plugins-base-1.0-ca.mo with a custom command
#5 203.0 [706/2937] Generating subprojects/gst-plugins-base/po/da/LC_MESSAGES/gst-plugins-base-1.0-da.mo with a custom command
#5 203.0 [707/2937] Generating subprojects/gst-plugins-base/po/de/LC_MESSAGES/gst-plugins-base-1.0-de.mo with a custom command
#5 203.0 [708/2937] Generating subprojects/gst-plugins-base/po/en_GB/LC_MESSAGES/gst-plugins-base-1.0-en_GB.mo with a custom command
#5 203.1 [709/2937] Generating subprojects/gst-plugins-base/po/el/LC_MESSAGES/gst-plugins-base-1.0-el.mo with a custom command
#5 203.1 [710/2937] Compiling C object subprojects/gst-plugins-base/tools/gst-device-monitor-1.0.p/gst-device-monitor.c.o
#5 203.1 [711/2937] Generating subprojects/gst-plugins-base/po/eo/LC_MESSAGES/gst-plugins-base-1.0-eo.mo with a custom command
#5 203.1 [712/2937] Generating subprojects/gst-plugins-base/po/es/LC_MESSAGES/gst-plugins-base-1.0-es.mo with a custom command
#5 203.1 [713/2937] Generating subprojects/gst-plugins-base/po/eu/LC_MESSAGES/gst-plugins-base-1.0-eu.mo with a custom command
#5 203.1 [714/2937] Generating subprojects/gst-plugins-base/po/gl/LC_MESSAGES/gst-plugins-base-1.0-gl.mo with a custom command
#5 203.1 [715/2937] Generating subprojects/gst-plugins-base/po/fur/LC_MESSAGES/gst-plugins-base-1.0-fur.mo with a custom command
#5 203.1 [716/2937] Generating subprojects/gst-plugins-base/po/fr/LC_MESSAGES/gst-plugins-base-1.0-fr.mo with a custom command
#5 203.1 [717/2937] Generating subprojects/gst-plugins-base/po/fi/LC_MESSAGES/gst-plugins-base-1.0-fi.mo with a custom command
#5 203.1 [718/2937] Generating subprojects/gst-plugins-base/po/hr/LC_MESSAGES/gst-plugins-base-1.0-hr.mo with a custom command
#5 203.1 [719/2937] Generating subprojects/gst-plugins-base/po/it/LC_MESSAGES/gst-plugins-base-1.0-it.mo with a custom command
#5 203.1 [720/2937] Generating subprojects/gst-plugins-base/po/hu/LC_MESSAGES/gst-plugins-base-1.0-hu.mo with a custom command
#5 203.2 [721/2937] Generating subprojects/gst-plugins-base/po/id/LC_MESSAGES/gst-plugins-base-1.0-id.mo with a custom command
#5 203.2 [722/2937] Generating subprojects/gst-plugins-base/po/ja/LC_MESSAGES/gst-plugins-base-1.0-ja.mo with a custom command
#5 203.2 [723/2937] Generating subprojects/gst-plugins-base/po/ka/LC_MESSAGES/gst-plugins-base-1.0-ka.mo with a custom command
#5 203.2 [724/2937] Generating subprojects/gst-plugins-base/po/lv/LC_MESSAGES/gst-plugins-base-1.0-lv.mo with a custom command
#5 203.2 [725/2937] Generating subprojects/gst-plugins-base/po/lt/LC_MESSAGES/gst-plugins-base-1.0-lt.mo with a custom command
#5 203.2 [726/2937] Generating subprojects/gst-plugins-base/po/nb/LC_MESSAGES/gst-plugins-base-1.0-nb.mo with a custom command
#5 203.2 [727/2937] Generating subprojects/gst-plugins-base/po/nl/LC_MESSAGES/gst-plugins-base-1.0-nl.mo with a custom command
#5 203.2 [728/2937] Generating subprojects/gst-plugins-base/po/or/LC_MESSAGES/gst-plugins-base-1.0-or.mo with a custom command
#5 203.2 [729/2937] Generating subprojects/gst-plugins-base/po/pt_BR/LC_MESSAGES/gst-plugins-base-1.0-pt_BR.mo with a custom command
#5 203.2 [730/2937] Generating subprojects/gst-plugins-base/po/pl/LC_MESSAGES/gst-plugins-base-1.0-pl.mo with a custom command
#5 203.2 [731/2937] Generating subprojects/gst-plugins-base/po/ru/LC_MESSAGES/gst-plugins-base-1.0-ru.mo with a custom command
#5 203.2 [732/2937] Generating subprojects/gst-plugins-base/po/ro/LC_MESSAGES/gst-plugins-base-1.0-ro.mo with a custom command
#5 203.3 [733/2937] Generating subprojects/gst-plugins-base/po/sq/LC_MESSAGES/gst-plugins-base-1.0-sq.mo with a custom command
#5 203.3 [734/2937] Generating subprojects/gst-plugins-base/po/sk/LC_MESSAGES/gst-plugins-base-1.0-sk.mo with a custom command
#5 203.3 [735/2937] Generating subprojects/gst-plugins-base/po/sl/LC_MESSAGES/gst-plugins-base-1.0-sl.mo with a custom command
#5 203.3 [736/2937] Generating subprojects/gst-plugins-base/po/sr/LC_MESSAGES/gst-plugins-base-1.0-sr.mo with a custom command
#5 203.3 [737/2937] Generating subprojects/gst-plugins-base/po/sv/LC_MESSAGES/gst-plugins-base-1.0-sv.mo with a custom command
#5 203.3 [738/2937] Generating subprojects/gst-plugins-base/po/tr/LC_MESSAGES/gst-plugins-base-1.0-tr.mo with a custom command
#5 203.3 [739/2937] Generating subprojects/gst-plugins-base/po/uk/LC_MESSAGES/gst-plugins-base-1.0-uk.mo with a custom command
#5 203.3 [740/2937] Generating subprojects/gst-plugins-base/po/vi/LC_MESSAGES/gst-plugins-base-1.0-vi.mo with a custom command
#5 203.3 [741/2937] Generating subprojects/gst-plugins-base/po/zh_CN/LC_MESSAGES/gst-plugins-base-1.0-zh_CN.mo with a custom command
#5 203.4 [742/2937] Generating subprojects/gst-plugins-good/gst/audiofx/audiopanoramaorc.h with a custom command
#5 203.4 [743/2937] Generating subprojects/gst-plugins-good/gst/audiofx/audiopanoramaorc.c with a custom command
#5 203.4 [744/2937] Compiling C object subprojects/gst-plugins-base/tools/gst-play-1.0.p/gst-play-kb.c.o
#5 203.5 [745/2937] Compiling C object subprojects/gst-plugins-base/tools/gst-play-1.0.p/gst-play.c.o
#5 204.2 [746/2937] Compiling C object subprojects/gst-plugins-good/gst/alpha/libgstalphacolor.so.p/gstalphacolor.c.o
#5 204.4 [747/2937] Compiling C object subprojects/gst-plugins-good/gst/audiofx/libgstaudiofx.so.p/audiopanorama.c.o
#5 204.4 [748/2937] Compiling C object subprojects/gst-plugins-good/gst/audiofx/libgstaudiofx.so.p/audioinvert.c.o
#5 204.5 [749/2937] Compiling C object subprojects/gst-plugins-good/gst/audiofx/libgstaudiofx.so.p/meson-generated_.._audiopanoramaorc.c.o
#5 204.5 [750/2937] Compiling C object subprojects/gst-plugins-good/gst/alpha/libgstalpha.so.p/gstalpha.c.o
#5 204.6 [751/2937] Compiling C object subprojects/gst-plugins-good/gst/audiofx/libgstaudiofx.so.p/audiofx.c.o
#5 204.8 [752/2937] Compiling C object subprojects/gst-plugins-good/gst/apetag/libgstapetag.so.p/gstapedemux.c.o
#5 205.1 [753/2937] Compiling C object subprojects/gst-plugins-good/gst/audiofx/libgstaudiofx.so.p/audioamplify.c.o
#5 205.3 [754/2937] Compiling C object subprojects/gst-plugins-good/gst/audiofx/libgstaudiofx.so.p/audiodynamic.c.o
#5 205.5 [755/2937] Compiling C object subprojects/gst-plugins-good/gst/audiofx/libgstaudiofx.so.p/audiofxbaseiirfilter.c.o
#5 205.6 [756/2937] Compiling C object subprojects/gst-plugins-good/gst/audiofx/libgstaudiofx.so.p/audiokaraoke.c.o
#5 205.6 [757/2937] Compiling C object subprojects/gst-plugins-good/gst/audiofx/libgstaudiofx.so.p/audiocheblimit.c.o
#5 205.8 [758/2937] Compiling C object subprojects/gst-plugins-good/gst/audiofx/libgstaudiofx.so.p/audiochebband.c.o
#5 206.2 [759/2937] Compiling C object subprojects/gst-plugins-good/gst/audiofx/libgstaudiofx.so.p/audioiirfilter.c.o
#5 206.3 [760/2937] Compiling C object subprojects/gst-plugins-good/gst/audiofx/libgstaudiofx.so.p/audiowsincband.c.o
#5 206.4 [761/2937] Compiling C object subprojects/gst-plugins-good/gst/audiofx/libgstaudiofx.so.p/audiofirfilter.c.o
#5 206.4 [762/2937] Compiling C object subprojects/gst-plugins-good/gst/audiofx/libgstaudiofx.so.p/audiowsinclimit.c.o
#5 206.6 [763/2937] Compiling C object subprojects/gst-plugins-good/gst/audiofx/libgstaudiofx.so.p/audioecho.c.o
#5 206.8 [764/2937] Compiling C object subprojects/gst-plugins-good/gst/audiofx/libgstaudiofx.so.p/audiofxbasefirfilter.c.o
#5 207.1 [765/2937] Compiling C object subprojects/gst-plugins-good/gst/audioparsers/libgstaudioparsers.so.p/gstamrparse.c.o
#5 207.5 [766/2937] Compiling C object subprojects/gst-plugins-good/gst/audiofx/libgstaudiofx.so.p/gstscaletempo.c.o
#5 207.5 [767/2937] Compiling C object subprojects/gst-plugins-good/gst/audiofx/libgstaudiofx.so.p/gststereo.c.o
#5 207.6 [768/2937] Compiling C object subprojects/gst-plugins-good/gst/audioparsers/libgstaudioparsers.so.p/gstaacparse.c.o
#5 208.0 [769/2937] Compiling C object subprojects/gst-plugins-good/gst/audioparsers/libgstaudioparsers.so.p/gstac3parse.c.o
#5 208.4 [770/2937] Compiling C object subprojects/gst-plugins-good/gst/audioparsers/libgstaudioparsers.so.p/gstflacparse.c.o
#5 208.4 [771/2937] Compiling C object subprojects/gst-plugins-good/gst/audioparsers/libgstaudioparsers.so.p/plugin.c.o
#5 208.6 [772/2937] Compiling C object subprojects/gst-plugins-good/gst/audioparsers/libgstaudioparsers.so.p/gstmpegaudioparse.c.o
#5 208.6 [773/2937] Compiling C object subprojects/gst-plugins-good/gst/audioparsers/libgstaudioparsers.so.p/gstwavpackparse.c.o
#5 208.7 [774/2937] Compiling C object subprojects/gst-plugins-good/gst/audioparsers/libgstaudioparsers.so.p/gstdcaparse.c.o
#5 209.0 [775/2937] Compiling C object subprojects/gst-plugins-good/gst/audioparsers/libgstaudioparsers.so.p/gstsbcparse.c.o
#5 209.1 [776/2937] Compiling C object subprojects/gst-plugins-good/gst/auparse/libgstauparse.so.p/gstauparse.c.o
#5 209.1 [777/2937] Compiling C object subprojects/gst-plugins-good/gst/autodetect/libgstautodetect.so.p/gstautoaudiosrc.c.o
#5 209.3 [778/2937] Compiling C object subprojects/gst-plugins-good/gst/autodetect/libgstautodetect.so.p/gstautodetectelement.c.o
#5 209.4 [779/2937] Compiling C object subprojects/gst-plugins-good/gst/autodetect/libgstautodetect.so.p/gstautodetectplugin.c.o
#5 209.5 [780/2937] Compiling C object subprojects/gst-plugins-good/gst/autodetect/libgstautodetect.so.p/gstautoaudiosink.c.o
#5 209.6 [781/2937] Compiling C object subprojects/gst-plugins-good/gst/autodetect/libgstautodetect.so.p/gstautovideosink.c.o
#5 209.8 [782/2937] Compiling C object subprojects/gst-plugins-good/gst/autodetect/libgstautodetect.so.p/gstautodetect.c.o
#5 209.8 [783/2937] Compiling C object subprojects/gst-plugins-good/gst/avi/libgstavi.so.p/gstavielement.c.o
#5 209.9 [784/2937] Compiling C object subprojects/gst-plugins-good/gst/autodetect/libgstautodetect.so.p/gstautovideosrc.c.o
#5 209.9 [785/2937] Compiling C object subprojects/gst-plugins-good/gst/avi/libgstavi.so.p/gstavi.c.o
#5 210.6 [786/2937] Compiling C object subprojects/gst-plugins-good/gst/avi/libgstavi.so.p/gstavisubtitle.c.o
#5 210.6 [787/2937] Compiling C object subprojects/gst-plugins-good/gst/debugutils/libgstnavigationtest.so.p/gstnavigationtest.c.o
#5 210.7 [788/2937] Compiling C object subprojects/gst-plugins-good/gst/debugutils/libgstdebug.so.p/breakmydata.c.o
#5 210.7 [789/2937] Compiling C object subprojects/gst-plugins-good/gst/cutter/libgstcutter.so.p/gstcutter.c.o
#5 210.8 [790/2937] Compiling C object subprojects/gst-plugins-good/gst/debugutils/libgstdebug.so.p/gstdebug.c.o
#5 211.0 [791/2937] Compiling C object subprojects/gst-plugins-good/gst/avi/libgstavi.so.p/gstavimux.c.o
#5 211.2 [792/2937] Compiling C object subprojects/gst-plugins-good/gst/debugutils/libgstdebug.so.p/gstcapssetter.c.o
#5 211.7 [793/2937] Compiling C object subprojects/gst-plugins-good/gst/debugutils/libgstdebug.so.p/gstpushfilesrc.c.o
#5 211.8 [794/2937] Compiling C object subprojects/gst-plugins-good/gst/debugutils/libgstdebug.so.p/rndbuffersize.c.o
#5 211.8 [795/2937] Compiling C object subprojects/gst-plugins-good/gst/debugutils/libgstdebug.so.p/gstnavseek.c.o
#5 211.9 [796/2937] Generating subprojects/gst-plugins-good/gst/deinterlace/tvtime.h with a custom command
#5 211.9 [797/2937] Generating subprojects/gst-plugins-good/gst/deinterlace/tvtime.c with a custom command
#5 212.0 [798/2937] Compiling C object subprojects/gst-plugins-good/gst/debugutils/libgstdebug.so.p/progressreport.c.o
#5 212.0 [799/2937] Compiling C object subprojects/gst-plugins-good/gst/avi/libgstavi.so.p/gstavidemux.c.o
#5 212.2 [800/2937] Compiling C object subprojects/gst-plugins-good/gst/debugutils/libgstdebug.so.p/tests.c.o
#5 212.2 [801/2937] Compiling C object subprojects/gst-plugins-good/gst/debugutils/libgstdebug.so.p/gsttaginject.c.o
#5 212.5 [802/2937] Compiling C object subprojects/gst-plugins-good/gst/debugutils/libgstdebug.so.p/testplugin.c.o
#5 212.6 [803/2937] Compiling C object subprojects/gst-plugins-good/gst/deinterlace/libgstdeinterlace.so.p/meson-generated_.._tvtime.c.o
#5 212.8 [804/2937] Compiling C object subprojects/gst-plugins-good/gst/debugutils/libgstdebug.so.p/cpureport.c.o
#5 213.0 [805/2937] Compiling C object subprojects/gst-plugins-good/gst/deinterlace/libgstdeinterlace.so.p/tvtime_greedy.c.o
#5 213.1 [806/2937] Compiling C object subprojects/gst-plugins-good/gst/deinterlace/libgstdeinterlace.so.p/gstdeinterlacemethod.c.o
#5 213.3 [807/2937] Compiling C object subprojects/gst-plugins-good/gst/deinterlace/libgstdeinterlace.so.p/tvtime_vfir.c.o
#5 213.6 [808/2937] Compiling C object subprojects/gst-plugins-good/gst/deinterlace/libgstdeinterlace.so.p/tvtime_greedyh.c.o
#5 213.8 [809/2937] Compiling C object subprojects/gst-plugins-good/gst/deinterlace/libgstdeinterlace.so.p/tvtime_weavetff.c.o
#5 213.9 [810/2937] Compiling C object subprojects/gst-plugins-good/gst/deinterlace/libgstdeinterlace.so.p/tvtime_weavebff.c.o
#5 214.0 [811/2937] Compiling C object subprojects/gst-plugins-good/gst/deinterlace/libgstdeinterlace.so.p/gstdeinterlace.c.o
#5 214.5 [812/2937] Compiling C object subprojects/gst-plugins-good/gst/deinterlace/libgstdeinterlace.so.p/tvtime_linearblend.c.o
#5 214.5 [813/2937] Compiling C object subprojects/gst-plugins-good/gst/deinterlace/libgstdeinterlace.so.p/tvtime_weave.c.o
#5 214.7 [814/2937] Compiling C object subprojects/gst-plugins-good/gst/deinterlace/libgstdeinterlace.so.p/tvtime_scalerbob.c.o
#5 214.8 [815/2937] Compiling C object subprojects/gst-plugins-good/gst/deinterlace/libgstdeinterlace.so.p/tvtime_tomsmocomp.c.o
#5 215.0 [816/2937] Compiling C object subprojects/gst-plugins-good/gst/deinterlace/libgstdeinterlace.so.p/tvtime_linear.c.o
#5 215.3 [817/2937] Compiling C object subprojects/gst-plugins-good/gst/deinterlace/libgstdeinterlace.so.p/yadif.c.o
#5 215.4 [818/2937] Compiling C object subprojects/gst-plugins-good/gst/dtmf/libgstdtmf.so.p/gstdtmfsrc.c.o
#5 215.6 [819/2937] Compiling C object subprojects/gst-plugins-good/gst/dtmf/libgstdtmf.so.p/gstdtmf.c.o
#5 215.7 [820/2937] Compiling C object subprojects/gst-plugins-good/gst/dtmf/libgstdtmf.so.p/gstrtpdtmfdepay.c.o
#5 215.9 [821/2937] Compiling C object subprojects/gst-plugins-good/gst/effectv/libgsteffectv.so.p/gsteffectv.c.o
#5 215.9 [822/2937] Compiling C object subprojects/gst-plugins-good/gst/dtmf/libgstdtmf.so.p/gstrtpdtmfsrc.c.o
#5 215.9 [823/2937] Compiling C object subprojects/gst-plugins-good/gst/effectv/libgsteffectv.so.p/gstedge.c.o
#5 216.5 [824/2937] Compiling C object subprojects/gst-plugins-good/gst/effectv/libgsteffectv.so.p/gstaging.c.o
#5 216.5 [825/2937] Compiling C object subprojects/gst-plugins-good/gst/effectv/libgsteffectv.so.p/gstdice.c.o
#5 216.6 [826/2937] Compiling C object subprojects/gst-plugins-good/gst/effectv/libgsteffectv.so.p/gstwarp.c.o
#5 216.8 [827/2937] Compiling C object subprojects/gst-plugins-good/gst/effectv/libgsteffectv.so.p/gstrev.c.o
#5 216.8 [828/2937] Compiling C object subprojects/gst-plugins-good/gst/effectv/libgsteffectv.so.p/gstshagadelic.c.o
#5 217.0 [829/2937] Compiling C object subprojects/gst-plugins-good/gst/effectv/libgsteffectv.so.p/gstquark.c.o
#5 217.1 [830/2937] Compiling C object subprojects/gst-plugins-good/gst/effectv/libgsteffectv.so.p/gstvertigo.c.o
#5 217.7 [831/2937] Compiling C object subprojects/gst-plugins-good/gst/effectv/libgsteffectv.so.p/gstripple.c.o
#5 217.7 [832/2937] Compiling C object subprojects/gst-plugins-good/gst/effectv/libgsteffectv.so.p/gstop.c.o
#5 217.7 [833/2937] Compiling C object subprojects/gst-plugins-good/gst/effectv/libgsteffectv.so.p/gststreak.c.o
#5 218.0 [834/2937] Compiling C object subprojects/gst-plugins-good/gst/equalizer/libgstequalizer.so.p/gstiirequalizernbands.c.o
#5 218.1 [835/2937] Compiling C object subprojects/gst-plugins-good/gst/effectv/libgsteffectv.so.p/gstradioac.c.o
#5 218.1 [836/2937] Compiling C object subprojects/gst-plugins-good/gst/equalizer/libgstequalizer.so.p/gstiirequalizerplugin.c.o
#5 218.3 [837/2937] Compiling C object subprojects/gst-plugins-good/gst/equalizer/libgstequalizer.so.p/gstiirequalizer.c.o
#5 218.5 [838/2937] Compiling C object subprojects/gst-plugins-good/gst/equalizer/libgstequalizer.so.p/gstiirequalizer10bands.c.o
#5 218.6 [839/2937] Compiling C object subprojects/gst-plugins-good/gst/equalizer/libgstequalizer.so.p/gstiirequalizer3bands.c.o
#5 218.7 [840/2937] Compiling C object subprojects/gst-plugins-good/gst/flv/libgstflv.so.p/gstflvelement.c.o
#5 218.8 [841/2937] Compiling C object subprojects/gst-plugins-good/gst/flv/libgstflv.so.p/gstflvplugin.c.o
#5 219.2 [842/2937] Compiling C object subprojects/gst-plugins-good/gst/goom/libgstgoom.so.p/drawmethods.c.o
#5 219.3 [843/2937] Compiling C object subprojects/gst-plugins-good/gst/goom/libgstgoom.so.p/sound_tester.c.o
#5 219.4 [844/2937] Compiling C object subprojects/gst-plugins-good/gst/flx/libgstflxdec.so.p/flx_color.c.o
#5 219.5 [845/2937] Compiling C object subprojects/gst-plugins-good/gst/goom/libgstgoom.so.p/gstgoom.c.o
#5 219.8 [846/2937] Compiling C object subprojects/gst-plugins-good/gst/flv/libgstflv.so.p/gstflvmux.c.o
#5 219.9 [847/2937] Compiling C object subprojects/gst-plugins-good/gst/goom/libgstgoom.so.p/mathtools.c.o
#5 220.0 [848/2937] Compiling C object subprojects/gst-plugins-good/gst/goom/libgstgoom.so.p/surf3d.c.o
#5 220.1 [849/2937] Compiling C object subprojects/gst-plugins-good/gst/flx/libgstflxdec.so.p/gstflxdec.c.o
#5 220.2 [850/2937] Compiling C object subprojects/gst-plugins-good/gst/goom/libgstgoom.so.p/ifs.c.o
#5 220.4 [851/2937] Compiling C object subprojects/gst-plugins-good/gst/goom/libgstgoom.so.p/lines.c.o
#5 220.6 [852/2937] Compiling C object subprojects/gst-plugins-good/gst/flv/libgstflv.so.p/gstflvdemux.c.o
#5 220.6 [853/2937] Compiling C object subprojects/gst-plugins-good/gst/goom/libgstgoom.so.p/tentacle3d.c.o
#5 220.7 [854/2937] Compiling C object subprojects/gst-plugins-good/gst/goom/libgstgoom.so.p/goom_tools.c.o
#5 220.7 [855/2937] Compiling C object subprojects/gst-plugins-good/gst/goom/libgstgoom.so.p/v3d.c.o
#5 220.8 [856/2937] Compiling C object subprojects/gst-plugins-good/gst/goom/libgstgoom.so.p/convolve_fx.c.o
#5 220.8 [857/2937] Compiling C object subprojects/gst-plugins-good/gst/goom/libgstgoom.so.p/graphic.c.o
#5 220.8 [858/2937] Compiling C object subprojects/gst-plugins-good/gst/goom/libgstgoom.so.p/plugin_info.c.o
#5 220.8 [859/2937] Compiling C object subprojects/gst-plugins-good/gst/goom/libgstgoom.so.p/flying_stars_fx.c.o
#5 220.9 [860/2937] Compiling C object subprojects/gst-plugins-good/gst/goom/libgstgoom.so.p/config_param.c.o
#5 221.2 [861/2937] Compiling C object subprojects/gst-plugins-good/gst/goom2k1/libgstgoom2k1.so.p/graphic.c.o
#5 221.3 [862/2937] Compiling C object subprojects/gst-plugins-good/gst/goom/libgstgoom.so.p/goom_core.c.o
#5 221.3 [863/2937] Compiling C object subprojects/gst-plugins-good/gst/goom2k1/libgstgoom2k1.so.p/goom_core.c.o
#5 221.5 [864/2937] Compiling C object subprojects/gst-plugins-good/gst/goom/libgstgoom.so.p/filters.c.o
#5 221.6 [865/2937] Compiling C object subprojects/gst-plugins-good/gst/goom2k1/libgstgoom2k1.so.p/lines.c.o
#5 221.6 [866/2937] Compiling C object subprojects/gst-plugins-good/gst/goom2k1/libgstgoom2k1.so.p/gstgoom.c.o
#5 221.7 [867/2937] Compiling C object subprojects/gst-plugins-good/gst/goom2k1/libgstgoom2k1.so.p/filters.c.o
#5 222.2 [868/2937] Compiling C object subprojects/gst-plugins-good/gst/imagefreeze/libgstimagefreeze.so.p/gstimagefreeze.c.o
#5 222.3 [869/2937] Compiling C object subprojects/gst-plugins-good/gst/interleave/libgstinterleave.so.p/plugin.c.o
#5 222.3 [870/2937] Compiling C object subprojects/gst-plugins-good/gst/icydemux/libgsticydemux.so.p/gsticydemux.c.o
#5 222.5 [871/2937] Compiling C object subprojects/gst-plugins-good/gst/isomp4/libgstisomp4.so.p/isomp4-plugin.c.o
#5 222.5 [872/2937] Compiling C object subprojects/gst-plugins-good/gst/interleave/libgstinterleave.so.p/interleave.c.o
#5 222.8 [873/2937] Compiling C object subprojects/gst-plugins-good/gst/id3demux/libgstid3demux.so.p/gstid3demux.c.o
#5 222.8 [874/2937] Compiling C object subprojects/gst-plugins-good/gst/interleave/libgstinterleave.so.p/deinterleave.c.o
#5 223.0 [875/2937] Compiling C object subprojects/gst-plugins-good/gst/isomp4/libgstisomp4.so.p/gstisomp4element.c.o
#5 223.1 [876/2937] Compiling C object subprojects/gst-plugins-good/gst/isomp4/libgstisomp4.so.p/gstrtpxqtdepay.c.o
#5 223.7 [877/2937] Compiling C object subprojects/gst-plugins-good/gst/isomp4/libgstisomp4.so.p/qtdemux_tree.c.o
#5 223.8 [878/2937] Compiling C object subprojects/gst-plugins-good/gst/isomp4/libgstisomp4.so.p/qtdemux_lang.c.o
#5 223.9 [879/2937] Compiling C object subprojects/gst-plugins-good/gst/isomp4/libgstisomp4.so.p/qtdemux-webvtt.c.o
#5 223.9 [880/2937] Compiling C object subprojects/gst-plugins-good/gst/isomp4/libgstisomp4.so.p/qtdemux_types.c.o
#5 224.3 [881/2937] Compiling C object subprojects/gst-plugins-good/gst/isomp4/libgstisomp4.so.p/qtdemux_tags.c.o
#5 224.4 [882/2937] Compiling C object subprojects/gst-plugins-good/gst/isomp4/libgstisomp4.so.p/qtdemux_dump.c.o
#5 224.8 [883/2937] Compiling C object subprojects/gst-plugins-good/gst/isomp4/libgstisomp4.so.p/descriptors.c.o
#5 225.0 [884/2937] Compiling C object subprojects/gst-plugins-good/gst/isomp4/libgstisomp4.so.p/gstqtmoovrecover.c.o
#5 225.3 [885/2937] Compiling C object subprojects/gst-plugins-good/gst/isomp4/libgstisomp4.so.p/gstisoff.c.o
#5 225.5 [886/2937] Compiling C object subprojects/gst-plugins-good/gst/isomp4/libgstisomp4.so.p/properties.c.o
#5 226.2 [887/2937] Compiling C object subprojects/gst-plugins-good/gst/isomp4/libgstisomp4.so.p/gstqtmuxmap.c.o
#5 226.3 [888/2937] Compiling C object subprojects/gst-plugins-good/gst/law/libgstalaw.so.p/alaw-encode.c.o
#5 226.6 [889/2937] Compiling C object subprojects/gst-plugins-good/gst/isomp4/libgstisomp4.so.p/atomsrecovery.c.o
#5 226.8 [890/2937] Compiling C object subprojects/gst-plugins-good/gst/isomp4/libgstisomp4.so.p/gstqtmux.c.o
#5 227.0 [891/2937] Compiling C object subprojects/gst-plugins-good/gst/law/libgstalaw.so.p/alaw-decode.c.o
#5 227.1 [892/2937] Compiling C object subprojects/gst-plugins-good/gst/law/libgstalaw.so.p/alaw.c.o
#5 227.1 [893/2937] Compiling C object subprojects/gst-plugins-good/gst/isomp4/libgstisomp4.so.p/atoms.c.o
#5 227.5 [894/2937] Compiling C object subprojects/gst-plugins-good/gst/law/libgstmulaw.so.p/mulaw-conversion.c.o
#5 227.6 [895/2937] Compiling C object subprojects/gst-plugins-good/gst/law/libgstmulaw.so.p/mulaw-encode.c.o
#5 227.7 [896/2937] Compiling C object subprojects/gst-plugins-good/gst/law/libgstmulaw.so.p/mulaw.c.o
#5 227.8 [897/2937] Compiling C object subprojects/gst-plugins-good/gst/law/libgstmulaw.so.p/mulaw-decode.c.o
#5 228.0 [898/2937] Compiling C object subprojects/gst-plugins-good/gst/matroska/libgstmatroska.so.p/ebml-read.c.o
#5 228.7 [899/2937] Compiling C object subprojects/gst-plugins-good/gst/matroska/libgstmatroska.so.p/matroska.c.o
#5 228.7 [900/2937] Compiling C object subprojects/gst-plugins-good/gst/matroska/libgstmatroska.so.p/ebml-write.c.o
#5 228.7 [901/2937] Compiling C object subprojects/gst-plugins-good/gst/level/libgstlevel.so.p/gstlevel.c.o
#5 228.9 [902/2937] Compiling C object subprojects/gst-plugins-good/gst/isomp4/libgstisomp4.so.p/qtdemux.c.o
#5 229.0 [903/2937] Compiling C object subprojects/gst-plugins-good/gst/matroska/libgstmatroska.so.p/gstmatroskaelement.c.o
#5 229.7 [904/2937] Compiling C object subprojects/gst-plugins-good/gst/matroska/libgstmatroska.so.p/webm-mux.c.o
#5 230.0 [905/2937] Compiling C object subprojects/gst-plugins-good/gst/matroska/libgstmatroska.so.p/matroska-parse.c.o
#5 230.0 [906/2937] Compiling C object subprojects/gst-plugins-good/gst/matroska/libgstmatroska.so.p/lzo.c.o
#5 230.1 [907/2937] Compiling C object subprojects/gst-plugins-good/gst/matroska/libgstmatroska.so.p/matroska-ids.c.o
#5 230.3 [908/2937] Compiling C object subprojects/gst-plugins-good/gst/monoscope/libgstmonoscope.so.p/convolve.c.o
#5 230.7 [909/2937] Compiling C object subprojects/gst-plugins-good/gst/monoscope/libgstmonoscope.so.p/gstmonoscope.c.o
#5 230.9 [910/2937] Compiling C object subprojects/gst-plugins-good/gst/monoscope/libgstmonoscope.so.p/monoscope.c.o
#5 230.9 [911/2937] Compiling C object subprojects/gst-plugins-good/gst/matroska/libgstmatroska.so.p/matroska-read-common.c.o
#5 231.0 [912/2937] Compiling C object subprojects/gst-plugins-good/gst/matroska/libgstmatroska.so.p/matroska-demux.c.o
#5 231.2 [913/2937] Compiling C object subprojects/gst-plugins-good/gst/matroska/libgstmatroska.so.p/matroska-mux.c.o
#5 231.2 [914/2937] Compiling C object subprojects/gst-plugins-good/gst/multifile/libgstmultifile.so.p/gstmultifilesrc.c.o
#5 231.9 [915/2937] Compiling C object subprojects/gst-plugins-good/gst/multifile/libgstmultifile.so.p/gstsplitutils.c.o
#5 231.9 [916/2937] Compiling C object subprojects/gst-plugins-good/gst/multifile/libgstmultifile.so.p/gstsplitfilesrc.c.o
#5 231.9 [917/2937] Compiling C object subprojects/gst-plugins-good/gst/multifile/libgstmultifile.so.p/gstmultifilesink.c.o
#5 232.4 [918/2937] Compiling C object subprojects/gst-plugins-good/gst/multifile/libgstmultifile.so.p/gstsplitmuxpartreader.c.o
#5 232.6 [919/2937] Compiling C object subprojects/gst-plugins-good/gst/multifile/libgstmultifile.so.p/patternspec.c.o
#5 232.6 [920/2937] Compiling C object subprojects/gst-plugins-good/gst/multifile/libgstmultifile.so.p/gstmultifile.c.o
#5 232.7 [921/2937] Compiling C object subprojects/gst-plugins-good/gst/multifile/test-splitmuxpartreader.p/test-splitmuxpartreader.c.o
#5 232.9 [922/2937] Compiling C object subprojects/gst-plugins-good/gst/multifile/libgstmultifile.so.p/gstsplitmuxsrc.c.o
#5 232.9 [923/2937] Linking target subprojects/gstreamer/gst/libgstreamer-1.0.so.0.2200.0
#5 233.1 [924/2937] Compiling C object subprojects/gst-plugins-good/gst/multifile/libgstmultifile.so.p/gstsplitmuxsink.c.o
#5 233.2 [925/2937] Compiling C object subprojects/gst-plugins-good/gst/multifile/test-splitmuxpartreader.p/gstsplitutils.c.o
#5 233.3 [926/2937] Compiling C object subprojects/gst-plugins-good/gst/multifile/libgstmultifile.so.p/gstimagesequencesrc.c.o
#5 233.4 [927/2937] Compiling C object subprojects/gst-plugins-good/gst/multifile/test-splitmuxpartreader.p/gstsplitmuxpartreader.c.o
#5 233.4 [928/2937] Compiling C object subprojects/gst-plugins-good/gst/multifile/test-splitmuxpartreader.p/patternspec.c.o
#5 233.5 [929/2937] Generating symbol file subprojects/gstreamer/gst/libgstreamer-1.0.so.0.2200.0.p/libgstreamer-1.0.so.0.2200.0.symbols
#5 233.6 [930/2937] Compiling C object subprojects/gst-plugins-good/gst/multifile/test-splitmuxpartreader.p/gstsplitmuxsrc.c.o
#5 233.8 [931/2937] Compiling C object subprojects/gst-plugins-good/gst/multipart/libgstmultipart.so.p/multipart.c.o
#5 234.1 [932/2937] Compiling C object subprojects/gst-plugins-good/gst/multipart/libgstmultipart.so.p/multipartdemux.c.o
#5 234.2 [933/2937] Compiling C object subprojects/gst-plugins-good/gst/multipart/libgstmultipart.so.p/multipartmux.c.o
#5 234.4 [934/2937] Compiling C object subprojects/gst-plugins-good/gst/replaygain/libgstreplaygain.so.p/gstrgvolume.c.o
#5 234.6 [935/2937] Compiling C object subprojects/gst-plugins-good/gst/replaygain/libgstreplaygain.so.p/gstrganalysis.c.o
#5 234.6 [936/2937] Compiling C object subprojects/gst-plugins-good/gst/replaygain/libgstreplaygain.so.p/gstrglimiter.c.o
#5 234.9 [937/2937] Linking target subprojects/gstreamer/libs/gst/helpers/gst-plugin-scanner
#5 235.3 [938/2937] Linking target subprojects/gstreamer/libs/gst/helpers/gst-completion-helper
#5 236.4 [939/2937] Linking target subprojects/gstreamer/libs/gst/helpers/gst-ptp-helper
#5 236.5 [940/2937] Linking target subprojects/gstreamer/tools/gst-typefind-1.0
#5 238.8 [941/2937] Linking target subprojects/gstreamer/tools/gst-launch-1.0
#5 238.9 [942/2937] Linking target subprojects/gstreamer/tools/gst-stats-1.0
#5 239.5 [943/2937] Linking target subprojects/gstreamer/libs/gst/controller/libgstcontroller-1.0.so.0.2200.0
#5 240.2 [944/2937] Linking target subprojects/gst-plugins-base/gst-libs/gst/tag/mklangtables
#5 240.3 [945/2937] Generating symbol file subprojects/gstreamer/libs/gst/controller/libgstcontroller-1.0.so.0.2200.0.p/libgstcontroller-1.0.so.0.2200.0.symbols
#5 240.3 [946/2937] Linking target subprojects/gstreamer/tools/gst-inspect-1.0
#5 241.2 [947/2937] Linking target subprojects/gstreamer/tests/benchmarks/caps
#5 241.4 [948/2937] Linking target subprojects/gstreamer/tests/misc/netclock-replay
#5 242.0 [949/2937] Linking target subprojects/gstreamer/docs/gst-hotdoc-plugins-scanner
#5 242.1 [950/2937] Linking target subprojects/gstreamer/tests/benchmarks/capsnego
#5 242.2 [951/2937] Linking target subprojects/gstreamer/tests/benchmarks/complexity
#5 242.6 [952/2937] Linking target subprojects/gstreamer/tests/benchmarks/controller
#5 242.8 [953/2937] Linking target subprojects/gstreamer/tests/benchmarks/init
#5 243.2 [954/2937] Linking target subprojects/gstreamer/tests/benchmarks/gstpollstress
#5 243.3 [955/2937] Linking target subprojects/gstreamer/tests/benchmarks/mass-elements
#5 243.4 [956/2937] Linking target subprojects/gstreamer/tests/benchmarks/gstpoolstress
#5 243.6 [957/2937] Linking target subprojects/gstreamer/tests/benchmarks/gstclockstress
#5 243.7 [958/2937] Linking target subprojects/gstreamer/plugins/tracers/libgstcoretracers.so
#5 244.4 [959/2937] Linking target subprojects/gstreamer/tests/benchmarks/gstbufferstress
#5 244.7 [960/2937] Compiling C object subprojects/gst-plugins-good/gst/replaygain/libgstreplaygain.so.p/replaygain.c.o
#5 244.8 [961/2937] Linking target subprojects/gst-plugins-base/gst-libs/gst/allocators/libgstallocators-1.0.so.0.2200.0
#5 245.3 [962/2937] Compiling C object subprojects/gst-plugins-good/gst/rtp/libgstrtp.so.p/dboolhuff.c.o
#5 245.4 [963/2937] Linking target subprojects/gst-plugins-good/gst/autodetect/libgstautodetect.so
#5 245.5 [964/2937] Compiling C object subprojects/gst-plugins-good/gst/replaygain/libgstreplaygain.so.p/rganalysis.c.o
#5 245.5 [965/2937] Generating symbol file subprojects/gst-plugins-base/gst-libs/gst/allocators/libgstallocators-1.0.so.0.2200.0.p/libgstallocators-1.0.so.0.2200.0.symbols
#5 246.2 [966/2937] Compiling C object subprojects/gst-plugins-good/gst/rtp/libgstrtp.so.p/gstbuffermemory.c.o
#5 246.2 [967/2937] Compiling C object subprojects/gst-plugins-good/gst/rtp/libgstrtp.so.p/gstrtp.c.o
#5 246.3 [968/2937] Compiling C object subprojects/gst-plugins-good/gst/rtp/libgstrtp.so.p/fnv1hash.c.o
#5 246.4 [969/2937] Linking target subprojects/gst-plugins-good/gst/imagefreeze/libgstimagefreeze.so
#5 246.7 [970/2937] Compiling C object subprojects/gst-plugins-good/gst/rtp/libgstrtp.so.p/gstrtpelement.c.o
#5 247.1 [971/2937] Compiling C object subprojects/gst-plugins-good/gst/rtp/libgstrtp.so.p/gstrtpac3pay.c.o
#5 247.3 [972/2937] Compiling C object subprojects/gst-plugins-good/gst/rtp/libgstrtp.so.p/gstrtpac3depay.c.o
#5 247.4 [973/2937] Compiling C object subprojects/gst-plugins-good/gst/rtp/libgstrtp.so.p/gstrtpbvdepay.c.o
#5 247.4 [974/2937] Compiling C object subprojects/gst-plugins-good/gst/rtp/libgstrtp.so.p/gstrtpchannels.c.o
#5 248.0 [975/2937] Compiling C object subprojects/gst-plugins-good/gst/rtp/libgstrtp.so.p/gstrtpbvpay.c.o
#5 248.2 [976/2937] Compiling C object subprojects/gst-plugins-good/gst/rtp/libgstrtp.so.p/gstrtpdvdepay.c.o
#5 248.2 [977/2937] Compiling C object subprojects/gst-plugins-good/gst/rtp/libgstrtp.so.p/gstrtpceltpay.c.o
#5 248.3 [978/2937] Compiling C object subprojects/gst-plugins-good/gst/rtp/libgstrtp.so.p/gstrtpdvpay.c.o
#5 248.8 [979/2937] Compiling C object subprojects/gst-plugins-good/gst/rtp/libgstrtp.so.p/gstrtpceltdepay.c.o
#5 249.0 [980/2937] Compiling C object subprojects/gst-plugins-good/gst/rtp/libgstrtp.so.p/gstrtpilbcdepay.c.o
#5 249.1 [981/2937] Compiling C object subprojects/gst-plugins-good/gst/rtp/libgstrtp.so.p/gstrtpgstdepay.c.o
#5 249.3 [982/2937] Compiling C object subprojects/gst-plugins-good/gst/rtp/libgstrtp.so.p/gstrtpgstpay.c.o
#5 249.3 [983/2937] Compiling C object subprojects/gst-plugins-good/gst/rtp/libgstrtp.so.p/gstrtpilbcpay.c.o
#5 249.9 [984/2937] Compiling C object subprojects/gst-plugins-good/gst/rtp/libgstrtp.so.p/gstrtpklvpay.c.o
#5 250.0 [985/2937] Compiling C object subprojects/gst-plugins-good/gst/rtp/libgstrtp.so.p/gstrtpklvdepay.c.o
#5 250.1 [986/2937] Compiling C object subprojects/gst-plugins-good/gst/rtp/libgstrtp.so.p/gstrtpmpapay.c.o
#5 250.2 [987/2937] Compiling C object subprojects/gst-plugins-good/gst/rtp/libgstrtp.so.p/gstrtpmpadepay.c.o
#5 250.4 [988/2937] Compiling C object subprojects/gst-plugins-good/gst/rtp/libgstrtp.so.p/gstrtpmparobustdepay.c.o
#5 250.7 [989/2937] Linking target subprojects/gstreamer/libs/gst/check/libgstcheck-1.0.so.0.2200.0
#5 251.0 [990/2937] Compiling C object subprojects/gst-plugins-good/gst/rtp/libgstrtp.so.p/gstrtpmpvpay.c.o
#5 251.1 [991/2937] Compiling C object subprojects/gst-plugins-good/gst/rtp/libgstrtp.so.p/gstrtpopuspay.c.o
#5 251.2 [992/2937] Compiling C object subprojects/gst-plugins-good/gst/rtp/libgstrtp.so.p/gstrtpmpvdepay.c.o
#5 251.2 [993/2937] Compiling C object subprojects/gst-plugins-good/gst/rtp/libgstrtp.so.p/gstrtpopusdepay.c.o
#5 251.5 [994/2937] Compiling C object subprojects/gst-plugins-good/gst/rtp/libgstrtp.so.p/gstrtppcmadepay.c.o
#5 251.5 [995/2937] Linking target subprojects/gst-plugins-base/gst-libs/gst/fft/libgstfft-1.0.so.0.2200.0
#5 251.5 [996/2937] Compiling C object subprojects/gst-plugins-good/gst/rtp/libgstrtp.so.p/gstrtppcmudepay.c.o
#5 251.8 [997/2937] Compiling C object subprojects/gst-plugins-good/gst/rtp/libgstrtp.so.p/gstrtppcmupay.c.o
#5 251.9 [998/2937] Compiling C object subprojects/gst-plugins-good/gst/rtp/libgstrtp.so.p/gstrtppcmapay.c.o
#5 251.9 [999/2937] Generating symbol file subprojects/gst-plugins-base/gst-libs/gst/fft/libgstfft-1.0.so.0.2200.0.p/libgstfft-1.0.so.0.2200.0.symbols
#5 252.0 [1000/2937] Compiling C object subprojects/gst-plugins-good/gst/rtp/libgstrtp.so.p/gstrtpg722depay.c.o
#5 252.3 [1001/2937] Compiling C object subprojects/gst-plugins-good/gst/rtp/libgstrtp.so.p/gstrtpg722pay.c.o
#5 252.5 [1002/2937] Compiling C object subprojects/gst-plugins-good/gst/rtp/libgstrtp.so.p/gstrtpg723depay.c.o
#5 252.5 [1003/2937] Compiling C object subprojects/gst-plugins-good/gst/rtp/libgstrtp.so.p/gstrtpg723pay.c.o
#5 252.6 [1004/2937] Compiling C object subprojects/gst-plugins-good/gst/rtp/libgstrtp.so.p/gstrtpg726pay.c.o
#5 252.8 [1005/2937] Compiling C object subprojects/gst-plugins-good/gst/rtp/libgstrtp.so.p/gstrtpg726depay.c.o
#5 253.1 [1006/2937] Compiling C object subprojects/gst-plugins-good/gst/rtp/libgstrtp.so.p/gstrtpgsmdepay.c.o
#5 253.1 [1007/2937] Compiling C object subprojects/gst-plugins-good/gst/rtp/libgstrtp.so.p/gstrtpg729depay.c.o
#5 253.2 [1008/2937] Compiling C object subprojects/gst-plugins-good/gst/rtp/libgstrtp.so.p/gstrtpg729pay.c.o
#5 253.2 [1009/2937] Compiling C object subprojects/gst-plugins-good/gst/rtp/libgstrtp.so.p/gstrtpgsmpay.c.o
#5 253.4 [1010/2937] Compiling C object subprojects/gst-plugins-good/gst/rtp/libgstrtp.so.p/gstrtpamrdepay.c.o
#5 253.8 [1011/2937] Compiling C object subprojects/gst-plugins-good/gst/rtp/libgstrtp.so.p/gstrtpamrpay.c.o
#5 253.9 [1012/2937] Compiling C object subprojects/gst-plugins-good/gst/rtp/libgstrtp.so.p/gstrtph261depay.c.o
#5 254.0 [1013/2937] Compiling C object subprojects/gst-plugins-good/gst/rtp/libgstrtp.so.p/gstrtph263ppay.c.o
#5 254.0 [1014/2937] Compiling C object subprojects/gst-plugins-good/gst/rtp/libgstrtp.so.p/gstrtph261pay.c.o
#5 254.1 [1015/2937] Compiling C object subprojects/gst-plugins-good/gst/rtp/libgstrtp.so.p/gstrtphdrext-colorspace.c.o
#5 254.4 [1016/2937] Compiling C object subprojects/gst-plugins-good/gst/rtp/libgstrtp.so.p/gstrtph263depay.c.o
#5 254.9 [1017/2937] Compiling C object subprojects/gst-plugins-good/gst/rtp/libgstrtp.so.p/gstrtph263pdepay.c.o
#5 255.2 [1018/2937] Compiling C object subprojects/gst-plugins-good/gst/rtp/libgstrtp.so.p/gstrtph264depay.c.o
#5 255.3 [1019/2937] Compiling C object subprojects/gst-plugins-good/gst/rtp/libgstrtp.so.p/gstrtph263pay.c.o
#5 255.4 [1020/2937] Compiling C object subprojects/gst-plugins-good/gst/rtp/libgstrtp.so.p/gstrtph264pay.c.o
#5 255.5 [1021/2937] Compiling C object subprojects/gst-plugins-good/gst/rtp/libgstrtp.so.p/gstrtpj2kdepay.c.o
#5 255.5 [1022/2937] Compiling C object subprojects/gst-plugins-good/gst/rtp/libgstrtp.so.p/gstrtph265depay.c.o
#5 256.0 [1023/2937] Compiling C object subprojects/gst-plugins-good/gst/rtp/libgstrtp.so.p/gstrtph265pay.c.o
#5 256.2 [1024/2937] Compiling C object subprojects/gst-plugins-good/gst/rtp/libgstrtp.so.p/gstrtpjpegdepay.c.o
#5 256.3 [1025/2937] Compiling C object subprojects/gst-plugins-good/gst/rtp/libgstrtp.so.p/gstrtpj2kpay.c.o
#5 256.4 [1026/2937] Compiling C object subprojects/gst-plugins-good/gst/rtp/libgstrtp.so.p/gstrtpL8depay.c.o
#5 256.6 [1027/2937] Compiling C object subprojects/gst-plugins-good/gst/rtp/libgstrtp.so.p/gstrtpL16depay.c.o
#5 256.7 [1028/2937] Compiling C object subprojects/gst-plugins-good/gst/rtp/libgstrtp.so.p/gstrtpL8pay.c.o
#5 256.7 [1029/2937] Compiling C object subprojects/gst-plugins-good/gst/rtp/libgstrtp.so.p/gstrtpL16pay.c.o
#5 256.8 [1030/2937] Compiling C object subprojects/gst-plugins-good/gst/rtp/libgstrtp.so.p/gstrtpjpegpay.c.o
#5 257.0 [1031/2937] Compiling C object subprojects/gst-plugins-good/gst/rtp/libgstrtp.so.p/gstrtpL24depay.c.o
#5 257.2 [1032/2937] Compiling C object subprojects/gst-plugins-good/gst/rtp/libgstrtp.so.p/gstrtpL24pay.c.o
#5 257.3 [1033/2937] Compiling C object subprojects/gst-plugins-good/gst/rtp/libgstrtp.so.p/gstasteriskh263.c.o
#5 257.4 [1034/2937] Compiling C object subprojects/gst-plugins-good/gst/rtp/libgstrtp.so.p/gstrtpmp2tdepay.c.o
#5 257.6 [1035/2937] Compiling C object subprojects/gst-plugins-good/gst/rtp/libgstrtp.so.p/gstrtpldacpay.c.o
#5 257.7 [1036/2937] Compiling C object subprojects/gst-plugins-good/gst/rtp/libgstrtp.so.p/gstrtpmp2tpay.c.o
#5 257.7 [1037/2937] Compiling C object subprojects/gst-plugins-good/gst/rtp/libgstrtp.so.p/gstrtpmp1sdepay.c.o
#5 257.9 [1038/2937] Compiling C object subprojects/gst-plugins-good/gst/rtp/libgstrtp.so.p/gstrtpmp4vdepay.c.o
#5 258.0 [1039/2937] Compiling C object subprojects/gst-plugins-good/gst/rtp/libgstrtp.so.p/gstrtpmp4vpay.c.o
#5 258.3 [1040/2937] Compiling C object subprojects/gst-plugins-good/gst/rtp/libgstrtp.so.p/gstrtpmp4gpay.c.o
#5 258.3 [1041/2937] Compiling C object subprojects/gst-plugins-good/gst/rtp/libgstrtp.so.p/gstrtpmp4gdepay.c.o
#5 258.8 [1042/2937] Compiling C object subprojects/gst-plugins-good/gst/rtp/libgstrtp.so.p/gstrtpqdmdepay.c.o
#5 258.8 [1043/2937] Compiling C object subprojects/gst-plugins-good/gst/rtp/libgstrtp.so.p/gstrtpmp4adepay.c.o
#5 258.9 [1044/2937] Compiling C object subprojects/gst-plugins-good/gst/rtp/libgstrtp.so.p/gstrtpqcelpdepay.c.o
#5 259.0 [1045/2937] Compiling C object subprojects/gst-plugins-good/gst/rtp/libgstrtp.so.p/gstrtpmp4apay.c.o
#5 259.1 [1046/2937] Compiling C object subprojects/gst-plugins-good/gst/rtp/libgstrtp.so.p/gstrtpsbcpay.c.o
#5 259.2 [1047/2937] Compiling C object subprojects/gst-plugins-good/gst/rtp/libgstrtp.so.p/gstrtpsirenpay.c.o
#5 259.3 [1048/2937] Compiling C object subprojects/gst-plugins-good/gst/rtp/libgstrtp.so.p/gstrtpsbcdepay.c.o
#5 259.6 [1049/2937] Compiling C object subprojects/gst-plugins-good/gst/rtp/libgstrtp.so.p/gstrtpspeexdepay.c.o
#5 259.8 [1050/2937] Compiling C object subprojects/gst-plugins-good/gst/rtp/libgstrtp.so.p/gstrtpspeexpay.c.o
#5 260.0 [1051/2937] Compiling C object subprojects/gst-plugins-good/gst/rtp/libgstrtp.so.p/gstrtptheoradepay.c.o
#5 260.0 [1052/2937] Compiling C object subprojects/gst-plugins-good/gst/rtp/libgstrtp.so.p/gstrtpsirendepay.c.o
#5 260.1 [1053/2937] Compiling C object subprojects/gst-plugins-good/gst/rtp/libgstrtp.so.p/gstrtpsv3vdepay.c.o
#5 260.3 [1054/2937] Compiling C object subprojects/gst-plugins-good/gst/rtp/libgstrtp.so.p/gstrtptheorapay.c.o
#5 260.9 [1055/2937] Compiling C object subprojects/gst-plugins-good/gst/rtp/libgstrtp.so.p/gstrtpvp8pay.c.o
#5 261.0 [1056/2937] Compiling C object subprojects/gst-plugins-good/gst/rtp/libgstrtp.so.p/gstrtpvp9depay.c.o
#5 261.1 [1057/2937] Compiling C object subprojects/gst-plugins-good/gst/rtp/libgstrtp.so.p/gstrtpvorbisdepay.c.o
#5 261.1 [1058/2937] Compiling C object subprojects/gst-plugins-good/gst/rtp/libgstrtp.so.p/gstrtpvp8depay.c.o
#5 261.1 [1059/2937] Compiling C object subprojects/gst-plugins-good/gst/rtp/libgstrtp.so.p/gstrtpvorbispay.c.o
#5 261.6 [1060/2937] Compiling C object subprojects/gst-plugins-good/gst/rtp/libgstrtp.so.p/gstrtpvp9pay.c.o
#5 261.7 [1061/2937] Compiling C object subprojects/gst-plugins-good/gst/rtp/libgstrtp.so.p/gstrtpvrawpay.c.o
#5 261.7 [1062/2937] Compiling C object subprojects/gst-plugins-good/gst/rtp/libgstrtp.so.p/gstrtputils.c.o
#5 261.9 [1063/2937] Compiling C object subprojects/gst-plugins-good/gst/rtp/libgstrtp.so.p/rtpulpfeccommon.c.o
#5 262.0 [1064/2937] Compiling C object subprojects/gst-plugins-good/gst/rtp/libgstrtp.so.p/gstrtpvrawdepay.c.o
#5 262.1 [1065/2937] Compiling C object subprojects/gst-plugins-good/gst/rtp/libgstrtp.so.p/rtpredcommon.c.o
#5 262.3 [1066/2937] Compiling C object subprojects/gst-plugins-good/gst/rtp/libgstrtp.so.p/gstrtpstreampay.c.o
#5 262.4 [1067/2937] Compiling C object subprojects/gst-plugins-good/gst/rtp/libgstrtp.so.p/gstrtpulpfecenc.c.o
#5 262.5 [1068/2937] Compiling C object subprojects/gst-plugins-good/gst/rtp/libgstrtp.so.p/gstrtpstreamdepay.c.o
#5 262.5 [1069/2937] Compiling C object subprojects/gst-plugins-good/gst/rtp/libgstrtp.so.p/gstrtpulpfecdec.c.o
#5 263.0 [1070/2937] Compiling C object subprojects/gst-plugins-good/gst/rtp/libgstrtp.so.p/gstrtpreddec.c.o
#5 263.0 [1071/2937] Compiling C object subprojects/gst-plugins-good/gst/rtp/libgstrtp.so.p/rtpstoragestream.c.o
#5 263.1 [1072/2937] Compiling C object subprojects/gst-plugins-good/gst/rtp/libgstrtp.so.p/gstrtpredenc.c.o
#5 263.2 [1073/2937] Compiling C object subprojects/gst-plugins-good/gst/rtp/libgstrtp.so.p/gstrtpisacdepay.c.o
#5 263.3 [1074/2937] Compiling C object subprojects/gst-plugins-good/gst/rtp/libgstrtp.so.p/rtpstorage.c.o
#5 263.4 [1075/2937] Compiling C object subprojects/gst-plugins-good/gst/rtp/libgstrtp.so.p/gstrtpisacpay.c.o
#5 263.4 [1076/2937] Compiling C object subprojects/gst-plugins-good/gst/rtp/libgstrtp.so.p/gstrtpstorage.c.o
#5 264.1 [1077/2937] Compiling C object subprojects/gst-plugins-good/gst/rtpmanager/libgstrtpmanager.so.p/gstrtphdrext-twcc.c.o
#5 264.1 [1078/2937] Compiling C object subprojects/gst-plugins-good/gst/rtpmanager/libgstrtpmanager.so.p/gstrtphdrext-clientaudiolevel.c.o
#5 264.3 [1079/2937] Compiling C object subprojects/gst-plugins-good/gst/rtpmanager/libgstrtpmanager.so.p/gstrtpdtmfmux.c.o
#5 264.4 [1080/2937] Compiling C object subprojects/gst-plugins-good/gst/rtpmanager/libgstrtpmanager.so.p/gstrtpmanager.c.o
#5 264.8 [1081/2937] Compiling C object subprojects/gst-plugins-good/gst/rtpmanager/libgstrtpmanager.so.p/gstrtphdrext-ntp.c.o
#5 264.9 [1082/2937] Compiling C object subprojects/gst-plugins-good/gst/rtpmanager/libgstrtpmanager.so.p/gstrtphdrext-mid.c.o
#5 265.1 [1083/2937] Compiling C object subprojects/gst-plugins-good/gst/rtpmanager/libgstrtpmanager.so.p/gstrtphdrext-repairedstreamid.c.o
#5 265.5 [1084/2937] Compiling C object subprojects/gst-plugins-good/gst/rtpmanager/libgstrtpmanager.so.p/gstrtpmux.c.o
#5 265.5 [1085/2937] Compiling C object subprojects/gst-plugins-good/gst/rtpmanager/libgstrtpmanager.so.p/gstrtpbin.c.o
#5 265.6 [1086/2937] Compiling C object subprojects/gst-plugins-good/gst/rtpmanager/libgstrtpmanager.so.p/gstrtphdrext-streamid.c.o
#5 266.2 [1087/2937] Compiling C object subprojects/gst-plugins-good/gst/rtpmanager/libgstrtpmanager.so.p/gstrtpptdemux.c.o
#5 266.2 [1088/2937] Compiling C object subprojects/gst-plugins-good/gst/rtpmanager/libgstrtpmanager.so.p/gstrtprtxreceive.c.o
#5 266.4 [1089/2937] Compiling C object subprojects/gst-plugins-good/gst/rtpmanager/libgstrtpmanager.so.p/gstrtprtxqueue.c.o
#5 266.4 [1090/2937] Compiling C object subprojects/gst-plugins-good/gst/rtpmanager/libgstrtpmanager.so.p/gstrtprtxsend.c.o
#5 266.7 [1091/2937] Compiling C object subprojects/gst-plugins-good/gst/rtpmanager/libgstrtpmanager.so.p/rtpjitterbuffer.c.o
#5 266.9 [1092/2937] Compiling C object subprojects/gst-plugins-good/gst/rtpmanager/libgstrtpmanager.so.p/gstrtpssrcdemux.c.o
#5 266.9 [1093/2937] Compiling C object subprojects/gst-plugins-good/gst/rtpmanager/libgstrtpmanager.so.p/gstrtpjitterbuffer.c.o
#5 267.4 [1094/2937] Compiling C object subprojects/gst-plugins-good/gst/rtpmanager/libgstrtpmanager.so.p/rtptimerqueue.c.o
#5 267.7 [1095/2937] Compiling C object subprojects/gst-plugins-good/gst/rtpmanager/libgstrtpmanager.so.p/rtpstats.c.o
#5 267.9 [1096/2937] Compiling C object subprojects/gst-plugins-good/gst/rtpmanager/libgstrtpmanager.so.p/gstrtpfunnel.c.o
#5 268.4 [1097/2937] Compiling C object subprojects/gst-plugins-good/gst/rtpmanager/libgstrtpmanager.so.p/gstrtpsession.c.o
#5 268.4 [1098/2937] Compiling C object subprojects/gst-plugins-good/gst/rtpmanager/libgstrtpmanager.so.p/rtpsource.c.o
#5 268.6 [1099/2937] Compiling C object subprojects/gst-plugins-good/gst/rtpmanager/libgstrtpmanager.so.p/gstrtpst2022-1-fecdec.c.o
#5 268.8 [1100/2937] Compiling C object subprojects/gst-plugins-good/gst/rtpmanager/libgstrtpmanager.so.p/rtpsession.c.o
#5 268.8 [1101/2937] Compiling C object subprojects/gst-plugins-good/gst/rtpmanager/libgstrtpmanager.so.p/gstrtputils.c.o
#5 268.9 [1102/2937] Compiling C object subprojects/gst-plugins-good/gst/rtpmanager/libgstrtpmanager.so.p/rtptwcc.c.o
#5 268.9 [1103/2937] Compiling C object subprojects/gst-plugins-good/gst/rtpmanager/libgstrtpmanager.so.p/gstrtpst2022-1-fecenc.c.o
#5 269.1 [1104/2937] Compiling C object subprojects/gst-plugins-good/gst/rtsp/libgstrtsp.so.p/gstrtsp.c.o
#5 269.2 [1105/2937] Compiling C object subprojects/gst-plugins-good/gst/rtsp/libgstrtsp.so.p/gstrtspelement.c.o
#5 269.5 [1106/2937] Compiling C object subprojects/gst-plugins-good/gst/rtsp/libgstrtsp.so.p/gstrtspext.c.o
#5 269.9 [1107/2937] Compiling C object subprojects/gst-plugins-good/gst/smpte/libgstsmpte.so.p/barboxwipes.c.o
#5 270.0 [1108/2937] Compiling C object subprojects/gst-plugins-good/gst/smpte/libgstsmpte.so.p/gstsmpte.c.o
#5 270.1 [1109/2937] Compiling C object subprojects/gst-plugins-good/gst/rtsp/libgstrtsp.so.p/gstrtpdec.c.o
#5 270.1 [1110/2937] Compiling C object subprojects/gst-plugins-good/gst/smpte/libgstsmpte.so.p/paint.c.o
#5 270.3 [1111/2937] Compiling C object subprojects/gst-plugins-good/gst/smpte/libgstsmpte.so.p/gstmask.c.o
#5 270.3 [1112/2937] Compiling C object subprojects/gst-plugins-good/gst/shapewipe/libgstshapewipe.so.p/gstshapewipe.c.o
#5 270.6 [1113/2937] Compiling C object subprojects/gst-plugins-good/gst/smpte/libgstsmpte.so.p/plugin.c.o
#5 270.8 [1114/2937] Compiling C object subprojects/gst-plugins-good/gst/smpte/libgstsmpte.so.p/gstsmptealpha.c.o
#5 271.0 [1115/2937] Compiling C object subprojects/gst-plugins-good/gst/udp/libgstudp.so.p/gstudp.c.o
#5 271.3 [1116/2937] Compiling C object subprojects/gst-plugins-good/gst/spectrum/libgstspectrum.so.p/gstspectrum.c.o
#5 271.5 [1117/2937] Compiling C object subprojects/gst-plugins-good/gst/udp/libgstudp.so.p/gstudpelement.c.o
#5 271.6 [1118/2937] Generating subprojects/gst-plugins-good/gst/videobox/gstvideoboxorc.h with a custom command
#5 271.6 [1119/2937] Generating subprojects/gst-plugins-good/gst/videobox/gstvideoboxorc.c with a custom command
#5 271.8 [1120/2937] Compiling C object subprojects/gst-plugins-good/gst/rtsp/libgstrtsp.so.p/gstrtspsrc.c.o
#5 271.9 [1121/2937] Compiling C object subprojects/gst-plugins-good/gst/udp/libgstudp.so.p/gstudpnetutils.c.o
#5 272.0 [1122/2937] Compiling C object subprojects/gst-plugins-good/gst/videobox/libgstvideobox.so.p/meson-generated_.._gstvideoboxorc.c.o
#5 272.2 [1123/2937] Compiling C object subprojects/gst-plugins-good/gst/udp/libgstudp.so.p/gstudpsink.c.o
#5 272.6 [1124/2937] Compiling C object subprojects/gst-plugins-good/gst/udp/libgstudp.so.p/gstdynudpsink.c.o
#5 272.7 [1125/2937] Compiling C object subprojects/gst-plugins-good/gst/udp/libgstudp.so.p/gstmultiudpsink.c.o
#5 273.2 [1126/2937] Compiling C object subprojects/gst-plugins-good/gst/videocrop/libgstvideocrop.so.p/gstvideocropplugin.c.o
#5 273.3 [1127/2937] Compiling C object subprojects/gst-plugins-good/gst/udp/libgstudp.so.p/gstudpsrc.c.o
#5 273.3 [1128/2937] Compiling C object subprojects/gst-plugins-good/gst/videocrop/libgstvideocrop.so.p/gstvideocrop.c.o
#5 273.3 [1129/2937] Compiling C object subprojects/gst-plugins-good/gst/videocrop/libgstvideocrop.so.p/gstaspectratiocrop.c.o
#5 273.3 [1130/2937] Generating subprojects/gst-plugins-good/gst/videomixer/videomixerorc.h with a custom command
#5 273.4 [1131/2937] Generating subprojects/gst-plugins-good/gst/videomixer/videomixerorc.c with a custom command
#5 273.4 [1132/2937] Compiling C object subprojects/gst-plugins-good/gst/videofilter/libgstvideofilter.so.p/plugin.c.o
#5 274.0 [1133/2937] Compiling C object subprojects/gst-plugins-good/gst/videofilter/libgstvideofilter.so.p/gstvideobalance.c.o
#5 274.1 [1134/2937] Compiling C object subprojects/gst-plugins-good/gst/videobox/libgstvideobox.so.p/gstvideobox.c.o
#5 274.4 [1135/2937] Compiling C object subprojects/gst-plugins-good/gst/videomixer/libgstvideomixer.so.p/meson-generated_.._videomixerorc.c.o
#5 274.4 [1136/2937] Compiling C object subprojects/gst-plugins-good/gst/videofilter/libgstvideofilter.so.p/gstgamma.c.o
#5 274.4 [1137/2937] Compiling C object subprojects/gst-plugins-good/gst/videofilter/libgstvideofilter.so.p/gstvideomedian.c.o
#5 275.0 [1138/2937] Compiling C object subprojects/gst-plugins-good/gst/xingmux/libgstxingmux.so.p/plugin.c.o
#5 275.0 [1139/2937] Compiling C object subprojects/gst-plugins-good/gst/videomixer/libgstvideomixer.so.p/blend.c.o
#5 275.1 [1140/2937] Compiling C object subprojects/gst-plugins-good/gst/videofilter/libgstvideofilter.so.p/gstvideoflip.c.o
#5 275.3 [1141/2937] Compiling C object subprojects/gst-plugins-good/gst/xingmux/libgstxingmux.so.p/gstxingmux.c.o
#5 275.6 [1142/2937] Compiling C object subprojects/gst-plugins-good/gst/wavenc/libgstwavenc.so.p/gstwavenc.c.o
#5 275.8 [1143/2937] Compiling C object subprojects/gst-plugins-good/gst/videomixer/libgstvideomixer.so.p/videomixer2.c.o
#5 276.0 [1144/2937] Compiling C object subprojects/gst-plugins-good/sys/oss/libgstossaudio.so.p/gstossaudio.c.o
#5 276.1 [1145/2937] Compiling C object subprojects/gst-plugins-good/sys/oss/libgstossaudio.so.p/gstossaudioelement.c.o
#5 276.2 [1146/2937] Compiling C object subprojects/gst-plugins-good/gst/y4m/libgsty4menc.so.p/gsty4mencode.c.o
#5 276.3 [1147/2937] Compiling C object subprojects/gst-plugins-good/gst/wavparse/libgstwavparse.so.p/gstwavparse.c.o
#5 276.3 [1148/2937] Compiling C object subprojects/gst-plugins-good/sys/oss/libgstossaudio.so.p/gstosshelper.c.o
#5 276.6 [1149/2937] Compiling C object subprojects/gst-plugins-good/sys/oss4/libgstoss4.so.p/gstoss4audioplugin.c.o
#5 276.9 [1150/2937] Compiling C object subprojects/gst-plugins-good/sys/oss/libgstossaudio.so.p/gstosssink.c.o
#5 277.2 [1151/2937] Compiling C object subprojects/gst-plugins-good/sys/oss/libgstossaudio.so.p/gstosssrc.c.o
#5 277.2 [1152/2937] Compiling C object subprojects/gst-plugins-good/sys/oss4/libgstoss4.so.p/oss4-sink.c.o
#5 277.3 [1153/2937] Compiling C object subprojects/gst-plugins-good/sys/oss4/libgstoss4.so.p/oss4-property-probe.c.o
#5 277.6 [1154/2937] Compiling C object subprojects/gst-plugins-good/sys/oss4/libgstoss4.so.p/oss4-audio.c.o
#5 277.6 [1155/2937] Compiling C object subprojects/gst-plugins-good/sys/oss4/libgstoss4.so.p/oss4-source.c.o
#5 277.7 [1156/2937] Compiling C object subprojects/gst-plugins-good/sys/v4l2/libgstvideo4linux2.so.p/gstv4l2element.c.o
#5 278.0 [1157/2937] Compiling C object subprojects/gst-plugins-good/sys/v4l2/libgstvideo4linux2.so.p/gstv4l2codec.c.o
#5 278.3 [1158/2937] Compiling C object subprojects/gst-plugins-good/sys/v4l2/libgstvideo4linux2.so.p/gstv4l2.c.o
#5 278.4 [1159/2937] Compiling C object subprojects/gst-plugins-good/sys/v4l2/libgstvideo4linux2.so.p/gstv4l2colorbalance.c.o
#5 278.5 [1160/2937] Compiling C object subprojects/gst-plugins-good/sys/v4l2/libgstvideo4linux2.so.p/gstv4l2deviceprovider.c.o
#5 279.0 [1161/2937] Compiling C object subprojects/gst-plugins-good/sys/v4l2/libgstvideo4linux2.so.p/gstv4l2bufferpool.c.o
#5 279.3 [1162/2937] Compiling C object subprojects/gst-plugins-good/sys/v4l2/libgstvideo4linux2.so.p/gstv4l2sink.c.o
#5 279.5 [1163/2937] Compiling C object subprojects/gst-plugins-good/sys/v4l2/libgstvideo4linux2.so.p/gstv4l2allocator.c.o
#5 279.7 [1164/2937] Compiling C object subprojects/gst-plugins-good/sys/v4l2/libgstvideo4linux2.so.p/gstv4l2object.c.o
#5 279.8 [1165/2937] Compiling C object subprojects/gst-plugins-good/sys/v4l2/libgstvideo4linux2.so.p/gstv4l2radio.c.o
#5 279.9 [1166/2937] Compiling C object subprojects/gst-plugins-good/sys/v4l2/libgstvideo4linux2.so.p/gstv4l2src.c.o
#5 280.1 [1167/2937] Compiling C object subprojects/gst-plugins-good/sys/v4l2/libgstvideo4linux2.so.p/gstv4l2tuner.c.o
#5 280.4 [1168/2937] Compiling C object subprojects/gst-plugins-good/sys/v4l2/libgstvideo4linux2.so.p/gstv4l2h264codec.c.o
#5 280.7 [1169/2937] Compiling C object subprojects/gst-plugins-good/sys/v4l2/libgstvideo4linux2.so.p/gstv4l2videodec.c.o
#5 280.8 [1170/2937] Compiling C object subprojects/gst-plugins-good/sys/v4l2/libgstvideo4linux2.so.p/gstv4l2videoenc.c.o
#5 280.9 [1171/2937] Compiling C object subprojects/gst-plugins-good/sys/v4l2/libgstvideo4linux2.so.p/gstv4l2fwhtenc.c.o
#5 280.9 [1172/2937] Compiling C object subprojects/gst-plugins-good/sys/v4l2/libgstvideo4linux2.so.p/gstv4l2h263enc.c.o
#5 281.1 [1173/2937] Compiling C object subprojects/gst-plugins-good/sys/v4l2/libgstvideo4linux2.so.p/gstv4l2transform.c.o
#5 281.3 [1174/2937] Compiling C object subprojects/gst-plugins-good/sys/v4l2/libgstvideo4linux2.so.p/gstv4l2h265codec.c.o
#5 281.3 [1175/2937] Compiling C object subprojects/gst-plugins-good/sys/v4l2/libgstvideo4linux2.so.p/gstv4l2h264enc.c.o
#5 281.5 [1176/2937] Compiling C object subprojects/gst-plugins-good/sys/v4l2/libgstvideo4linux2.so.p/gstv4l2mpeg2codec.c.o
#5 281.7 [1177/2937] Compiling C object subprojects/gst-plugins-good/sys/v4l2/libgstvideo4linux2.so.p/gstv4l2jpegenc.c.o
#5 281.7 [1178/2937] Linking target subprojects/gstreamer/libs/gst/base/libgstbase-1.0.so.0.2200.0
#5 281.7 [1179/2937] Compiling C object subprojects/gst-plugins-good/sys/v4l2/libgstvideo4linux2.so.p/gstv4l2h265enc.c.o
#5 281.9 [1180/2937] Compiling C object subprojects/gst-plugins-good/sys/v4l2/libgstvideo4linux2.so.p/gstv4l2vidorient.c.o
#5 282.0 [1181/2937] Compiling C object subprojects/gst-plugins-good/sys/v4l2/libgstvideo4linux2.so.p/gstv4l2mpeg4codec.c.o
#5 282.0 [1182/2937] Compiling C object subprojects/gst-plugins-good/sys/v4l2/libgstvideo4linux2.so.p/gstv4l2mpeg4enc.c.o
#5 282.0 [1183/2937] Compiling C object subprojects/gst-plugins-good/sys/v4l2/libgstvideo4linux2.so.p/gstv4l2vp8codec.c.o
#5 282.3 [1184/2937] Compiling C object subprojects/gst-plugins-good/sys/v4l2/libgstvideo4linux2.so.p/gstv4l2vp8enc.c.o
#5 282.3 [1185/2937] Generating symbol file subprojects/gstreamer/libs/gst/base/libgstbase-1.0.so.0.2200.0.p/libgstbase-1.0.so.0.2200.0.symbols
#5 282.3 [1186/2937] Compiling C object subprojects/gst-plugins-good/sys/v4l2/libgstvideo4linux2.so.p/gstv4l2vp9codec.c.o
#5 282.7 [1187/2937] Compiling C object subprojects/gst-plugins-good/sys/v4l2/libgstvideo4linux2.so.p/gstv4l2vp9enc.c.o
#5 282.7 [1188/2937] Compiling C object subprojects/gst-plugins-good/sys/v4l2/libgstvideo4linux2.so.p/tunerchannel.c.o
#5 282.7 [1189/2937] Compiling C object subprojects/gst-plugins-good/sys/v4l2/libgstvideo4linux2.so.p/tuner.c.o
#5 283.1 [1190/2937] Compiling C object subprojects/gst-plugins-good/sys/v4l2/libgstvideo4linux2.so.p/tunernorm.c.o
#5 283.1 [1191/2937] Compiling C object subprojects/gst-plugins-good/sys/v4l2/libgstvideo4linux2.so.p/v4l2-utils.c.o
#5 284.1 [1192/2937] Compiling C object subprojects/gst-plugins-good/sys/v4l2/libgstvideo4linux2.so.p/v4l2_calls.c.o
#5 289.4 [1193/2937] Linking target subprojects/gst-plugins-base/gst/gio/libgstgio.so
#5 291.2 [1194/2937] Linking target subprojects/gst-plugins-base/gst/subparse/libgstsubparse.so
#5 291.3 [1195/2937] Linking target subprojects/gst-plugins-base/gst-libs/gst/app/libgstapp-1.0.so.0.2200.0
#5 291.9 [1196/2937] Generating symbol file subprojects/gst-plugins-base/gst-libs/gst/app/libgstapp-1.0.so.0.2200.0.p/libgstapp-1.0.so.0.2200.0.symbols
#5 292.6 [1197/2937] Linking target subprojects/gst-plugins-good/gst/xingmux/libgstxingmux.so
#5 293.0 [1198/2937] Linking target subprojects/gstreamer/libs/gst/net/libgstnet-1.0.so.0.2200.0
#5 293.0 [1199/2937] Linking target subprojects/gst-plugins-good/gst/multipart/libgstmultipart.so
#5 293.4 [1200/2937] Compiling C object subprojects/gst-plugins-good/sys/ximage/libgstximagesrc.so.p/gstximagesrc.c.o
#5 293.7 [1201/2937] Generating symbol file subprojects/gstreamer/libs/gst/net/libgstnet-1.0.so.0.2200.0.p/libgstnet-1.0.so.0.2200.0.symbols
#5 293.9 [1202/2937] Compiling C object subprojects/gst-plugins-good/sys/ximage/libgstximagesrc.so.p/ximageutil.c.o
#5 294.5 [1203/2937] Compiling C object subprojects/gst-plugins-good/ext/aalib/libgstaasink.so.p/gstaasink.c.o
#5 294.8 [1204/2937] Compiling C object subprojects/gst-plugins-good/ext/aalib/libgstaasink.so.p/gstaatv.c.o
#5 295.7 [1205/2937] Linking target subprojects/gst-plugins-base/gst-libs/gst/rtsp/libgstrtsp-1.0.so.0.2200.0
#5 296.1 [1206/2937] Compiling C object subprojects/gst-plugins-good/ext/adaptivedemux2/libgstadaptivedemux2.so.p/plugin.c.o
#5 296.2 [1207/2937] Compiling C object subprojects/gst-plugins-good/ext/aalib/libgstaasink.so.p/gstaaplugin.c.o
#5 296.7 [1208/2937] Generating symbol file subprojects/gst-plugins-base/gst-libs/gst/rtsp/libgstrtsp-1.0.so.0.2200.0.p/libgstrtsp-1.0.so.0.2200.0.symbols
#5 298.4 [1209/2937] Compiling C object subprojects/gst-plugins-good/ext/adaptivedemux2/libgstadaptivedemux2.so.p/gstadaptivedemuxelement.c.o
#5 299.1 [1210/2937] Compiling C object subprojects/gst-plugins-good/ext/adaptivedemux2/libgstadaptivedemux2.so.p/gstisoff.c.o
#5 300.2 [1211/2937] Compiling C object subprojects/gst-plugins-good/ext/adaptivedemux2/libgstadaptivedemux2.so.p/gstadaptivedemux-period.c.o
#5 300.4 [1212/2937] Compiling C object subprojects/gst-plugins-good/ext/adaptivedemux2/libgstadaptivedemux2.so.p/gstadaptivedemux.c.o
#5 300.8 [1213/2937] Compiling C object subprojects/gst-plugins-good/ext/adaptivedemux2/libgstadaptivedemux2.so.p/gstadaptivedemuxutils.c.o
#5 301.2 [1214/2937] Compiling C object subprojects/gst-plugins-good/ext/adaptivedemux2/libgstadaptivedemux2.so.p/gstadaptivedemux-track.c.o
#5 301.5 [1215/2937] Linking target subprojects/gst-plugins-good/gst/udp/libgstudp.so
#5 302.0 [1216/2937] Compiling C object subprojects/gst-plugins-good/ext/adaptivedemux2/libgstadaptivedemux2.so.p/gstadaptivedemux-stream.c.o
#5 302.0 [1217/2937] Compiling C object subprojects/gst-plugins-good/ext/adaptivedemux2/libgstadaptivedemux2.so.p/downloadrequest.c.o
#5 303.1 [1218/2937] Compiling C object subprojects/gst-plugins-good/ext/adaptivedemux2/libgstadaptivedemux2.so.p/.._soup_gstsouploader.c.o
#5 303.1 [1219/2937] Compiling C object subprojects/gst-plugins-good/ext/adaptivedemux2/libgstadaptivedemux2.so.p/downloadhelper.c.o
#5 303.2 [1220/2937] Linking target subprojects/gst-plugins-base/gst/tcp/libgsttcp.so
#5 303.5 [1221/2937] Compiling C object subprojects/gst-plugins-good/ext/adaptivedemux2/libgstadaptivedemux2.so.p/dash_gstmpdnode.c.o
#5 304.1 [1222/2937] Compiling C object subprojects/gst-plugins-good/ext/adaptivedemux2/libgstadaptivedemux2.so.p/dash_gstmpdutctimingnode.c.o
#5 304.4 [1223/2937] Compiling C object subprojects/gst-plugins-good/ext/adaptivedemux2/libgstadaptivedemux2.so.p/dash_gstmpdrootnode.c.o
#5 304.8 [1224/2937] Compiling C object subprojects/gst-plugins-good/ext/adaptivedemux2/libgstadaptivedemux2.so.p/dash_gstmpdbaseurlnode.c.o
#5 305.2 [1225/2937] Compiling C object subprojects/gst-plugins-good/ext/adaptivedemux2/libgstadaptivedemux2.so.p/dash_gstmpdmetricsnode.c.o
#5 305.5 [1226/2937] Compiling C object subprojects/gst-plugins-good/ext/adaptivedemux2/libgstadaptivedemux2.so.p/dash_gstmpdsnode.c.o
#5 305.7 [1227/2937] Compiling C object subprojects/gst-plugins-good/ext/adaptivedemux2/libgstadaptivedemux2.so.p/dash_gstmpdmetricsrangenode.c.o
#5 306.3 [1228/2937] Compiling C object subprojects/gst-plugins-good/ext/adaptivedemux2/libgstadaptivedemux2.so.p/dash_gstmpdsegmenttimelinenode.c.o
#5 306.3 [1229/2937] Linking target subprojects/gst-plugins-base/gst-libs/gst/tag/libgsttag-1.0.so.0.2200.0
#5 306.5 [1230/2937] Compiling C object subprojects/gst-plugins-good/ext/adaptivedemux2/libgstadaptivedemux2.so.p/dash_gstmpdsegmenttemplatenode.c.o
#5 306.7 [1231/2937] Compiling C object subprojects/gst-plugins-good/ext/adaptivedemux2/libgstadaptivedemux2.so.p/dash_gstmpdsegmentlistnode.c.o
#5 306.8 [1232/2937] Compiling C object subprojects/gst-plugins-good/ext/adaptivedemux2/libgstadaptivedemux2.so.p/dash_gstmpdsegmenturlnode.c.o
#5 306.8 [1233/2937] Compiling C object subprojects/gst-plugins-good/ext/adaptivedemux2/libgstadaptivedemux2.so.p/dash_gstdashdemux.c.o
#5 306.9 [1234/2937] Generating symbol file subprojects/gst-plugins-base/gst-libs/gst/tag/libgsttag-1.0.so.0.2200.0.p/libgsttag-1.0.so.0.2200.0.symbols
#5 307.4 [1235/2937] Compiling C object subprojects/gst-plugins-good/ext/adaptivedemux2/libgstadaptivedemux2.so.p/dash_gstmpdperiodnode.c.o
#5 307.5 [1236/2937] Compiling C object subprojects/gst-plugins-good/ext/adaptivedemux2/libgstadaptivedemux2.so.p/dash_gstmpdsegmentbasenode.c.o
#5 307.7 [1237/2937] Compiling C object subprojects/gst-plugins-good/ext/adaptivedemux2/libgstadaptivedemux2.so.p/dash_gstmpdrepresentationnode.c.o
#5 307.7 [1238/2937] Compiling C object subprojects/gst-plugins-good/ext/adaptivedemux2/libgstadaptivedemux2.so.p/dash_gstmpdrepresentationbasenode.c.o
#5 308.1 [1239/2937] Compiling C object subprojects/gst-plugins-good/ext/adaptivedemux2/libgstadaptivedemux2.so.p/dash_gstmpdmultsegmentbasenode.c.o
#5 308.2 [1240/2937] Linking target subprojects/gst-plugins-base/gst/app/libgstapp.so
#5 309.1 [1241/2937] Linking target subprojects/gst-plugins-base/gst-libs/gst/tag/mklicensestables
#5 309.4 [1242/2937] Compiling C object subprojects/gst-plugins-good/ext/adaptivedemux2/libgstadaptivedemux2.so.p/dash_gstmpdsubrepresentationnode.c.o
#5 309.5 [1243/2937] Compiling C object subprojects/gst-plugins-good/ext/adaptivedemux2/libgstadaptivedemux2.so.p/dash_gstmpdcontentcomponentnode.c.o
#5 309.6 [1244/2937] Linking target subprojects/gst-plugins-good/gst/icydemux/libgsticydemux.so
#5 310.3 [1245/2937] Compiling C object subprojects/gst-plugins-good/ext/adaptivedemux2/libgstadaptivedemux2.so.p/dash_gstmpdprograminformationnode.c.o
#5 310.5 [1246/2937] Compiling C object subprojects/gst-plugins-good/ext/adaptivedemux2/libgstadaptivedemux2.so.p/dash_gstmpdadaptationsetnode.c.o
#5 310.7 [1247/2937] Compiling C object subprojects/gst-plugins-good/ext/adaptivedemux2/libgstadaptivedemux2.so.p/dash_gstmpdlocationnode.c.o
#5 310.7 [1248/2937] Compiling C object subprojects/gst-plugins-good/ext/adaptivedemux2/libgstadaptivedemux2.so.p/dash_gstmpdsubsetnode.c.o
#5 311.2 [1249/2937] Compiling C object subprojects/gst-plugins-good/ext/adaptivedemux2/libgstadaptivedemux2.so.p/dash_gstmpdreportingnode.c.o
#5 311.3 [1250/2937] Compiling C object subprojects/gst-plugins-good/ext/adaptivedemux2/libgstadaptivedemux2.so.p/dash_gstmpdurltypenode.c.o
#5 312.1 [1251/2937] Compiling C object subprojects/gst-plugins-good/ext/adaptivedemux2/libgstadaptivedemux2.so.p/dash_gstmpddescriptortypenode.c.o
#5 312.1 [1252/2937] Linking target subprojects/gst-plugins-good/gst/multifile/test-splitmuxpartreader
#5 312.2 [1253/2937] Compiling C object subprojects/gst-plugins-good/ext/adaptivedemux2/libgstadaptivedemux2.so.p/dash_gstxmlhelper.c.o
#5 312.8 [1254/2937] Compiling C object subprojects/gst-plugins-good/ext/adaptivedemux2/libgstadaptivedemux2.so.p/dash_gstmpdhelper.c.o
#5 312.9 [1255/2937] Compiling C object subprojects/gst-plugins-good/ext/adaptivedemux2/libgstadaptivedemux2.so.p/dash_gstmpdparser.c.o
#5 313.9 [1256/2937] Compiling C object subprojects/gst-plugins-good/ext/adaptivedemux2/libgstadaptivedemux2.so.p/dash_gstmpdclient.c.o
#5 313.9 [1257/2937] Compiling C object subprojects/gst-plugins-good/ext/adaptivedemux2/libgstadaptivedemux2.so.p/mss_gstmssfragmentparser.c.o
#5 314.1 [1258/2937] Compiling C object subprojects/gst-plugins-good/ext/adaptivedemux2/libgstadaptivedemux2.so.p/mss_gstmssmanifest.c.o
#5 314.3 [1259/2937] Compiling C object subprojects/gst-plugins-good/ext/adaptivedemux2/libgstadaptivedemux2.so.p/mss_gstmssdemux.c.o
#5 314.5 [1260/2937] Compiling C object subprojects/gst-plugins-good/ext/adaptivedemux2/libgstadaptivedemux2.so.p/hls_gsthlselement.c.o
#5 315.5 [1261/2937] Compiling C object subprojects/gst-plugins-good/ext/cairo/libgstcairo.so.p/gstcairooverlay.c.o
#5 315.5 [1262/2937] Compiling C object subprojects/gst-plugins-good/ext/cairo/libgstcairo.so.p/gstcairo.c.o
#5 315.6 [1263/2937] Compiling C object subprojects/gst-plugins-good/ext/adaptivedemux2/libgstadaptivedemux2.so.p/hls_gsthlsdemux-util.c.o
#5 316.0 [1264/2937] Compiling C object subprojects/gst-plugins-good/ext/flac/libgstflac.so.p/gstflac.c.o
#5 316.1 [1265/2937] Compiling C object subprojects/gst-plugins-good/ext/flac/libgstflac.so.p/gstflacelement.c.o
#5 316.2 [1266/2937] Compiling C object subprojects/gst-plugins-good/ext/adaptivedemux2/libgstadaptivedemux2.so.p/hls_gsthlsdemux.c.o
#5 316.3 [1267/2937] Compiling C object subprojects/gst-plugins-good/ext/adaptivedemux2/libgstadaptivedemux2.so.p/hls_m3u8.c.o
#5 316.9 [1268/2937] Compiling C object subprojects/gst-plugins-good/ext/flac/libgstflac.so.p/gstflacdec.c.o
#5 317.1 [1269/2937] Compiling C object subprojects/gst-plugins-good/ext/flac/libgstflac.so.p/gstflactag.c.o
#5 317.3 [1270/2937] Compiling C object subprojects/gst-plugins-good/ext/flac/libgstflac.so.p/gstflacenc.c.o
#5 317.6 [1271/2937] Compiling C object subprojects/gst-plugins-good/ext/gdk_pixbuf/libgstgdkpixbuf.so.p/gstgdkpixbufelement.c.o
#5 318.1 [1272/2937] Compiling C object subprojects/gst-plugins-good/ext/gdk_pixbuf/libgstgdkpixbuf.so.p/gstgdkpixbufoverlay.c.o
#5 318.2 [1273/2937] Compiling C object subprojects/gst-plugins-good/ext/gdk_pixbuf/libgstgdkpixbuf.so.p/gstgdkpixbufplugin.c.o
#5 318.5 [1274/2937] Compiling C object subprojects/gst-plugins-good/ext/jpeg/libgstjpeg.so.p/gstjpeg.c.o
#5 318.6 [1275/2937] Compiling C object subprojects/gst-plugins-good/ext/gdk_pixbuf/libgstgdkpixbuf.so.p/gstgdkpixbufdec.c.o
#5 319.2 [1276/2937] Compiling C object subprojects/gst-plugins-good/ext/gdk_pixbuf/libgstgdkpixbuf.so.p/gstgdkpixbufsink.c.o
#5 319.3 [1277/2937] Compiling C object subprojects/gst-plugins-good/ext/jpeg/libgstjpeg.so.p/gstjpegplugin.c.o
#5 319.7 [1278/2937] Compiling C object subprojects/gst-plugins-good/ext/lame/libgstlame.so.p/gstlamemp3enc.c.o
#5 319.8 [1279/2937] Compiling C object subprojects/gst-plugins-good/ext/jpeg/libgstjpeg.so.p/gstjpegdec.c.o
#5 320.1 [1280/2937] Compiling C object subprojects/gst-plugins-good/ext/jpeg/libgstjpeg.so.p/gstjpegenc.c.o
#5 320.5 [1281/2937] Compiling C object subprojects/gst-plugins-good/ext/lame/libgstlame.so.p/plugin.c.o
#5 320.5 [1282/2937] Compiling C object subprojects/gst-plugins-good/ext/libcaca/libgstcacasink.so.p/gstcacaplugin.c.o
#5 320.7 [1283/2937] Compiling C object subprojects/gst-plugins-good/ext/dv/libgstdv.so.p/gstdv.c.o
#5 320.8 [1284/2937] Compiling C object subprojects/gst-plugins-good/ext/libcaca/libgstcacasink.so.p/gstcacasink.c.o
#5 321.1 [1285/2937] Compiling C object subprojects/gst-plugins-good/ext/libcaca/libgstcacasink.so.p/gstcacatv.c.o
#5 321.5 [1286/2937] Compiling C object subprojects/gst-plugins-good/ext/dv/libgstdv.so.p/gstdvelement.c.o
#5 321.7 [1287/2937] Compiling C object subprojects/gst-plugins-good/ext/dv/libgstdv.so.p/gstdvdec.c.o
#5 321.8 [1288/2937] Compiling C object subprojects/gst-plugins-good/ext/dv/libgstdv.so.p/gstsmptetimecode.c.o
#5 322.0 [1289/2937] Compiling C object subprojects/gst-plugins-good/ext/libpng/libgstpng.so.p/gstpng.c.o
#5 322.5 [1290/2937] Compiling C object subprojects/gst-plugins-good/ext/libpng/libgstpng.so.p/gstpngenc.c.o
#5 322.5 [1291/2937] Compiling C object subprojects/gst-plugins-good/ext/dv/libgstdv.so.p/gstdvdemux.c.o
#5 323.1 [1292/2937] Compiling C object subprojects/gst-plugins-good/ext/pulse/libgstpulseaudio.so.p/plugin.c.o
#5 323.1 [1293/2937] Compiling C object subprojects/gst-plugins-good/ext/pulse/libgstpulseaudio.so.p/gstpulseelement.c.o
#5 323.3 [1294/2937] Compiling C object subprojects/gst-plugins-good/ext/libpng/libgstpng.so.p/gstpngdec.c.o
#5 323.6 [1295/2937] Compiling C object subprojects/gst-plugins-good/ext/mpg123/libgstmpg123.so.p/gstmpg123audiodec.c.o
#5 324.6 [1296/2937] Compiling C object subprojects/gst-plugins-good/ext/pulse/libgstpulseaudio.so.p/pulsedeviceprovider.c.o
#5 324.6 [1297/2937] Compiling C object subprojects/gst-plugins-good/ext/shout2/libgstshout2.so.p/gstshout2.c.o
#5 324.8 [1298/2937] Compiling C object subprojects/gst-plugins-good/ext/pulse/libgstpulseaudio.so.p/pulseutil.c.o
#5 325.0 [1299/2937] Compiling C object subprojects/gst-plugins-good/ext/pulse/libgstpulseaudio.so.p/pulsesink.c.o
#5 325.6 [1300/2937] Compiling C object subprojects/gst-plugins-good/ext/pulse/libgstpulseaudio.so.p/pulsesrc.c.o
#5 325.9 [1301/2937] Compiling C object subprojects/gst-plugins-good/ext/soup/libgstsoup.so.p/gstsoup.c.o
#5 326.5 [1302/2937] Compiling C object subprojects/gst-plugins-good/ext/soup/libgstsoup.so.p/gstsoupelement.c.o
#5 326.8 [1303/2937] Compiling C object subprojects/gst-plugins-good/ext/soup/libgstsoup.so.p/gstsouphttpclientsink.c.o
#5 327.3 [1304/2937] Compiling C object subprojects/gst-plugins-good/ext/soup/libgstsoup.so.p/gstsouploader.c.o
#5 327.4 [1305/2937] Linking target subprojects/gst-plugins-good/ext/shout2/libgstshout2.so
#5 327.6 [1306/2937] Compiling C object subprojects/gst-plugins-good/ext/soup/libgstsoup.so.p/gstsouphttpsrc.c.o
#5 328.0 [1307/2937] Compiling C object subprojects/gst-plugins-good/ext/speex/libgstspeex.so.p/gstspeex.c.o
#5 328.0 [1308/2937] Compiling C object subprojects/gst-plugins-good/ext/speex/libgstspeex.so.p/gstspeexelement.c.o
#5 328.2 [1309/2937] Compiling C object subprojects/gst-plugins-good/ext/soup/libgstsoup.so.p/gstsouputils.c.o
#5 328.8 [1310/2937] Linking target subprojects/gstreamer/plugins/elements/libgstcoreelements.so
#5 328.9 [1311/2937] Compiling C object subprojects/gst-plugins-good/ext/speex/libgstspeex.so.p/gstspeexdec.c.o
#5 328.9 [1312/2937] Compiling C object subprojects/gst-plugins-good/ext/speex/libgstspeex.so.p/gstspeexenc.c.o
#5 329.4 [1313/2937] Compiling C object subprojects/gst-plugins-good/ext/taglib/libgsttaglib.so.p/gsttaglibplugin.c.o
#5 330.1 [1314/2937] Compiling C object subprojects/gst-plugins-good/ext/taglib/libgsttaglib.so.p/gsttaglibelement.c.o
#5 330.3 [1315/2937] Generating subprojects/gst-plugins-good/ext/vpx/gstvpx-enumtypes.c with a custom command (wrapped by meson because command contains newlines, to capture output)
#5 330.3 [1316/2937] Compiling C object subprojects/gst-plugins-good/ext/twolame/libgsttwolame.so.p/gsttwolamemp2enc.c.o
#5 330.9 [1317/2937] Compiling C object subprojects/gst-plugins-good/ext/wavpack/libgstwavpack.so.p/gstwavpack.c.o
#5 331.0 [1318/2937] Compiling C object subprojects/gst-plugins-good/ext/wavpack/libgstwavpack.so.p/gstwavpackelement.c.o
#5 331.0 [1319/2937] Generating subprojects/gst-plugins-good/ext/vpx/gstvpx-enumtypes.h with a custom command (wrapped by meson because command contains newlines, to capture output)
#5 331.7 [1320/2937] Compiling C object subprojects/gst-plugins-good/ext/vpx/libgstvpx.so.p/meson-generated_.._gstvpx-enumtypes.c.o
#5 332.1 [1321/2937] Compiling C object subprojects/gst-plugins-good/ext/wavpack/libgstwavpack.so.p/gstwavpackcommon.c.o
#5 332.6 [1322/2937] Compiling C object subprojects/gst-plugins-good/ext/wavpack/libgstwavpack.so.p/gstwavpackdec.c.o
#5 333.5 [1323/2937] Compiling C object subprojects/gst-plugins-good/ext/vpx/libgstvpx.so.p/gstvp8utils.c.o
#5 333.6 [1324/2937] Compiling C++ object subprojects/gst-plugins-good/ext/taglib/libgsttaglib.so.p/gstapev2mux.cc.o
#5 333.7 [1325/2937] Compiling C++ object subprojects/gst-plugins-good/ext/taglib/libgsttaglib.so.p/gstid3v2mux.cc.o
#5 333.7 [1326/2937] Compiling C object subprojects/gst-plugins-good/ext/vpx/libgstvpx.so.p/gstvp8dec.c.o
#5 334.0 [1327/2937] Compiling C object subprojects/gst-plugins-good/ext/vpx/libgstvpx.so.p/gstvp8enc.c.o
#5 334.6 [1328/2937] Compiling C object subprojects/gst-plugins-good/ext/vpx/libgstvpx.so.p/gstvp9enc.c.o
#5 334.7 [1329/2937] Compiling C object subprojects/gst-plugins-good/ext/vpx/libgstvpx.so.p/gstvp9dec.c.o
#5 334.9 [1330/2937] Compiling C object subprojects/gst-plugins-good/ext/vpx/libgstvpx.so.p/gstvpxdec.c.o
#5 336.1 [1331/2937] Compiling C object subprojects/gst-plugins-good/ext/vpx/libgstvpx.so.p/gstvpxelement.c.o
#5 336.1 [1332/2937] Compiling C object subprojects/gst-plugins-good/ext/vpx/libgstvpx.so.p/plugin.c.o
#5 336.2 [1333/2937] Generating subprojects/gst-plugins-good/po/af/LC_MESSAGES/gst-plugins-good-1.0-af.mo with a custom command
#5 336.2 [1334/2937] Generating subprojects/gst-plugins-good/po/az/LC_MESSAGES/gst-plugins-good-1.0-az.mo with a custom command
#5 336.3 [1335/2937] Generating subprojects/gst-plugins-good/po/bg/LC_MESSAGES/gst-plugins-good-1.0-bg.mo with a custom command
#5 336.3 [1336/2937] Generating subprojects/gst-plugins-good/po/ca/LC_MESSAGES/gst-plugins-good-1.0-ca.mo with a custom command
#5 336.4 [1337/2937] Generating subprojects/gst-plugins-good/po/cs/LC_MESSAGES/gst-plugins-good-1.0-cs.mo with a custom command
#5 336.4 [1338/2937] Generating subprojects/gst-plugins-good/po/da/LC_MESSAGES/gst-plugins-good-1.0-da.mo with a custom command
#5 336.4 [1339/2937] Linking target subprojects/gst-plugins-good/ext/soup/libgstsoup.so
#5 336.4 [1340/2937] Compiling C object subprojects/gst-plugins-good/ext/vpx/libgstvpx.so.p/gstvpxenc.c.o
#5 336.4 [1341/2937] Generating subprojects/gst-plugins-good/po/el/LC_MESSAGES/gst-plugins-good-1.0-el.mo with a custom command
#5 336.4 [1342/2937] Generating subprojects/gst-plugins-good/po/eo/LC_MESSAGES/gst-plugins-good-1.0-eo.mo with a custom command
#5 336.5 [1343/2937] Generating subprojects/gst-plugins-good/po/de/LC_MESSAGES/gst-plugins-good-1.0-de.mo with a custom command
#5 336.5 [1344/2937] Generating subprojects/gst-plugins-good/po/en_GB/LC_MESSAGES/gst-plugins-good-1.0-en_GB.mo with a custom command
#5 336.5 [1345/2937] Generating subprojects/gst-plugins-good/po/es/LC_MESSAGES/gst-plugins-good-1.0-es.mo with a custom command
#5 336.5 [1346/2937] Generating subprojects/gst-plugins-good/po/eu/LC_MESSAGES/gst-plugins-good-1.0-eu.mo with a custom command
#5 336.6 [1347/2937] Generating subprojects/gst-plugins-good/po/fi/LC_MESSAGES/gst-plugins-good-1.0-fi.mo with a custom command
#5 336.6 [1348/2937] Generating subprojects/gst-plugins-good/po/fr/LC_MESSAGES/gst-plugins-good-1.0-fr.mo with a custom command
#5 336.6 [1349/2937] Generating subprojects/gst-plugins-good/po/fur/LC_MESSAGES/gst-plugins-good-1.0-fur.mo with a custom command
#5 336.6 [1350/2937] Generating subprojects/gst-plugins-good/po/gl/LC_MESSAGES/gst-plugins-good-1.0-gl.mo with a custom command
#5 336.6 [1351/2937] Generating subprojects/gst-plugins-good/po/hr/LC_MESSAGES/gst-plugins-good-1.0-hr.mo with a custom command
#5 336.6 [1352/2937] Generating subprojects/gst-plugins-good/po/hu/LC_MESSAGES/gst-plugins-good-1.0-hu.mo with a custom command
#5 336.7 [1353/2937] Generating subprojects/gst-plugins-good/po/it/LC_MESSAGES/gst-plugins-good-1.0-it.mo with a custom command
#5 336.7 [1354/2937] Generating subprojects/gst-plugins-good/po/id/LC_MESSAGES/gst-plugins-good-1.0-id.mo with a custom command
#5 336.7 [1355/2937] Generating subprojects/gst-plugins-good/po/ja/LC_MESSAGES/gst-plugins-good-1.0-ja.mo with a custom command
#5 336.7 [1356/2937] Generating subprojects/gst-plugins-good/po/ky/LC_MESSAGES/gst-plugins-good-1.0-ky.mo with a custom command
#5 336.8 [1357/2937] Generating subprojects/gst-plugins-good/po/ka/LC_MESSAGES/gst-plugins-good-1.0-ka.mo with a custom command
#5 336.8 [1358/2937] Generating subprojects/gst-plugins-good/po/lt/LC_MESSAGES/gst-plugins-good-1.0-lt.mo with a custom command
#5 336.8 [1359/2937] Generating subprojects/gst-plugins-good/po/lv/LC_MESSAGES/gst-plugins-good-1.0-lv.mo with a custom command
#5 336.8 [1360/2937] Generating subprojects/gst-plugins-good/po/mt/LC_MESSAGES/gst-plugins-good-1.0-mt.mo with a custom command
#5 336.8 [1361/2937] Compiling C object subprojects/gst-plugins-good/ext/wavpack/libgstwavpack.so.p/gstwavpackenc.c.o
#5 336.8 [1362/2937] Generating subprojects/gst-plugins-good/po/nb/LC_MESSAGES/gst-plugins-good-1.0-nb.mo with a custom command
#5 336.8 [1363/2937] Generating subprojects/gst-plugins-good/po/nl/LC_MESSAGES/gst-plugins-good-1.0-nl.mo with a custom command
#5 336.9 [1364/2937] Compiling C object subprojects/gst-plugins-good/ext/wavpack/libgstwavpack.so.p/gstwavpackstreamreader.c.o
#5 336.9 [1365/2937] Generating subprojects/gst-plugins-good/po/pt_BR/LC_MESSAGES/gst-plugins-good-1.0-pt_BR.mo with a custom command
#5 336.9 [1366/2937] Generating subprojects/gst-plugins-good/po/ro/LC_MESSAGES/gst-plugins-good-1.0-ro.mo with a custom command
#5 336.9 [1367/2937] Generating subprojects/gst-plugins-good/po/or/LC_MESSAGES/gst-plugins-good-1.0-or.mo with a custom command
#5 336.9 [1368/2937] Generating subprojects/gst-plugins-good/po/pl/LC_MESSAGES/gst-plugins-good-1.0-pl.mo with a custom command
#5 336.9 [1369/2937] Generating subprojects/gst-plugins-good/po/ru/LC_MESSAGES/gst-plugins-good-1.0-ru.mo with a custom command
#5 336.9 [1370/2937] Generating subprojects/gst-plugins-good/po/sk/LC_MESSAGES/gst-plugins-good-1.0-sk.mo with a custom command
#5 337.0 [1371/2937] Generating subprojects/gst-plugins-good/po/sl/LC_MESSAGES/gst-plugins-good-1.0-sl.mo with a custom command
#5 337.0 [1372/2937] Generating subprojects/gst-plugins-good/po/sq/LC_MESSAGES/gst-plugins-good-1.0-sq.mo with a custom command
#5 337.0 [1373/2937] Generating subprojects/gst-plugins-good/po/sr/LC_MESSAGES/gst-plugins-good-1.0-sr.mo with a custom command
#5 337.0 [1374/2937] Generating subprojects/gst-plugins-good/po/tr/LC_MESSAGES/gst-plugins-good-1.0-tr.mo with a custom command
#5 337.0 [1375/2937] Generating subprojects/gst-plugins-good/po/sv/LC_MESSAGES/gst-plugins-good-1.0-sv.mo with a custom command
#5 337.0 [1376/2937] Generating subprojects/gst-plugins-good/po/uk/LC_MESSAGES/gst-plugins-good-1.0-uk.mo with a custom command
#5 337.0 [1377/2937] Generating subprojects/gst-plugins-good/po/vi/LC_MESSAGES/gst-plugins-good-1.0-vi.mo with a custom command
#5 337.0 [1378/2937] Generating subprojects/gst-plugins-good/po/zh_CN/LC_MESSAGES/gst-plugins-good-1.0-zh_CN.mo with a custom command
#5 337.0 [1379/2937] Generating subprojects/gst-plugins-good/po/zh_HK/LC_MESSAGES/gst-plugins-good-1.0-zh_HK.mo with a custom command
#5 337.1 [1380/2937] Generating subprojects/gst-plugins-good/po/zh_TW/LC_MESSAGES/gst-plugins-good-1.0-zh_TW.mo with a custom command
#5 337.2 [1381/2937] Linking target subprojects/gst-plugins-good/ext/taglib/libgsttaglib.so
#5 337.3 [1382/2937] Compiling C object subprojects/libnice/stun/libstun.a.p/stun5389.c.o
#5 337.4 [1383/2937] Compiling C object subprojects/libnice/stun/libstun.a.p/stuncrc32.c.o
#5 337.4 [1384/2937] Compiling C object subprojects/libnice/stun/libstun.a.p/stunmessage.c.o
#5 337.6 [1385/2937] Compiling C object subprojects/libnice/stun/libstun.a.p/rand.c.o
#5 337.6 [1386/2937] Compiling C object subprojects/libnice/stun/libstun.a.p/stunagent.c.o
#5 337.6 [1387/2937] Compiling C object subprojects/libnice/stun/libstun.a.p/utils.c.o
#5 337.6 [1388/2937] Compiling C object subprojects/libnice/stun/libstun.a.p/stunhmac.c.o
#5 337.9 [1389/2937] Compiling C object subprojects/libnice/stun/libstun.a.p/usages_turn.c.o
#5 338.0 [1390/2937] Compiling C object subprojects/libnice/stun/libstun.a.p/debug.c.o
#5 338.0 [1391/2937] Compiling C object subprojects/libnice/stun/libstun.a.p/usages_ice.c.o
#5 338.1 [1392/2937] Compiling C object subprojects/libnice/stun/libstun.a.p/usages_bind.c.o
#5 338.1 [1393/2937] Generating subprojects/libnice/agent/agent-enum-types.c with a custom command (wrapped by meson because command contains newlines, to capture output)
#5 338.2 [1394/2937] Compiling C object subprojects/libnice/stun/libstun.a.p/usages_timer.c.o
#5 338.3 [1395/2937] Linking static target subprojects/libnice/stun/libstun.a
#5 338.3 [1396/2937] Compiling C object subprojects/libnice/stun/tools/stunbdc.p/stunbdc.c.o
#5 338.4 [1397/2937] Generating subprojects/libnice/agent/agent-enum-types.h with a custom command (wrapped by meson because command contains newlines, to capture output)
#5 338.6 [1398/2937] Compiling C object subprojects/libnice/stun/tools/stund.p/stund.c.o
#5 339.0 [1399/2937] Compiling C object subprojects/libnice/agent/libagent.a.p/meson-generated_.._agent-enum-types.c.o
#5 339.4 [1400/2937] Compiling C object subprojects/libnice/agent/libagent.a.p/address.c.o
#5 339.4 [1401/2937] Compiling C object subprojects/libnice/socket/libsocket.a.p/udp-bsd.c.o
#5 339.5 [1402/2937] Compiling C object subprojects/libnice/socket/libsocket.a.p/tcp-bsd.c.o
#5 339.8 [1403/2937] Compiling C object subprojects/libnice/socket/libsocket.a.p/socket.c.o
#5 340.5 [1404/2937] Compiling C object subprojects/libnice/agent/libagent.a.p/debug.c.o
#5 340.6 [1405/2937] Compiling C object subprojects/libnice/agent/libagent.a.p/component.c.o
#5 340.7 [1406/2937] Compiling C object subprojects/libnice/agent/libagent.a.p/candidate.c.o
#5 341.8 [1407/2937] Compiling C object subprojects/libnice/agent/libagent.a.p/conncheck.c.o
#5 341.9 [1408/2937] Compiling C object subprojects/libnice/agent/libagent.a.p/inputstream.c.o
#5 342.0 [1409/2937] Compiling C object subprojects/libnice/agent/libagent.a.p/agent.c.o
#5 342.4 [1410/2937] Linking target subprojects/libnice/stun/tools/stunbdc
#5 342.6 [1411/2937] Compiling C object subprojects/libnice/agent/libagent.a.p/iostream.c.o
#5 342.6 [1412/2937] Compiling C object subprojects/libnice/agent/libagent.a.p/interfaces.c.o
#5 342.7 [1413/2937] Compiling C object subprojects/libnice/agent/libagent.a.p/discovery.c.o
#5 342.7 [1414/2937] Compiling C object subprojects/libnice/agent/libagent.a.p/outputstream.c.o
#5 343.2 [1415/2937] Compiling C object subprojects/libnice/agent/libagent.a.p/pseudotcp.c.o
#5 343.3 [1416/2937] Compiling C object subprojects/libnice/agent/libagent.a.p/stream.c.o
#5 343.4 [1417/2937] Linking static target subprojects/libnice/agent/libagent.a
#5 343.6 [1418/2937] Compiling C object subprojects/libnice/socket/libsocket.a.p/pseudossl.c.o
#5 343.7 [1419/2937] Compiling C object subprojects/libnice/socket/libsocket.a.p/tcp-passive.c.o
#5 344.2 [1420/2937] Compiling C object subprojects/libnice/socket/libsocket.a.p/socks5.c.o
#5 344.3 [1421/2937] Compiling C object subprojects/libnice/socket/libsocket.a.p/http.c.o
#5 344.4 [1422/2937] Compiling C object subprojects/libnice/socket/libsocket.a.p/tcp-active.c.o
#5 345.0 [1423/2937] Compiling C object subprojects/libnice/socket/libsocket.a.p/udp-turn-over-tcp.c.o
#5 345.1 [1424/2937] Compiling C object subprojects/libnice/random/libnice-random.a.p/random-glib.c.o
#5 345.1 [1425/2937] Compiling C object subprojects/libnice/random/libnice-random.a.p/random.c.o
#5 345.2 [1426/2937] Linking target subprojects/libnice/stun/tools/stund
#5 345.2 [1427/2937] Generating subprojects/libnice/nice/libnice.def with a custom command (wrapped by meson to capture output)
#5 345.2 [1428/2937] Linking static target subprojects/libnice/random/libnice-random.a
#5 345.3 [1429/2937] Compiling C object subprojects/libnice/socket/libsocket.a.p/udp-turn.c.o
#5 345.4 [1430/2937] Linking static target subprojects/libnice/socket/libsocket.a
#5 345.8 [1431/2937] Generating subprojects/libnice/nice/libnice.map with a custom command (wrapped by meson to capture output)
#5 346.3 [1432/2937] Compiling C object subprojects/libnice/gst/libgstnice.so.p/gstnice.c.o
#5 346.4 [1433/2937] Compiling C object subprojects/gst-plugins-bad/gst-libs/gst/uridownloader/libgsturidownloader-1.0.so.0.2200.0.p/gstfragment.c.o
#5 346.9 [1434/2937] Compiling C object subprojects/libnice/gst/libgstnice.so.p/gstnicesink.c.o
#5 346.9 [1435/2937] Compiling C object subprojects/libnice/gst/libgstnice.so.p/gstnicesrc.c.o
#5 347.1 [1436/2937] Compiling C object subprojects/gst-plugins-bad/gst-libs/gst/uridownloader/libgsturidownloader-1.0.so.0.2200.0.p/gsturidownloader.c.o
#5 347.9 [1437/2937] Compiling C object subprojects/gst-plugins-bad/gst-libs/gst/basecamerabinsrc/libgstbasecamerabinsrc-1.0.so.0.2200.0.p/gstcamerabin-enum.c.o
#5 348.1 [1438/2937] Compiling C object subprojects/gst-plugins-bad/gst-libs/gst/audio/libgstbadaudio-1.0.so.0.2200.0.p/gstnonstreamaudiodecoder.c.o
#5 348.4 [1439/2937] Compiling C object subprojects/gst-plugins-bad/gst-libs/gst/audio/libgstbadaudio-1.0.so.0.2200.0.p/gstplanaraudioadapter.c.o
#5 349.0 [1440/2937] Compiling C object subprojects/gst-plugins-bad/gst-libs/gst/basecamerabinsrc/libgstbasecamerabinsrc-1.0.so.0.2200.0.p/gstcamerabinpreview.c.o
#5 349.0 [1441/2937] Compiling C object subprojects/gst-plugins-bad/gst-libs/gst/adaptivedemux/libgstadaptivedemux-1.0.so.0.2200.0.p/gstadaptivedemux.c.o
#5 349.1 [1442/2937] Linking target subprojects/gst-plugins-bad/gst-libs/gst/uridownloader/libgsturidownloader-1.0.so.0.2200.0
#5 349.4 [1443/2937] Compiling C object subprojects/gst-plugins-bad/gst-libs/gst/basecamerabinsrc/libgstbasecamerabinsrc-1.0.so.0.2200.0.p/gstbasecamerasrc.c.o
#5 349.5 [1444/2937] Compiling C object subprojects/gst-plugins-bad/gst-libs/gst/codecparsers/libgstcodecparsers-1.0.so.0.2200.0.p/gstjpeg2000sampling.c.o
#5 349.8 [1445/2937] Generating symbol file subprojects/gst-plugins-bad/gst-libs/gst/uridownloader/libgsturidownloader-1.0.so.0.2200.0.p/libgsturidownloader-1.0.so.0.2200.0.symbols
#5 350.0 [1446/2937] Compiling C object subprojects/gst-plugins-bad/gst-libs/gst/codecparsers/libgstcodecparsers-1.0.so.0.2200.0.p/gstjpegparser.c.o
#5 350.8 [1447/2937] Linking target subprojects/gst-plugins-bad/gst-libs/gst/basecamerabinsrc/libgstbasecamerabinsrc-1.0.so.0.2200.0
#5 350.9 [1448/2937] Compiling C object subprojects/gst-plugins-bad/gst-libs/gst/codecparsers/libgstcodecparsers-1.0.so.0.2200.0.p/gstmpegvideoparser.c.o
#5 351.2 [1449/2937] Generating symbol file subprojects/gst-plugins-bad/gst-libs/gst/basecamerabinsrc/libgstbasecamerabinsrc-1.0.so.0.2200.0.p/libgstbasecamerabinsrc-1.0.so.0.2200.0.symbols
#5 352.5 [1450/2937] Compiling C object subprojects/gst-plugins-bad/gst-libs/gst/codecparsers/libgstcodecparsers-1.0.so.0.2200.0.p/gsth264parser.c.o
#5 353.7 [1451/2937] Compiling C object subprojects/gst-plugins-bad/gst-libs/gst/codecparsers/libgstcodecparsers-1.0.so.0.2200.0.p/gstvc1parser.c.o
#5 354.0 [1452/2937] Compiling C object subprojects/gst-plugins-bad/gst-libs/gst/codecparsers/libgstcodecparsers-1.0.so.0.2200.0.p/gstvp8parser.c.o
#5 354.2 [1453/2937] Compiling C object subprojects/gst-plugins-bad/gst-libs/gst/codecparsers/libgstcodecparsers-1.0.so.0.2200.0.p/gstmpeg4parser.c.o
#5 354.9 [1454/2937] Compiling C object subprojects/gst-plugins-bad/gst-libs/gst/codecparsers/libgstcodecparsers-1.0.so.0.2200.0.p/vp9utils.c.o
#5 355.0 [1455/2937] Compiling C object subprojects/gst-plugins-bad/gst-libs/gst/codecparsers/libgstcodecparsers-1.0.so.0.2200.0.p/gstvp8rangedecoder.c.o
#5 355.6 [1456/2937] Compiling C object subprojects/gst-plugins-bad/gst-libs/gst/codecparsers/libgstcodecparsers-1.0.so.0.2200.0.p/gstvp9parser.c.o
#5 356.0 [1457/2937] Compiling C object subprojects/gst-plugins-bad/gst-libs/gst/codecparsers/libgstcodecparsers-1.0.so.0.2200.0.p/parserutils.c.o
#5 356.0 [1458/2937] Compiling C object subprojects/gst-plugins-bad/gst-libs/gst/codecparsers/libgstcodecparsers-1.0.so.0.2200.0.p/dboolhuff.c.o
#5 356.1 [1459/2937] Linking target subprojects/gst-plugins-base/gst-libs/gst/audio/libgstaudio-1.0.so.0.2200.0
#5 356.4 [1460/2937] Compiling C object subprojects/gst-plugins-bad/gst-libs/gst/codecparsers/libgstcodecparsers-1.0.so.0.2200.0.p/gsth265parser.c.o
#5 356.5 [1461/2937] Compiling C object subprojects/gst-plugins-bad/gst-libs/gst/codecparsers/libgstcodecparsers-1.0.so.0.2200.0.p/vp8utils.c.o
#5 356.7 [1462/2937] Generating symbol file subprojects/gst-plugins-base/gst-libs/gst/audio/libgstaudio-1.0.so.0.2200.0.p/libgstaudio-1.0.so.0.2200.0.symbols
#5 356.7 [1463/2937] Compiling C object subprojects/gst-plugins-bad/gst-libs/gst/codecparsers/libgstcodecparsers-1.0.so.0.2200.0.p/gstmpegvideometa.c.o
#5 356.8 [1464/2937] Compiling C object subprojects/gst-plugins-bad/gst-libs/gst/codecparsers/libgstcodecparsers-1.0.so.0.2200.0.p/nalutils.c.o
#5 358.1 [1465/2937] Compiling C object subprojects/gst-plugins-bad/gst-libs/gst/codecparsers/libgstcodecparsers-1.0.so.0.2200.0.p/gsth264bitwriter.c.o
#5 358.6 [1466/2937] Compiling C object subprojects/gst-plugins-bad/gst-libs/gst/codecparsers/libgstcodecparsers-1.0.so.0.2200.0.p/gstav1parser.c.o
#5 360.2 [1467/2937] Linking target subprojects/gst-plugins-base/gst/audioconvert/libgstaudioconvert.so
#5 361.2 [1468/2937] Linking target subprojects/gst-plugins-bad/gst-libs/gst/adaptivedemux/libgstadaptivedemux-1.0.so.0.2200.0
#5 362.3 [1469/2937] Linking target subprojects/gst-plugins-base/gst-libs/gst/riff/libgstriff-1.0.so.0.2200.0
#5 362.4 [1470/2937] Linking target subprojects/gst-plugins-base/gst/adder/libgstadder.so
#5 362.5 [1471/2937] Linking target subprojects/gst-plugins-base/gst/audiomixer/libgstaudiomixer.so
#5 362.8 [1472/2937] Generating symbol file subprojects/gst-plugins-base/gst-libs/gst/riff/libgstriff-1.0.so.0.2200.0.p/libgstriff-1.0.so.0.2200.0.symbols
#5 362.9 [1473/2937] Linking target subprojects/gst-plugins-base/gst/audiorate/libgstaudiorate.so
#5 364.0 [1474/2937] Linking target subprojects/gst-plugins-base/gst/audioresample/libgstaudioresample.so
#5 364.5 [1475/2937] Linking target subprojects/gst-plugins-base/ext/cdparanoia/libgstcdparanoia.so
#5 367.2 [1476/2937] Linking target subprojects/gst-plugins-base/gst/volume/libgstvolume.so
#5 367.7 [1477/2937] Linking target subprojects/gst-plugins-base/ext/vorbis/libgstivorbisdec.so
#5 368.5 [1478/2937] Linking target subprojects/gst-plugins-base/ext/vorbis/libgstvorbis.so
#5 368.8 [1479/2937] Linking target subprojects/gst-plugins-base/gst/audiotestsrc/libgstaudiotestsrc.so
#5 370.6 [1480/2937] Linking target subprojects/gst-plugins-base/ext/alsa/libgstalsa.so
#5 370.7 [1481/2937] Linking target subprojects/gst-plugins-good/gst/cutter/libgstcutter.so
#5 370.7 [1482/2937] Linking target subprojects/gst-plugins-good/gst/auparse/libgstauparse.so
#5 371.3 [1483/2937] Linking target subprojects/gst-plugins-base/gst-libs/gst/rtp/libgstrtp-1.0.so.0.2200.0
#5 371.9 [1484/2937] Linking target subprojects/gst-plugins-good/gst/law/libgstalaw.so
#5 371.9 [1485/2937] Generating symbol file subprojects/gst-plugins-base/gst-libs/gst/rtp/libgstrtp-1.0.so.0.2200.0.p/libgstrtp-1.0.so.0.2200.0.symbols
#5 371.9 [1486/2937] Linking target subprojects/gst-plugins-good/gst/law/libgstmulaw.so
#5 372.6 [1487/2937] Linking target subprojects/gst-plugins-good/gst/equalizer/libgstequalizer.so
#5 374.0 [1488/2937] Linking target subprojects/gst-plugins-good/gst/level/libgstlevel.so
#5 375.8 [1489/2937] Linking target subprojects/gst-plugins-good/gst/interleave/libgstinterleave.so
#5 376.2 [1490/2937] Linking target subprojects/gst-plugins-good/gst/spectrum/libgstspectrum.so
#5 376.8 [1491/2937] Linking target subprojects/gst-plugins-good/gst/dtmf/libgstdtmf.so
#5 378.1 [1492/2937] Linking target subprojects/gst-plugins-good/gst/wavenc/libgstwavenc.so
#5 379.3 [1493/2937] Linking target subprojects/gst-plugins-good/sys/oss/libgstossaudio.so
#5 380.1 [1494/2937] Linking target subprojects/gst-plugins-good/ext/lame/libgstlame.so
#5 380.9 [1495/2937] Linking target subprojects/gst-plugins-good/sys/oss4/libgstoss4.so
#5 381.9 [1496/2937] Linking target subprojects/gst-plugins-good/ext/mpg123/libgstmpg123.so
#5 383.3 [1497/2937] Linking target subprojects/gst-plugins-good/ext/speex/libgstspeex.so
#5 383.6 [1498/2937] Linking target subprojects/gst-plugins-good/ext/flac/libgstflac.so
#5 383.7 [1499/2937] Linking target subprojects/gst-plugins-good/ext/twolame/libgsttwolame.so
#5 383.9 [1500/2937] Generating symbol file subprojects/gst-plugins-bad/gst-libs/gst/adaptivedemux/libgstadaptivedemux-1.0.so.0.2200.0.p/libgstadaptivedemux-1.0.so.0.2200.0.symbols
#5 384.5 [1501/2937] Linking target subprojects/gst-plugins-good/gst/audiofx/libgstaudiofx.so
#5 385.6 [1502/2937] Linking target subprojects/gst-plugins-good/ext/wavpack/libgstwavpack.so
#5 385.7 [1503/2937] Compiling C object subprojects/gst-plugins-bad/gst-libs/gst/codecparsers/libgstcodecparsers-1.0.so.0.2200.0.p/gsth265bitwriter.c.o
#5 386.0 [1504/2937] Compiling C object subprojects/gst-plugins-bad/gst-libs/gst/codecs/libgstcodecs-1.0.so.0.2200.0.p/gsth264decoder.c.o
#5 386.6 [1505/2937] Compiling C object subprojects/gst-plugins-bad/gst-libs/gst/codecs/libgstcodecs-1.0.so.0.2200.0.p/gsth264picture.c.o
#5 387.5 [1506/2937] Compiling C object subprojects/gst-plugins-bad/gst-libs/gst/codecs/libgstcodecs-1.0.so.0.2200.0.p/gsth265picture.c.o
#5 387.8 [1507/2937] Compiling C object subprojects/gst-plugins-bad/gst-libs/gst/codecs/libgstcodecs-1.0.so.0.2200.0.p/gsth265decoder.c.o
#5 388.4 [1508/2937] Compiling C object subprojects/gst-plugins-bad/gst-libs/gst/codecs/libgstcodecs-1.0.so.0.2200.0.p/gstvp9decoder.c.o
#5 388.8 [1509/2937] Linking target subprojects/gst-plugins-bad/gst-libs/gst/audio/libgstbadaudio-1.0.so.0.2200.0
#5 389.0 [1510/2937] Compiling C object subprojects/gst-plugins-bad/gst-libs/gst/codecs/libgstcodecs-1.0.so.0.2200.0.p/gstvp9picture.c.o
#5 389.3 [1511/2937] Generating symbol file subprojects/gst-plugins-bad/gst-libs/gst/audio/libgstbadaudio-1.0.so.0.2200.0.p/libgstbadaudio-1.0.so.0.2200.0.symbols
#5 389.5 [1512/2937] Compiling C object subprojects/gst-plugins-bad/gst-libs/gst/codecs/libgstcodecs-1.0.so.0.2200.0.p/gstvp8decoder.c.o
#5 390.0 [1513/2937] Compiling C object subprojects/gst-plugins-bad/gst-libs/gst/codecs/libgstcodecs-1.0.so.0.2200.0.p/gstvp8picture.c.o
#5 390.5 [1514/2937] Compiling C object subprojects/gst-plugins-bad/gst-libs/gst/codecs/libgstcodecs-1.0.so.0.2200.0.p/gstmpeg2picture.c.o
#5 391.4 [1515/2937] Compiling C object subprojects/gst-plugins-bad/gst-libs/gst/codecs/libgstcodecs-1.0.so.0.2200.0.p/gstav1picture.c.o
#5 391.5 [1516/2937] Compiling C object subprojects/gst-plugins-bad/gst-libs/gst/codecs/libgstcodecs-1.0.so.0.2200.0.p/gstmpeg2decoder.c.o
#5 391.6 [1517/2937] Compiling C object subprojects/gst-plugins-bad/gst-libs/gst/codecs/libgstcodecs-1.0.so.0.2200.0.p/gstvp9statefulparser.c.o
#5 391.8 [1518/2937] Compiling C object subprojects/gst-plugins-bad/gst-libs/gst/codecs/libgstcodecs-1.0.so.0.2200.0.p/gstav1decoder.c.o
#5 392.7 [1519/2937] Compiling C object subprojects/gst-plugins-bad/gst-libs/gst/cuda/libgstcuda-1.0.so.0.2200.0.p/gstcudaloader.c.o
#5 392.8 [1520/2937] Linking target subprojects/libnice/nice/libnice.so.10.13.1
#5 393.0 [1521/2937] Compiling C object subprojects/gst-plugins-bad/gst-libs/gst/cuda/libgstcuda-1.0.so.0.2200.0.p/gstcudacontext.c.o
#5 393.1 [1522/2937] Compiling C object subprojects/gst-plugins-bad/gst-libs/gst/cuda/libgstcuda-1.0.so.0.2200.0.p/gstcudautils.c.o
#5 393.2 [1523/2937] Compiling C object subprojects/gst-plugins-bad/gst-libs/gst/cuda/libgstcuda-1.0.so.0.2200.0.p/gstcudamemory.c.o
#5 393.5 [1524/2937] Generating symbol file subprojects/libnice/nice/libnice.so.10.13.1.p/libnice.so.10.13.1.symbols
#5 394.0 [1525/2937] Compiling C object subprojects/gst-plugins-bad/gst-libs/gst/insertbin/libgstinsertbin-1.0.so.0.2200.0.p/gstinsertbin.c.o
#5 394.2 [1526/2937] Compiling C object subprojects/gst-plugins-bad/gst-libs/gst/cuda/libgstcuda-1.0.so.0.2200.0.p/gstcudanvrtc.c.o
#5 394.3 [1527/2937] Compiling C object subprojects/gst-plugins-bad/gst-libs/gst/cuda/libgstcuda-1.0.so.0.2200.0.p/gstcudabufferpool.c.o
#5 394.3 [1528/2937] Generating subprojects/gst-plugins-bad/gst-libs/gst/interfaces/photography-enumtypes.c with a custom command (wrapped by meson because command contains newlines, to capture output)
#5 395.0 [1529/2937] Generating subprojects/gst-plugins-bad/gst-libs/gst/interfaces/photography-enumtypes.h with a custom command (wrapped by meson because command contains newlines, to capture output)
#5 395.3 [1530/2937] Linking target subprojects/libnice/gst/libgstnice.so
#5 395.3 [1531/2937] Linking target subprojects/gst-plugins-base/gst-libs/gst/video/libgstvideo-1.0.so.0.2200.0
#5 395.8 [1532/2937] Compiling C object subprojects/gst-plugins-bad/gst-libs/gst/interfaces/libgstphotography-1.0.so.0.2200.0.p/meson-generated_.._photography-enumtypes.c.o
#5 395.8 [1533/2937] Generating symbol file subprojects/gst-plugins-base/gst-libs/gst/video/libgstvideo-1.0.so.0.2200.0.p/libgstvideo-1.0.so.0.2200.0.symbols
#5 395.9 [1534/2937] Generating subprojects/gst-plugins-bad/gst-libs/gst/mpegts/gstmpegts-enumtypes.c with a custom command (wrapped by meson because command contains newlines, to capture output)
#5 396.1 [1535/2937] Linking target subprojects/gst-plugins-bad/gst-libs/gst/insertbin/libgstinsertbin-1.0.so.0.2200.0
#5 396.7 [1536/2937] Compiling C object subprojects/gst-plugins-bad/gst-libs/gst/interfaces/libgstphotography-1.0.so.0.2200.0.p/photography.c.o
#5 396.7 [1537/2937] Generating subprojects/gst-plugins-bad/gst-libs/gst/mpegts/gstmpegts-enumtypes.h with a custom command (wrapped by meson because command contains newlines, to capture output)
#5 396.8 [1538/2937] Compiling C object subprojects/gst-plugins-bad/gst-libs/gst/isoff/libgstisoff-1.0.so.0.2200.0.p/gstisoff.c.o
#5 397.3 [1539/2937] Linking target subprojects/gst-plugins-base/gst/pbtypes/libgstpbtypes.so
#5 398.6 [1540/2937] Linking target subprojects/gst-plugins-base/gst/overlaycomposition/libgstoverlaycomposition.so
#5 401.2 [1541/2937] Linking target subprojects/gst-plugins-base/gst/rawparse/libgstrawparse.so
#5 402.6 [1542/2937] Linking target subprojects/gst-plugins-base/gst/videoconvertscale/libgstvideoconvertscale.so
#5 403.2 [1543/2937] Linking target subprojects/gst-plugins-base/gst/videorate/libgstvideorate.so
#5 408.2 [1544/2937] Linking target subprojects/gst-plugins-base/gst/videotestsrc/libgstvideotestsrc.so
#5 409.5 [1545/2937] Linking target subprojects/gst-plugins-base/ext/theora/libgsttheora.so
#5 411.5 [1546/2937] Linking target subprojects/gst-plugins-base/gst/compositor/libgstcompositor.so
#5 413.8 [1547/2937] Linking target subprojects/gst-plugins-base/ext/pango/libgstpango.so
#5 414.0 [1548/2937] Linking target subprojects/gst-plugins-base/sys/ximage/libgstximagesink.so
#5 416.5 [1549/2937] Linking target subprojects/gst-plugins-base/sys/xvimage/libgstxvimagesink.so
#5 416.9 [1550/2937] Linking target subprojects/gst-plugins-good/gst/alpha/libgstalphacolor.so
#5 418.0 [1551/2937] Linking target subprojects/gst-plugins-good/gst/debugutils/libgstnavigationtest.so
#5 422.2 [1552/2937] Linking target subprojects/gst-plugins-base/gst-libs/gst/pbutils/libgstpbutils-1.0.so.0.2200.0
#5 422.7 [1553/2937] Generating symbol file subprojects/gst-plugins-base/gst-libs/gst/pbutils/libgstpbutils-1.0.so.0.2200.0.p/libgstpbutils-1.0.so.0.2200.0.symbols
#5 423.8 [1554/2937] Linking target subprojects/gst-plugins-good/gst/debugutils/libgstdebug.so
#5 432.4 [1555/2937] Linking target subprojects/gst-plugins-good/gst/alpha/libgstalpha.so
#5 433.2 [1556/2937] Linking target subprojects/gst-plugins-good/gst/rtpmanager/libgstrtpmanager.so
#5 433.6 [1557/2937] Linking target subprojects/gst-plugins-base/gst/encoding/libgstencoding.so
#5 435.2 [1558/2937] Linking target subprojects/gst-plugins-base/ext/libvisual/libgstlibvisual.so
#5 435.6 [1559/2937] Linking target subprojects/gst-plugins-base/gst-libs/gst/sdp/libgstsdp-1.0.so.0.2200.0
#5 436.3 [1560/2937] Generating symbol file subprojects/gst-plugins-base/gst-libs/gst/sdp/libgstsdp-1.0.so.0.2200.0.p/libgstsdp-1.0.so.0.2200.0.symbols
#5 438.5 [1561/2937] Linking target subprojects/gst-plugins-good/gst/deinterlace/libgstdeinterlace.so
#5 439.3 [1562/2937] Linking target subprojects/gst-plugins-good/gst/avi/libgstavi.so
#5 440.5 [1563/2937] Linking target subprojects/gst-plugins-base/tools/gst-device-monitor-1.0
#5 442.1 [1564/2937] Linking target subprojects/gst-plugins-base/ext/opus/libgstopus.so
#5 442.3 [1565/2937] Linking target subprojects/gst-plugins-base/tools/gst-discoverer-1.0
#5 443.9 [1566/2937] Linking target subprojects/gst-plugins-base/tools/gst-play-1.0
#5 444.1 [1567/2937] Linking target subprojects/gst-plugins-good/gst/apetag/libgstapetag.so
#5 444.7 [1568/2937] Linking target subprojects/gst-plugins-base/gst/typefind/libgsttypefindfunctions.so
#5 448.8 [1569/2937] Linking target subprojects/gst-plugins-good/gst/flx/libgstflxdec.so
#5 450.4 [1570/2937] Linking target subprojects/gst-plugins-base/gst-libs/gst/gl/libgstgl-1.0.so.0.2200.0
#5 450.8 [1571/2937] Generating symbol file subprojects/gst-plugins-base/gst-libs/gst/gl/libgstgl-1.0.so.0.2200.0.p/libgstgl-1.0.so.0.2200.0.symbols
#5 452.9 [1572/2937] Linking target subprojects/gst-plugins-good/gst/effectv/libgsteffectv.so
#5 457.1 [1573/2937] Linking target subprojects/gst-plugins-good/gst/goom/libgstgoom.so
#5 457.6 [1574/2937] Linking target subprojects/gst-plugins-good/gst/goom2k1/libgstgoom2k1.so
#5 458.1 [1575/2937] Linking target subprojects/gst-plugins-good/gst/flv/libgstflv.so
#5 458.3 [1576/2937] Linking target subprojects/gst-plugins-good/gst/id3demux/libgstid3demux.so
#5 460.4 [1577/2937] Linking target subprojects/gst-plugins-good/gst/monoscope/libgstmonoscope.so
#5 462.9 [1578/2937] Linking target subprojects/gst-plugins-good/gst/audioparsers/libgstaudioparsers.so
#5 467.7 [1579/2937] Linking target subprojects/gst-plugins-base/ext/ogg/libgstogg.so
#5 467.8 [1580/2937] Linking target subprojects/gst-plugins-good/gst/replaygain/libgstreplaygain.so
#5 480.4 [1581/2937] Linking target subprojects/gst-plugins-base/ext/gl/libgstopengl.so
#5 483.4 [1582/2937] Linking target subprojects/gst-plugins-good/gst/shapewipe/libgstshapewipe.so
#5 483.6 [1583/2937] Linking target subprojects/gst-plugins-good/gst/multifile/libgstmultifile.so
#5 486.6 [1584/2937] Linking target subprojects/gst-plugins-good/gst/smpte/libgstsmpte.so
#5 489.8 [1585/2937] Linking target subprojects/gst-plugins-good/gst/videocrop/libgstvideocrop.so
#5 491.7 [1586/2937] Linking target subprojects/gst-plugins-bad/gst-libs/gst/codecparsers/libgstcodecparsers-1.0.so.0.2200.0
#5 496.7 [1587/2937] Linking target subprojects/gst-plugins-good/gst/rtsp/libgstrtsp.so
#5 498.0 [1588/2937] Linking target subprojects/gst-plugins-good/gst/videobox/libgstvideobox.so
#5 499.3 [1589/2937] Linking target subprojects/gst-plugins-good/gst/y4m/libgsty4menc.so
#5 501.9 [1590/2937] Linking target subprojects/gst-plugins-good/gst/videomixer/libgstvideomixer.so
#5 503.8 [1591/2937] Linking target subprojects/gst-plugins-good/gst/wavparse/libgstwavparse.so
#5 506.8 [1592/2937] Linking target subprojects/gst-plugins-good/ext/aalib/libgstaasink.so
#5 507.9 [1593/2937] Linking target subprojects/gst-plugins-good/sys/ximage/libgstximagesrc.so
#5 509.7 [1594/2937] Linking target subprojects/gst-plugins-good/ext/cairo/libgstcairo.so
#5 512.4 [1595/2937] Linking target subprojects/gst-plugins-good/ext/gdk_pixbuf/libgstgdkpixbuf.so
#5 512.9 [1596/2937] Linking target subprojects/gst-plugins-base/gst/playback/libgstplayback.so
#5 514.7 [1597/2937] Linking target subprojects/gst-plugins-good/ext/libcaca/libgstcacasink.so
#5 518.1 [1598/2937] Linking target subprojects/gst-plugins-good/ext/jpeg/libgstjpeg.so
#5 519.7 [1599/2937] Linking target subprojects/gst-plugins-good/gst/matroska/libgstmatroska.so
#5 520.1 [1600/2937] Linking target subprojects/gst-plugins-good/ext/dv/libgstdv.so
#5 520.2 [1601/2937] Linking target subprojects/gst-plugins-good/gst/videofilter/libgstvideofilter.so
#5 520.6 [1602/2937] Linking target subprojects/gst-plugins-good/ext/libpng/libgstpng.so
#5 520.8 [1603/2937] Generating symbol file subprojects/gst-plugins-bad/gst-libs/gst/codecparsers/libgstcodecparsers-1.0.so.0.2200.0.p/libgstcodecparsers-1.0.so.0.2200.0.symbols
#5 527.8 [1604/2937] Linking target subprojects/gst-plugins-bad/gst-libs/gst/cuda/libgstcuda-1.0.so.0.2200.0
#5 528.3 [1605/2937] Generating symbol file subprojects/gst-plugins-bad/gst-libs/gst/cuda/libgstcuda-1.0.so.0.2200.0.p/libgstcuda-1.0.so.0.2200.0.symbols
#5 530.1 [1606/2937] Linking target subprojects/gst-plugins-good/ext/vpx/libgstvpx.so
#5 530.2 [1607/2937] Linking target subprojects/gst-plugins-bad/gst-libs/gst/interfaces/libgstphotography-1.0.so.0.2200.0
#5 530.5 [1608/2937] Linking target subprojects/gst-plugins-good/ext/pulse/libgstpulseaudio.so
#5 530.7 [1609/2937] Generating symbol file subprojects/gst-plugins-bad/gst-libs/gst/interfaces/libgstphotography-1.0.so.0.2200.0.p/libgstphotography-1.0.so.0.2200.0.symbols
#5 531.7 [1610/2937] Compiling C object subprojects/gst-plugins-bad/gst-libs/gst/mpegts/libgstmpegts-1.0.so.0.2200.0.p/mpegts.c.o
#5 532.3 [1611/2937] Compiling C object subprojects/gst-plugins-bad/gst-libs/gst/mpegts/libgstmpegts-1.0.so.0.2200.0.p/meson-generated_.._gstmpegts-enumtypes.c.o
#5 532.5 [1612/2937] Linking target subprojects/gst-plugins-bad/gst-libs/gst/isoff/libgstisoff-1.0.so.0.2200.0
#5 532.7 [1613/2937] Compiling C object subprojects/gst-plugins-bad/gst-libs/gst/mpegts/libgstmpegts-1.0.so.0.2200.0.p/gstmpegtssection.c.o
#5 533.3 [1614/2937] Generating symbol file subprojects/gst-plugins-bad/gst-libs/gst/isoff/libgstisoff-1.0.so.0.2200.0.p/libgstisoff-1.0.so.0.2200.0.symbols
#5 533.6 [1615/2937] Compiling C object subprojects/gst-plugins-bad/gst-libs/gst/mpegts/libgstmpegts-1.0.so.0.2200.0.p/gstmpegtsdescriptor.c.o
#5 534.6 [1616/2937] Compiling C object subprojects/gst-plugins-bad/gst-libs/gst/mpegts/libgstmpegts-1.0.so.0.2200.0.p/gst-atsc-section.c.o
#5 534.9 [1617/2937] Compiling C object subprojects/gst-plugins-bad/gst-libs/gst/mpegts/libgstmpegts-1.0.so.0.2200.0.p/gst-dvb-section.c.o
#5 535.2 [1618/2937] Compiling C object subprojects/gst-plugins-bad/gst-libs/gst/mpegts/libgstmpegts-1.0.so.0.2200.0.p/gst-dvb-descriptor.c.o
#5 536.0 [1619/2937] Compiling C object subprojects/gst-plugins-bad/gst-libs/gst/mpegts/libgstmpegts-1.0.so.0.2200.0.p/gst-scte-section.c.o
#5 536.7 [1620/2937] Compiling C object subprojects/gst-plugins-bad/gst-libs/gst/play/libgstplay-1.0.so.0.2200.0.p/gstplay-signal-adapter.c.o
#5 537.6 [1621/2937] Compiling C object subprojects/gst-plugins-bad/gst-libs/gst/play/libgstplay-1.0.so.0.2200.0.p/gstplay-video-renderer.c.o
#5 538.3 [1622/2937] Compiling C object subprojects/gst-plugins-bad/gst-libs/gst/play/libgstplay-1.0.so.0.2200.0.p/gstplay.c.o
#5 539.1 [1623/2937] Compiling C object subprojects/gst-plugins-bad/gst-libs/gst/play/libgstplay-1.0.so.0.2200.0.p/gstplay-media-info.c.o
#5 540.2 [1624/2937] Compiling C object subprojects/gst-plugins-bad/gst-libs/gst/play/libgstplay-1.0.so.0.2200.0.p/gstplay-visualization.c.o
#5 540.9 [1625/2937] Compiling C object subprojects/gst-plugins-bad/gst-libs/gst/play/libgstplay-1.0.so.0.2200.0.p/gstplay-video-overlay-video-renderer.c.o
#5 541.5 [1626/2937] Linking target subprojects/gst-plugins-good/gst/rtp/libgstrtp.so
#5 542.5 [1627/2937] Compiling C object subprojects/gst-plugins-bad/gst-libs/gst/player/libgstplayer-1.0.so.0.2200.0.p/gstplayer.c.o
#5 543.0 [1628/2937] Compiling C object subprojects/gst-plugins-bad/gst-libs/gst/player/libgstplayer-1.0.so.0.2200.0.p/gstplayer-signal-dispatcher.c.o
#5 543.9 [1629/2937] Compiling C object subprojects/gst-plugins-bad/gst-libs/gst/player/libgstplayer-1.0.so.0.2200.0.p/gstplayer-video-renderer.c.o
#5 544.2 [1630/2937] Linking target subprojects/gst-plugins-good/sys/v4l2/libgstvideo4linux2.so
#5 544.8 [1631/2937] Compiling C object subprojects/gst-plugins-bad/gst-libs/gst/player/libgstplayer-1.0.so.0.2200.0.p/gstplayer-g-main-context-signal-dispatcher.c.o
#5 544.9 [1632/2937] Compiling C object subprojects/gst-plugins-bad/gst-libs/gst/player/libgstplayer-1.0.so.0.2200.0.p/gstplayer-media-info.c.o
#5 546.0 [1633/2937] Compiling C object subprojects/gst-plugins-bad/gst-libs/gst/player/libgstplayer-1.0.so.0.2200.0.p/gstplayer-visualization.c.o
#5 546.3 [1634/2937] Compiling C object subprojects/gst-plugins-bad/gst-libs/gst/player/libgstplayer-1.0.so.0.2200.0.p/gstplayer-video-overlay-video-renderer.c.o
#5 546.3 [1635/2937] Compiling C object subprojects/gst-plugins-bad/gst-libs/gst/player/libgstplayer-1.0.so.0.2200.0.p/gstplayer-wrapped-video-renderer.c.o
#5 547.0 [1636/2937] Compiling C object subprojects/gst-plugins-bad/gst-libs/gst/sctp/libgstsctp-1.0.so.0.2200.0.p/sctpsendmeta.c.o
#5 547.1 [1637/2937] Compiling C object subprojects/gst-plugins-bad/gst-libs/gst/sctp/libgstsctp-1.0.so.0.2200.0.p/sctpreceivemeta.c.o
#5 547.8 [1638/2937] Generating subprojects/gst-plugins-bad/gst-libs/gst/transcoder/transcoder-enumtypes.c with a custom command (wrapped by meson because command contains newlines, to capture output)
#5 548.0 [1639/2937] Linking target subprojects/gst-plugins-bad/gst-libs/gst/sctp/libgstsctp-1.0.so.0.2200.0
#5 548.0 [1640/2937] Generating subprojects/gst-plugins-bad/gst-libs/gst/transcoder/transcoder-enumtypes.h with a custom command (wrapped by meson because command contains newlines, to capture output)
#5 548.4 [1641/2937] Generating symbol file subprojects/gst-plugins-bad/gst-libs/gst/sctp/libgstsctp-1.0.so.0.2200.0.p/libgstsctp-1.0.so.0.2200.0.symbols
#5 548.8 [1642/2937] Generating subprojects/gst-plugins-bad/gst-libs/gst/va/va-enumtypes.c with a custom command (wrapped by meson because command contains newlines, to capture output)
#5 549.6 [1643/2937] Compiling C object subprojects/gst-plugins-bad/gst-libs/gst/transcoder/libgsttranscoder-1.0.so.0.p/meson-generated_.._transcoder-enumtypes.c.o
#5 550.5 [1644/2937] Compiling C object subprojects/gst-plugins-bad/gst-libs/gst/transcoder/libgsttranscoder-1.0.so.0.p/gsttranscoder-signal-adapter.c.o
#5 550.5 [1645/2937] Generating subprojects/gst-plugins-bad/gst-libs/gst/wayland/viewporter-protocol.c with a custom command
#5 550.5 Using "code" is deprecated - use private-code or public-code.
#5 550.5 See the help page for details.
#5 550.6 [1646/2937] Generating subprojects/gst-plugins-bad/gst-libs/gst/wayland/viewporter-client-protocol.h with a custom command
#5 550.6 [1647/2937] Generating subprojects/gst-plugins-bad/gst-libs/gst/wayland/linux-dmabuf-unstable-v1-protocol.c with a custom command
#5 550.6 Using "code" is deprecated - use private-code or public-code.
#5 550.6 See the help page for details.
#5 550.6 [1648/2937] Compiling C object subprojects/gst-plugins-bad/gst-libs/gst/transcoder/libgsttranscoder-1.0.so.0.p/gsttranscoder.c.o
#5 550.6 [1649/2937] Generating subprojects/gst-plugins-bad/gst-libs/gst/va/va-enumtypes.h with a custom command (wrapped by meson because command contains newlines, to capture output)
#5 550.6 [1650/2937] Generating subprojects/gst-plugins-bad/gst-libs/gst/wayland/linux-dmabuf-unstable-v1-client-protocol.h with a custom command
#5 551.7 [1651/2937] Linking target subprojects/gst-plugins-bad/gst-libs/gst/play/libgstplay-1.0.so.0.2200.0
#5 552.0 [1652/2937] Linking target subprojects/gst-plugins-bad/gst-libs/gst/mpegts/libgstmpegts-1.0.so.0.2200.0
#5 552.0 [1653/2937] Compiling C object subprojects/gst-plugins-bad/gst-libs/gst/va/libgstva-1.0.so.0.2200.0.p/meson-generated_.._va-enumtypes.c.o
#5 552.5 [1654/2937] Compiling C object subprojects/gst-plugins-bad/gst-libs/gst/va/libgstva-1.0.so.0.2200.0.p/gstvaallocator.c.o
#5 552.6 [1655/2937] Generating symbol file subprojects/gst-plugins-bad/gst-libs/gst/mpegts/libgstmpegts-1.0.so.0.2200.0.p/libgstmpegts-1.0.so.0.2200.0.symbols
#5 552.7 [1656/2937] Generating symbol file subprojects/gst-plugins-bad/gst-libs/gst/play/libgstplay-1.0.so.0.2200.0.p/libgstplay-1.0.so.0.2200.0.symbols
#5 553.1 [1657/2937] Linking target subprojects/gst-plugins-good/gst/isomp4/libgstisomp4.so
#5 553.6 [1658/2937] Linking target subprojects/gst-plugins-bad/gst-libs/gst/codecs/libgstcodecs-1.0.so.0.2200.0
#5 553.6 [1659/2937] Compiling C object subprojects/gst-plugins-bad/gst-libs/gst/va/libgstva-1.0.so.0.2200.0.p/gstvadisplay_drm.c.o
#5 553.7 [1660/2937] Compiling C object subprojects/gst-plugins-bad/gst-libs/gst/va/libgstva-1.0.so.0.2200.0.p/gstvadisplay.c.o
#5 553.8 [1661/2937] Compiling C object subprojects/gst-plugins-bad/gst-libs/gst/va/libgstva-1.0.so.0.2200.0.p/gstvadisplay_wrapped.c.o
#5 554.1 [1662/2937] Generating symbol file subprojects/gst-plugins-bad/gst-libs/gst/codecs/libgstcodecs-1.0.so.0.2200.0.p/libgstcodecs-1.0.so.0.2200.0.symbols
#5 554.5 [1663/2937] Linking target subprojects/gst-plugins-bad/gst-libs/gst/transcoder/libgsttranscoder-1.0.so.0
#5 554.7 [1664/2937] Compiling C object subprojects/gst-plugins-bad/gst-libs/gst/va/libgstva-1.0.so.0.2200.0.p/gstvapool.c.o
#5 554.7 [1665/2937] Compiling C object subprojects/gst-plugins-bad/gst-libs/gst/va/libgstva-1.0.so.0.2200.0.p/gstvasurfacecopy.c.o
#5 554.7 [1666/2937] Compiling C object subprojects/gst-plugins-bad/gst-libs/gst/va/libgstva-1.0.so.0.2200.0.p/gstvavideoformat.c.o
#5 554.7 [1667/2937] Generating subprojects/gst-plugins-bad/gst-libs/gst/wayland/fullscreen-shell-unstable-v1-protocol.c with a custom command
#5 554.7 Using "code" is deprecated - use private-code or public-code.
#5 554.7 See the help page for details.
#5 554.7 [1668/2937] Generating subprojects/gst-plugins-bad/gst-libs/gst/wayland/fullscreen-shell-unstable-v1-client-protocol.h with a custom command
#5 554.8 [1669/2937] Generating subprojects/gst-plugins-bad/gst-libs/gst/wayland/xdg-shell-protocol.c with a custom command
#5 554.8 Using "code" is deprecated - use private-code or public-code.
#5 554.8 See the help page for details.
#5 554.8 [1670/2937] Generating subprojects/gst-plugins-bad/gst-libs/gst/wayland/xdg-shell-client-protocol.h with a custom command
#5 555.1 [1671/2937] Compiling C object subprojects/gst-plugins-bad/gst-libs/gst/va/libgstva-1.0.so.0.2200.0.p/gstvautils.c.o
#5 555.1 [1672/2937] Compiling C object subprojects/gst-plugins-bad/gst-libs/gst/wayland/libgstwayland-1.0.so.0.2200.0.p/meson-generated_.._viewporter-protocol.c.o
#5 555.2 [1673/2937] Generating symbol file subprojects/gst-plugins-bad/gst-libs/gst/transcoder/libgsttranscoder-1.0.so.0.p/libgsttranscoder-1.0.so.0.symbols
#5 555.3 [1674/2937] Compiling C object subprojects/gst-plugins-bad/gst-libs/gst/va/libgstva-1.0.so.0.2200.0.p/vasurfaceimage.c.o
#5 555.3 [1675/2937] Compiling C object subprojects/gst-plugins-bad/gst-libs/gst/wayland/libgstwayland-1.0.so.0.2200.0.p/meson-generated_.._fullscreen-shell-unstable-v1-protocol.c.o
#5 555.4 [1676/2937] Compiling C object subprojects/gst-plugins-bad/gst-libs/gst/wayland/libgstwayland-1.0.so.0.2200.0.p/meson-generated_.._linux-dmabuf-unstable-v1-protocol.c.o
#5 555.5 [1677/2937] Compiling C object subprojects/gst-plugins-bad/gst-libs/gst/wayland/libgstwayland-1.0.so.0.2200.0.p/meson-generated_.._xdg-shell-protocol.c.o
#5 555.6 [1678/2937] Generating subprojects/gst-plugins-bad/gst-libs/gst/webrtc/webrtc-enumtypes.c with a custom command (wrapped by meson because command contains newlines, to capture output)
#5 555.8 [1679/2937] Generating subprojects/gst-plugins-bad/gst-libs/gst/webrtc/webrtc-enumtypes.h with a custom command (wrapped by meson because command contains newlines, to capture output)
#5 556.6 [1680/2937] Compiling C object subprojects/gst-plugins-bad/gst-libs/gst/wayland/libgstwayland-1.0.so.0.2200.0.p/gstwlbuffer.c.o
#5 556.8 [1681/2937] Compiling C object subprojects/gst-plugins-bad/gst-libs/gst/wayland/libgstwayland-1.0.so.0.2200.0.p/gstwlcontext.c.o
#5 556.8 [1682/2937] Compiling C object subprojects/gst-plugins-bad/gst-libs/gst/wayland/libgstwayland-1.0.so.0.2200.0.p/gstwldisplay.c.o
#5 556.9 [1683/2937] Compiling C object subprojects/gst-plugins-bad/gst-libs/gst/wayland/libgstwayland-1.0.so.0.2200.0.p/gstwlshmallocator.c.o
#5 557.5 [1684/2937] Compiling C object subprojects/gst-plugins-bad/gst-libs/gst/wayland/libgstwayland-1.0.so.0.2200.0.p/gstwllinuxdmabuf.c.o
#5 557.5 [1685/2937] Compiling C object subprojects/gst-plugins-bad/gst-libs/gst/wayland/libgstwayland-1.0.so.0.2200.0.p/gstwlvideobufferpool.c.o
#5 557.6 [1686/2937] Compiling C object subprojects/gst-plugins-bad/gst-libs/gst/webrtc/libgstwebrtc-1.0.so.0.2200.0.p/meson-generated_.._webrtc-enumtypes.c.o
#5 557.9 [1687/2937] Linking target subprojects/gst-plugins-bad/gst-libs/gst/player/libgstplayer-1.0.so.0.2200.0
#5 558.2 [1688/2937] Compiling C object subprojects/gst-plugins-bad/gst-libs/gst/wayland/libgstwayland-1.0.so.0.2200.0.p/gstwlvideoformat.c.o
#5 558.4 [1689/2937] Compiling C object subprojects/gst-plugins-bad/gst-libs/gst/wayland/libgstwayland-1.0.so.0.2200.0.p/gstwlwindow.c.o
#5 558.6 [1690/2937] Compiling C object subprojects/gst-plugins-bad/gst-libs/gst/webrtc/libgstwebrtc-1.0.so.0.2200.0.p/dtlstransport.c.o
#5 558.8 [1691/2937] Compiling C object subprojects/gst-plugins-bad/gst-libs/gst/webrtc/libgstwebrtc-1.0.so.0.2200.0.p/ice.c.o
#5 558.8 [1692/2937] Compiling C object subprojects/gst-plugins-bad/gst-libs/gst/webrtc/libgstwebrtc-1.0.so.0.2200.0.p/icetransport.c.o
#5 558.9 [1693/2937] Compiling C object subprojects/gst-plugins-bad/gst-libs/gst/webrtc/libgstwebrtc-1.0.so.0.2200.0.p/icestream.c.o
#5 559.4 [1694/2937] Compiling C object subprojects/gst-plugins-bad/gst-libs/gst/webrtc/libgstwebrtc-1.0.so.0.2200.0.p/rtpreceiver.c.o
#5 559.5 [1695/2937] Compiling C object subprojects/gst-plugins-bad/gst-libs/gst/webrtc/libgstwebrtc-1.0.so.0.2200.0.p/rtcsessiondescription.c.o
#5 559.6 [1696/2937] Compiling C object subprojects/gst-plugins-bad/gst-libs/gst/webrtc/libgstwebrtc-1.0.so.0.2200.0.p/rtpsender.c.o
#5 560.0 [1697/2937] Compiling C object subprojects/gst-plugins-bad/gst-libs/gst/webrtc/libgstwebrtc-1.0.so.0.2200.0.p/rtptransceiver.c.o
#5 560.0 [1698/2937] Compiling C object subprojects/gst-plugins-bad/gst-libs/gst/webrtc/libgstwebrtc-1.0.so.0.2200.0.p/datachannel.c.o
#5 560.3 [1699/2937] Compiling C object subprojects/gst-plugins-bad/gst-libs/gst/webrtc/libgstwebrtc-1.0.so.0.2200.0.p/webrtc.c.o
#5 560.8 [1700/2937] Compiling C object subprojects/gst-plugins-bad/gst-libs/gst/webrtc/libgstwebrtc-1.0.so.0.2200.0.p/sctptransport.c.o
#5 561.1 [1701/2937] Compiling C object subprojects/gst-plugins-bad/gst-libs/gst/webrtc/nice/libgstwebrtcnice-1.0.so.0.2200.0.p/nicestream.c.o
#5 561.2 [1702/2937] Linking target subprojects/gst-plugins-bad/gst-libs/gst/va/libgstva-1.0.so.0.2200.0
#5 561.4 [1703/2937] Compiling C object subprojects/gst-plugins-bad/gst-libs/gst/webrtc/nice/libgstwebrtcnice-1.0.so.0.2200.0.p/nice.c.o
#5 561.5 [1704/2937] Compiling C object subprojects/gst-plugins-bad/gst/accurip/libgstaccurip.so.p/gstaccurip.c.o
#5 561.7 [1705/2937] Compiling C object subprojects/gst-plugins-bad/gst-libs/gst/webrtc/nice/libgstwebrtcnice-1.0.so.0.2200.0.p/nicetransport.c.o
#5 561.9 [1706/2937] Generating symbol file subprojects/gst-plugins-bad/gst-libs/gst/va/libgstva-1.0.so.0.2200.0.p/libgstva-1.0.so.0.2200.0.symbols
#5 562.0 [1707/2937] Linking target subprojects/gst-plugins-bad/gst-libs/gst/wayland/libgstwayland-1.0.so.0.2200.0
#5 562.3 [1708/2937] Compiling C object subprojects/gst-plugins-bad/gst/adpcmenc/libgstadpcmenc.so.p/adpcmenc.c.o
#5 562.4 [1709/2937] Compiling C object subprojects/gst-plugins-bad/gst/adpcmdec/libgstadpcmdec.so.p/adpcmdec.c.o
#5 562.6 [1710/2937] Compiling C object subprojects/gst-plugins-bad/gst/aiff/libgstaiff.so.p/aiff.c.o
#5 562.6 [1711/2937] Linking target subprojects/gst-plugins-bad/gst/accurip/libgstaccurip.so
#5 562.8 [1712/2937] Generating symbol file subprojects/gst-plugins-bad/gst-libs/gst/wayland/libgstwayland-1.0.so.0.2200.0.p/libgstwayland-1.0.so.0.2200.0.symbols
#5 563.2 [1713/2937] Compiling C object subprojects/gst-plugins-bad/gst/aiff/libgstaiff.so.p/aiffmux.c.o
#5 563.4 [1714/2937] Linking target subprojects/gst-plugins-bad/gst/adpcmenc/libgstadpcmenc.so
#5 563.4 [1715/2937] Compiling C object subprojects/gst-plugins-bad/gst/aiff/libgstaiff.so.p/gstaiffelement.c.o
#5 564.2 [1716/2937] Compiling C object subprojects/gst-plugins-bad/gst/asfmux/libgstasfmux.so.p/gstasfmux.c.o
#5 564.4 [1717/2937] Compiling C object subprojects/gst-plugins-bad/gst/asfmux/libgstasfmux.so.p/gstrtpasfpay.c.o
#5 564.5 [1718/2937] Linking target subprojects/gst-plugins-bad/gst/adpcmdec/libgstadpcmdec.so
#5 564.6 [1719/2937] Compiling C object subprojects/gst-plugins-bad/gst/aiff/libgstaiff.so.p/aiffparse.c.o
#5 564.7 [1720/2937] Linking target subprojects/gst-plugins-bad/gst-libs/gst/webrtc/libgstwebrtc-1.0.so.0.2200.0
#5 564.7 [1721/2937] Compiling C object subprojects/gst-plugins-bad/gst/asfmux/libgstasfmux.so.p/gstasfobjects.c.o
#5 565.1 [1722/2937] Compiling C object subprojects/gst-plugins-bad/gst/asfmux/libgstasfmux.so.p/gstasf.c.o
#5 565.2 [1723/2937] Compiling C object subprojects/gst-plugins-bad/gst/asfmux/libgstasfmux.so.p/gstasfparse.c.o
#5 565.4 [1724/2937] Compiling C object subprojects/gst-plugins-bad/gst/audiofxbad/libgstaudiofxbad.so.p/gstaudiofxbad.c.o
#5 565.5 [1725/2937] Generating symbol file subprojects/gst-plugins-bad/gst-libs/gst/webrtc/libgstwebrtc-1.0.so.0.2200.0.p/libgstwebrtc-1.0.so.0.2200.0.symbols
#5 565.7 [1726/2937] Compiling C object subprojects/gst-plugins-bad/gst/audiofxbad/libgstaudiofxbad.so.p/gstaudiochannelmix.c.o
#5 566.2 [1727/2937] Compiling C object subprojects/gst-plugins-bad/gst/audiomixmatrix/libgstaudiomixmatrix.so.p/gstaudiomixmatrix.c.o
#5 566.4 [1728/2937] Compiling C object subprojects/gst-plugins-bad/gst/audiolatency/libgstaudiolatency.so.p/gstaudiolatency.c.o
#5 566.4 [1729/2937] Compiling C object subprojects/gst-plugins-bad/gst/audiobuffersplit/libgstaudiobuffersplit.so.p/gstaudiobuffersplit.c.o
#5 567.2 [1730/2937] Linking target subprojects/gst-plugins-bad/gst/audiofxbad/libgstaudiofxbad.so
#5 567.6 [1731/2937] Linking target subprojects/gst-plugins-bad/gst/audiolatency/libgstaudiolatency.so
#5 568.0 [1732/2937] Linking target subprojects/gst-plugins-bad/gst/audiomixmatrix/libgstaudiomixmatrix.so
#5 568.3 [1733/2937] Compiling C object subprojects/gst-plugins-bad/gst/audiovisualizers/libgstaudiovisualizers.so.p/plugin.c.o
#5 569.0 [1734/2937] Linking target subprojects/gst-plugins-bad/gst/aiff/libgstaiff.so
#5 569.1 [1735/2937] Linking target subprojects/gst-plugins-bad/gst/audiobuffersplit/libgstaudiobuffersplit.so
#5 569.2 [1736/2937] Linking target subprojects/gst-plugins-bad/gst-libs/gst/webrtc/nice/libgstwebrtcnice-1.0.so.0.2200.0
#5 569.3 [1737/2937] Compiling C object subprojects/gst-plugins-bad/gst/audiovisualizers/libgstaudiovisualizers.so.p/gstspectrascope.c.o
#5 569.4 [1738/2937] Compiling C object subprojects/gst-plugins-bad/gst/audiovisualizers/libgstaudiovisualizers.so.p/gstsynaescope.c.o
#5 569.5 [1739/2937] Compiling C object subprojects/gst-plugins-bad/gst/audiovisualizers/libgstaudiovisualizers.so.p/gstspacescope.c.o
#5 569.5 [1740/2937] Generating subprojects/gst-plugins-bad/gst/bayer/gstbayerorc.h with a custom command
#5 569.6 [1741/2937] Generating subprojects/gst-plugins-bad/gst/bayer/gstbayerorc.c with a custom command
#5 569.7 [1742/2937] Generating symbol file subprojects/gst-plugins-bad/gst-libs/gst/webrtc/nice/libgstwebrtcnice-1.0.so.0.2200.0.p/libgstwebrtcnice-1.0.so.0.2200.0.symbols
#5 569.9 [1743/2937] Compiling C object subprojects/gst-plugins-bad/gst/autoconvert/libgstautoconvert.so.p/plugin.c.o
#5 569.9 [1744/2937] Compiling C object subprojects/gst-plugins-bad/gst/audiovisualizers/libgstaudiovisualizers.so.p/gstwavescope.c.o
#5 570.2 [1745/2937] Compiling C object subprojects/gst-plugins-bad/gst/autoconvert/libgstautoconvert.so.p/gstautovideoconvert.c.o
#5 570.3 [1746/2937] Compiling C object subprojects/gst-plugins-bad/gst/bayer/libgstbayer.so.p/gstbayer.c.o
#5 570.5 [1747/2937] Compiling C object subprojects/gst-plugins-bad/gst/autoconvert/libgstautoconvert.so.p/gstautoconvert.c.o
#5 570.8 [1748/2937] Compiling C object subprojects/gst-plugins-bad/gst/bayer/libgstbayer.so.p/meson-generated_.._gstbayerorc.c.o
#5 571.2 [1749/2937] Compiling C object subprojects/gst-plugins-bad/gst/bayer/libgstbayer.so.p/gstrgb2bayer.c.o
#5 571.5 [1750/2937] Compiling C object subprojects/gst-plugins-bad/gst/bayer/libgstbayer.so.p/gstbayer2rgb.c.o
#5 571.7 [1751/2937] Compiling C object subprojects/gst-plugins-bad/gst/camerabin2/libgstcamerabin.so.p/gstdigitalzoom.c.o
#5 572.3 [1752/2937] Compiling C object subprojects/gst-plugins-bad/gst/camerabin2/libgstcamerabin.so.p/camerabingeneral.c.o
#5 572.3 [1753/2937] Compiling C object subprojects/gst-plugins-bad/gst/camerabin2/libgstcamerabin.so.p/gstviewfinderbin.c.o
#5 572.9 [1754/2937] Linking target subprojects/gst-plugins-bad/gst/asfmux/libgstasfmux.so
#5 572.9 [1755/2937] Linking target subprojects/gst-plugins-bad/gst/autoconvert/libgstautoconvert.so
#5 573.1 [1756/2937] Compiling C object subprojects/gst-plugins-bad/gst/camerabin2/libgstcamerabin.so.p/gstwrappercamerabinsrc.c.o
#5 573.4 [1757/2937] Compiling C object subprojects/gst-plugins-bad/gst/camerabin2/libgstcamerabin.so.p/gstplugin.c.o
#5 573.5 [1758/2937] Compiling C object subprojects/gst-plugins-bad/gst/codecalpha/libgstcodecalpha.so.p/gstplugin.c.o
#5 573.8 [1759/2937] Compiling C object subprojects/gst-plugins-bad/gst/codecalpha/libgstcodecalpha.so.p/gstalphacombine.c.o
#5 574.0 [1760/2937] Linking target subprojects/gst-plugins-bad/gst/bayer/libgstbayer.so
#5 574.0 [1761/2937] Compiling C object subprojects/gst-plugins-bad/gst/codecalpha/libgstcodecalpha.so.p/gstalphadecodebin.c.o
#5 574.2 [1762/2937] Compiling C object subprojects/gst-plugins-bad/gst/codecalpha/libgstcodecalpha.so.p/gstvp8alphadecodebin.c.o
#5 574.3 [1763/2937] Linking target subprojects/gst-plugins-bad/gst/audiovisualizers/libgstaudiovisualizers.so
#5 574.4 [1764/2937] Compiling C object subprojects/gst-plugins-bad/gst/camerabin2/libgstcamerabin.so.p/gstcamerabin2.c.o
#5 574.4 [1765/2937] Compiling C object subprojects/gst-plugins-bad/gst/codecalpha/libgstcodecalpha.so.p/gstvp9alphadecodebin.c.o
#5 574.8 [1766/2937] Compiling C object subprojects/gst-plugins-bad/gst/codectimestamper/libgstcodectimestamper.so.p/gstcodectimestamper.c.o
#5 575.0 [1767/2937] Compiling C object subprojects/gst-plugins-bad/gst/codectimestamper/libgstcodectimestamper.so.p/gsth265timestamper.c.o
#5 575.1 [1768/2937] Compiling C object subprojects/gst-plugins-bad/gst/codectimestamper/libgstcodectimestamper.so.p/plugin.c.o
#5 575.3 [1769/2937] Compiling C object subprojects/gst-plugins-bad/gst/codectimestamper/libgstcodectimestamper.so.p/gsth264timestamper.c.o
#5 575.3 [1770/2937] Compiling C object subprojects/gst-plugins-bad/gst/codecalpha/libgstcodecalpha.so.p/gstcodecalphademux.c.o
#5 575.4 [1771/2937] Compiling C object subprojects/gst-plugins-bad/gst/coloreffects/libgstcoloreffects.so.p/gstplugin.c.o
#5 575.9 [1772/2937] Compiling C object subprojects/gst-plugins-bad/gst/debugutils/libgstdebugutilsbad.so.p/debugutilsbad.c.o
#5 576.2 [1773/2937] Compiling C object subprojects/gst-plugins-bad/gst/coloreffects/libgstcoloreffects.so.p/gstchromahold.c.o
#5 576.2 [1774/2937] Compiling C object subprojects/gst-plugins-bad/gst/coloreffects/libgstcoloreffects.so.p/gstcoloreffects.c.o
#5 576.4 [1775/2937] Compiling C object subprojects/gst-plugins-bad/gst/debugutils/libgstdebugutilsbad.so.p/fpsdisplaysink.c.o
#5 576.7 [1776/2937] Compiling C object subprojects/gst-plugins-bad/gst/debugutils/libgstdebugutilsbad.so.p/gstchecksumsink.c.o
#5 577.1 [1777/2937] Compiling C object subprojects/gst-plugins-bad/gst/debugutils/libgstdebugutilsbad.so.p/gstchopmydata.c.o
#5 577.1 [1778/2937] Linking target subprojects/gst-plugins-good/ext/adaptivedemux2/libgstadaptivedemux2.so
#5 577.9 [1779/2937] Linking target subprojects/gst-plugins-bad/gst/coloreffects/libgstcoloreffects.so
#5 578.1 [1780/2937] Compiling C object subprojects/gst-plugins-bad/gst/debugutils/libgstdebugutilsbad.so.p/gsterrorignore.c.o
#5 578.1 [1781/2937] Compiling C object subprojects/gst-plugins-bad/gst/debugutils/libgstdebugutilsbad.so.p/gstcompare.c.o
#5 578.1 [1782/2937] Compiling C object subprojects/gst-plugins-bad/gst/debugutils/libgstdebugutilsbad.so.p/gstdebugspy.c.o
#5 578.2 [1783/2937] Linking target subprojects/gst-plugins-bad/gst/codecalpha/libgstcodecalpha.so
#5 578.3 [1784/2937] Compiling C object subprojects/gst-plugins-bad/gst/debugutils/libgstdebugutilsbad.so.p/gstclockselect.c.o
#5 578.6 [1785/2937] Compiling C object subprojects/gst-plugins-bad/gst/debugutils/libgstdebugutilsbad.so.p/gstfakesinkutils.c.o
#5 578.8 [1786/2937] Compiling C object subprojects/gst-plugins-bad/gst/debugutils/libgstdebugutilsbad.so.p/gsttestsrcbin.c.o
#5 578.8 [1787/2937] Compiling C object subprojects/gst-plugins-bad/gst/debugutils/libgstdebugutilsbad.so.p/gstfakeaudiosink.c.o
#5 578.8 [1788/2937] Compiling C object subprojects/gst-plugins-bad/gst/debugutils/libgstdebugutilsbad.so.p/gstfakevideosink.c.o
#5 578.9 [1789/2937] Linking target subprojects/gst-plugins-bad/gst/codectimestamper/libgstcodectimestamper.so
#5 579.0 [1790/2937] Compiling C object subprojects/gst-plugins-bad/gst/debugutils/libgstdebugutilsbad.so.p/gstwatchdog.c.o
#5 579.3 [1791/2937] Compiling C object subprojects/gst-plugins-bad/gst/dvbsubenc/libgstdvbsubenc.so.p/libimagequant_blur.c.o
#5 579.4 [1792/2937] Compiling C object subprojects/gst-plugins-bad/gst/dvbsubenc/libgstdvbsubenc.so.p/gstdvbsubenc.c.o
#5 579.4 [1793/2937] Compiling C object subprojects/gst-plugins-bad/gst/dvbsubenc/libgstdvbsubenc.so.p/libimagequant_mempool.c.o
#5 579.5 [1794/2937] Compiling C object subprojects/gst-plugins-bad/gst/dvbsubenc/libgstdvbsubenc.so.p/libimagequant_mediancut.c.o
#5 579.8 [1795/2937] Compiling C object subprojects/gst-plugins-bad/gst/dvbsubenc/libgstdvbsubenc.so.p/libimagequant_libimagequant.c.o
#5 579.8 [1796/2937] Compiling C object subprojects/gst-plugins-bad/gst/dvbsubenc/libgstdvbsubenc.so.p/libimagequant_nearest.c.o
#5 579.9 [1797/2937] Compiling C object subprojects/gst-plugins-bad/gst/dvbsubenc/libgstdvbsubenc.so.p/libimagequant_pam.c.o
#5 579.9 [1798/2937] Compiling C object subprojects/gst-plugins-bad/gst/debugutils/libgstdebugutilsbad.so.p/gstvideocodectestsink.c.o
#5 580.1 [1799/2937] Compiling C object subprojects/gst-plugins-bad/gst/dvbsubenc/libgstdvbsubenc.so.p/libimagequant_viter.c.o
#5 580.4 [1800/2937] Compiling C object subprojects/gst-plugins-bad/gst/dvbsubenc/libgstdvbsubenc.so.p/gstdvbsubenc-util.c.o
#5 580.5 [1801/2937] Compiling C object subprojects/gst-plugins-bad/gst/dvdspu/libgstdvdspu.so.p/gstdvdspu-render.c.o
#5 580.8 [1802/2937] Linking target subprojects/gst-plugins-bad/gst/camerabin2/libgstcamerabin.so
#5 580.9 [1803/2937] Compiling C object subprojects/gst-plugins-bad/gst/dvdspu/libgstdvdspu.so.p/gstdvdspu.c.o
#5 581.1 [1804/2937] Compiling C object subprojects/gst-plugins-bad/gst/dvdspu/libgstdvdspu.so.p/gstspu-vobsub.c.o
#5 581.2 [1805/2937] Compiling C object subprojects/gst-plugins-bad/gst/dvbsuboverlay/libgstdvbsuboverlay.so.p/dvb-sub.c.o
#5 581.2 [1806/2937] Generating subprojects/gst-plugins-bad/gst/fieldanalysis/gstfieldanalysisorc.h with a custom command
#5 581.2 [1807/2937] Compiling C object subprojects/gst-plugins-bad/gst/dvbsuboverlay/libgstdvbsuboverlay.so.p/gstdvbsuboverlay.c.o
#5 581.3 [1808/2937] Generating subprojects/gst-plugins-bad/gst/fieldanalysis/gstfieldanalysisorc.c with a custom command
#5 581.5 [1809/2937] Compiling C object subprojects/gst-plugins-bad/gst/dvdspu/libgstdvdspu.so.p/gstspu-vobsub-render.c.o
#5 581.7 [1810/2937] Compiling C object subprojects/gst-plugins-bad/gst/dvdspu/libgstdvdspu.so.p/gstspu-pgs.c.o
#5 581.8 [1811/2937] Compiling C object subprojects/gst-plugins-bad/gst/fieldanalysis/libgstfieldanalysis.so.p/meson-generated_.._gstfieldanalysisorc.c.o
#5 582.1 [1812/2937] Compiling C object subprojects/gst-plugins-bad/gst/festival/libgstfestival.so.p/gstfestival.c.o
#5 582.1 [1813/2937] Compiling C object subprojects/gst-plugins-bad/gst/faceoverlay/libgstfaceoverlay.so.p/gstfaceoverlay.c.o
#5 583.1 [1814/2937] Compiling C object subprojects/gst-plugins-bad/gst/freeverb/libgstfreeverb.so.p/gstfreeverb.c.o
#5 583.2 [1815/2937] Compiling C object subprojects/gst-plugins-bad/gst/fieldanalysis/libgstfieldanalysis.so.p/gstfieldanalysis.c.o
#5 583.6 [1816/2937] Linking target subprojects/gst-plugins-bad/gst/faceoverlay/libgstfaceoverlay.so
#5 583.8 [1817/2937] Linking target subprojects/gst-plugins-bad/gst/festival/libgstfestival.so
#5 585.3 [1818/2937] Compiling C object subprojects/gst-plugins-bad/gst/frei0r/libgstfrei0r.so.p/gstfrei0rfilter.c.o
#5 585.4 [1819/2937] Compiling C object subprojects/gst-plugins-bad/gst/frei0r/libgstfrei0r.so.p/gstfrei0r.c.o
#5 586.0 [1820/2937] Linking target subprojects/gst-plugins-bad/gst/freeverb/libgstfreeverb.so
#5 586.1 [1821/2937] Generating subprojects/gst-plugins-bad/gst/gaudieffects/gstgaudieffectsorc.h with a custom command
#5 586.1 [1822/2937] Generating subprojects/gst-plugins-bad/gst/gaudieffects/gstgaudieffectsorc.c with a custom command
#5 586.3 [1823/2937] Compiling C object subprojects/gst-plugins-bad/gst/frei0r/libgstfrei0r.so.p/gstfrei0rsrc.c.o
#5 586.6 [1824/2937] Compiling C object subprojects/gst-plugins-bad/gst/gaudieffects/libgstgaudieffects.so.p/meson-generated_.._gstgaudieffectsorc.c.o
#5 586.8 [1825/2937] Compiling C object subprojects/gst-plugins-bad/gst/frei0r/libgstfrei0r.so.p/gstfrei0rmixer.c.o
#5 587.2 [1826/2937] Linking target subprojects/gst-plugins-bad/gst/debugutils/libgstdebugutilsbad.so
#5 587.5 [1827/2937] Compiling C object subprojects/gst-plugins-bad/gst/gaudieffects/libgstgaudieffects.so.p/gstchromium.c.o
#5 587.6 [1828/2937] Linking target subprojects/gst-plugins-bad/gst/dvbsuboverlay/libgstdvbsuboverlay.so
#5 587.6 [1829/2937] Compiling C object subprojects/gst-plugins-bad/gst/gaudieffects/libgstgaudieffects.so.p/gstburn.c.o
#5 587.9 [1830/2937] Linking target subprojects/gst-plugins-bad/gst/fieldanalysis/libgstfieldanalysis.so
#5 588.5 [1831/2937] Compiling C object subprojects/gst-plugins-bad/gst/gaudieffects/libgstgaudieffects.so.p/gstdodge.c.o
#5 588.5 [1832/2937] Compiling C object subprojects/gst-plugins-bad/gst/gaudieffects/libgstgaudieffects.so.p/gstgaussblur.c.o
#5 588.6 [1833/2937] Compiling C object subprojects/gst-plugins-bad/gst/gaudieffects/libgstgaudieffects.so.p/gstdilate.c.o
#5 588.7 [1834/2937] Compiling C object subprojects/gst-plugins-bad/gst/gaudieffects/libgstgaudieffects.so.p/gstexclusion.c.o
#5 588.9 [1835/2937] Linking target subprojects/gst-plugins-bad/gst/dvdspu/libgstdvdspu.so
#5 589.2 [1836/2937] Compiling C object subprojects/gst-plugins-bad/gst/gaudieffects/libgstgaudieffects.so.p/gstsolarize.c.o
#5 589.3 [1837/2937] Compiling C object subprojects/gst-plugins-bad/gst/gdp/libgstgdp.so.p/gstgdp.c.o
#5 589.4 [1838/2937] Compiling C object subprojects/gst-plugins-bad/gst/gdp/libgstgdp.so.p/gstgdpelement.c.o
#5 589.4 [1839/2937] Compiling C object subprojects/gst-plugins-bad/gst/gdp/libgstgdp.so.p/dataprotocol.c.o
#5 589.6 [1840/2937] Compiling C object subprojects/gst-plugins-bad/gst/gaudieffects/libgstgaudieffects.so.p/gstplugin.c.o
#5 589.9 [1841/2937] Compiling C object subprojects/gst-plugins-bad/gst/gdp/libgstgdp.so.p/gstgdppay.c.o
#5 590.1 [1842/2937] Compiling C object subprojects/gst-plugins-bad/gst/gdp/libgstgdp.so.p/gstgdpdepay.c.o
#5 590.2 [1843/2937] Linking target subprojects/gst-plugins-bad/gst/frei0r/libgstfrei0r.so
#5 590.2 [1844/2937] Compiling C object subprojects/gst-plugins-bad/gst/geometrictransform/libgstgeometrictransform.so.p/plugin.c.o
#5 590.4 [1845/2937] Compiling C object subprojects/gst-plugins-bad/gst/geometrictransform/libgstgeometrictransform.so.p/gstgeometrictransform.c.o
#5 590.6 [1846/2937] Compiling C object subprojects/gst-plugins-bad/gst/geometrictransform/libgstgeometrictransform.so.p/gstcirclegeometrictransform.c.o
#5 590.6 [1847/2937] Compiling C object subprojects/gst-plugins-bad/gst/geometrictransform/libgstgeometrictransform.so.p/geometricmath.c.o
#5 591.0 [1848/2937] Compiling C object subprojects/gst-plugins-bad/gst/geometrictransform/libgstgeometrictransform.so.p/gstcircle.c.o
#5 591.4 [1849/2937] Compiling C object subprojects/gst-plugins-bad/gst/geometrictransform/libgstgeometrictransform.so.p/gstdiffuse.c.o
#5 591.4 [1850/2937] Compiling C object subprojects/gst-plugins-bad/gst/geometrictransform/libgstgeometrictransform.so.p/gstmarble.c.o
#5 591.5 [1851/2937] Compiling C object subprojects/gst-plugins-bad/gst/geometrictransform/libgstgeometrictransform.so.p/gstkaleidoscope.c.o
#5 591.9 [1852/2937] Compiling C object subprojects/gst-plugins-bad/gst/geometrictransform/libgstgeometrictransform.so.p/gstpinch.c.o
#5 592.3 [1853/2937] Compiling C object subprojects/gst-plugins-bad/gst/geometrictransform/libgstgeometrictransform.so.p/gsttwirl.c.o
#5 592.4 [1854/2937] Compiling C object subprojects/gst-plugins-bad/gst/geometrictransform/libgstgeometrictransform.so.p/gstrotate.c.o
#5 592.7 [1855/2937] Linking target subprojects/gst-plugins-bad/gst/gaudieffects/libgstgaudieffects.so
#5 592.8 [1856/2937] Compiling C object subprojects/gst-plugins-bad/gst/geometrictransform/libgstgeometrictransform.so.p/gststretch.c.o
#5 592.9 [1857/2937] Compiling C object subprojects/gst-plugins-bad/gst/geometrictransform/libgstgeometrictransform.so.p/gstsphere.c.o
#5 593.1 [1858/2937] Compiling C object subprojects/gst-plugins-bad/gst/geometrictransform/libgstgeometrictransform.so.p/gstwaterripple.c.o
#5 593.2 [1859/2937] Compiling C object subprojects/gst-plugins-bad/gst/geometrictransform/libgstgeometrictransform.so.p/gstbulge.c.o
#5 593.5 [1860/2937] Compiling C object subprojects/gst-plugins-bad/gst/geometrictransform/libgstgeometrictransform.so.p/gstsquare.c.o
#5 593.8 [1861/2937] Compiling C object subprojects/gst-plugins-bad/gst/geometrictransform/libgstgeometrictransform.so.p/gstmirror.c.o
#5 593.8 [1862/2937] Linking target subprojects/gst-plugins-bad/gst/gdp/libgstgdp.so
#5 593.8 [1863/2937] Compiling C object subprojects/gst-plugins-bad/gst/geometrictransform/libgstgeometrictransform.so.p/gsttunnel.c.o
#5 593.8 [1864/2937] Compiling C object subprojects/gst-plugins-bad/gst/geometrictransform/libgstgeometrictransform.so.p/gstperspective.c.o
#5 594.0 [1865/2937] Compiling C object subprojects/gst-plugins-bad/gst/geometrictransform/libgstgeometrictransform.so.p/gstfisheye.c.o
#5 594.3 [1866/2937] Compiling C object subprojects/gst-plugins-bad/gst/id3tag/libgstid3tag.so.p/gstid3mux.c.o
#5 594.7 [1867/2937] Compiling C object subprojects/gst-plugins-bad/gst/id3tag/libgstid3tag.so.p/id3tag.c.o
#5 594.8 [1868/2937] Compiling C object subprojects/gst-plugins-bad/gst/inter/libgstinter.so.p/gstintersubsink.c.o
#5 594.8 [1869/2937] Compiling C object subprojects/gst-plugins-bad/gst/inter/libgstinter.so.p/gstinteraudiosink.c.o
#5 595.0 [1870/2937] Compiling C object subprojects/gst-plugins-bad/gst/inter/libgstinter.so.p/gstintersubsrc.c.o
#5 595.1 [1871/2937] Compiling C object subprojects/gst-plugins-bad/gst/inter/libgstinter.so.p/gstinteraudiosrc.c.o
#5 595.4 [1872/2937] Compiling C object subprojects/gst-plugins-bad/gst/inter/libgstinter.so.p/gstintervideosink.c.o
#5 595.9 [1873/2937] Compiling C object subprojects/gst-plugins-bad/gst/inter/libgstinter.so.p/gstintersurface.c.o
#5 595.9 [1874/2937] Compiling C object subprojects/gst-plugins-bad/gst/inter/libgstinter.so.p/gstinter.c.o
#5 596.2 [1875/2937] Compiling C object subprojects/gst-plugins-bad/gst/interlace/libgstinterlace.so.p/gstinterlace.c.o
#5 596.5 [1876/2937] Compiling C object subprojects/gst-plugins-bad/gst/ivfparse/libgstivfparse.so.p/gstivfparse.c.o
#5 596.6 [1877/2937] Compiling C object subprojects/gst-plugins-bad/gst/inter/libgstinter.so.p/gstintervideosrc.c.o
#5 596.9 [1878/2937] Compiling C object subprojects/gst-plugins-bad/gst/ivtc/libgstivtc.so.p/gstcombdetect.c.o
#5 597.3 [1879/2937] Linking target subprojects/gst-plugins-bad/gst/dvbsubenc/libgstdvbsubenc.so
#5 597.3 [1880/2937] Compiling C object subprojects/gst-plugins-bad/gst/ivtc/libgstivtc.so.p/gstivtc.c.o
#5 597.6 [1881/2937] Linking target subprojects/gst-plugins-bad/gst/ivfparse/libgstivfparse.so
#5 597.8 [1882/2937] Linking target subprojects/gst-plugins-bad/gst/id3tag/libgstid3tag.so
#5 598.0 [1883/2937] Compiling C object subprojects/gst-plugins-bad/gst/jp2kdecimator/libgstjp2kdecimator.so.p/gstjp2kdecimator.c.o
#5 598.6 [1884/2937] Compiling C object subprojects/gst-plugins-bad/gst/jpegformat/libgstjpegformat.so.p/gstjpegformat.c.o
#5 598.9 [1885/2937] Compiling C object subprojects/gst-plugins-bad/gst/jp2kdecimator/libgstjp2kdecimator.so.p/jp2kcodestream.c.o
#5 599.3 [1886/2937] Linking target subprojects/gst-plugins-bad/gst/interlace/libgstinterlace.so
#5 599.5 [1887/2937] Linking target subprojects/gst-plugins-bad/gst/ivtc/libgstivtc.so
#5 599.7 [1888/2937] Compiling C object subprojects/gst-plugins-bad/gst/jpegformat/libgstjpegformat.so.p/gstjpegparse.c.o
#5 600.0 [1889/2937] Compiling C object subprojects/gst-plugins-bad/gst/jpegformat/libgstjpegformat.so.p/gstjifmux.c.o
#5 600.0 [1890/2937] Linking target subprojects/gst-plugins-bad/gst/inter/libgstinter.so
#5 600.0 [1891/2937] Compiling C object subprojects/gst-plugins-bad/gst/librfb/libgstrfbsrc.so.p/d3des.c.o
#5 600.1 [1892/2937] Linking target subprojects/gst-plugins-bad/gst/geometrictransform/libgstgeometrictransform.so
#5 600.1 [1893/2937] Compiling C object subprojects/gst-plugins-bad/gst/librfb/libgstrfbsrc.so.p/gstrfb-utils.c.o
#5 600.7 [1894/2937] Compiling C object subprojects/gst-plugins-bad/gst/mpegdemux/libgstmpegpsdemux.so.p/plugin.c.o
#5 600.7 [1895/2937] Compiling C object subprojects/gst-plugins-bad/gst/librfb/libgstrfbsrc.so.p/rfbdecoder.c.o
#5 600.7 [1896/2937] Compiling C object subprojects/gst-plugins-bad/gst/midi/libgstmidi.so.p/midi.c.o
#5 600.8 [1897/2937] Compiling C object subprojects/gst-plugins-bad/gst/librfb/libgstrfbsrc.so.p/gstrfbsrc.c.o
#5 601.2 [1898/2937] Compiling C object subprojects/gst-plugins-bad/gst/midi/libgstmidi.so.p/midiparse.c.o
#5 601.6 [1899/2937] Compiling C object subprojects/gst-plugins-bad/gst/mpegpsmux/libgstmpegpsmux.so.p/psmux.c.o
#5 601.7 [1900/2937] Compiling C object subprojects/gst-plugins-bad/gst/mpegdemux/libgstmpegpsdemux.so.p/gstpesfilter.c.o
#5 602.4 [1901/2937] Compiling C object subprojects/gst-plugins-bad/gst/mpegdemux/libgstmpegpsdemux.so.p/gstmpegdemux.c.o
#5 602.4 [1902/2937] Compiling C object subprojects/gst-plugins-bad/gst/mpegpsmux/libgstmpegpsmux.so.p/mpegpsmux.c.o
#5 603.1 [1903/2937] Compiling C object subprojects/gst-plugins-bad/gst/mpegpsmux/libgstmpegpsmux.so.p/mpegpsmux_aac.c.o
#5 603.2 [1904/2937] Compiling C object subprojects/gst-plugins-bad/gst/mpegpsmux/libgstmpegpsmux.so.p/psmuxstream.c.o
#5 604.0 [1905/2937] Linking target subprojects/gst-plugins-bad/gst/jpegformat/libgstjpegformat.so
#5 604.1 [1906/2937] Compiling C object subprojects/gst-plugins-bad/gst/mpegpsmux/libgstmpegpsmux.so.p/mpegpsmux_h264.c.o
#5 604.5 [1907/2937] Linking target subprojects/gst-plugins-bad/gst/midi/libgstmidi.so
#5 604.8 [1908/2937] Compiling C object subprojects/gst-plugins-bad/gst/mpegtsdemux/libgstmpegtsdemux.so.p/mpegtsbase.c.o
#5 605.1 [1909/2937] Linking target subprojects/gst-plugins-bad/gst/jp2kdecimator/libgstjp2kdecimator.so
#5 605.2 [1910/2937] Linking target subprojects/gst-plugins-bad/gst/librfb/libgstrfbsrc.so
#5 605.4 [1911/2937] Compiling C object subprojects/gst-plugins-bad/gst/mpegtsdemux/libgstmpegtsdemux.so.p/mpegtspacketizer.c.o
#5 605.7 [1912/2937] Compiling C object subprojects/gst-plugins-bad/gst/mpegtsdemux/libgstmpegtsdemux.so.p/mpegtsparse.c.o
#5 606.0 [1913/2937] Compiling C object subprojects/gst-plugins-bad/gst/mpegtsdemux/libgstmpegtsdemux.so.p/pesparse.c.o
#5 606.2 [1914/2937] Compiling C object subprojects/gst-plugins-bad/gst/mpegtsdemux/libgstmpegtsdemux.so.p/gsttsdemux.c.o
#5 606.3 [1915/2937] Compiling C object subprojects/gst-plugins-bad/gst/mpegtsmux/libgstmpegtsmux.so.p/gstmpegtsmuxplugin.c.o
#5 606.9 [1916/2937] Compiling C object subprojects/gst-plugins-bad/gst/mpegtsmux/libgstmpegtsmux.so.p/gstbasetsmuxopus.c.o
#5 607.3 [1917/2937] Compiling C object subprojects/gst-plugins-bad/gst/mpegtsdemux/libgstmpegtsdemux.so.p/tsdemux.c.o
#5 607.4 [1918/2937] Compiling C object subprojects/gst-plugins-bad/gst/mpegtsmux/libgstmpegtsmux.so.p/gstbasetsmuxjpeg2000.c.o
#5 607.5 [1919/2937] Compiling C object subprojects/gst-plugins-bad/gst/mpegtsmux/libgstmpegtsmux.so.p/gstbasetsmuxaac.c.o
#5 607.6 [1920/2937] Compiling C object subprojects/gst-plugins-bad/gst/mpegtsmux/libgstmpegtsmux.so.p/gstmpegtsmux.c.o
#5 607.7 [1921/2937] Compiling C object subprojects/gst-plugins-bad/gst/mpegtsmux/libgstmpegtsmux.so.p/gstbasetsmuxttxt.c.o
#5 607.7 [1922/2937] Compiling C object subprojects/gst-plugins-bad/gst/mpegtsmux/libgstmpegtsmux.so.p/gstbasetsmux.c.o
#5 608.2 [1923/2937] Compiling C object subprojects/gst-plugins-bad/gst/mpegtsmux/libgstmpegtsmux.so.p/gstatscmux.c.o
#5 608.7 [1924/2937] Compiling C object subprojects/gst-plugins-bad/gst/mpegtsmux/libgstmpegtsmux.so.p/tsmux_tsmux.c.o
#5 608.8 [1925/2937] Compiling C object subprojects/gst-plugins-bad/gst/mxf/libgstmxf.so.p/mxf.c.o
#5 609.3 [1926/2937] Compiling C object subprojects/gst-plugins-bad/gst/mpegtsmux/libgstmpegtsmux.so.p/tsmux_tsmuxstream.c.o
#5 609.4 [1927/2937] Compiling C object subprojects/gst-plugins-bad/gst/mxf/libgstmxf.so.p/mxful.c.o
#5 609.5 [1928/2937] Compiling C object subprojects/gst-plugins-bad/gst/mxf/libgstmxf.so.p/gstmxfelement.c.o
#5 610.2 [1929/2937] Compiling C object subprojects/gst-plugins-bad/gst/mxf/libgstmxf.so.p/mxfquark.c.o
#5 610.5 [1930/2937] Compiling C object subprojects/gst-plugins-bad/gst/mxf/libgstmxf.so.p/mxfessence.c.o
#5 611.2 [1931/2937] Linking target subprojects/gst-plugins-bad/gst/mpegpsmux/libgstmpegpsmux.so
#5 611.7 [1932/2937] Compiling C object subprojects/gst-plugins-bad/gst/mxf/libgstmxf.so.p/mxfmux.c.o
#5 611.9 [1933/2937] Compiling C object subprojects/gst-plugins-bad/gst/mxf/libgstmxf.so.p/mxftypes.c.o
#5 612.4 [1934/2937] Compiling C object subprojects/gst-plugins-bad/gst/mxf/libgstmxf.so.p/mxfmetadata.c.o
#5 612.7 [1935/2937] Compiling C object subprojects/gst-plugins-bad/gst/mxf/libgstmxf.so.p/mxfdv-dif.c.o
#5 613.3 [1936/2937] Compiling C object subprojects/gst-plugins-bad/gst/mxf/libgstmxf.so.p/mxfmpeg.c.o
#5 613.3 [1937/2937] Linking target subprojects/gst-plugins-bad/gst/mpegdemux/libgstmpegpsdemux.so
#5 613.3 [1938/2937] Compiling C object subprojects/gst-plugins-bad/gst/mxf/libgstmxf.so.p/mxfaes-bwf.c.o
#5 613.6 [1939/2937] Compiling C object subprojects/gst-plugins-bad/gst/mxf/libgstmxf.so.p/mxfalaw.c.o
#5 613.9 [1940/2937] Compiling C object subprojects/gst-plugins-bad/gst/mxf/libgstmxf.so.p/mxfd10.c.o
#5 614.2 [1941/2937] Compiling C object subprojects/gst-plugins-bad/gst/mxf/libgstmxf.so.p/mxfjpeg2000.c.o
#5 614.3 [1942/2937] Compiling C object subprojects/gst-plugins-bad/gst/mxf/libgstmxf.so.p/mxfdemux.c.o
#5 614.4 [1943/2937] Compiling C object subprojects/gst-plugins-bad/gst/mxf/libgstmxf.so.p/mxfup.c.o
#5 614.4 [1944/2937] Compiling C object subprojects/gst-plugins-bad/gst/mxf/libgstmxf.so.p/mxfvc3.c.o
#5 614.6 [1945/2937] Compiling C object subprojects/gst-plugins-bad/gst/mxf/libgstmxf.so.p/mxfprores.c.o
#5 615.0 [1946/2937] Compiling C object subprojects/gst-plugins-bad/gst/onvif/libgstrtponvif.so.p/gstrtponvif.c.o
#5 615.1 [1947/2937] Compiling C object subprojects/gst-plugins-bad/gst/mxf/libgstmxf.so.p/mxfvanc.c.o
#5 615.2 [1948/2937] Compiling C object subprojects/gst-plugins-bad/gst/netsim/libgstnetsim.so.p/gstnetsim.c.o
#5 615.4 [1949/2937] Compiling C object subprojects/gst-plugins-bad/gst/onvif/libgstrtponvif.so.p/gstrtponvifparse.c.o
#5 615.6 [1950/2937] Compiling C object subprojects/gst-plugins-bad/gst/mxf/libgstmxf.so.p/mxfcustom.c.o
#5 615.8 [1951/2937] Compiling C object subprojects/gst-plugins-bad/gst/onvif/libgstrtponvif.so.p/gstrtponviftimestamp.c.o
#5 616.0 [1952/2937] Compiling C object subprojects/gst-plugins-bad/gst/pcapparse/libgstpcapparse.so.p/gstirtspparse.c.o
#5 616.2 [1953/2937] Compiling C object subprojects/gst-plugins-bad/gst/pcapparse/libgstpcapparse.so.p/gstpcapparse.c.o
#5 616.3 [1954/2937] Compiling C object subprojects/gst-plugins-bad/gst/pcapparse/libgstpcapparse.so.p/plugin.c.o
#5 616.7 [1955/2937] Compiling C object subprojects/gst-plugins-bad/gst/pnm/libgstpnm.so.p/gstpnmutils.c.o
#5 617.0 [1956/2937] Linking target subprojects/gst-plugins-bad/gst/netsim/libgstnetsim.so
#5 617.5 [1957/2937] Compiling C object subprojects/gst-plugins-bad/gst/pnm/libgstpnm.so.p/gstpnm.c.o
#5 617.8 [1958/2937] Linking target subprojects/gst-plugins-bad/gst/onvif/libgstrtponvif.so
#5 618.0 [1959/2937] Linking target subprojects/gst-plugins-bad/gst/pcapparse/libgstpcapparse.so
#5 618.2 [1960/2937] Compiling C object subprojects/gst-plugins-bad/gst/pnm/libgstpnm.so.p/gstpnmenc.c.o
#5 618.3 [1961/2937] Compiling C object subprojects/gst-plugins-bad/gst/pnm/libgstpnm.so.p/gstpnmdec.c.o
#5 618.5 [1962/2937] Compiling C object subprojects/gst-plugins-bad/gst/proxy/libgstproxy.so.p/gstproxy.c.o
#5 618.8 [1963/2937] Compiling C object subprojects/gst-plugins-bad/gst/proxy/libgstproxy.so.p/gstproxysink.c.o
#5 619.1 [1964/2937] Compiling C object subprojects/gst-plugins-bad/gst/proxy/libgstproxy.so.p/gstproxysrc.c.o
#5 619.5 [1965/2937] Compiling C object subprojects/gst-plugins-bad/gst/rawparse/libgstlegacyrawparse.so.p/gstvideoparse.c.o
#5 619.6 [1966/2937] Compiling C object subprojects/gst-plugins-bad/gst/rawparse/libgstlegacyrawparse.so.p/gstaudioparse.c.o
#5 619.6 [1967/2937] Compiling C object subprojects/gst-plugins-bad/gst/rawparse/libgstlegacyrawparse.so.p/plugin.c.o
#5 620.5 [1968/2937] Linking target subprojects/gst-plugins-bad/gst/pnm/libgstpnm.so
#5 620.5 [1969/2937] Compiling C object subprojects/gst-plugins-bad/gst/removesilence/libgstremovesilence.so.p/gstremovesilence.c.o
#5 620.6 [1970/2937] Compiling C object subprojects/gst-plugins-bad/gst/removesilence/libgstremovesilence.so.p/vad_private.c.o
#5 621.0 [1971/2937] Linking target subprojects/gst-plugins-bad/gst/proxy/libgstproxy.so
#5 621.2 [1972/2937] Linking target subprojects/gst-plugins-bad/gst/mpegtsmux/libgstmpegtsmux.so
#5 621.2 [1973/2937] Compiling C object subprojects/gst-plugins-bad/gst/rist/libgstrist.so.p/gstroundrobin.c.o
#5 621.4 [1974/2937] Linking target subprojects/gst-plugins-bad/gst/rawparse/libgstlegacyrawparse.so
#5 621.5 [1975/2937] Compiling C object subprojects/gst-plugins-bad/gst/rist/libgstrist.so.p/gstristrtxsend.c.o
#5 621.9 [1976/2937] Linking target subprojects/gst-plugins-bad/gst/removesilence/libgstremovesilence.so
#5 622.1 [1977/2937] Compiling C object subprojects/gst-plugins-bad/gst/rist/libgstrist.so.p/gstristrtxreceive.c.o
#5 622.2 [1978/2937] Compiling C object subprojects/gst-plugins-bad/gst/rist/libgstrist.so.p/gstristplugin.c.o
#5 622.3 [1979/2937] Compiling C object subprojects/gst-plugins-bad/gst/rist/libgstrist.so.p/gstrist.c.o
#5 622.4 [1980/2937] Compiling C object subprojects/gst-plugins-bad/gst/rist/libgstrist.so.p/gstristsink.c.o
#5 622.8 [1981/2937] Compiling C object subprojects/gst-plugins-bad/gst/rist/libgstrist.so.p/gstristrtpext.c.o
#5 622.9 [1982/2937] Compiling C object subprojects/gst-plugins-bad/gst/rist/libgstrist.so.p/gstristsrc.c.o
#5 623.2 [1983/2937] Compiling C object subprojects/gst-plugins-bad/gst/rist/libgstrist.so.p/gstristrtpdeext.c.o
#5 623.3 [1984/2937] Compiling C object subprojects/gst-plugins-bad/gst/rtmp2/libgstrtmp2.so.p/gstrtmp2.c.o
#5 623.5 [1985/2937] Compiling C object subprojects/gst-plugins-bad/gst/rtmp2/libgstrtmp2.so.p/gstrtmp2element.c.o
#5 624.0 [1986/2937] Compiling C object subprojects/gst-plugins-bad/gst/rtmp2/libgstrtmp2.so.p/gstrtmp2locationhandler.c.o
#5 624.9 [1987/2937] Compiling C object subprojects/gst-plugins-bad/gst/rtmp2/libgstrtmp2.so.p/gstrtmp2sink.c.o
#5 624.9 [1988/2937] Compiling C object subprojects/gst-plugins-bad/gst/rtmp2/libgstrtmp2.so.p/gstrtmp2src.c.o
#5 625.0 [1989/2937] Compiling C object subprojects/gst-plugins-bad/gst/rtmp2/libgstrtmp2.so.p/rtmp_amf.c.o
#5 625.2 [1990/2937] Compiling C object subprojects/gst-plugins-bad/gst/rtmp2/libgstrtmp2.so.p/rtmp_rtmpchunkstream.c.o
#5 625.7 [1991/2937] Compiling C object subprojects/gst-plugins-bad/gst/rtmp2/libgstrtmp2.so.p/rtmp_rtmpmessage.c.o
#5 626.5 [1992/2937] Compiling C object subprojects/gst-plugins-bad/gst/rtmp2/libgstrtmp2.so.p/rtmp_rtmpconnection.c.o
#5 626.5 [1993/2937] Compiling C object subprojects/gst-plugins-bad/gst/rtmp2/libgstrtmp2.so.p/rtmp_rtmpclient.c.o
#5 626.8 [1994/2937] Compiling C object subprojects/gst-plugins-bad/gst/rtmp2/libgstrtmp2.so.p/rtmp_rtmphandshake.c.o
#5 627.3 [1995/2937] Compiling C object subprojects/gst-plugins-bad/gst/rtmp2/libgstrtmp2.so.p/rtmp_rtmputils.c.o
#5 627.5 [1996/2937] Compiling C object subprojects/gst-plugins-bad/gst/rtp/libgstrtpmanagerbad.so.p/gstrtpsink.c.o
#5 627.7 [1997/2937] Compiling C object subprojects/gst-plugins-bad/gst/rtp/libgstrtpmanagerbad.so.p/plugin.c.o
#5 627.9 [1998/2937] Compiling C object subprojects/gst-plugins-bad/gst/rtp/libgstrtpmanagerbad.so.p/gstrtpsrc.c.o
#5 628.1 [1999/2937] Compiling C object subprojects/gst-plugins-bad/gst/rtp/libgstrtpmanagerbad.so.p/gstrtp-utils.c.o
#5 628.4 [2000/2937] Linking target subprojects/gst-plugins-bad/gst/mpegtsdemux/libgstmpegtsdemux.so
#5 628.5 [2001/2937] Compiling C object subprojects/gst-plugins-bad/gst/sdp/libgstsdpelem.so.p/gstsdpelem.c.o
#5 629.2 [2002/2937] Compiling C object subprojects/gst-plugins-bad/gst/sdp/libgstsdpelem.so.p/gstsdpsrc.c.o
#5 629.3 [2003/2937] Compiling C object subprojects/gst-plugins-bad/gst/sdp/libgstsdpelem.so.p/gstsdpdemux.c.o
#5 629.4 [2004/2937] Compiling C object subprojects/gst-plugins-bad/gst/segmentclip/libgstsegmentclip.so.p/gstsegmentclip.c.o
#5 629.7 [2005/2937] Compiling C object subprojects/gst-plugins-bad/gst/segmentclip/libgstsegmentclip.so.p/gstaudiosegmentclip.c.o
#5 630.3 [2006/2937] Compiling C object subprojects/gst-plugins-bad/gst/segmentclip/libgstsegmentclip.so.p/plugin.c.o
#5 630.4 [2007/2937] Compiling C object subprojects/gst-plugins-bad/gst/segmentclip/libgstsegmentclip.so.p/gstvideosegmentclip.c.o
#5 630.8 [2008/2937] Linking target subprojects/gst-plugins-bad/gst/rtp/libgstrtpmanagerbad.so
#5 631.1 [2009/2937] Compiling C object subprojects/gst-plugins-bad/gst/siren/libgstsiren.so.p/gstsiren.c.o
#5 631.4 [2010/2937] Compiling C object subprojects/gst-plugins-bad/gst/siren/libgstsiren.so.p/common.c.o
#5 631.5 [2011/2937] Compiling C object subprojects/gst-plugins-bad/gst/siren/libgstsiren.so.p/gstsirendec.c.o
#5 631.7 [2012/2937] Compiling C object subprojects/gst-plugins-bad/gst/siren/libgstsiren.so.p/gstsirenenc.c.o
#5 631.8 [2013/2937] Linking target subprojects/gst-plugins-bad/gst/rist/libgstrist.so
#5 632.0 [2014/2937] Compiling C object subprojects/gst-plugins-bad/gst/siren/libgstsiren.so.p/dct4.c.o
#5 632.0 [2015/2937] Compiling C object subprojects/gst-plugins-bad/gst/siren/libgstsiren.so.p/encoder.c.o
#5 632.1 [2016/2937] Compiling C object subprojects/gst-plugins-bad/gst/siren/libgstsiren.so.p/decoder.c.o
#5 632.2 [2017/2937] Linking target subprojects/gst-plugins-bad/gst/segmentclip/libgstsegmentclip.so
#5 632.3 [2018/2937] Compiling C object subprojects/gst-plugins-bad/gst/siren/libgstsiren.so.p/rmlt.c.o
#5 632.4 [2019/2937] Compiling C object subprojects/gst-plugins-bad/gst/siren/libgstsiren.so.p/huffman.c.o
#5 632.8 [2020/2937] Compiling C object subprojects/gst-plugins-bad/gst/smooth/libgstsmooth.so.p/gstsmooth.c.o
#5 632.8 [2021/2937] Compiling C object subprojects/gst-plugins-bad/gst/subenc/libgstsubenc.so.p/gstsubenc.c.o
#5 632.9 [2022/2937] Linking target subprojects/gst-plugins-bad/gst/sdp/libgstsdpelem.so
#5 633.0 [2023/2937] Compiling C object subprojects/gst-plugins-bad/gst/subenc/libgstsubenc.so.p/gstsrtenc.c.o
#5 633.3 [2024/2937] Compiling C object subprojects/gst-plugins-bad/gst/speed/libgstspeed.so.p/gstspeed.c.o
#5 633.7 [2025/2937] Compiling C object subprojects/gst-plugins-bad/gst/subenc/libgstsubenc.so.p/gstwebvttenc.c.o
#5 634.0 [2026/2937] Compiling C object subprojects/gst-plugins-bad/gst/switchbin/libgstswitchbin.so.p/plugin.c.o
#5 634.1 [2027/2937] Linking target subprojects/gst-plugins-bad/gst/smooth/libgstsmooth.so
#5 634.1 [2028/2937] Compiling C object subprojects/gst-plugins-bad/gst/switchbin/libgstswitchbin.so.p/gstswitchbin.c.o
#5 634.9 [2029/2937] Linking target subprojects/gst-plugins-bad/gst/speed/libgstspeed.so
#5 635.2 [2030/2937] Compiling C object subprojects/gst-plugins-bad/gst/timecode/libgsttimecode.so.p/plugin.c.o
#5 635.3 [2031/2937] Linking target subprojects/gst-plugins-bad/gst/subenc/libgstsubenc.so
#5 635.7 [2032/2937] Compiling C object subprojects/gst-plugins-bad/gst/timecode/libgsttimecode.so.p/gsttimecodestamper.c.o
#5 636.0 [2033/2937] Compiling C object subprojects/gst-plugins-bad/gst/timecode/libgsttimecode.so.p/gstavwait.c.o
#5 636.2 [2034/2937] Linking target subprojects/gst-plugins-bad/gst/switchbin/libgstswitchbin.so
#5 636.2 [2035/2937] Compiling C object subprojects/gst-plugins-bad/gst/transcode/libgsttranscode.so.p/gsttranscodeplugin.c.o
#5 636.4 [2036/2937] Compiling C object subprojects/gst-plugins-bad/gst/transcode/libgsttranscode.so.p/gsttranscodeelement.c.o
#5 636.5 [2037/2937] Generating subprojects/gst-plugins-bad/gst/videofilters/gstscenechangeorc.h with a custom command
#5 636.5 [2038/2937] Generating subprojects/gst-plugins-bad/gst/videofilters/gstscenechangeorc.c with a custom command
#5 637.0 [2039/2937] Compiling C object subprojects/gst-plugins-bad/gst/transcode/libgsttranscode.so.p/gst-cpu-throttling-clock.c.o
#5 637.5 [2040/2937] Compiling C object subprojects/gst-plugins-bad/gst/videofilters/libgstvideofiltersbad.so.p/meson-generated_.._gstscenechangeorc.c.o
#5 638.0 [2041/2937] Compiling C object subprojects/gst-plugins-bad/gst/transcode/libgsttranscode.so.p/gsttranscodebin.c.o
#5 638.2 [2042/2937] Compiling C object subprojects/gst-plugins-bad/gst/transcode/libgsttranscode.so.p/gsturitranscodebin.c.o
#5 638.3 [2043/2937] Compiling C object subprojects/gst-plugins-bad/gst/videofilters/libgstvideofiltersbad.so.p/gstzebrastripe.c.o
#5 638.7 [2044/2937] Linking target subprojects/gst-plugins-bad/gst/siren/libgstsiren.so
#5 638.9 [2045/2937] Compiling C object subprojects/gst-plugins-bad/gst/videofilters/libgstvideofiltersbad.so.p/gstscenechange.c.o
#5 639.2 [2046/2937] Compiling C object subprojects/gst-plugins-bad/gst/videofilters/libgstvideofiltersbad.so.p/gstvideofiltersbad.c.o
#5 639.3 [2047/2937] Compiling C object subprojects/gst-plugins-bad/gst/videofilters/libgstvideofiltersbad.so.p/gstvideodiff.c.o
#5 639.8 [2048/2937] Compiling C object subprojects/gst-plugins-bad/gst/videoparsers/libgstvideoparsersbad.so.p/plugin.c.o
#5 640.1 [2049/2937] Compiling C object subprojects/gst-plugins-bad/gst/videoparsers/libgstvideoparsersbad.so.p/gstvideoparserselement.c.o
#5 640.4 [2050/2937] Linking target subprojects/gst-plugins-bad/gst/timecode/libgsttimecode.so
#5 640.4 [2051/2937] Compiling C object subprojects/gst-plugins-bad/gst/videoframe_audiolevel/libgstvideoframe_audiolevel.so.p/gstvideoframe-audiolevel.c.o
#5 641.0 [2052/2937] Compiling C object subprojects/gst-plugins-bad/gst/videoparsers/libgstvideoparsersbad.so.p/h263parse.c.o
#5 641.4 [2053/2937] Compiling C object subprojects/gst-plugins-bad/gst/videoparsers/libgstvideoparsersbad.so.p/dirac_parse.c.o
#5 641.8 [2054/2937] Compiling C object subprojects/gst-plugins-bad/gst/videoparsers/libgstvideoparsersbad.so.p/gstdiracparse.c.o
#5 641.8 [2055/2937] Linking target subprojects/gst-plugins-bad/gst/transcode/libgsttranscode.so
#5 642.0 [2056/2937] Compiling C object subprojects/gst-plugins-bad/gst/videoparsers/libgstvideoparsersbad.so.p/gsth263parse.c.o
#5 642.0 [2057/2937] Linking target subprojects/gst-plugins-bad/gst/videofilters/libgstvideofiltersbad.so
#5 642.5 [2058/2937] Linking target subprojects/gst-plugins-bad/gst/videoframe_audiolevel/libgstvideoframe_audiolevel.so
#5 643.5 [2059/2937] Linking target subprojects/gst-plugins-bad/gst/rtmp2/libgstrtmp2.so
#5 643.6 [2060/2937] Compiling C object subprojects/gst-plugins-bad/gst/videoparsers/libgstvideoparsersbad.so.p/gstmpeg4videoparse.c.o
#5 643.6 [2061/2937] Compiling C object subprojects/gst-plugins-bad/gst/videoparsers/libgstvideoparsersbad.so.p/gstmpegvideoparse.c.o
#5 643.6 [2062/2937] Compiling C object subprojects/gst-plugins-bad/gst/videoparsers/libgstvideoparsersbad.so.p/gstpngparse.c.o
#5 643.7 [2063/2937] Compiling C object subprojects/gst-plugins-bad/gst/videoparsers/libgstvideoparsersbad.so.p/gsth264parse.c.o
#5 644.5 [2064/2937] Compiling C object subprojects/gst-plugins-bad/gst/videoparsers/libgstvideoparsersbad.so.p/gsth265parse.c.o
#5 644.5 [2065/2937] Compiling C object subprojects/gst-plugins-bad/gst/videoparsers/libgstvideoparsersbad.so.p/gstjpeg2000parse.c.o
#5 644.6 [2066/2937] Compiling C object subprojects/gst-plugins-bad/gst/videosignal/libgstvideosignal.so.p/gstvideosignal.c.o
#5 644.6 [2067/2937] Compiling C object subprojects/gst-plugins-bad/gst/videoparsers/libgstvideoparsersbad.so.p/gstvc1parse.c.o
#5 644.8 [2068/2937] Compiling C object subprojects/gst-plugins-bad/gst/videoparsers/libgstvideoparsersbad.so.p/gstvp9parse.c.o
#5 645.2 [2069/2937] Compiling C object subprojects/gst-plugins-bad/gst/videoparsers/libgstvideoparsersbad.so.p/gstvideoparseutils.c.o
#5 645.3 [2070/2937] Compiling C object subprojects/gst-plugins-bad/gst/videosignal/libgstvideosignal.so.p/gstsimplevideomarkdetect.c.o
#5 645.4 [2071/2937] Compiling C object subprojects/gst-plugins-bad/gst/videosignal/libgstvideosignal.so.p/gstsimplevideomark.c.o
#5 645.6 [2072/2937] Compiling C object subprojects/gst-plugins-bad/gst/videosignal/libgstvideosignal.so.p/gstvideoanalyse.c.o
#5 646.0 [2073/2937] Compiling C object subprojects/gst-plugins-bad/gst/y4m/libgsty4mdec.so.p/gsty4mdec.c.o
#5 646.0 [2074/2937] Compiling C object subprojects/gst-plugins-bad/gst/videoparsers/libgstvideoparsersbad.so.p/gstav1parse.c.o
#5 646.1 [2075/2937] Compiling C object subprojects/gst-plugins-bad/gst/vmnc/libgstvmnc.so.p/vmncdec.c.o
#5 646.9 [2076/2937] Compiling C++ object subprojects/gst-plugins-bad/sys/decklink/libgstdecklink.so.p/gstdecklinkplugin.cpp.o
#5 647.8 [2077/2937] Compiling C++ object subprojects/gst-plugins-bad/sys/decklink/libgstdecklink.so.p/gstdecklinkaudiosink.cpp.o
#5 648.3 [2078/2937] Linking target subprojects/gst-plugins-bad/gst/y4m/libgsty4mdec.so
#5 648.3 [2079/2937] Linking target subprojects/gst-plugins-bad/gst/vmnc/libgstvmnc.so
#5 648.4 [2080/2937] Compiling C++ object subprojects/gst-plugins-bad/sys/decklink/libgstdecklink.so.p/gstdecklink.cpp.o
#5 649.1 [2081/2937] Compiling C++ object subprojects/gst-plugins-bad/sys/decklink/libgstdecklink.so.p/linux_DeckLinkAPIDispatch.cpp.o
#5 649.6 [2082/2937] Compiling C++ object subprojects/gst-plugins-bad/sys/decklink/libgstdecklink.so.p/gstdecklinkaudiosrc.cpp.o
#5 649.6 [2083/2937] Compiling C++ object subprojects/gst-plugins-bad/sys/decklink/libgstdecklink.so.p/gstdecklinkvideosink.cpp.o
#5 649.6 [2084/2937] Compiling C++ object subprojects/gst-plugins-bad/sys/decklink/libgstdecklink.so.p/gstdecklinkdeviceprovider.cpp.o
#5 650.4 [2085/2937] Linking target subprojects/gst-plugins-bad/gst/videosignal/libgstvideosignal.so
#5 650.5 [2086/2937] Compiling C object subprojects/gst-plugins-bad/sys/dvb/libgstdvb.so.p/camapplicationinfo.c.o
#5 650.5 [2087/2937] Compiling C object subprojects/gst-plugins-bad/sys/dvb/libgstdvb.so.p/camapplication.c.o
#5 650.5 [2088/2937] Compiling C object subprojects/gst-plugins-bad/sys/dvb/libgstdvb.so.p/cam.c.o
#5 650.9 [2089/2937] Compiling C++ object subprojects/gst-plugins-bad/sys/decklink/libgstdecklink.so.p/gstdecklinkvideosrc.cpp.o
#5 651.1 [2090/2937] Compiling C object subprojects/gst-plugins-bad/sys/dvb/libgstdvb.so.p/camdevice.c.o
#5 651.2 [2091/2937] Compiling C object subprojects/gst-plugins-bad/sys/dvb/libgstdvb.so.p/camconditionalaccess.c.o
#5 651.7 [2092/2937] Compiling C object subprojects/gst-plugins-bad/sys/dvb/libgstdvb.so.p/camswclient.c.o
#5 651.7 [2093/2937] Compiling C object subprojects/gst-plugins-bad/sys/dvb/libgstdvb.so.p/camresourcemanager.c.o
#5 651.8 [2094/2937] Compiling C object subprojects/gst-plugins-bad/sys/dvb/libgstdvb.so.p/camsession.c.o
#5 651.9 [2095/2937] Compiling C object subprojects/gst-plugins-bad/sys/dvb/libgstdvb.so.p/camtransport.c.o
#5 652.3 [2096/2937] Compiling C object subprojects/gst-plugins-bad/sys/dvb/libgstdvb.so.p/camutils.c.o
#5 652.4 [2097/2937] Compiling C object subprojects/gst-plugins-bad/sys/dvb/libgstdvb.so.p/gstdvb.c.o
#5 652.9 [2098/2937] Compiling C object subprojects/gst-plugins-bad/sys/dvb/libgstdvb.so.p/gstdvbelement.c.o
#5 653.4 [2099/2937] Compiling C object subprojects/gst-plugins-bad/sys/dvb/libgstdvb.so.p/dvbbasebin.c.o
#5 653.4 [2100/2937] Compiling C object subprojects/gst-plugins-bad/sys/dvb/libgstdvb.so.p/parsechannels.c.o
#5 653.5 [2101/2937] Compiling C object subprojects/gst-plugins-bad/sys/fbdev/libgstfbdevsink.so.p/gstfbdevsink.c.o
#5 653.9 [2102/2937] Compiling C object subprojects/gst-plugins-bad/sys/dvb/libgstdvb.so.p/gstdvbsrc.c.o
#5 654.0 [2103/2937] Compiling C object subprojects/gst-plugins-bad/sys/ipcpipeline/libgstipcpipeline.so.p/gstipcpipeline.c.o
#5 654.2 [2104/2937] Compiling C object subprojects/gst-plugins-bad/sys/ipcpipeline/libgstipcpipeline.so.p/gstipcpipelineelement.c.o
#5 654.6 [2105/2937] Linking target subprojects/gst-plugins-bad/sys/fbdev/libgstfbdevsink.so
#5 655.3 [2106/2937] Compiling C object subprojects/gst-plugins-bad/sys/ipcpipeline/libgstipcpipeline.so.p/gstipcpipelinesrc.c.o
#5 655.3 [2107/2937] Compiling C object subprojects/gst-plugins-bad/sys/ipcpipeline/libgstipcpipeline.so.p/gstipcpipelinecomm.c.o
#5 655.4 [2108/2937] Compiling C object subprojects/gst-plugins-bad/sys/ipcpipeline/libgstipcpipeline.so.p/gstipcpipelinesink.c.o
#5 656.6 [2109/2937] Compiling C object subprojects/gst-plugins-bad/sys/ipcpipeline/libgstipcpipeline.so.p/gstipcslavepipeline.c.o
#5 657.3 [2110/2937] Compiling C object subprojects/gst-plugins-bad/sys/kms/libgstkms.so.p/gstkmsallocator.c.o
#5 657.3 [2111/2937] Compiling C object subprojects/gst-plugins-bad/sys/kms/libgstkms.so.p/gstkmsbufferpool.c.o
#5 657.4 [2112/2937] Linking target subprojects/gst-plugins-bad/gst/mxf/libgstmxf.so
#5 657.6 [2113/2937] Compiling C object subprojects/gst-plugins-bad/sys/kms/libgstkms.so.p/gstkmsedid.c.o
#5 658.5 [2114/2937] Compiling C object subprojects/gst-plugins-bad/sys/kms/libgstkms.so.p/gstkmssink.c.o
#5 659.1 [2115/2937] Compiling C object subprojects/gst-plugins-bad/sys/kms/libgstkms.so.p/gstkmsutils.c.o
#5 659.3 [2116/2937] Compiling C object subprojects/gst-plugins-bad/sys/nvcodec/libgstnvcodec.so.p/gstcudabasetransform.c.o
#5 659.4 [2117/2937] Compiling C object subprojects/gst-plugins-bad/sys/nvcodec/libgstnvcodec.so.p/gstcudaconverter.c.o
#5 660.4 [2118/2937] Compiling C object subprojects/gst-plugins-bad/sys/nvcodec/libgstnvcodec.so.p/gstcudaconvertscale.c.o
#5 660.7 [2119/2937] Compiling C object subprojects/gst-plugins-bad/sys/nvcodec/libgstnvcodec.so.p/gstcudafilter.c.o
#5 661.0 [2120/2937] Compiling C object subprojects/gst-plugins-bad/sys/nvcodec/libgstnvcodec.so.p/gstcudamemorycopy.c.o
#5 661.5 [2121/2937] Compiling C object subprojects/gst-plugins-bad/sys/nvcodec/libgstnvcodec.so.p/gstcuvidloader.c.o
#5 662.0 [2122/2937] Compiling C object subprojects/gst-plugins-bad/sys/nvcodec/libgstnvcodec.so.p/gstnvav1dec.c.o
#5 663.3 [2123/2937] Compiling C object subprojects/gst-plugins-bad/sys/nvcodec/libgstnvcodec.so.p/gstnvbaseenc.c.o
#5 664.2 [2124/2937] Compiling C object subprojects/gst-plugins-bad/sys/nvcodec/libgstnvcodec.so.p/gstnvdec.c.o
#5 664.4 [2125/2937] Compiling C object subprojects/gst-plugins-bad/sys/nvcodec/libgstnvcodec.so.p/gstnvdecoder.c.o
#5 665.1 [2126/2937] Linking target subprojects/gst-plugins-bad/sys/kms/libgstkms.so
#5 665.8 [2127/2937] Compiling C object subprojects/gst-plugins-bad/sys/nvcodec/libgstnvcodec.so.p/gstnvenc.c.o
#5 665.9 [2128/2937] Linking target subprojects/gst-plugins-bad/sys/dvb/libgstdvb.so
#5 666.3 [2129/2937] Compiling C object subprojects/gst-plugins-bad/sys/nvcodec/libgstnvcodec.so.p/gstnvh264enc.c.o
#5 667.1 [2130/2937] Compiling C++ object subprojects/gst-plugins-bad/sys/nvcodec/libgstnvcodec.so.p/gstnvencoder.cpp.o
#5 667.4 [2131/2937] Linking target subprojects/gst-plugins-bad/sys/decklink/libgstdecklink.so
#5 667.6 [2132/2937] Compiling C object subprojects/gst-plugins-bad/sys/nvcodec/libgstnvcodec.so.p/gstnvh265enc.c.o
#5 668.0 [2133/2937] Compiling C object subprojects/gst-plugins-bad/sys/nvcodec/libgstnvcodec.so.p/gstnvh264dec.c.o
#5 668.4 [2134/2937] Compiling C object subprojects/gst-plugins-bad/sys/nvcodec/libgstnvcodec.so.p/gstnvh265dec.c.o
#5 668.4 [2135/2937] Compiling C object subprojects/gst-plugins-bad/sys/nvcodec/libgstnvcodec.so.p/gstnvvp8dec.c.o
#5 669.2 [2136/2937] Compiling C object subprojects/gst-plugins-bad/sys/shm/libgstshm.so.p/shmalloc.c.o
#5 669.4 [2137/2937] Compiling C object subprojects/gst-plugins-bad/sys/nvcodec/libgstnvcodec.so.p/plugin.c.o
#5 669.5 [2138/2937] Compiling C++ object subprojects/gst-plugins-bad/sys/nvcodec/libgstnvcodec.so.p/gstnvh264encoder.cpp.o
#5 669.5 [2139/2937] Compiling C object subprojects/gst-plugins-bad/sys/nvcodec/libgstnvcodec.so.p/gstnvvp9dec.c.o
#5 669.5 [2140/2937] Compiling C object subprojects/gst-plugins-bad/sys/shm/libgstshm.so.p/shmpipe.c.o
#5 669.6 [2141/2937] Linking target subprojects/gst-plugins-bad/sys/ipcpipeline/libgstipcpipeline.so
#5 670.1 [2142/2937] Compiling C++ object subprojects/gst-plugins-bad/sys/nvcodec/libgstnvcodec.so.p/gstnvh265encoder.cpp.o
#5 670.1 [2143/2937] Compiling C object subprojects/gst-plugins-bad/sys/shm/libgstshm.so.p/gstshmsrc.c.o
#5 670.5 [2144/2937] Compiling C object subprojects/gst-plugins-bad/sys/shm/libgstshm.so.p/gstshm.c.o
#5 670.6 [2145/2937] Compiling C object subprojects/gst-plugins-bad/sys/shm/libgstshm.so.p/gstshmsink.c.o
#5 670.7 [2146/2937] Compiling C object subprojects/gst-plugins-bad/sys/v4l2codecs/libgstv4l2codecs.so.p/plugin.c.o
#5 670.9 [2147/2937] Compiling C object subprojects/gst-plugins-bad/sys/v4l2codecs/libgstv4l2codecs.so.p/gstv4l2codecdevice.c.o
#5 671.4 [2148/2937] Compiling C object subprojects/gst-plugins-bad/sys/v4l2codecs/libgstv4l2codecs.so.p/gstv4l2codecallocator.c.o
#5 671.7 [2149/2937] Compiling C object subprojects/gst-plugins-bad/sys/v4l2codecs/libgstv4l2codecs.so.p/gstv4l2codech264dec.c.o
#5 671.9 [2150/2937] Compiling C object subprojects/gst-plugins-bad/sys/v4l2codecs/libgstv4l2codecs.so.p/gstv4l2codecmpeg2dec.c.o
#5 672.1 [2151/2937] Compiling C object subprojects/gst-plugins-bad/sys/v4l2codecs/libgstv4l2codecs.so.p/gstv4l2codech265dec.c.o
#5 672.3 [2152/2937] Compiling C object subprojects/gst-plugins-bad/sys/v4l2codecs/libgstv4l2codecs.so.p/gstv4l2codecpool.c.o
#5 672.6 [2153/2937] Compiling C object subprojects/gst-plugins-bad/sys/v4l2codecs/libgstv4l2codecs.so.p/gstv4l2codecvp8dec.c.o
#5 672.8 [2154/2937] Compiling C object subprojects/gst-plugins-bad/sys/v4l2codecs/libgstv4l2codecs.so.p/gstv4l2codecvp9dec.c.o
#5 673.3 [2155/2937] Compiling C object subprojects/gst-plugins-bad/sys/v4l2codecs/libgstv4l2codecs.so.p/gstv4l2decoder.c.o
#5 673.3 [2156/2937] Compiling C object subprojects/gst-plugins-bad/sys/v4l2codecs/libgstv4l2codecs.so.p/gstv4l2format.c.o
#5 673.8 [2157/2937] Compiling C object subprojects/gst-plugins-bad/sys/va/libgstva.so.p/plugin.c.o
#5 674.0 [2158/2937] Compiling C object subprojects/gst-plugins-bad/sys/va/libgstva.so.p/gstjpegdecoder.c.o
#5 674.1 [2159/2937] Compiling C object subprojects/gst-plugins-bad/sys/v4l2codecs/libgstv4l2codecs.so.p/gstv4l2codecalphadecodebin.c.o
#5 674.4 [2160/2937] Compiling C object subprojects/gst-plugins-bad/sys/va/libgstva.so.p/gstvabasetransform.c.o
#5 675.3 [2161/2937] Compiling C object subprojects/gst-plugins-bad/sys/va/libgstva.so.p/gstvabasedec.c.o
#5 675.6 [2162/2937] Linking target subprojects/gst-plugins-bad/sys/shm/libgstshm.so
#5 675.6 [2163/2937] Compiling C object subprojects/gst-plugins-bad/sys/va/libgstva.so.p/gstvacaps.c.o
#5 675.8 [2164/2937] Compiling C object subprojects/gst-plugins-bad/sys/va/libgstva.so.p/gstvabaseenc.c.o
#5 675.8 [2165/2937] Compiling C object subprojects/gst-plugins-bad/sys/va/libgstva.so.p/gstvacompositor.c.o
#5 676.5 [2166/2937] Compiling C object subprojects/gst-plugins-bad/sys/va/libgstva.so.p/gstvadecoder.c.o
#5 676.8 [2167/2937] Compiling C object subprojects/gst-plugins-bad/sys/va/libgstva.so.p/gstvadisplay_priv.c.o
#5 677.0 [2168/2937] Compiling C object subprojects/gst-plugins-bad/sys/va/libgstva.so.p/gstvadevice.c.o
#5 677.1 [2169/2937] Compiling C object subprojects/gst-plugins-bad/sys/va/libgstva.so.p/gstvadeinterlace.c.o
#5 677.8 [2170/2937] Compiling C object subprojects/gst-plugins-bad/sys/va/libgstva.so.p/gstvaencoder.c.o
#5 677.9 [2171/2937] Compiling C object subprojects/gst-plugins-bad/sys/va/libgstva.so.p/gstvafilter.c.o
#5 678.0 [2172/2937] Compiling C object subprojects/gst-plugins-bad/sys/va/libgstva.so.p/gstvah264dec.c.o
#5 678.3 [2173/2937] Compiling C object subprojects/gst-plugins-bad/sys/va/libgstva.so.p/gstvah264enc.c.o
#5 678.7 [2174/2937] Compiling C object subprojects/gst-plugins-bad/sys/va/libgstva.so.p/gstvajpegdec.c.o
#5 679.3 [2175/2937] Compiling C object subprojects/gst-plugins-bad/sys/va/libgstva.so.p/gstvah265dec.c.o
#5 679.3 [2176/2937] Compiling C object subprojects/gst-plugins-bad/sys/va/libgstva.so.p/gstvaprofile.c.o
#5 679.7 [2177/2937] Compiling C object subprojects/gst-plugins-bad/sys/va/libgstva.so.p/gstvampeg2dec.c.o
#5 680.0 [2178/2937] Compiling C object subprojects/gst-plugins-bad/sys/va/libgstva.so.p/gstvah265enc.c.o
#5 680.2 [2179/2937] Compiling C object subprojects/gst-plugins-bad/sys/va/libgstva.so.p/gstvavp8dec.c.o
#5 680.3 [2180/2937] Linking target subprojects/gst-plugins-bad/gst/videoparsers/libgstvideoparsersbad.so
#5 680.6 [2181/2937] Compiling C object subprojects/gst-plugins-bad/sys/va/libgstva.so.p/gstvavp9dec.c.o
#5 681.0 [2182/2937] Compiling C object subprojects/gst-plugins-bad/sys/va/libgstva.so.p/gstvaav1dec.c.o
#5 681.2 [2183/2937] Compiling C object subprojects/gst-plugins-bad/sys/va/libgstva.so.p/gstvavpp.c.o
#5 681.5 [2184/2937] Compiling C object subprojects/gst-plugins-bad/ext/aes/libgstaes.so.p/gstaeshelper.c.o
#5 681.6 [2185/2937] Compiling C object subprojects/gst-plugins-bad/ext/aes/libgstaes.so.p/gstaes.c.o
#5 681.7 [2186/2937] Compiling C object subprojects/gst-plugins-bad/ext/aes/libgstaes.so.p/gstaesenc.c.o
#5 681.9 [2187/2937] Compiling C object subprojects/gst-plugins-bad/ext/aes/libgstaes.so.p/gstaesdec.c.o
#5 682.4 [2188/2937] Compiling C object subprojects/gst-plugins-bad/ext/assrender/libgstassrender.so.p/gstassrender.c.o
#5 682.7 [2189/2937] Compiling C object subprojects/gst-plugins-bad/ext/aom/libgstaom.so.p/gstaom.c.o
#5 683.2 [2190/2937] Compiling C object subprojects/gst-plugins-bad/ext/aom/libgstaom.so.p/gstav1dec.c.o
#5 683.2 [2191/2937] Compiling C object subprojects/gst-plugins-bad/ext/aom/libgstaom.so.p/gstav1enc.c.o
#5 683.4 [2192/2937] Compiling C object subprojects/libavtp/libavtp.so.0.2.0.p/src_avtp.c.o
#5 683.4 [2193/2937] Compiling C object subprojects/gst-plugins-bad/ext/aom/libgstaom.so.p/gstav1utils.c.o
#5 683.6 [2194/2937] Compiling C object subprojects/libavtp/libavtp.so.0.2.0.p/src_avtp_aaf.c.o
#5 683.6 [2195/2937] Compiling C object subprojects/libavtp/libavtp.so.0.2.0.p/src_avtp_crf.c.o
#5 683.7 [2196/2937] Compiling C object subprojects/libavtp/libavtp.so.0.2.0.p/src_avtp_cvf.c.o
#5 683.9 [2197/2937] Compiling C object subprojects/libavtp/libavtp.so.0.2.0.p/src_avtp_rvf.c.o
#5 684.0 [2198/2937] Compiling C object subprojects/libavtp/libavtp.so.0.2.0.p/src_avtp_ieciidc.c.o
#5 684.1 [2199/2937] Compiling C object subprojects/libavtp/libavtp.so.0.2.0.p/src_avtp_stream.c.o
#5 685.1 [2200/2937] Compiling C object subprojects/gst-plugins-bad/ext/avtp/libgstavtp.so.p/gstavtp.c.o
#5 685.7 [2201/2937] Linking target subprojects/libavtp/libavtp.so.0.2.0
#5 685.8 [2202/2937] Linking target subprojects/gst-plugins-bad/ext/assrender/libgstassrender.so
#5 686.0 [2203/2937] Compiling C object subprojects/gst-plugins-bad/ext/avtp/libgstavtp.so.p/gstavtpaafdepay.c.o
#5 686.2 [2204/2937] Generating symbol file subprojects/libavtp/libavtp.so.0.2.0.p/libavtp.so.0.2.0.symbols
#5 686.5 [2205/2937] Linking target subprojects/gst-plugins-bad/ext/aes/libgstaes.so
#5 687.3 [2206/2937] Compiling C object subprojects/gst-plugins-bad/ext/avtp/libgstavtp.so.p/gstavtpaafpay.c.o
#5 687.3 [2207/2937] Compiling C object subprojects/gst-plugins-bad/ext/avtp/libgstavtp.so.p/gstavtpcvfdepay.c.o
#5 687.5 [2208/2937] Compiling C object subprojects/gst-plugins-bad/ext/avtp/libgstavtp.so.p/gstavtpbasedepayload.c.o
#5 687.7 [2209/2937] Compiling C object subprojects/gst-plugins-bad/ext/avtp/libgstavtp.so.p/gstavtpcvfpay.c.o
#5 687.8 [2210/2937] Linking target subprojects/gst-plugins-bad/ext/aom/libgstaom.so
#5 688.0 [2211/2937] Compiling C object subprojects/gst-plugins-bad/ext/avtp/libgstavtp.so.p/gstavtpbasepayload.c.o
#5 688.3 [2212/2937] Compiling C object subprojects/gst-plugins-bad/ext/avtp/libgstavtp.so.p/gstavtpsrc.c.o
#5 688.4 [2213/2937] Compiling C object subprojects/gst-plugins-bad/ext/avtp/libgstavtp.so.p/gstavtpsink.c.o
#5 688.5 [2214/2937] Compiling C object subprojects/gst-plugins-bad/ext/avtp/libgstavtp.so.p/gstavtpcrfutil.c.o
#5 688.8 [2215/2937] Compiling C object subprojects/gst-plugins-bad/ext/avtp/libgstavtp.so.p/gstavtpcrfbase.c.o
#5 688.9 [2216/2937] Compiling C object subprojects/gst-plugins-bad/ext/avtp/libgstavtp.so.p/gstavtpcrfsync.c.o
#5 689.7 [2217/2937] Compiling C object subprojects/gst-plugins-bad/ext/bz2/libgstbz2.so.p/gstbz2enc.c.o
#5 689.8 [2218/2937] Compiling C object subprojects/gst-plugins-bad/ext/avtp/libgstavtp.so.p/gstavtpcrfcheck.c.o
#5 689.8 [2219/2937] Compiling C object subprojects/gst-plugins-bad/ext/bs2b/libgstbs2b.so.p/gstbs2b.c.o
#5 690.0 [2220/2937] Compiling C object subprojects/gst-plugins-bad/ext/bz2/libgstbz2.so.p/gstbz2.c.o
#5 690.1 [2221/2937] Compiling C object subprojects/gst-plugins-bad/ext/bz2/libgstbz2.so.p/gstbz2dec.c.o
#5 690.7 [2222/2937] Compiling C object subprojects/gst-plugins-bad/ext/chromaprint/libgstchromaprint.so.p/gstchromaprint.c.o
#5 691.2 [2223/2937] Linking target subprojects/gst-plugins-bad/ext/bs2b/libgstbs2b.so
#5 691.8 [2224/2937] Linking target subprojects/gst-plugins-bad/ext/chromaprint/libgstchromaprint.so
#5 692.0 [2225/2937] Linking target subprojects/gst-plugins-bad/ext/bz2/libgstbz2.so
#5 692.0 [2226/2937] Compiling C object subprojects/gst-plugins-bad/ext/closedcaption/libgstclosedcaption.so.p/gstcccombiner.c.o
#5 692.1 [2227/2937] Compiling C object subprojects/gst-plugins-bad/ext/closedcaption/libgstclosedcaption.so.p/gstccextractor.c.o
#5 692.6 [2228/2937] Linking target subprojects/gst-plugins-bad/sys/v4l2codecs/libgstv4l2codecs.so
#5 693.3 [2229/2937] Compiling C object subprojects/gst-plugins-bad/ext/closedcaption/libgstclosedcaption.so.p/gstcea708decoder.c.o
#5 693.4 [2230/2937] Compiling C object subprojects/gst-plugins-bad/ext/closedcaption/libgstclosedcaption.so.p/gstline21dec.c.o
#5 693.5 [2231/2937] Compiling C object subprojects/gst-plugins-bad/ext/closedcaption/libgstclosedcaption.so.p/gstccconverter.c.o
#5 693.5 [2232/2937] Compiling C object subprojects/gst-plugins-bad/ext/closedcaption/libgstclosedcaption.so.p/gstclosedcaption.c.o
#5 694.1 [2233/2937] Compiling C object subprojects/gst-plugins-bad/ext/closedcaption/libgstclosedcaption.so.p/gstceaccoverlay.c.o
#5 694.6 [2234/2937] Compiling C object subprojects/gst-plugins-bad/ext/closedcaption/libgstclosedcaption.so.p/decoder.c.o
#5 694.9 [2235/2937] Compiling C object subprojects/gst-plugins-bad/ext/closedcaption/libgstclosedcaption.so.p/bit_slicer.c.o
#5 695.0 [2236/2937] Compiling C object subprojects/gst-plugins-bad/ext/closedcaption/libgstclosedcaption.so.p/gstline21enc.c.o
#5 695.4 [2237/2937] Compiling C object subprojects/gst-plugins-bad/ext/closedcaption/libgstclosedcaption.so.p/raw_decoder.c.o
#5 695.5 [2238/2937] Compiling C object subprojects/gst-plugins-bad/ext/closedcaption/libgstclosedcaption.so.p/ccutils.c.o
#5 695.8 [2239/2937] Compiling C object subprojects/gst-plugins-bad/ext/closedcaption/libgstclosedcaption.so.p/sampling_par.c.o
#5 696.2 [2240/2937] Compiling C object subprojects/gst-plugins-bad/ext/colormanagement/libgstcolormanagement.so.p/gstcolormanagement.c.o
#5 696.2 [2241/2937] Compiling C object subprojects/gst-plugins-bad/ext/closedcaption/libgstclosedcaption.so.p/io-sim.c.o
#5 696.4 [2242/2937] Compiling C object subprojects/gst-plugins-bad/ext/curl/libgstcurl.so.p/gstcurl.c.o
#5 696.7 [2243/2937] Compiling C object subprojects/gst-plugins-bad/ext/colormanagement/libgstcolormanagement.so.p/gstlcms.c.o
#5 696.9 [2244/2937] Linking target subprojects/gst-plugins-bad/ext/avtp/libgstavtp.so
#5 697.1 [2245/2937] Compiling C object subprojects/gst-plugins-bad/ext/curl/libgstcurl.so.p/gstcurlelement.c.o
#5 697.2 [2246/2937] Compiling C object subprojects/gst-plugins-bad/ext/curl/libgstcurl.so.p/gstcurlbasesink.c.o
#5 697.8 [2247/2937] Compiling C object subprojects/gst-plugins-bad/ext/curl/libgstcurl.so.p/gstcurlfilesink.c.o
#5 698.0 [2248/2937] Compiling C object subprojects/gst-plugins-bad/ext/curl/libgstcurl.so.p/gstcurlftpsink.c.o
#5 698.4 [2249/2937] Compiling C object subprojects/gst-plugins-bad/ext/curl/libgstcurl.so.p/gstcurlhttpsink.c.o
#5 699.1 [2250/2937] Compiling C object subprojects/gst-plugins-bad/ext/curl/libgstcurl.so.p/gstcurlsftpsink.c.o
#5 699.2 [2251/2937] Compiling C object subprojects/gst-plugins-bad/ext/curl/libgstcurl.so.p/gstcurltlssink.c.o
#5 699.6 [2252/2937] Compiling C object subprojects/gst-plugins-bad/ext/curl/libgstcurl.so.p/gstcurlsmtpsink.c.o
#5 699.8 [2253/2937] Linking target subprojects/gst-plugins-bad/ext/colormanagement/libgstcolormanagement.so
#5 700.0 [2254/2937] Compiling C object subprojects/gst-plugins-bad/ext/curl/libgstcurl.so.p/gstcurlsshsink.c.o
#5 700.4 [2255/2937] Compiling C object subprojects/gst-plugins-bad/ext/curl/libgstcurl.so.p/gstcurlqueue.c.o
#5 700.8 [2256/2937] Compiling C object subprojects/gst-plugins-bad/ext/dash/libgstdash.so.p/gstmpdnode.c.o
#5 701.4 [2257/2937] Compiling C object subprojects/gst-plugins-bad/ext/dash/libgstdash.so.p/gstmpdbaseurlnode.c.o
#5 701.8 [2258/2937] Compiling C object subprojects/gst-plugins-bad/ext/dash/libgstdash.so.p/gstmpdutctimingnode.c.o
#5 701.8 [2259/2937] Compiling C object subprojects/gst-plugins-bad/ext/dash/libgstdash.so.p/gstmpdrootnode.c.o
#5 702.5 [2260/2937] Compiling C object subprojects/gst-plugins-bad/ext/dash/libgstdash.so.p/gstmpdmetricsrangenode.c.o
#5 702.6 [2261/2937] Compiling C object subprojects/gst-plugins-bad/ext/curl/libgstcurl.so.p/gstcurlhttpsrc.c.o
#5 702.7 [2262/2937] Compiling C object subprojects/gst-plugins-bad/ext/dash/libgstdash.so.p/gstmpdmetricsnode.c.o
#5 703.4 [2263/2937] Compiling C object subprojects/gst-plugins-bad/ext/dash/libgstdash.so.p/gstmpdsnode.c.o
#5 703.5 [2264/2937] Compiling C object subprojects/gst-plugins-bad/ext/dash/libgstdash.so.p/gstmpdsegmenttimelinenode.c.o
#5 703.7 [2265/2937] Compiling C object subprojects/gst-plugins-bad/ext/dash/libgstdash.so.p/gstdashdemux.c.o
#5 704.2 [2266/2937] Compiling C object subprojects/gst-plugins-bad/ext/dash/libgstdash.so.p/gstmpdsegmenttemplatenode.c.o
#5 704.2 [2267/2937] Compiling C object subprojects/gst-plugins-bad/ext/dash/libgstdash.so.p/gstmpdsegmenturlnode.c.o
#5 704.8 [2268/2937] Compiling C object subprojects/gst-plugins-bad/ext/dash/libgstdash.so.p/gstmpdsegmentbasenode.c.o
#5 704.8 [2269/2937] Compiling C object subprojects/gst-plugins-bad/ext/dash/libgstdash.so.p/gstmpdsegmentlistnode.c.o
#5 705.4 [2270/2937] Compiling C object subprojects/gst-plugins-bad/ext/dash/libgstdash.so.p/gstmpdrepresentationbasenode.c.o
#5 705.5 [2271/2937] Compiling C object subprojects/gst-plugins-bad/ext/dash/libgstdash.so.p/gstmpdperiodnode.c.o
#5 706.1 [2272/2937] Compiling C object subprojects/gst-plugins-bad/ext/dash/libgstdash.so.p/gstmpdrepresentationnode.c.o
#5 706.3 [2273/2937] Compiling C object subprojects/gst-plugins-bad/ext/dash/libgstdash.so.p/gstmpdmultsegmentbasenode.c.o
#5 707.1 [2274/2937] Compiling C object subprojects/gst-plugins-bad/ext/dash/libgstdash.so.p/gstmpdadaptationsetnode.c.o
#5 707.3 [2275/2937] Compiling C object subprojects/gst-plugins-bad/ext/dash/libgstdash.so.p/gstmpdsubrepresentationnode.c.o
#5 707.3 [2276/2937] Compiling C object subprojects/gst-plugins-bad/ext/dash/libgstdash.so.p/gstmpdcontentcomponentnode.c.o
#5 707.4 [2277/2937] Compiling C object subprojects/gst-plugins-bad/ext/dash/libgstdash.so.p/gstmpdsubsetnode.c.o
#5 708.2 [2278/2937] Compiling C object subprojects/gst-plugins-bad/ext/dash/libgstdash.so.p/gstmpdlocationnode.c.o
#5 708.4 [2279/2937] Compiling C object subprojects/gst-plugins-bad/ext/dash/libgstdash.so.p/gstmpdprograminformationnode.c.o
#5 708.7 [2280/2937] Compiling C object subprojects/gst-plugins-bad/ext/dash/libgstdash.so.p/gstmpdreportingnode.c.o
#5 708.8 [2281/2937] Compiling C object subprojects/gst-plugins-bad/ext/dash/libgstdash.so.p/gstmpdurltypenode.c.o
#5 709.1 [2282/2937] Compiling C object subprojects/gst-plugins-bad/ext/dash/libgstdash.so.p/gstmpddescriptortypenode.c.o
#5 709.6 [2283/2937] Compiling C object subprojects/gst-plugins-bad/ext/dash/libgstdash.so.p/gstmpdhelper.c.o
#5 709.6 [2284/2937] Compiling C object subprojects/gst-plugins-bad/ext/dash/libgstdash.so.p/gstxmlhelper.c.o
#5 710.0 [2285/2937] Compiling C object subprojects/gst-plugins-bad/ext/dash/libgstdash.so.p/gstmpdparser.c.o
#5 711.3 [2286/2937] Compiling C object subprojects/gst-plugins-bad/ext/dash/libgstdash.so.p/gstplugin.c.o
#5 712.0 [2287/2937] Compiling C object subprojects/gst-plugins-bad/ext/dtls/libgstdtls.so.p/gstdtlsagent.c.o
#5 712.2 [2288/2937] Compiling C object subprojects/gst-plugins-bad/ext/dash/libgstdash.so.p/gstdashsink.c.o
#5 712.3 [2289/2937] Compiling C object subprojects/gst-plugins-bad/ext/dash/libgstdash.so.p/gstmpdclient.c.o
#5 712.7 [2290/2937] Compiling C object subprojects/gst-plugins-bad/ext/dtls/libgstdtls.so.p/gstdtlscertificate.c.o
#5 713.6 [2291/2937] Compiling C object subprojects/gst-plugins-bad/ext/dtls/libgstdtls.so.p/gstdtlsdec.c.o
#5 713.8 [2292/2937] Compiling C object subprojects/gst-plugins-bad/ext/dtls/libgstdtls.so.p/gstdtlsconnection.c.o
#5 713.9 [2293/2937] Compiling C object subprojects/gst-plugins-bad/ext/dtls/libgstdtls.so.p/gstdtlsenc.c.o
#5 714.3 [2294/2937] Compiling C object subprojects/gst-plugins-bad/ext/dtls/libgstdtls.so.p/gstdtlssrtpbin.c.o
#5 714.3 [2295/2937] Linking target subprojects/gst-plugins-bad/ext/curl/libgstcurl.so
#5 714.5 [2296/2937] Compiling C object subprojects/gst-plugins-bad/ext/dtls/libgstdtls.so.p/gstdtlssrtpdec.c.o
#5 714.9 [2297/2937] Compiling C object subprojects/gst-plugins-bad/ext/dtls/libgstdtls.so.p/plugin.c.o
#5 715.1 [2298/2937] Compiling C object subprojects/gst-plugins-bad/ext/dtls/libgstdtls.so.p/gstdtlssrtpenc.c.o
#5 715.4 [2299/2937] Compiling C object subprojects/gst-plugins-bad/ext/dtls/libgstdtls.so.p/gstdtlselement.c.o
#5 715.5 [2300/2937] Compiling C object subprojects/gst-plugins-bad/ext/dtls/libgstdtls.so.p/gstdtlssrtpdemux.c.o
#5 716.4 [2301/2937] Compiling C object subprojects/gst-plugins-bad/ext/dts/libgstdtsdec.so.p/gstdtsdec.c.o
#5 716.7 [2302/2937] Compiling C object subprojects/gst-plugins-bad/ext/faac/libgstfaac.so.p/gstfaac.c.o
#5 717.3 [2303/2937] Compiling C object subprojects/gst-plugins-bad/ext/faad/libgstfaad.so.p/gstfaad.c.o
#5 717.7 [2304/2937] Linking target subprojects/gst-plugins-bad/ext/closedcaption/libgstclosedcaption.so
#5 718.4 [2305/2937] Linking target subprojects/gst-plugins-bad/ext/dts/libgstdtsdec.so
#5 718.6 [2306/2937] Compiling C object subprojects/gst-plugins-bad/ext/fdkaac/libgstfdkaac.so.p/gstfdkaac.c.o
#5 719.0 [2307/2937] Linking target subprojects/gst-plugins-bad/ext/faac/libgstfaac.so
#5 719.5 [2308/2937] Linking target subprojects/gst-plugins-bad/ext/faad/libgstfaad.so
#5 719.7 [2309/2937] Compiling C object subprojects/gst-plugins-bad/ext/fdkaac/libgstfdkaac.so.p/gstfdkaacenc.c.o
#5 719.9 [2310/2937] Compiling C object subprojects/gst-plugins-bad/ext/fdkaac/libgstfdkaac.so.p/gstfdkaacplugin.c.o
#5 720.4 [2311/2937] Compiling C object subprojects/gst-plugins-bad/ext/flite/libgstflite.so.p/gstflite.c.o
#5 720.5 [2312/2937] Compiling C object subprojects/gst-plugins-bad/ext/flite/libgstflite.so.p/gstflitetestsrc.c.o
#5 721.3 [2313/2937] Compiling C object subprojects/gst-plugins-bad/ext/fdkaac/libgstfdkaac.so.p/gstfdkaacdec.c.o
#5 721.6 [2314/2937] Compiling C object subprojects/gst-plugins-bad/ext/gme/libgstgme.so.p/gstgme.c.o
#5 721.9 [2315/2937] Compiling C object subprojects/gst-plugins-bad/ext/fluidsynth/libgstfluidsynthmidi.so.p/gstfluiddec.c.o
#5 722.0 [2316/2937] Linking target subprojects/gst-plugins-bad/ext/flite/libgstflite.so
#5 722.9 [2317/2937] Linking target subprojects/gst-plugins-bad/ext/dtls/libgstdtls.so
#5 723.1 [2318/2937] Compiling C object subprojects/gst-plugins-bad/ext/gsm/libgstgsm.so.p/gstgsm.c.o
#5 723.6 [2319/2937] Linking target subprojects/gst-plugins-bad/ext/fluidsynth/libgstfluidsynthmidi.so
#5 723.8 [2320/2937] Compiling C object subprojects/gst-plugins-bad/ext/gsm/libgstgsm.so.p/gstgsmenc.c.o
#5 723.9 [2321/2937] Linking target subprojects/gst-plugins-bad/ext/gme/libgstgme.so
#5 723.9 [2322/2937] Compiling C object subprojects/gst-plugins-bad/ext/gsm/libgstgsm.so.p/gstgsmdec.c.o
#5 724.8 [2323/2937] Compiling C object subprojects/gst-plugins-bad/ext/hls/libgsthls.so.p/gsthlsdemux-util.c.o
#5 725.2 [2324/2937] Linking target subprojects/gst-plugins-bad/ext/gsm/libgstgsm.so
#5 725.4 [2325/2937] Compiling C object subprojects/gst-plugins-bad/ext/hls/libgsthls.so.p/gsthlsplugin.c.o
#5 725.5 [2326/2937] Compiling C object subprojects/gst-plugins-bad/ext/hls/libgsthls.so.p/gsthlselement.c.o
#5 726.2 [2327/2937] Compiling C object subprojects/gst-plugins-bad/ext/hls/libgsthls.so.p/gsthlsdemux.c.o
#5 726.4 [2328/2937] Linking target subprojects/gst-plugins-bad/ext/fdkaac/libgstfdkaac.so
#5 726.6 [2329/2937] Compiling C object subprojects/gst-plugins-bad/ext/hls/libgsthls.so.p/gstm3u8playlist.c.o
#5 726.8 [2330/2937] Compiling C object subprojects/gst-plugins-bad/ext/hls/libgsthls.so.p/gsthlssink.c.o
#5 726.9 [2331/2937] Compiling C object subprojects/dssim/libdssim-lib.so.1.1.p/src_dssim.c.o
#5 727.0 [2332/2937] Compiling C object subprojects/dssim/dssim.p/src_main.c.o
#5 727.2 [2333/2937] Compiling C object subprojects/dssim/dssim.p/src_rwpng.c.o
#5 727.7 [2334/2937] Compiling C object subprojects/gst-plugins-bad/ext/hls/libgsthls.so.p/gsthlssink2.c.o
#5 727.8 [2335/2937] Compiling C object subprojects/gst-plugins-bad/ext/hls/libgsthls.so.p/m3u8.c.o
#5 727.9 [2336/2937] Compiling C object subprojects/gst-plugins-bad/ext/kate/libgstkate.so.p/gstkate.c.o
#5 728.3 [2337/2937] Compiling C object subprojects/gst-plugins-bad/ext/iqa/libgstiqa.so.p/iqa.c.o
#5 728.8 [2338/2937] Compiling C object subprojects/gst-plugins-bad/ext/kate/libgstkate.so.p/gstkateelement.c.o
#5 729.3 [2339/2937] Compiling C object subprojects/gst-plugins-bad/ext/kate/libgstkate.so.p/gstkatedec.c.o
#5 729.4 [2340/2937] Linking target subprojects/gst-plugins-bad/sys/nvcodec/libgstnvcodec.so
#5 729.5 [2341/2937] Compiling C object subprojects/gst-plugins-bad/ext/kate/libgstkate.so.p/gstkateenc.c.o
#5 730.2 [2342/2937] Compiling C object subprojects/gst-plugins-bad/ext/kate/libgstkate.so.p/gstkatetag.c.o
#5 730.4 [2343/2937] Compiling C object subprojects/gst-plugins-bad/ext/kate/libgstkate.so.p/gstkateparse.c.o
#5 730.8 [2344/2937] Compiling C object subprojects/gst-plugins-bad/ext/kate/libgstkate.so.p/gstkateutil.c.o
#5 730.9 [2345/2937] Linking target subprojects/dssim/libdssim-lib.so.1.1
#5 731.3 [2346/2937] Compiling C object subprojects/gst-plugins-bad/ext/kate/libgstkate.so.p/gstkatespu.c.o
#5 731.3 [2347/2937] Generating symbol file subprojects/dssim/libdssim-lib.so.1.1.p/libdssim-lib.so.1.1.symbols
#5 731.4 [2348/2937] Compiling C object subprojects/gst-plugins-bad/ext/libde265/libgstde265.so.p/gstlibde265.c.o
#5 731.7 [2349/2937] Compiling C object subprojects/gst-plugins-bad/ext/libde265/libgstde265.so.p/libde265-dec.c.o
#5 732.3 [2350/2937] Compiling C object subprojects/gst-plugins-bad/ext/lv2/libgstlv2.so.p/gstlv2.c.o
#5 732.8 [2351/2937] Linking target subprojects/gst-plugins-bad/sys/va/libgstva.so
#5 732.8 [2352/2937] Linking target subprojects/dssim/dssim
#5 733.0 [2353/2937] Linking target subprojects/gst-plugins-bad/ext/iqa/libgstiqa.so
#5 733.3 [2354/2937] Compiling C object subprojects/gst-plugins-bad/ext/lv2/libgstlv2.so.p/gstlv2filter.c.o
#5 733.5 [2355/2937] Compiling C object subprojects/libmicrodns/compat/libcompat.a.p/compat.c.o
#5 733.6 [2356/2937] Compiling C object subprojects/libmicrodns/compat/libcompat.a.p/inet.c.o
#5 733.8 [2357/2937] Compiling C object subprojects/libmicrodns/compat/libcompat.a.p/poll.c.o
#5 733.8 [2358/2937] Linking static target subprojects/libmicrodns/compat/libcompat.a
#5 734.0 [2359/2937] Linking target subprojects/gst-plugins-bad/ext/libde265/libgstde265.so
#5 734.1 [2360/2937] Compiling C object subprojects/gst-plugins-bad/ext/lv2/libgstlv2.so.p/gstlv2utils.c.o
#5 734.3 [2361/2937] Compiling C object subprojects/libmicrodns/src/libmicrodns.so.1.0.0.p/rr.c.o
#5 734.3 [2362/2937] Compiling C object subprojects/libmicrodns/examples/announce.p/announce.c.o
#5 734.5 [2363/2937] Compiling C object subprojects/libmicrodns/src/libmicrodns.so.1.0.0.p/mdns.c.o
#5 734.5 [2364/2937] Compiling C object subprojects/libmicrodns/examples/listen.p/main.c.o
#5 734.7 [2365/2937] Compiling C object subprojects/libmicrodns/tests/unittest.p/unittests.c.o
#5 734.7 [2366/2937] Compiling C object subprojects/gst-plugins-bad/ext/lv2/libgstlv2.so.p/gstlv2source.c.o
#5 735.5 [2367/2937] Compiling C object subprojects/gst-plugins-bad/ext/mdns/libgstmicrodns.so.p/gstmicrodnsdevice.c.o
#5 735.8 [2368/2937] Compiling C object subprojects/gst-plugins-bad/ext/mdns/libgstmicrodns.so.p/gstmicrodns.c.o
#5 736.1 [2369/2937] Linking target subprojects/libmicrodns/tests/unittest
#5 737.1 [2370/2937] Linking target subprojects/gst-plugins-bad/ext/dash/libgstdash.so
#5 738.0 [2371/2937] Compiling C++ object subprojects/gst-plugins-bad/ext/mpeg2enc/libgstmpeg2enc.so.p/gstmpeg2encoptions.cc.o
#5 738.1 [2372/2937] Compiling C++ object subprojects/gst-plugins-bad/ext/mpeg2enc/libgstmpeg2enc.so.p/gstmpeg2enc.cc.o
#5 738.3 [2373/2937] Linking target subprojects/libmicrodns/src/libmicrodns.so.1.0.0
#5 738.3 [2374/2937] Compiling C++ object subprojects/gst-plugins-bad/ext/modplug/libgstmodplug.so.p/gstmodplug.cc.o
#5 738.8 [2375/2937] Generating symbol file subprojects/libmicrodns/src/libmicrodns.so.1.0.0.p/libmicrodns.so.1.0.0.symbols
#5 739.0 [2376/2937] Linking target subprojects/gst-plugins-bad/ext/hls/libgsthls.so
#5 739.2 [2377/2937] Linking target subprojects/gst-plugins-bad/ext/lv2/libgstlv2.so
#5 739.2 [2378/2937] Compiling C++ object subprojects/gst-plugins-bad/ext/mpeg2enc/libgstmpeg2enc.so.p/gstmpeg2encoder.cc.o
#5 739.6 [2379/2937] Linking target subprojects/libmicrodns/examples/announce
#5 739.6 [2380/2937] Linking target subprojects/libmicrodns/examples/listen
#5 740.3 [2381/2937] Compiling C++ object subprojects/gst-plugins-bad/ext/mpeg2enc/libgstmpeg2enc.so.p/gstmpeg2encpicturereader.cc.o
#5 740.7 [2382/2937] Compiling C++ object subprojects/gst-plugins-bad/ext/mpeg2enc/libgstmpeg2enc.so.p/gstmpeg2encstreamwriter.cc.o
#5 740.8 [2383/2937] Linking target subprojects/gst-plugins-bad/ext/mdns/libgstmicrodns.so
#5 741.2 [2384/2937] Compiling C++ object subprojects/gst-plugins-bad/ext/mplex/libgstmplex.so.p/gstmplexibitstream.cc.o
#5 741.3 [2385/2937] Linking target subprojects/gst-plugins-bad/ext/modplug/libgstmodplug.so
#5 741.4 [2386/2937] Compiling C++ object subprojects/gst-plugins-bad/ext/mplex/libgstmplex.so.p/gstmplexjob.cc.o
#5 741.5 [2387/2937] Linking target subprojects/gst-plugins-bad/ext/kate/libgstkate.so
#5 742.1 [2388/2937] Compiling C++ object subprojects/gst-plugins-bad/ext/mplex/libgstmplex.so.p/gstmplexoutputstream.cc.o
#5 742.1 [2389/2937] Compiling C object subprojects/gst-plugins-bad/ext/musepack/libgstmusepack.so.p/gstmusepackreader.c.o
#5 742.2 [2390/2937] Compiling C object subprojects/gst-plugins-bad/ext/musepack/libgstmusepack.so.p/gstmusepackdec.c.o
#5 742.3 [2391/2937] Compiling C++ object subprojects/openh264-2.3.1/codec/common/libcommon.a.p/src_cpu.cpp.o
#5 742.3 [2392/2937] Compiling C object subprojects/gst-plugins-bad/ext/openexr/libgstopenexr.so.p/gstopenexr.c.o
#5 742.3 [2393/2937] Compiling C++ object subprojects/openh264-2.3.1/codec/common/libcommon.a.p/src_common_tables.cpp.o
#5 742.5 [2394/2937] Compiling C++ object subprojects/openh264-2.3.1/codec/common/libcommon.a.p/src_expand_pic.cpp.o
#5 742.6 [2395/2937] Compiling C++ object subprojects/openh264-2.3.1/codec/common/libcommon.a.p/src_copy_mb.cpp.o
#5 742.6 [2396/2937] Compiling C++ object subprojects/gst-plugins-bad/ext/mplex/libgstmplex.so.p/gstmplex.cc.o
#5 742.7 [2397/2937] Compiling C++ object subprojects/openh264-2.3.1/codec/common/libcommon.a.p/src_deblocking_common.cpp.o
#5 742.7 [2398/2937] Compiling C++ object subprojects/openh264-2.3.1/codec/common/libcommon.a.p/src_intra_pred_common.cpp.o
#5 742.8 [2399/2937] Compiling C++ object subprojects/openh264-2.3.1/codec/common/libcommon.a.p/src_crt_util_safe_x.cpp.o
#5 743.0 [2400/2937] Compiling C++ object subprojects/openh264-2.3.1/codec/common/libcommon.a.p/src_memory_align.cpp.o
#5 743.3 [2401/2937] Compiling C++ object subprojects/openh264-2.3.1/codec/common/libcommon.a.p/src_utils.cpp.o
#5 743.3 [2402/2937] Compiling C++ object subprojects/openh264-2.3.1/codec/common/libcommon.a.p/src_sad_common.cpp.o
#5 743.3 [2403/2937] Compiling C++ object subprojects/openh264-2.3.1/codec/common/libcommon.a.p/src_mc.cpp.o
#5 743.5 [2404/2937] Compiling C++ object subprojects/openh264-2.3.1/codec/common/libcommon.a.p/src_welsCodecTrace.cpp.o
#5 743.8 [2405/2937] Compiling C++ object subprojects/openh264-2.3.1/codec/common/libcommon.a.p/src_WelsThread.cpp.o
#5 743.8 [2406/2937] Compiling C++ object subprojects/openh264-2.3.1/codec/common/libcommon.a.p/src_WelsThreadLib.cpp.o
#5 743.9 [2407/2937] Compiling C object subprojects/openh264-2.3.1/codec/common/libcommon.a.p/arm64_copy_mb_aarch64_neon.S.o
#5 743.9 [2408/2937] Compiling C object subprojects/openh264-2.3.1/codec/common/libcommon.a.p/arm64_deblocking_aarch64_neon.S.o
#5 744.0 [2409/2937] Compiling C object subprojects/openh264-2.3.1/codec/common/libcommon.a.p/arm64_expand_picture_aarch64_neon.S.o
#5 744.0 [2410/2937] Compiling C object subprojects/openh264-2.3.1/codec/common/libcommon.a.p/arm64_intra_pred_common_aarch64_neon.S.o
#5 744.1 [2411/2937] Compiling C object subprojects/openh264-2.3.1/codec/common/libcommon.a.p/arm64_mc_aarch64_neon.S.o
#5 744.1 [2412/2937] Compiling C++ object subprojects/openh264-2.3.1/codec/common/libcommon.a.p/src_WelsTaskThread.cpp.o
#5 744.1 [2413/2937] Linking target subprojects/gst-plugins-bad/ext/musepack/libgstmusepack.so
#5 744.4 [2414/2937] Compiling C++ object subprojects/openh264-2.3.1/codec/common/libcommon.a.p/src_WelsThreadPool.cpp.o
#5 744.5 [2415/2937] Linking static target subprojects/openh264-2.3.1/codec/common/libcommon.a
#5 744.6 [2416/2937] Compiling C++ object subprojects/openh264-2.3.1/codec/decoder/libdecoder.a.p/core_src_bit_stream.cpp.o
#5 744.7 [2417/2937] Linking target subprojects/gst-plugins-bad/ext/mpeg2enc/libgstmpeg2enc.so
#5 744.9 [2418/2937] Compiling C++ object subprojects/openh264-2.3.1/codec/decoder/libdecoder.a.p/core_src_cabac_decoder.cpp.o
#5 745.1 [2419/2937] Compiling C++ object subprojects/openh264-2.3.1/codec/decoder/libdecoder.a.p/core_src_decode_mb_aux.cpp.o
#5 745.4 [2420/2937] Compiling C++ object subprojects/openh264-2.3.1/codec/decoder/libdecoder.a.p/core_src_au_parser.cpp.o
#5 745.6 [2421/2937] Compiling C++ object subprojects/openh264-2.3.1/codec/decoder/libdecoder.a.p/core_src_decoder.cpp.o
#5 745.8 [2422/2937] Compiling C++ object subprojects/openh264-2.3.1/codec/decoder/libdecoder.a.p/core_src_decoder_data_tables.cpp.o
#5 745.9 [2423/2937] Linking target subprojects/gst-plugins-bad/ext/mplex/libgstmplex.so
#5 746.2 [2424/2937] Compiling C++ object subprojects/openh264-2.3.1/codec/decoder/libdecoder.a.p/core_src_fmo.cpp.o
#5 746.2 [2425/2937] Compiling C++ object subprojects/gst-plugins-bad/ext/openexr/libgstopenexr.so.p/gstopenexrdec.cpp.o
#5 746.5 [2426/2937] Compiling C++ object subprojects/openh264-2.3.1/codec/decoder/libdecoder.a.p/core_src_error_concealment.cpp.o
#5 746.6 [2427/2937] Compiling C++ object subprojects/openh264-2.3.1/codec/decoder/libdecoder.a.p/core_src_get_intra_predictor.cpp.o
#5 746.8 [2428/2937] Compiling C++ object subprojects/openh264-2.3.1/codec/decoder/libdecoder.a.p/core_src_memmgr_nal_unit.cpp.o
#5 746.8 [2429/2937] Compiling C++ object subprojects/openh264-2.3.1/codec/decoder/libdecoder.a.p/core_src_deblocking.cpp.o
#5 746.9 [2430/2937] Compiling C++ object subprojects/openh264-2.3.1/codec/decoder/libdecoder.a.p/core_src_decode_slice.cpp.o
#5 747.0 [2431/2937] Compiling C++ object subprojects/openh264-2.3.1/codec/decoder/libdecoder.a.p/core_src_manage_dec_ref.cpp.o
#5 747.0 [2432/2937] Compiling C++ object subprojects/openh264-2.3.1/codec/decoder/libdecoder.a.p/core_src_decoder_core.cpp.o
#5 747.4 [2433/2937] Compiling C++ object subprojects/openh264-2.3.1/codec/decoder/libdecoder.a.p/core_src_pic_queue.cpp.o
#5 747.5 [2434/2937] Compiling C object subprojects/openh264-2.3.1/codec/decoder/libdecoder.a.p/core_arm64_block_add_aarch64_neon.S.o
#5 747.6 [2435/2937] Compiling C object subprojects/openh264-2.3.1/codec/decoder/libdecoder.a.p/core_arm64_intra_pred_aarch64_neon.S.o
#5 747.7 [2436/2937] Compiling C++ object subprojects/openh264-2.3.1/codec/decoder/libdecoder.a.p/core_src_wels_decoder_thread.cpp.o
#5 747.9 [2437/2937] Compiling C++ object subprojects/openh264-2.3.1/codec/decoder/libdecoder.a.p/core_src_parse_mb_syn_cabac.cpp.o
#5 748.1 [2438/2937] Compiling C++ object subprojects/openh264-2.3.1/codec/decoder/libdecoder.a.p/core_src_mv_pred.cpp.o
#5 748.1 [2439/2937] Compiling C++ object subprojects/openh264-2.3.1/codec/decoder/libdecoder.a.p/core_src_rec_mb.cpp.o
#5 748.1 [2440/2937] Compiling C++ object subprojects/openh264-2.3.1/codec/decoder/libdecoder.a.p/core_src_parse_mb_syn_cavlc.cpp.o
#5 748.3 [2441/2937] Compiling C++ object subprojects/openh264-2.3.1/codec/encoder/libencoder.a.p/core_src_au_set.cpp.o
#5 748.4 [2442/2937] Compiling C++ object subprojects/openh264-2.3.1/codec/encoder/libencoder.a.p/core_src_decode_mb_aux.cpp.o
#5 748.6 [2443/2937] Compiling C++ object subprojects/openh264-2.3.1/codec/encoder/libencoder.a.p/core_src_encode_mb_aux.cpp.o
#5 748.8 [2444/2937] Compiling C++ object subprojects/openh264-2.3.1/codec/encoder/libencoder.a.p/core_src_encoder.cpp.o
#5 748.8 [2445/2937] Compiling C++ object subprojects/openh264-2.3.1/codec/decoder/libdecoder.a.p/plus_src_welsDecoderExt.cpp.o
#5 748.8 [2446/2937] Compiling C++ object subprojects/openh264-2.3.1/codec/encoder/libencoder.a.p/core_src_deblocking.cpp.o
#5 748.9 [2447/2937] Linking static target subprojects/openh264-2.3.1/codec/decoder/libdecoder.a
#5 749.1 [2448/2937] Compiling C++ object subprojects/openh264-2.3.1/codec/encoder/libencoder.a.p/core_src_get_intra_predictor.cpp.o
#5 749.1 [2449/2937] Linking target subprojects/gst-plugins-bad/ext/openexr/libgstopenexr.so
#5 749.3 [2450/2937] Compiling C++ object subprojects/openh264-2.3.1/codec/encoder/libencoder.a.p/core_src_encoder_data_tables.cpp.o
#5 749.3 [2451/2937] Compiling C++ object subprojects/openh264-2.3.1/codec/encoder/libencoder.a.p/core_src_nal_encap.cpp.o
#5 749.5 [2452/2937] Compiling C++ object subprojects/openh264-2.3.1/codec/encoder/libencoder.a.p/core_src_mv_pred.cpp.o
#5 749.6 [2453/2937] Compiling C++ object subprojects/openh264-2.3.1/codec/encoder/libencoder.a.p/core_src_md.cpp.o
#5 749.6 [2454/2937] Compiling C++ object subprojects/openh264-2.3.1/codec/encoder/libencoder.a.p/core_src_picture_handle.cpp.o
#5 749.8 [2455/2937] Compiling C++ object subprojects/openh264-2.3.1/codec/encoder/libencoder.a.p/core_src_paraset_strategy.cpp.o
#5 750.0 [2456/2937] Compiling C++ object subprojects/openh264-2.3.1/codec/encoder/libencoder.a.p/core_src_sample.cpp.o
#5 750.2 [2457/2937] Compiling C++ object subprojects/openh264-2.3.1/codec/encoder/libencoder.a.p/core_src_set_mb_syn_cabac.cpp.o
#5 750.3 [2458/2937] Compiling C++ object subprojects/openh264-2.3.1/codec/encoder/libencoder.a.p/core_src_ref_list_mgr_svc.cpp.o
#5 750.4 [2459/2937] Compiling C++ object subprojects/openh264-2.3.1/codec/encoder/libencoder.a.p/core_src_slice_multi_threading.cpp.o
#5 750.5 [2460/2937] Compiling C++ object subprojects/openh264-2.3.1/codec/encoder/libencoder.a.p/core_src_svc_enc_slice_segment.cpp.o
#5 750.6 [2461/2937] Compiling C++ object subprojects/openh264-2.3.1/codec/encoder/libencoder.a.p/core_src_ratectl.cpp.o
#5 750.6 [2462/2937] Compiling C++ object subprojects/openh264-2.3.1/codec/encoder/libencoder.a.p/core_src_set_mb_syn_cavlc.cpp.o
#5 750.7 [2463/2937] Compiling C++ object subprojects/openh264-2.3.1/codec/encoder/libencoder.a.p/core_src_encoder_ext.cpp.o
#5 751.0 [2464/2937] Compiling C++ object subprojects/openh264-2.3.1/codec/encoder/libencoder.a.p/core_src_svc_base_layer_md.cpp.o
#5 751.1 [2465/2937] Compiling C++ object subprojects/openh264-2.3.1/codec/encoder/libencoder.a.p/core_src_wels_task_base.cpp.o
#5 751.1 [2466/2937] Compiling C++ object subprojects/openh264-2.3.1/codec/encoder/libencoder.a.p/core_src_svc_encode_mb.cpp.o
#5 751.2 [2467/2937] Compiling C++ object subprojects/openh264-2.3.1/codec/encoder/libencoder.a.p/core_src_svc_mode_decision.cpp.o
#5 751.5 [2468/2937] Compiling C++ object subprojects/openh264-2.3.1/codec/encoder/libencoder.a.p/core_src_svc_set_mb_syn_cabac.cpp.o
#5 751.6 [2469/2937] Compiling C++ object subprojects/openh264-2.3.1/codec/encoder/libencoder.a.p/core_src_svc_motion_estimate.cpp.o
#5 751.6 [2470/2937] Compiling C object subprojects/openh264-2.3.1/codec/encoder/libencoder.a.p/core_arm64_intra_pred_aarch64_neon.S.o
#5 751.7 [2471/2937] Compiling C object subprojects/openh264-2.3.1/codec/encoder/libencoder.a.p/core_arm64_intra_pred_sad_3_opt_aarch64_neon.S.o
#5 751.7 [2472/2937] Compiling C++ object subprojects/openh264-2.3.1/codec/encoder/libencoder.a.p/core_src_svc_encode_slice.cpp.o
#5 751.7 [2473/2937] Compiling C object subprojects/openh264-2.3.1/codec/encoder/libencoder.a.p/core_arm64_memory_aarch64_neon.S.o
#5 751.7 [2474/2937] Compiling C object subprojects/openh264-2.3.1/codec/encoder/libencoder.a.p/core_arm64_pixel_aarch64_neon.S.o
#5 751.7 [2475/2937] Compiling C object subprojects/openh264-2.3.1/codec/encoder/libencoder.a.p/core_arm64_reconstruct_aarch64_neon.S.o
#5 751.8 [2476/2937] Compiling C object subprojects/openh264-2.3.1/codec/encoder/libencoder.a.p/core_arm64_svc_motion_estimation_aarch64_neon.S.o
#5 751.8 [2477/2937] Compiling C++ object subprojects/openh264-2.3.1/codec/encoder/libencoder.a.p/core_src_svc_set_mb_syn_cavlc.cpp.o
#5 752.0 [2478/2937] Compiling C++ object subprojects/openh264-2.3.1/codec/encoder/libencoder.a.p/core_src_wels_task_encoder.cpp.o
#5 752.0 [2479/2937] Compiling C++ object subprojects/openh264-2.3.1/codec/encoder/libencoder.a.p/core_src_wels_preprocess.cpp.o
#5 752.0 [2480/2937] Compiling C++ object subprojects/openh264-2.3.1/codec/processing/libprocessing.a.p/src_common_memory.cpp.o
#5 752.1 [2481/2937] Compiling C++ object subprojects/openh264-2.3.1/codec/processing/libprocessing.a.p/src_backgrounddetection_BackgroundDetection.cpp.o
#5 752.3 [2482/2937] Compiling C++ object subprojects/openh264-2.3.1/codec/processing/libprocessing.a.p/src_common_WelsFrameWorkEx.cpp.o
#5 752.4 [2483/2937] Compiling C++ object subprojects/openh264-2.3.1/codec/processing/libprocessing.a.p/src_denoise_denoise.cpp.o
#5 752.4 [2484/2937] Compiling C++ object subprojects/openh264-2.3.1/codec/encoder/libencoder.a.p/core_src_wels_task_management.cpp.o
#5 752.4 [2485/2937] Compiling C++ object subprojects/openh264-2.3.1/codec/encoder/libencoder.a.p/plus_src_welsEncoderExt.cpp.o
#5 752.5 [2486/2937] Compiling C++ object subprojects/openh264-2.3.1/codec/processing/libprocessing.a.p/src_denoise_denoise_filter.cpp.o
#5 752.6 [2487/2937] Linking static target subprojects/openh264-2.3.1/codec/encoder/libencoder.a
#5 752.6 [2488/2937] Compiling C++ object subprojects/openh264-2.3.1/codec/processing/libprocessing.a.p/src_common_WelsFrameWork.cpp.o
#5 752.7 [2489/2937] Compiling C++ object subprojects/openh264-2.3.1/codec/processing/libprocessing.a.p/src_adaptivequantization_AdaptiveQuantization.cpp.o
#5 752.8 [2490/2937] Compiling C++ object subprojects/openh264-2.3.1/codec/processing/libprocessing.a.p/src_complexityanalysis_ComplexityAnalysis.cpp.o
#5 752.8 [2491/2937] Compiling C++ object subprojects/openh264-2.3.1/codec/processing/libprocessing.a.p/src_imagerotate_imagerotate.cpp.o
#5 752.8 [2492/2937] Compiling C++ object subprojects/openh264-2.3.1/codec/processing/libprocessing.a.p/src_imagerotate_imagerotatefuncs.cpp.o
#5 752.9 [2493/2937] Compiling C object subprojects/openh264-2.3.1/codec/processing/libprocessing.a.p/src_arm64_adaptive_quantization_aarch64_neon.S.o
#5 753.0 [2494/2937] Compiling C++ object subprojects/openh264-2.3.1/codec/processing/libprocessing.a.p/src_downsample_downsample.cpp.o
#5 753.1 [2495/2937] Compiling C++ object subprojects/openh264-2.3.1/codec/processing/libprocessing.a.p/src_scrolldetection_ScrollDetectionFuncs.cpp.o
#5 753.1 [2496/2937] Compiling C object subprojects/openh264-2.3.1/codec/processing/libprocessing.a.p/src_arm64_down_sample_aarch64_neon.S.o
#5 753.1 [2497/2937] Compiling C object subprojects/openh264-2.3.1/codec/processing/libprocessing.a.p/src_arm64_pixel_sad_aarch64_neon.S.o
#5 753.1 [2498/2937] Compiling C++ object subprojects/openh264-2.3.1/codec/processing/libprocessing.a.p/src_scrolldetection_ScrollDetection.cpp.o
#5 753.1 [2499/2937] Compiling C++ object subprojects/openh264-2.3.1/codec/processing/libprocessing.a.p/src_downsample_downsamplefuncs.cpp.o
#5 753.1 [2500/2937] Compiling C object subprojects/openh264-2.3.1/codec/processing/libprocessing.a.p/src_arm64_vaa_calc_aarch64_neon.S.o
#5 753.2 [2501/2937] Compiling C++ object subprojects/openh264-2.3.1/codec/processing/libprocessing.a.p/src_scenechangedetection_SceneChangeDetection.cpp.o
#5 753.2 [2502/2937] Compiling C++ object subprojects/openh264-2.3.1/codec/console/dec/h264dec.p/src_d3d9_utils.cpp.o
#5 753.4 [2503/2937] Compiling C++ object subprojects/openh264-2.3.1/codec/processing/libprocessing.a.p/src_vaacalc_vaacalculation.cpp.o
#5 753.4 [2504/2937] Compiling C++ object subprojects/openh264-2.3.1/codec/processing/libprocessing.a.p/src_vaacalc_vaacalcfuncs.cpp.o
#5 753.4 [2505/2937] Linking static target subprojects/openh264-2.3.1/codec/processing/libprocessing.a
#5 753.9 [2506/2937] Compiling C object subprojects/gst-plugins-bad/ext/openh264/libgstopenh264.so.p/gstopenh264plugin.c.o
#5 754.1 [2507/2937] Compiling C object subprojects/gst-plugins-bad/ext/openh264/libgstopenh264.so.p/gstopenh264element.c.o
#5 754.2 [2508/2937] Compiling C++ object subprojects/openh264-2.3.1/codec/console/common/libconsole_common.a.p/src_read_config.cpp.o
#5 754.3 [2509/2937] Linking static target subprojects/openh264-2.3.1/codec/console/common/libconsole_common.a
#5 754.3 [2510/2937] Compiling C++ object subprojects/openh264-2.3.1/codec/console/dec/h264dec.p/src_h264dec.cpp.o
#5 754.8 [2511/2937] Compiling C++ object subprojects/gst-plugins-bad/ext/openh264/libgstopenh264.so.p/gstopenh264dec.cpp.o
#5 755.2 [2512/2937] Compiling C object subprojects/gst-plugins-bad/ext/openjpeg/libgstopenjpeg.so.p/gstopenjpeg.c.o
#5 755.6 [2513/2937] Compiling C++ object subprojects/gst-plugins-bad/ext/openh264/libgstopenh264.so.p/gstopenh264enc.cpp.o
#5 755.7 [2514/2937] Compiling C++ object subprojects/openh264-2.3.1/codec/console/enc/h264enc.p/src_welsenc.cpp.o
#5 755.9 [2515/2937] Compiling C object subprojects/gst-plugins-bad/ext/openjpeg/libgstopenjpeg.so.p/gstopenjpegenc.c.o
#5 755.9 [2516/2937] Compiling C object subprojects/gst-plugins-bad/ext/opus/libgstopusparse.so.p/gstopus.c.o
#5 756.1 [2517/2937] Compiling C object subprojects/gst-plugins-bad/ext/openjpeg/libgstopenjpeg.so.p/gstopenjpegdec.c.o
#5 756.6 [2518/2937] Compiling C object subprojects/gst-plugins-bad/ext/opus/libgstopusparse.so.p/gstopusheader.c.o
#5 757.3 [2519/2937] Compiling C object subprojects/gst-plugins-bad/ext/opus/libgstopusparse.so.p/gstopusparse.c.o
#5 757.6 [2520/2937] Compiling C object subprojects/gst-plugins-bad/ext/qroverlay/libgstqroverlay.so.p/gstqroverlay.c.o
#5 757.8 [2521/2937] Compiling C object subprojects/gst-plugins-bad/ext/qroverlay/libgstqroverlay.so.p/gstdebugqroverlay.c.o
#5 758.3 [2522/2937] Compiling C object subprojects/gst-plugins-bad/ext/qroverlay/libgstqroverlay.so.p/gstbaseqroverlay.c.o
#5 758.8 [2523/2937] Compiling C object subprojects/gst-plugins-bad/ext/qroverlay/libgstqroverlay.so.p/gstqroverlayplugin.c.o
#5 758.9 [2524/2937] Linking target subprojects/gst-plugins-bad/ext/opus/libgstopusparse.so
#5 759.0 [2525/2937] Compiling C object subprojects/gst-plugins-bad/ext/qroverlay/libgstqroverlay.so.p/gstqroverlayelement.c.o
#5 759.7 [2526/2937] Compiling C object subprojects/gst-plugins-bad/ext/resindvd/libgstresindvd.so.p/gstmpegdesc.c.o
#5 760.2 [2527/2937] Compiling C object subprojects/gst-plugins-bad/ext/resindvd/libgstresindvd.so.p/gstpesfilter.c.o
#5 760.4 [2528/2937] Compiling C object subprojects/gst-plugins-bad/ext/resindvd/libgstresindvd.so.p/gstmpegdemux.c.o
#5 761.0 [2529/2937] Linking target subprojects/gst-plugins-bad/ext/qroverlay/libgstqroverlay.so
#5 761.1 [2530/2937] Compiling C object subprojects/gst-plugins-bad/ext/resindvd/libgstresindvd.so.p/plugin.c.o
#5 762.0 [2531/2937] Compiling C object subprojects/gst-plugins-bad/ext/resindvd/libgstresindvd.so.p/resindvdbin.c.o
#5 762.1 [2532/2937] Compiling C object subprojects/gst-plugins-bad/ext/resindvd/libgstresindvd.so.p/resindvdsrc.c.o
#5 762.6 [2533/2937] Compiling C object subprojects/gst-plugins-bad/ext/resindvd/libgstresindvd.so.p/rsndec.c.o
#5 762.9 [2534/2937] Compiling C object subprojects/gst-plugins-bad/ext/resindvd/libgstresindvd.so.p/rsninputselector.c.o
#5 763.2 [2535/2937] Compiling C object subprojects/gst-plugins-bad/ext/resindvd/libgstresindvd.so.p/rsnparsetter.c.o
#5 764.2 [2536/2937] Compiling C object subprojects/gst-plugins-bad/ext/rsvg/libgstrsvg.so.p/gstrsvg.c.o
#5 764.3 [2537/2937] Compiling C object subprojects/gst-plugins-bad/ext/rsvg/libgstrsvg.so.p/gstrsvgdec.c.o
#5 764.3 ../subprojects/gst-plugins-bad/ext/rsvg/gstrsvgdec.c: In function ‘gst_rsvg_decode_image’:
#5 764.3 ../subprojects/gst-plugins-bad/ext/rsvg/gstrsvgdec.c:178:3: warning: ‘rsvg_handle_get_dimensions’ is deprecated: Use 'rsvg_handle_get_intrinsic_size_in_pixels' instead [-Wdeprecated-declarations]
#5 764.3   178 |   rsvg_handle_get_dimensions (handle, &dimension);
#5 764.3       |   ^~~~~~~~~~~~~~~~~~~~~~~~~~
#5 764.3 In file included from ../subprojects/gst-plugins-bad/ext/rsvg/gstrsvgdec.h:29,
#5 764.3                  from ../subprojects/gst-plugins-bad/ext/rsvg/gstrsvgdec.c:37:
#5 764.3 /usr/include/librsvg-2.0/librsvg/rsvg.h:727:6: note: declared here
#5 764.3   727 | void rsvg_handle_get_dimensions (RsvgHandle *handle, RsvgDimensionData *dimension_data);
#5 764.3       |      ^~~~~~~~~~~~~~~~~~~~~~~~~~
#5 764.3 ../subprojects/gst-plugins-bad/ext/rsvg/gstrsvgdec.c:240:3: warning: ‘rsvg_handle_render_cairo’ is deprecated: Use 'rsvg_handle_render_document' instead [-Wdeprecated-declarations]
#5 764.3   240 |   rsvg_handle_render_cairo (handle, cr);
#5 764.3       |   ^~~~~~~~~~~~~~~~~~~~~~~~
#5 764.3 In file included from /usr/include/librsvg-2.0/librsvg/rsvg.h:1460,
#5 764.3                  from ../subprojects/gst-plugins-bad/ext/rsvg/gstrsvgdec.h:29,
#5 764.3                  from ../subprojects/gst-plugins-bad/ext/rsvg/gstrsvgdec.c:37:
#5 764.3 /usr/include/librsvg-2.0/librsvg/rsvg-cairo.h:95:10: note: declared here
#5 764.3    95 | gboolean rsvg_handle_render_cairo (RsvgHandle *handle, cairo_t *cr);
#5 764.3       |          ^~~~~~~~~~~~~~~~~~~~~~~~
#5 764.3 [2538/2937] Linking target subprojects/gst-plugins-bad/ext/openjpeg/libgstopenjpeg.so
#5 765.0 [2539/2937] Compiling C object subprojects/gst-plugins-bad/ext/rtmp/libgstrtmp.so.p/gstrtmp.c.o
#5 765.3 [2540/2937] Compiling C object subprojects/gst-plugins-bad/ext/rtmp/libgstrtmp.so.p/gstrtmpsink.c.o
#5 765.4 [2541/2937] Compiling C object subprojects/gst-plugins-bad/ext/rtmp/libgstrtmp.so.p/gstrtmpelement.c.o
#5 765.6 [2542/2937] Compiling C object subprojects/gst-plugins-bad/ext/rsvg/libgstrsvg.so.p/gstrsvgoverlay.c.o
#5 765.6 ../subprojects/gst-plugins-bad/ext/rsvg/gstrsvgoverlay.c: In function ‘gst_rsvg_overlay_set_svg_data’:
#5 765.6 ../subprojects/gst-plugins-bad/ext/rsvg/gstrsvgoverlay.c:166:9: warning: ‘rsvg_handle_get_dimensions’ is deprecated: Use 'rsvg_handle_get_intrinsic_size_in_pixels' instead [-Wdeprecated-declarations]
#5 765.6   166 |         rsvg_handle_get_dimensions (overlay->handle, &svg_dimension);
#5 765.6       |         ^~~~~~~~~~~~~~~~~~~~~~~~~~
#5 765.6 In file included from ../subprojects/gst-plugins-bad/ext/rsvg/gstrsvgoverlay.h:23,
#5 765.6                  from ../subprojects/gst-plugins-bad/ext/rsvg/gstrsvgoverlay.c:65:
#5 765.6 /usr/include/librsvg-2.0/librsvg/rsvg.h:727:6: note: declared here
#5 765.6   727 | void rsvg_handle_get_dimensions (RsvgHandle *handle, RsvgDimensionData *dimension_data);
#5 765.6       |      ^~~~~~~~~~~~~~~~~~~~~~~~~~
#5 765.6 ../subprojects/gst-plugins-bad/ext/rsvg/gstrsvgoverlay.c: In function ‘gst_rsvg_overlay_transform_frame_ip’:
#5 765.6 ../subprojects/gst-plugins-bad/ext/rsvg/gstrsvgoverlay.c:424:3: warning: ‘rsvg_handle_render_cairo’ is deprecated: Use 'rsvg_handle_render_document' instead [-Wdeprecated-declarations]
#5 765.6   424 |   rsvg_handle_render_cairo (overlay->handle, cr);
#5 765.6       |   ^~~~~~~~~~~~~~~~~~~~~~~~
#5 765.6 In file included from /usr/include/librsvg-2.0/librsvg/rsvg.h:1460,
#5 765.6                  from ../subprojects/gst-plugins-bad/ext/rsvg/gstrsvgoverlay.h:23,
#5 765.6                  from ../subprojects/gst-plugins-bad/ext/rsvg/gstrsvgoverlay.c:65:
#5 765.6 /usr/include/librsvg-2.0/librsvg/rsvg-cairo.h:95:10: note: declared here
#5 765.6    95 | gboolean rsvg_handle_render_cairo (RsvgHandle *handle, cairo_t *cr);
#5 765.6       |          ^~~~~~~~~~~~~~~~~~~~~~~~
#5 766.2 [2543/2937] Compiling C object subprojects/gst-plugins-bad/ext/sbc/libgstsbc.so.p/sbc-plugin.c.o
#5 766.7 [2544/2937] Compiling C object subprojects/gst-plugins-bad/ext/rtmp/libgstrtmp.so.p/gstrtmpsrc.c.o
#5 767.0 [2545/2937] Compiling C object subprojects/gst-plugins-bad/ext/sbc/libgstsbc.so.p/gstsbcdec.c.o
#5 767.0 [2546/2937] Compiling C object subprojects/gst-plugins-bad/ext/sbc/libgstsbc.so.p/gstsbcenc.c.o
#5 767.4 [2547/2937] Linking target subprojects/gst-plugins-bad/ext/rsvg/libgstrsvg.so
#5 767.6 [2548/2937] Compiling C object subprojects/gst-plugins-bad/ext/sctp/usrsctp/libusrsctp-static.a.p/usrsctplib_user_environment.c.o
#5 767.7 [2549/2937] Compiling C object subprojects/gst-plugins-bad/ext/sctp/usrsctp/libusrsctp-static.a.p/usrsctplib_user_recv_thread.c.o
#5 768.4 [2550/2937] Compiling C object subprojects/gst-plugins-bad/ext/sctp/usrsctp/libusrsctp-static.a.p/usrsctplib_user_mbuf.c.o
#5 768.6 [2551/2937] Linking target subprojects/gst-plugins-bad/ext/sbc/libgstsbc.so
#5 769.3 [2552/2937] Compiling C object subprojects/gst-plugins-bad/ext/sctp/usrsctp/libusrsctp-static.a.p/usrsctplib_user_socket.c.o
#5 769.8 [2553/2937] Compiling C object subprojects/gst-plugins-bad/ext/sctp/usrsctp/libusrsctp-static.a.p/usrsctplib_netinet_sctp_auth.c.o
#5 769.9 [2554/2937] Compiling C object subprojects/gst-plugins-bad/ext/sctp/usrsctp/libusrsctp-static.a.p/usrsctplib_netinet_sctp_asconf.c.o
#5 769.9 [2555/2937] Compiling C object subprojects/gst-plugins-bad/ext/sctp/usrsctp/libusrsctp-static.a.p/usrsctplib_netinet_sctp_bsd_addr.c.o
#5 770.0 [2556/2937] Linking target subprojects/gst-plugins-bad/ext/rtmp/libgstrtmp.so
#5 770.6 [2557/2937] Compiling C object subprojects/gst-plugins-bad/ext/sctp/usrsctp/libusrsctp-static.a.p/usrsctplib_netinet_sctp_callout.c.o
#5 770.6 [2558/2937] Compiling C object subprojects/gst-plugins-bad/ext/sctp/usrsctp/libusrsctp-static.a.p/usrsctplib_netinet_sctp_crc32.c.o
#5 771.2 [2559/2937] Compiling C object subprojects/gst-plugins-bad/ext/sctp/usrsctp/libusrsctp-static.a.p/usrsctplib_netinet_sctp_cc_functions.c.o
#5 771.8 [2560/2937] Compiling C object subprojects/gst-plugins-bad/ext/sctp/usrsctp/libusrsctp-static.a.p/usrsctplib_netinet_sctp_indata.c.o
#5 772.7 [2561/2937] Compiling C object subprojects/gst-plugins-bad/ext/sctp/usrsctp/libusrsctp-static.a.p/usrsctplib_netinet_sctp_peeloff.c.o
#5 772.8 [2562/2937] Compiling C object subprojects/gst-plugins-bad/ext/sctp/usrsctp/libusrsctp-static.a.p/usrsctplib_netinet_sctp_input.c.o
#5 772.9 [2563/2937] Compiling C object subprojects/gst-plugins-bad/ext/sctp/usrsctp/libusrsctp-static.a.p/usrsctplib_netinet_sctp_sha1.c.o
#5 773.4 [2564/2937] Compiling C object subprojects/gst-plugins-bad/ext/sctp/usrsctp/libusrsctp-static.a.p/usrsctplib_netinet_sctp_pcb.c.o
#5 773.5 [2565/2937] Compiling C object subprojects/gst-plugins-bad/ext/sctp/usrsctp/libusrsctp-static.a.p/usrsctplib_netinet_sctp_ss_functions.c.o
#5 773.6 [2566/2937] Compiling C object subprojects/gst-plugins-bad/ext/sctp/usrsctp/libusrsctp-static.a.p/usrsctplib_netinet_sctp_sysctl.c.o
#5 773.8 [2567/2937] Compiling C object subprojects/gst-plugins-bad/ext/sctp/usrsctp/libusrsctp-static.a.p/usrsctplib_netinet_sctp_userspace.c.o
#5 774.6 [2568/2937] Compiling C object subprojects/gst-plugins-bad/ext/sctp/usrsctp/libusrsctp-static.a.p/usrsctplib_netinet_sctp_timer.c.o
#5 775.3 [2569/2937] Compiling C object subprojects/gst-plugins-bad/ext/sctp/usrsctp/libusrsctp-static.a.p/usrsctplib_netinet_sctp_output.c.o
#5 775.3 [2570/2937] Compiling C object subprojects/gst-plugins-bad/ext/sctp/usrsctp/libusrsctp-static.a.p/usrsctplib_netinet6_sctp6_usrreq.c.o
#5 776.1 [2571/2937] Compiling C object subprojects/gst-plugins-bad/ext/sctp/usrsctp/libusrsctp-static.a.p/usrsctplib_netinet_sctp_usrreq.c.o
#5 776.9 [2572/2937] Compiling C object subprojects/gst-plugins-bad/ext/sctp/usrsctp/libusrsctp-static.a.p/usrsctplib_netinet_sctputil.c.o
#5 777.0 [2573/2937] Linking static target subprojects/gst-plugins-bad/ext/sctp/usrsctp/libusrsctp-static.a
#5 777.1 [2574/2937] Compiling C object subprojects/gst-plugins-bad/ext/sctp/libgstsctp.so.p/gstsctpenc.c.o
#5 777.2 [2575/2937] Compiling C object subprojects/gst-plugins-bad/ext/sctp/libgstsctp.so.p/gstsctpdec.c.o
#5 777.5 [2576/2937] Compiling C object subprojects/gst-plugins-bad/ext/sctp/libgstsctp.so.p/gstsctpplugin.c.o
#5 777.9 [2577/2937] Compiling C object subprojects/gst-plugins-bad/ext/sctp/libgstsctp.so.p/sctpassociation.c.o
#5 778.5 [2578/2937] Compiling C object subprojects/gst-plugins-bad/ext/smoothstreaming/libgstsmoothstreaming.so.p/gstmssfragmentparser.c.o
#5 779.0 [2579/2937] Compiling C object subprojects/gst-plugins-bad/ext/smoothstreaming/libgstsmoothstreaming.so.p/gstmssdemux.c.o
#5 779.0 [2580/2937] Linking target subprojects/gst-plugins-bad/ext/resindvd/libgstresindvd.so
#5 779.5 [2581/2937] Compiling C object subprojects/gst-plugins-bad/ext/smoothstreaming/libgstsmoothstreaming.so.p/gstsmoothstreaming-plugin.c.o
#5 779.8 [2582/2937] Compiling C object subprojects/gst-plugins-bad/ext/smoothstreaming/libgstsmoothstreaming.so.p/gstmssmanifest.c.o
#5 779.8 [2583/2937] Compiling C object subprojects/gst-plugins-bad/ext/sndfile/libgstsndfile.so.p/gstsf.c.o
#5 779.9 [2584/2937] Compiling C object subprojects/gst-plugins-bad/ext/sndfile/libgstsndfile.so.p/gstsfelement.c.o
#5 781.4 [2585/2937] Compiling C object subprojects/gst-plugins-bad/ext/sndfile/libgstsndfile.so.p/gstsfdec.c.o
#5 781.5 [2586/2937] Compiling C object subprojects/gst-plugins-bad/ext/soundtouch/libgstsoundtouch.so.p/plugin.c.o
#5 783.5 [2587/2937] Linking target subprojects/gst-plugins-bad/ext/smoothstreaming/libgstsmoothstreaming.so
#5 783.6 [2588/2937] Linking target subprojects/gst-plugins-bad/ext/sndfile/libgstsndfile.so
#5 784.0 [2589/2937] Compiling C++ object subprojects/gst-plugins-bad/ext/soundtouch/libgstsoundtouch.so.p/gstpitch.cc.o
#5 784.9 [2590/2937] Compiling C++ object subprojects/gst-plugins-bad/ext/soundtouch/libgstsoundtouch.so.p/gstbpmdetect.cc.o
#5 785.5 [2591/2937] Compiling C object subprojects/gst-plugins-bad/ext/spandsp/libgstspandsp.so.p/gstdtmfdetect.c.o
#5 785.7 [2592/2937] Compiling C object subprojects/gst-plugins-bad/ext/spandsp/libgstspandsp.so.p/gstspandsp.c.o
#5 785.8 [2593/2937] Compiling C object subprojects/gst-plugins-bad/ext/spandsp/libgstspandsp.so.p/gstspanplc.c.o
#5 786.6 [2594/2937] Compiling C object subprojects/gst-plugins-bad/ext/spandsp/libgstspandsp.so.p/gsttonegeneratesrc.c.o
#5 786.8 [2595/2937] Generating subprojects/gst-plugins-bad/ext/srt/gstsrt-enumtypes.c with a custom command (wrapped by meson because command contains newlines, to capture output)
#5 786.9 [2596/2937] Generating subprojects/gst-plugins-bad/ext/srt/gstsrt-enumtypes.h with a custom command (wrapped by meson because command contains newlines, to capture output)
#5 787.6 [2597/2937] Compiling C object subprojects/gst-plugins-bad/ext/srt/libgstsrt.so.p/meson-generated_.._gstsrt-enumtypes.c.o
#5 787.9 [2598/2937] Generating subprojects/gst-plugins-bad/ext/srtp/gstsrtp-enumtypes.c with a custom command (wrapped by meson because command contains newlines, to capture output)
#5 788.3 [2599/2937] Linking target subprojects/gst-plugins-bad/ext/soundtouch/libgstsoundtouch.so
#5 788.6 [2600/2937] Linking target subprojects/gst-plugins-bad/ext/spandsp/libgstspandsp.so
#5 788.9 [2601/2937] Compiling C object subprojects/gst-plugins-bad/ext/srt/libgstsrt.so.p/gstsrtplugin.c.o
#5 788.9 [2602/2937] Compiling C object subprojects/gst-plugins-bad/ext/srt/libgstsrt.so.p/gstsrtelement.c.o
#5 789.1 [2603/2937] Compiling C object subprojects/gst-plugins-bad/ext/srt/libgstsrt.so.p/gstsrt.c.o
#5 790.3 [2604/2937] Compiling C object subprojects/gst-plugins-bad/ext/srt/libgstsrt.so.p/gstsrtsink.c.o
#5 790.3 [2605/2937] Compiling C object subprojects/gst-plugins-bad/ext/srt/libgstsrt.so.p/gstsrtobject.c.o
#5 790.3 [2606/2937] Generating subprojects/gst-plugins-bad/ext/srtp/gstsrtp-enumtypes.h with a custom command (wrapped by meson because command contains newlines, to capture output)
#5 790.6 [2607/2937] Compiling C object subprojects/gst-plugins-bad/ext/srt/libgstsrt.so.p/gstsrtsrc.c.o
#5 790.7 [2608/2937] Compiling C object subprojects/gst-plugins-bad/ext/srtp/libgstsrtp.so.p/meson-generated_.._gstsrtp-enumtypes.c.o
#5 791.4 [2609/2937] Compiling C object subprojects/gst-plugins-bad/ext/teletextdec/libgstteletext.so.p/gstteletextdec.c.o
#5 791.7 [2610/2937] Compiling C object subprojects/gst-plugins-bad/ext/ttml/libgstttmlsubs.so.p/subtitle.c.o
#5 791.7 [2611/2937] Compiling C object subprojects/gst-plugins-bad/ext/srtp/libgstsrtp.so.p/gstsrtp.c.o
#5 792.6 [2612/2937] Compiling C object subprojects/gst-plugins-bad/ext/srtp/libgstsrtp.so.p/gstsrtpelement.c.o
#5 792.7 [2613/2937] Compiling C object subprojects/gst-plugins-bad/ext/srtp/libgstsrtp.so.p/gstsrtpplugin.c.o
#5 793.0 [2614/2937] Compiling C object subprojects/gst-plugins-bad/ext/srtp/libgstsrtp.so.p/gstsrtpdec.c.o
#5 794.3 [2615/2937] Compiling C object subprojects/gst-plugins-bad/ext/srtp/libgstsrtp.so.p/gstsrtpenc.c.o
#5 794.3 [2616/2937] Compiling C object subprojects/gst-plugins-bad/ext/ttml/libgstttmlsubs.so.p/subtitlemeta.c.o
#5 795.4 [2617/2937] Linking target subprojects/gst-plugins-bad/ext/teletextdec/libgstteletext.so
#5 795.5 [2618/2937] Linking target subprojects/gst-plugins-bad/ext/srt/libgstsrt.so
#5 795.9 [2619/2937] Compiling C object subprojects/gst-plugins-bad/ext/ttml/libgstttmlsubs.so.p/gstttmlparse.c.o
#5 797.0 [2620/2937] Compiling C object subprojects/gst-plugins-bad/ext/ttml/libgstttmlsubs.so.p/gstttmlelement.c.o
#5 797.2 [2621/2937] Compiling C object subprojects/gst-plugins-bad/ext/ttml/libgstttmlsubs.so.p/ttmlparse.c.o
#5 797.8 [2622/2937] Compiling C object subprojects/gst-plugins-bad/ext/ttml/libgstttmlsubs.so.p/gstttmlplugin.c.o
#5 797.8 [2623/2937] Compiling C object subprojects/gst-plugins-bad/ext/ttml/libgstttmlsubs.so.p/gstttmlrender.c.o
#5 798.3 [2624/2937] Compiling C object subprojects/gst-plugins-bad/ext/voaacenc/libgstvoaacenc.so.p/gstvoaac.c.o
#5 799.1 [2625/2937] Compiling C object subprojects/gst-plugins-bad/ext/voaacenc/libgstvoaacenc.so.p/gstvoaacenc.c.o
#5 799.1 [2626/2937] Compiling C object subprojects/gst-plugins-bad/ext/voamrwbenc/libgstvoamrwbenc.so.p/gstvoamrwb.c.o
#5 800.3 [2627/2937] Compiling C object subprojects/gst-plugins-bad/ext/voamrwbenc/libgstvoamrwbenc.so.p/gstvoamrwbenc.c.o
#5 801.0 [2628/2937] Linking target subprojects/gst-plugins-bad/ext/voaacenc/libgstvoaacenc.so
#5 801.7 [2629/2937] Linking target subprojects/gst-plugins-bad/ext/srtp/libgstsrtp.so
#5 801.9 [2630/2937] Linking target subprojects/gst-plugins-bad/ext/voamrwbenc/libgstvoamrwbenc.so
#5 802.2 [2631/2937] Compiling C object subprojects/gst-plugins-bad/ext/wayland/libgstwaylandsink.so.p/gstwaylandsink.c.o
#5 803.1 [2632/2937] Compiling C object subprojects/gst-plugins-bad/ext/webrtc/libgstwebrtc.so.p/gstwebrtc.c.o
#5 803.4 [2633/2937] Compiling C object subprojects/gst-plugins-bad/ext/webrtc/libgstwebrtc.so.p/gstwebrtcstats.c.o
#5 804.3 [2634/2937] Compiling C object subprojects/gst-plugins-bad/ext/webrtc/libgstwebrtc.so.p/webrtcsctptransport.c.o
#5 804.6 [2635/2937] Linking target subprojects/gst-plugins-bad/ext/wayland/libgstwaylandsink.so
#5 805.9 [2636/2937] Compiling C object subprojects/gst-plugins-bad/ext/webrtc/libgstwebrtc.so.p/transportreceivebin.c.o
#5 806.0 [2637/2937] Compiling C object subprojects/gst-plugins-bad/ext/webrtc/libgstwebrtc.so.p/transportsendbin.c.o
#5 807.3 [2638/2937] Compiling C object subprojects/gst-plugins-bad/ext/webrtc/libgstwebrtc.so.p/transportstream.c.o
#5 807.5 [2639/2937] Compiling C object subprojects/gst-plugins-bad/ext/webrtc/libgstwebrtc.so.p/utils.c.o
#5 808.2 [2640/2937] Compiling C object subprojects/gst-plugins-bad/ext/webrtc/libgstwebrtc.so.p/gstwebrtcbin.c.o
#5 808.5 [2641/2937] Compiling C object subprojects/gst-plugins-bad/ext/webrtc/libgstwebrtc.so.p/webrtcsdp.c.o
#5 809.5 [2642/2937] Compiling C object subprojects/gst-plugins-bad/ext/webrtc/libgstwebrtc.so.p/webrtctransceiver.c.o
#5 811.1 [2643/2937] Compiling C object subprojects/gst-plugins-bad/ext/webrtc/libgstwebrtc.so.p/webrtcdatachannel.c.o
#5 812.1 [2644/2937] Compiling C++ object subprojects/gst-plugins-bad/ext/webrtcdsp/libgstwebrtcdsp.so.p/gstwebrtcechoprobe.cpp.o
#5 813.7 [2645/2937] Linking target subprojects/gst-plugins-bad/ext/ttml/libgstttmlsubs.so
#5 813.8 [2646/2937] Compiling C++ object subprojects/gst-plugins-bad/ext/webrtcdsp/libgstwebrtcdsp.so.p/gstwebrtcdspplugin.cpp.o
#5 814.9 [2647/2937] Compiling C++ object subprojects/gst-plugins-bad/ext/webrtcdsp/libgstwebrtcdsp.so.p/gstwebrtcdsp.cpp.o
#5 815.6 [2648/2937] Compiling C object subprojects/gst-plugins-bad/ext/webp/libgstwebp.so.p/gstwebp.c.o
#5 815.7 [2649/2937] Compiling C object subprojects/gst-plugins-bad/ext/webp/libgstwebp.so.p/gstwebpdec.c.o
#5 816.5 [2650/2937] Compiling C object subprojects/gst-plugins-bad/ext/webp/libgstwebp.so.p/gstwebpenc.c.o
#5 817.3 [2651/2937] Compiling C object subprojects/gst-plugins-bad/ext/wildmidi/libgstwildmidi.so.p/gstwildmididec.c.o
#5 818.4 [2652/2937] Linking target subprojects/gst-plugins-bad/ext/webp/libgstwebp.so
#5 819.0 [2653/2937] Linking target subprojects/gst-plugins-bad/ext/wildmidi/libgstwildmidi.so
#5 819.2 [2654/2937] Linking target subprojects/gst-plugins-bad/ext/webrtcdsp/libgstwebrtcdsp.so
#5 820.5 [2655/2937] Compiling C object subprojects/gst-plugins-bad/ext/zbar/libgstzbar.so.p/gstzbar.c.o
#5 820.5 [2656/2937] Compiling C object subprojects/gst-plugins-bad/ext/x265/libgstx265.so.p/gstx265enc.c.o
#5 820.6 [2657/2937] Compiling C object subprojects/gst-plugins-bad/tools/gst-transcoder-1.0.p/gst-transcoder.c.o
#5 821.7 [2658/2937] Linking target subprojects/gst-plugins-bad/ext/zbar/libgstzbar.so
#5 821.7 [2659/2937] Generating subprojects/gst-plugins-bad/po/af/LC_MESSAGES/gst-plugins-bad-1.0-af.mo with a custom command
#5 821.8 [2660/2937] Generating subprojects/gst-plugins-bad/po/ast/LC_MESSAGES/gst-plugins-bad-1.0-ast.mo with a custom command
#5 821.8 [2661/2937] Compiling C object subprojects/gst-plugins-bad/tools/gst-transcoder-1.0.p/utils.c.o
#5 821.8 [2662/2937] Generating subprojects/gst-plugins-bad/po/az/LC_MESSAGES/gst-plugins-bad-1.0-az.mo with a custom command
#5 821.9 [2663/2937] Generating subprojects/gst-plugins-bad/po/bg/LC_MESSAGES/gst-plugins-bad-1.0-bg.mo with a custom command
#5 821.9 [2664/2937] Generating subprojects/gst-plugins-bad/po/ca/LC_MESSAGES/gst-plugins-bad-1.0-ca.mo with a custom command
#5 822.0 [2665/2937] Generating subprojects/gst-plugins-bad/po/cs/LC_MESSAGES/gst-plugins-bad-1.0-cs.mo with a custom command
#5 822.0 [2666/2937] Generating subprojects/gst-plugins-bad/po/da/LC_MESSAGES/gst-plugins-bad-1.0-da.mo with a custom command
#5 822.1 [2667/2937] Generating subprojects/gst-plugins-bad/po/de/LC_MESSAGES/gst-plugins-bad-1.0-de.mo with a custom command
#5 822.1 [2668/2937] Generating subprojects/gst-plugins-bad/po/el/LC_MESSAGES/gst-plugins-bad-1.0-el.mo with a custom command
#5 822.2 [2669/2937] Generating subprojects/gst-plugins-bad/po/en_GB/LC_MESSAGES/gst-plugins-bad-1.0-en_GB.mo with a custom command
#5 822.2 [2670/2937] Generating subprojects/gst-plugins-bad/po/eo/LC_MESSAGES/gst-plugins-bad-1.0-eo.mo with a custom command
#5 822.3 [2671/2937] Generating subprojects/gst-plugins-bad/po/es/LC_MESSAGES/gst-plugins-bad-1.0-es.mo with a custom command
#5 822.3 [2672/2937] Generating subprojects/gst-plugins-bad/po/eu/LC_MESSAGES/gst-plugins-bad-1.0-eu.mo with a custom command
#5 822.4 [2673/2937] Generating subprojects/gst-plugins-bad/po/fi/LC_MESSAGES/gst-plugins-bad-1.0-fi.mo with a custom command
#5 822.4 [2674/2937] Generating subprojects/gst-plugins-bad/po/fr/LC_MESSAGES/gst-plugins-bad-1.0-fr.mo with a custom command
#5 822.5 [2675/2937] Generating subprojects/gst-plugins-bad/po/fur/LC_MESSAGES/gst-plugins-bad-1.0-fur.mo with a custom command
#5 822.5 [2676/2937] Generating subprojects/gst-plugins-bad/po/gl/LC_MESSAGES/gst-plugins-bad-1.0-gl.mo with a custom command
#5 822.6 [2677/2937] Generating subprojects/gst-plugins-bad/po/hr/LC_MESSAGES/gst-plugins-bad-1.0-hr.mo with a custom command
#5 822.6 [2678/2937] Generating subprojects/gst-plugins-bad/po/hu/LC_MESSAGES/gst-plugins-bad-1.0-hu.mo with a custom command
#5 822.7 [2679/2937] Generating subprojects/gst-plugins-bad/po/id/LC_MESSAGES/gst-plugins-bad-1.0-id.mo with a custom command
#5 822.7 [2680/2937] Generating subprojects/gst-plugins-bad/po/it/LC_MESSAGES/gst-plugins-bad-1.0-it.mo with a custom command
#5 822.7 [2681/2937] Generating subprojects/gst-plugins-bad/po/ja/LC_MESSAGES/gst-plugins-bad-1.0-ja.mo with a custom command
#5 822.8 [2682/2937] Generating subprojects/gst-plugins-bad/po/ka/LC_MESSAGES/gst-plugins-bad-1.0-ka.mo with a custom command
#5 822.8 [2683/2937] Generating subprojects/gst-plugins-bad/po/ky/LC_MESSAGES/gst-plugins-bad-1.0-ky.mo with a custom command
#5 822.9 [2684/2937] Generating subprojects/gst-plugins-bad/po/lt/LC_MESSAGES/gst-plugins-bad-1.0-lt.mo with a custom command
#5 822.9 [2685/2937] Generating subprojects/gst-plugins-bad/po/lv/LC_MESSAGES/gst-plugins-bad-1.0-lv.mo with a custom command
#5 822.9 [2686/2937] Generating subprojects/gst-plugins-bad/po/mt/LC_MESSAGES/gst-plugins-bad-1.0-mt.mo with a custom command
#5 823.0 [2687/2937] Generating subprojects/gst-plugins-bad/po/nb/LC_MESSAGES/gst-plugins-bad-1.0-nb.mo with a custom command
#5 823.1 [2688/2937] Generating subprojects/gst-plugins-bad/po/nl/LC_MESSAGES/gst-plugins-bad-1.0-nl.mo with a custom command
#5 823.1 [2689/2937] Generating subprojects/gst-plugins-bad/po/or/LC_MESSAGES/gst-plugins-bad-1.0-or.mo with a custom command
#5 823.2 [2690/2937] Generating subprojects/gst-plugins-bad/po/pl/LC_MESSAGES/gst-plugins-bad-1.0-pl.mo with a custom command
#5 823.2 [2691/2937] Generating subprojects/gst-plugins-bad/po/pt_BR/LC_MESSAGES/gst-plugins-bad-1.0-pt_BR.mo with a custom command
#5 823.2 [2692/2937] Generating subprojects/gst-plugins-bad/po/ro/LC_MESSAGES/gst-plugins-bad-1.0-ro.mo with a custom command
#5 823.3 [2693/2937] Generating subprojects/gst-plugins-bad/po/ru/LC_MESSAGES/gst-plugins-bad-1.0-ru.mo with a custom command
#5 823.3 [2694/2937] Generating subprojects/gst-plugins-bad/po/sk/LC_MESSAGES/gst-plugins-bad-1.0-sk.mo with a custom command
#5 823.4 [2695/2937] Generating subprojects/gst-plugins-bad/po/sl/LC_MESSAGES/gst-plugins-bad-1.0-sl.mo with a custom command
#5 823.4 [2696/2937] Generating subprojects/gst-plugins-bad/po/sq/LC_MESSAGES/gst-plugins-bad-1.0-sq.mo with a custom command
#5 823.5 [2697/2937] Generating subprojects/gst-plugins-bad/po/sr/LC_MESSAGES/gst-plugins-bad-1.0-sr.mo with a custom command
#5 823.5 [2698/2937] Generating subprojects/gst-plugins-bad/po/sv/LC_MESSAGES/gst-plugins-bad-1.0-sv.mo with a custom command
#5 823.5 [2699/2937] Generating subprojects/gst-plugins-bad/po/tr/LC_MESSAGES/gst-plugins-bad-1.0-tr.mo with a custom command
#5 823.6 [2700/2937] Generating subprojects/gst-plugins-bad/po/uk/LC_MESSAGES/gst-plugins-bad-1.0-uk.mo with a custom command
#5 823.6 [2701/2937] Generating subprojects/gst-plugins-bad/po/vi/LC_MESSAGES/gst-plugins-bad-1.0-vi.mo with a custom command
#5 823.7 [2702/2937] Generating subprojects/gst-plugins-bad/po/zh_CN/LC_MESSAGES/gst-plugins-bad-1.0-zh_CN.mo with a custom command
#5 823.7 [2703/2937] Generating subprojects/gst-plugins-bad/po/zh_TW/LC_MESSAGES/gst-plugins-bad-1.0-zh_TW.mo with a custom command
#5 824.1 [2704/2937] Linking target subprojects/gst-plugins-bad/ext/x265/libgstx265.so
#5 824.1 [2705/2937] Linking target subprojects/gst-plugins-bad/tools/gst-transcoder-1.0
#5 825.3 [2706/2937] Compiling C object subprojects/gst-plugins-ugly/gst/asfdemux/libgstasf.so.p/gstasf.c.o
#5 825.3 [2707/2937] Compiling C object subprojects/gst-plugins-ugly/gst/asfdemux/libgstasf.so.p/gstasfelement.c.o
#5 826.1 [2708/2937] Compiling C object subprojects/gst-plugins-ugly/gst/asfdemux/libgstasf.so.p/asfheaders.c.o
#5 826.7 [2709/2937] Compiling C object subprojects/gst-plugins-ugly/gst/asfdemux/libgstasf.so.p/asfpacket.c.o
#5 827.4 [2710/2937] Compiling C object subprojects/gst-plugins-ugly/gst/asfdemux/libgstasf.so.p/gstasfdemux.c.o
#5 827.8 [2711/2937] Compiling C object subprojects/gst-plugins-ugly/gst/asfdemux/libgstasf.so.p/gstrtpasfdepay.c.o
#5 828.1 [2712/2937] Compiling C object subprojects/gst-plugins-ugly/gst/asfdemux/libgstasf.so.p/gstrtspwms.c.o
#5 828.7 [2713/2937] Compiling C object subprojects/gst-plugins-ugly/gst/dvdlpcmdec/libgstdvdlpcmdec.so.p/gstdvdlpcmdec.c.o
#5 828.9 [2714/2937] Compiling C object subprojects/gst-plugins-ugly/gst/dvdsub/libgstdvdsub.so.p/gstdvdsubdec.c.o
#5 830.0 [2715/2937] Compiling C object subprojects/gst-plugins-ugly/gst/dvdsub/libgstdvdsub.so.p/gstdvdsubparse.c.o
#5 830.7 [2716/2937] Linking target subprojects/gst-plugins-ugly/gst/dvdlpcmdec/libgstdvdlpcmdec.so
#5 832.2 [2717/2937] Compiling C object subprojects/gst-plugins-ugly/gst/realmedia/libgstrealmedia.so.p/rademux.c.o
#5 834.8 [2718/2937] Compiling C object subprojects/gst-plugins-ugly/gst/realmedia/libgstrealmedia.so.p/rmdemux.c.o
#5 835.5 [2719/2937] Linking target subprojects/gst-plugins-ugly/gst/dvdsub/libgstdvdsub.so
#5 835.9 [2720/2937] Compiling C object subprojects/gst-plugins-ugly/gst/realmedia/libgstrealmedia.so.p/rmutils.c.o
#5 836.9 [2721/2937] Compiling C object subprojects/gst-plugins-ugly/gst/realmedia/libgstrealmedia.so.p/rdtdepay.c.o
#5 837.6 [2722/2937] Compiling C object subprojects/gst-plugins-ugly/gst/realmedia/libgstrealmedia.so.p/rdtmanager.c.o
#5 838.4 [2723/2937] Compiling C object subprojects/gst-plugins-ugly/gst/realmedia/libgstrealmedia.so.p/rtspreal.c.o
#5 838.7 [2724/2937] Compiling C object subprojects/gst-plugins-ugly/gst/realmedia/libgstrealmedia.so.p/realhash.c.o
#5 839.2 [2725/2937] Compiling C object subprojects/gst-plugins-ugly/gst/realmedia/libgstrealmedia.so.p/asmrules.c.o
#5 840.1 [2726/2937] Compiling C object subprojects/gst-plugins-ugly/gst/realmedia/libgstrealmedia.so.p/rdtjitterbuffer.c.o
#5 840.3 [2727/2937] Compiling C object subprojects/gst-plugins-ugly/gst/realmedia/libgstrealmedia.so.p/gstrdtbuffer.c.o
#5 841.2 [2728/2937] Compiling C object subprojects/gst-plugins-ugly/gst/realmedia/libgstrealmedia.so.p/realmedia.c.o
#5 841.3 [2729/2937] Compiling C object subprojects/gst-plugins-ugly/gst/realmedia/libgstrealmedia.so.p/pnmsrc.c.o
#5 843.0 [2730/2937] Linking target subprojects/gst-plugins-bad/ext/webrtc/libgstwebrtc.so
#5 843.1 [2731/2937] Linking target subprojects/gst-plugins-ugly/gst/asfdemux/libgstasf.so
#5 843.2 [2732/2937] Compiling C object subprojects/gst-plugins-ugly/ext/a52dec/libgsta52dec.so.p/gsta52dec.c.o
#5 844.2 [2733/2937] Compiling C object subprojects/gst-plugins-ugly/ext/amrnb/libgstamrnb.so.p/amrnb.c.o
#5 844.4 [2734/2937] Compiling C object subprojects/gst-plugins-ugly/ext/amrnb/libgstamrnb.so.p/amrnbdec.c.o
#5 845.5 [2735/2937] Compiling C object subprojects/gst-plugins-ugly/ext/amrnb/libgstamrnb.so.p/amrnbenc.c.o
#5 846.0 [2736/2937] Compiling C object subprojects/gst-plugins-ugly/ext/amrwbdec/libgstamrwbdec.so.p/amrwb.c.o
#5 846.1 [2737/2937] Linking target subprojects/gst-plugins-ugly/ext/a52dec/libgsta52dec.so
#5 847.1 [2738/2937] Compiling C object subprojects/gst-plugins-ugly/ext/amrwbdec/libgstamrwbdec.so.p/amrwbdec.c.o
#5 847.1 [2739/2937] Linking target subprojects/gst-plugins-ugly/ext/amrnb/libgstamrnb.so
#5 847.8 [2740/2937] Compiling C object subprojects/gst-plugins-ugly/ext/dvdread/libgstdvdread.so.p/dvdreadsrc.c.o
#5 848.1 [2741/2937] Linking target subprojects/gst-plugins-ugly/ext/amrwbdec/libgstamrwbdec.so
#5 848.5 [2742/2937] Compiling C object subprojects/gst-plugins-ugly/ext/mpeg2dec/libgstmpeg2dec.so.p/gstmpeg2dec.c.o
#5 851.4 [2743/2937] Compiling C object subprojects/gst-plugins-ugly/ext/x264/libgstx264.so.p/gstx264enc.c.o
#5 851.4 [2744/2937] Linking target subprojects/gst-plugins-ugly/ext/dvdread/libgstdvdread.so
#5 851.5 [2745/2937] Generating subprojects/gst-plugins-ugly/po/af/LC_MESSAGES/gst-plugins-ugly-1.0-af.mo with a custom command
#5 851.5 [2746/2937] Generating subprojects/gst-plugins-ugly/po/ast/LC_MESSAGES/gst-plugins-ugly-1.0-ast.mo with a custom command
#5 851.6 [2747/2937] Generating subprojects/gst-plugins-ugly/po/az/LC_MESSAGES/gst-plugins-ugly-1.0-az.mo with a custom command
#5 851.6 [2748/2937] Generating subprojects/gst-plugins-ugly/po/bg/LC_MESSAGES/gst-plugins-ugly-1.0-bg.mo with a custom command
#5 851.7 [2749/2937] Generating subprojects/gst-plugins-ugly/po/ca/LC_MESSAGES/gst-plugins-ugly-1.0-ca.mo with a custom command
#5 851.7 [2750/2937] Generating subprojects/gst-plugins-ugly/po/cs/LC_MESSAGES/gst-plugins-ugly-1.0-cs.mo with a custom command
#5 851.7 [2751/2937] Generating subprojects/gst-plugins-ugly/po/da/LC_MESSAGES/gst-plugins-ugly-1.0-da.mo with a custom command
#5 851.8 [2752/2937] Linking target subprojects/gst-plugins-ugly/ext/mpeg2dec/libgstmpeg2dec.so
#5 851.8 [2753/2937] Generating subprojects/gst-plugins-ugly/po/de/LC_MESSAGES/gst-plugins-ugly-1.0-de.mo with a custom command
#5 851.8 [2754/2937] Generating subprojects/gst-plugins-ugly/po/el/LC_MESSAGES/gst-plugins-ugly-1.0-el.mo with a custom command
#5 851.9 [2755/2937] Generating subprojects/gst-plugins-ugly/po/en_GB/LC_MESSAGES/gst-plugins-ugly-1.0-en_GB.mo with a custom command
#5 851.9 [2756/2937] Generating subprojects/gst-plugins-ugly/po/eo/LC_MESSAGES/gst-plugins-ugly-1.0-eo.mo with a custom command
#5 851.9 [2757/2937] Generating subprojects/gst-plugins-ugly/po/es/LC_MESSAGES/gst-plugins-ugly-1.0-es.mo with a custom command
#5 851.9 [2758/2937] Generating subprojects/gst-plugins-ugly/po/eu/LC_MESSAGES/gst-plugins-ugly-1.0-eu.mo with a custom command
#5 851.9 [2759/2937] Generating subprojects/gst-plugins-ugly/po/fi/LC_MESSAGES/gst-plugins-ugly-1.0-fi.mo with a custom command
#5 852.0 [2760/2937] Generating subprojects/gst-plugins-ugly/po/fr/LC_MESSAGES/gst-plugins-ugly-1.0-fr.mo with a custom command
#5 852.0 [2761/2937] Generating subprojects/gst-plugins-ugly/po/gl/LC_MESSAGES/gst-plugins-ugly-1.0-gl.mo with a custom command
#5 852.0 [2762/2937] Generating subprojects/gst-plugins-ugly/po/fur/LC_MESSAGES/gst-plugins-ugly-1.0-fur.mo with a custom command
#5 852.0 [2763/2937] Generating subprojects/gst-plugins-ugly/po/hr/LC_MESSAGES/gst-plugins-ugly-1.0-hr.mo with a custom command
#5 852.0 [2764/2937] Generating subprojects/gst-plugins-ugly/po/hu/LC_MESSAGES/gst-plugins-ugly-1.0-hu.mo with a custom command
#5 852.1 [2765/2937] Generating subprojects/gst-plugins-ugly/po/id/LC_MESSAGES/gst-plugins-ugly-1.0-id.mo with a custom command
#5 852.1 [2766/2937] Generating subprojects/gst-plugins-ugly/po/it/LC_MESSAGES/gst-plugins-ugly-1.0-it.mo with a custom command
#5 852.1 [2767/2937] Generating subprojects/gst-plugins-ugly/po/ja/LC_MESSAGES/gst-plugins-ugly-1.0-ja.mo with a custom command
#5 852.1 [2768/2937] Generating subprojects/gst-plugins-ugly/po/ka/LC_MESSAGES/gst-plugins-ugly-1.0-ka.mo with a custom command
#5 852.1 [2769/2937] Generating subprojects/gst-plugins-ugly/po/lt/LC_MESSAGES/gst-plugins-ugly-1.0-lt.mo with a custom command
#5 852.2 [2770/2937] Generating subprojects/gst-plugins-ugly/po/lv/LC_MESSAGES/gst-plugins-ugly-1.0-lv.mo with a custom command
#5 852.2 [2771/2937] Compiling C object subprojects/gst-plugins-ugly/ext/x264/libgstx264.so.p/gstencoderbitrateprofilemanager.c.o
#5 852.2 [2772/2937] Generating subprojects/gst-plugins-ugly/po/ms/LC_MESSAGES/gst-plugins-ugly-1.0-ms.mo with a custom command
#5 852.2 [2773/2937] Generating subprojects/gst-plugins-ugly/po/mt/LC_MESSAGES/gst-plugins-ugly-1.0-mt.mo with a custom command
#5 852.2 [2774/2937] Generating subprojects/gst-plugins-ugly/po/nb/LC_MESSAGES/gst-plugins-ugly-1.0-nb.mo with a custom command
#5 852.2 [2775/2937] Generating subprojects/gst-plugins-ugly/po/nl/LC_MESSAGES/gst-plugins-ugly-1.0-nl.mo with a custom command
#5 852.3 [2776/2937] Generating subprojects/gst-plugins-ugly/po/or/LC_MESSAGES/gst-plugins-ugly-1.0-or.mo with a custom command
#5 852.3 [2777/2937] Generating subprojects/gst-plugins-ugly/po/pl/LC_MESSAGES/gst-plugins-ugly-1.0-pl.mo with a custom command
#5 852.3 [2778/2937] Generating subprojects/gst-plugins-ugly/po/pt_BR/LC_MESSAGES/gst-plugins-ugly-1.0-pt_BR.mo with a custom command
#5 852.3 [2779/2937] Generating subprojects/gst-plugins-ugly/po/ro/LC_MESSAGES/gst-plugins-ugly-1.0-ro.mo with a custom command
#5 852.3 [2780/2937] Generating subprojects/gst-plugins-ugly/po/ru/LC_MESSAGES/gst-plugins-ugly-1.0-ru.mo with a custom command
#5 852.4 [2781/2937] Generating subprojects/gst-plugins-ugly/po/sk/LC_MESSAGES/gst-plugins-ugly-1.0-sk.mo with a custom command
#5 852.4 [2782/2937] Generating subprojects/gst-plugins-ugly/po/sl/LC_MESSAGES/gst-plugins-ugly-1.0-sl.mo with a custom command
#5 852.4 [2783/2937] Generating subprojects/gst-plugins-ugly/po/sq/LC_MESSAGES/gst-plugins-ugly-1.0-sq.mo with a custom command
#5 852.4 [2784/2937] Generating subprojects/gst-plugins-ugly/po/sr/LC_MESSAGES/gst-plugins-ugly-1.0-sr.mo with a custom command
#5 852.4 [2785/2937] Generating subprojects/gst-plugins-ugly/po/sv/LC_MESSAGES/gst-plugins-ugly-1.0-sv.mo with a custom command
#5 852.5 [2786/2937] Generating subprojects/gst-plugins-ugly/po/ta/LC_MESSAGES/gst-plugins-ugly-1.0-ta.mo with a custom command
#5 852.5 [2787/2937] Generating subprojects/gst-plugins-ugly/po/uk/LC_MESSAGES/gst-plugins-ugly-1.0-uk.mo with a custom command
#5 852.5 [2788/2937] Generating subprojects/gst-plugins-ugly/po/tr/LC_MESSAGES/gst-plugins-ugly-1.0-tr.mo with a custom command
#5 852.5 [2789/2937] Generating subprojects/gst-plugins-ugly/po/vi/LC_MESSAGES/gst-plugins-ugly-1.0-vi.mo with a custom command
#5 852.6 [2790/2937] Generating subprojects/gst-plugins-ugly/po/zh_CN/LC_MESSAGES/gst-plugins-ugly-1.0-zh_CN.mo with a custom command
#5 852.6 [2791/2937] Generating subprojects/gst-plugins-ugly/po/zh_TW/LC_MESSAGES/gst-plugins-ugly-1.0-zh_TW.mo with a custom command
#5 854.3 [2792/2937] Compiling C object subprojects/gst-libav/ext/libav/libgstlibav.so.p/gstav.c.o
#5 854.5 [2793/2937] Compiling C object subprojects/gst-libav/ext/libav/libgstlibav.so.p/gstavprotocol.c.o
#5 856.2 [2794/2937] Compiling C object subprojects/gst-libav/ext/libav/libgstlibav.so.p/gstavutils.c.o
#5 857.0 [2795/2937] Compiling C object subprojects/gst-libav/ext/libav/libgstlibav.so.p/gstavcodecmap.c.o
#5 858.0 [2796/2937] Compiling C object subprojects/gst-libav/ext/libav/libgstlibav.so.p/gstavaudenc.c.o
#5 859.0 [2797/2937] Compiling C object subprojects/gst-libav/ext/libav/libgstlibav.so.p/gstavvidenc.c.o
#5 859.4 [2798/2937] Compiling C object subprojects/gst-libav/ext/libav/libgstlibav.so.p/gstavauddec.c.o
#5 859.5 [2799/2937] Linking target subprojects/gst-plugins-ugly/gst/realmedia/libgstrealmedia.so
#5 859.6 [2800/2937] Linking target subprojects/gst-plugins-ugly/ext/x264/libgstx264.so
#5 860.6 [2801/2937] Compiling C object subprojects/gst-libav/ext/libav/libgstlibav.so.p/gstavmux.c.o
#5 861.2 [2802/2937] Compiling C object subprojects/gst-libav/ext/libav/libgstlibav.so.p/gstavdemux.c.o
#5 861.4 [2803/2937] Compiling C object subprojects/gst-libav/ext/libav/libgstlibav.so.p/gstavviddec.c.o
#5 861.5 [2804/2937] Compiling C object subprojects/gst-libav/ext/libav/libgstlibav.so.p/gstavcfg.c.o
#5 862.0 [2805/2937] Compiling C object subprojects/gst-libav/ext/libav/libgstlibav.so.p/gstavdeinterlace.c.o
#5 863.0 [2806/2937] Compiling C object subprojects/gst-rtsp-server/gst/rtsp-server/libgstrtspserver-1.0.so.0.2200.0.p/rtsp-address-pool.c.o
#5 863.7 [2807/2937] Linking target subprojects/gst-plugins-bad/ext/sctp/libgstsctp.so
#5 863.8 [2808/2937] Compiling C object subprojects/gst-rtsp-server/gst/rtsp-server/libgstrtspserver-1.0.so.0.2200.0.p/rtsp-auth.c.o
#5 864.8 [2809/2937] Compiling C object subprojects/gst-rtsp-server/gst/rtsp-server/libgstrtspserver-1.0.so.0.2200.0.p/rtsp-latency-bin.c.o
#5 864.9 [2810/2937] Compiling C object subprojects/gst-rtsp-server/gst/rtsp-server/libgstrtspserver-1.0.so.0.2200.0.p/rtsp-client.c.o
#5 865.3 [2811/2937] Compiling C object subprojects/gst-rtsp-server/gst/rtsp-server/libgstrtspserver-1.0.so.0.2200.0.p/rtsp-context.c.o
#5 865.6 [2812/2937] Linking target subprojects/openh264-2.3.1/codec/console/enc/h264enc
#5 866.7 [2813/2937] Compiling C object subprojects/gst-rtsp-server/gst/rtsp-server/libgstrtspserver-1.0.so.0.2200.0.p/rtsp-media-factory-uri.c.o
#5 866.8 [2814/2937] Compiling C object subprojects/gst-rtsp-server/gst/rtsp-server/libgstrtspserver-1.0.so.0.2200.0.p/rtsp-media.c.o
#5 867.2 [2815/2937] Compiling C object subprojects/gst-rtsp-server/gst/rtsp-server/libgstrtspserver-1.0.so.0.2200.0.p/rtsp-mount-points.c.o
#5 867.3 [2816/2937] Compiling C object subprojects/gst-rtsp-server/gst/rtsp-server/libgstrtspserver-1.0.so.0.2200.0.p/rtsp-media-factory.c.o
#5 867.4 [2817/2937] Compiling C object subprojects/gst-rtsp-server/gst/rtsp-server/libgstrtspserver-1.0.so.0.2200.0.p/rtsp-params.c.o
#5 867.6 [2818/2937] Compiling C object subprojects/gst-rtsp-server/gst/rtsp-server/libgstrtspserver-1.0.so.0.2200.0.p/rtsp-permissions.c.o
#5 868.6 [2819/2937] Compiling C object subprojects/gst-rtsp-server/gst/rtsp-server/libgstrtspserver-1.0.so.0.2200.0.p/rtsp-server.c.o
#5 868.6 [2820/2937] Compiling C object subprojects/gst-rtsp-server/gst/rtsp-server/libgstrtspserver-1.0.so.0.2200.0.p/rtsp-session-media.c.o
#5 869.2 [2821/2937] Compiling C object subprojects/gst-rtsp-server/gst/rtsp-server/libgstrtspserver-1.0.so.0.2200.0.p/rtsp-sdp.c.o
#5 869.5 [2822/2937] Compiling C object subprojects/gst-rtsp-server/gst/rtsp-server/libgstrtspserver-1.0.so.0.2200.0.p/rtsp-session-pool.c.o
#5 869.6 [2823/2937] Compiling C object subprojects/gst-rtsp-server/gst/rtsp-server/libgstrtspserver-1.0.so.0.2200.0.p/rtsp-session.c.o
#5 871.0 [2824/2937] Compiling C object subprojects/gst-rtsp-server/gst/rtsp-server/libgstrtspserver-1.0.so.0.2200.0.p/rtsp-thread-pool.c.o
#5 871.4 [2825/2937] Compiling C object subprojects/gst-rtsp-server/gst/rtsp-server/libgstrtspserver-1.0.so.0.2200.0.p/rtsp-stream-transport.c.o
#5 871.5 [2826/2937] Compiling C object subprojects/gst-rtsp-server/gst/rtsp-server/libgstrtspserver-1.0.so.0.2200.0.p/rtsp-onvif-server.c.o
#5 871.6 [2827/2937] Compiling C object subprojects/gst-rtsp-server/gst/rtsp-server/libgstrtspserver-1.0.so.0.2200.0.p/rtsp-stream.c.o
#5 872.0 [2828/2937] Compiling C object subprojects/gst-rtsp-server/gst/rtsp-server/libgstrtspserver-1.0.so.0.2200.0.p/rtsp-token.c.o
#5 872.7 [2829/2937] Compiling C object subprojects/gst-rtsp-server/gst/rtsp-server/libgstrtspserver-1.0.so.0.2200.0.p/rtsp-onvif-media-factory.c.o
#5 872.8 [2830/2937] Generating subprojects/gstreamer-vaapi/gst-libs/gst/vaapi/vaapi-xdg-shell-client-header with a custom command
#5 872.9 [2831/2937] Generating subprojects/gstreamer-vaapi/gst-libs/gst/vaapi/vaapi-xdg-shell-client-code with a custom command
#5 872.9 [2832/2937] Generating subprojects/gstreamer-vaapi/gst-libs/gst/vaapi/vaapi-dmabuf-client-header with a custom command
#5 872.9 [2833/2937] Generating subprojects/gstreamer-vaapi/gst-libs/gst/vaapi/vaapi-dmabuf-client-code with a custom command
#5 873.0 [2834/2937] Compiling C object subprojects/gst-rtsp-server/gst/rtsp-server/libgstrtspserver-1.0.so.0.2200.0.p/rtsp-onvif-client.c.o
#5 873.2 [2835/2937] Compiling C object subprojects/gstreamer-vaapi/gst-libs/gst/vaapi/libgstlibvaapi-1.0.a.p/meson-generated_.._linux-dmabuf-unstable-v1-client-protocol.c.o
#5 873.3 [2836/2937] Compiling C object subprojects/gstreamer-vaapi/gst-libs/gst/vaapi/libgstlibvaapi-1.0.a.p/meson-generated_.._xdg-shell-client-protocol.c.o
#5 873.4 [2837/2937] Compiling C object subprojects/gst-rtsp-server/gst/rtsp-server/libgstrtspserver-1.0.so.0.2200.0.p/rtsp-onvif-media.c.o
#5 874.3 [2838/2937] Compiling C object subprojects/gst-rtsp-server/gst/rtsp-sink/libgstrtspclientsink.so.p/plugin.c.o
#5 874.5 [2839/2937] Compiling C object subprojects/gst-rtsp-server/gst/rtsp-sink/libgstrtspclientsink.so.p/gstrtspclientsink.c.o
#5 874.6 [2840/2937] Compiling C object subprojects/gstreamer-vaapi/gst-libs/gst/vaapi/libgstlibvaapi-1.0.a.p/gstvaapibufferproxy.c.o
#5 875.3 [2841/2937] Compiling C object subprojects/gstreamer-vaapi/gst-libs/gst/vaapi/libgstlibvaapi-1.0.a.p/gstvaapiblend.c.o
#5 875.7 [2842/2937] Compiling C object subprojects/gstreamer-vaapi/gst-libs/gst/vaapi/libgstlibvaapi-1.0.a.p/gstvaapicodec_objects.c.o
#5 876.5 [2843/2937] Compiling C object subprojects/gstreamer-vaapi/gst-libs/gst/vaapi/libgstlibvaapi-1.0.a.p/gstvaapidecoder.c.o
#5 876.5 [2844/2937] Compiling C object subprojects/gstreamer-vaapi/gst-libs/gst/vaapi/libgstlibvaapi-1.0.a.p/gstvaapidecoder_dpb.c.o
#5 876.5 [2845/2937] Compiling C object subprojects/gstreamer-vaapi/gst-libs/gst/vaapi/libgstlibvaapi-1.0.a.p/gstvaapicontext.c.o
#5 877.1 [2846/2937] Linking target subprojects/openh264-2.3.1/codec/console/dec/h264dec
#5 878.1 [2847/2937] Compiling C object subprojects/gstreamer-vaapi/gst-libs/gst/vaapi/libgstlibvaapi-1.0.a.p/gstvaapidecoder_jpeg.c.o
#5 878.1 [2848/2937] Compiling C object subprojects/gstreamer-vaapi/gst-libs/gst/vaapi/libgstlibvaapi-1.0.a.p/gstvaapidecoder_mpeg2.c.o
#5 878.3 [2849/2937] Compiling C object subprojects/gstreamer-vaapi/gst-libs/gst/vaapi/libgstlibvaapi-1.0.a.p/gstvaapidecoder_h264.c.o
#5 878.4 [2850/2937] Compiling C object subprojects/gstreamer-vaapi/gst-libs/gst/vaapi/libgstlibvaapi-1.0.a.p/gstvaapidecoder_h265.c.o
#5 878.4 [2851/2937] Compiling C object subprojects/gstreamer-vaapi/gst-libs/gst/vaapi/libgstlibvaapi-1.0.a.p/gstvaapidecoder_mpeg4.c.o
#5 879.2 [2852/2937] Compiling C object subprojects/gstreamer-vaapi/gst-libs/gst/vaapi/libgstlibvaapi-1.0.a.p/gstvaapidecoder_objects.c.o
#5 879.3 [2853/2937] Compiling C object subprojects/gstreamer-vaapi/gst-libs/gst/vaapi/libgstlibvaapi-1.0.a.p/gstvaapidecoder_unit.c.o
#5 879.8 [2854/2937] Compiling C object subprojects/gstreamer-vaapi/gst-libs/gst/vaapi/libgstlibvaapi-1.0.a.p/gstvaapidecoder_vp9.c.o
#5 880.0 [2855/2937] Compiling C object subprojects/gstreamer-vaapi/gst-libs/gst/vaapi/libgstlibvaapi-1.0.a.p/gstvaapidecoder_vp8.c.o
#5 880.2 [2856/2937] Compiling C object subprojects/gstreamer-vaapi/gst-libs/gst/vaapi/libgstlibvaapi-1.0.a.p/gstvaapidecoder_vc1.c.o
#5 880.6 [2857/2937] Compiling C object subprojects/gstreamer-vaapi/gst-libs/gst/vaapi/libgstlibvaapi-1.0.a.p/gstvaapidisplay.c.o
#5 880.7 [2858/2937] Compiling C object subprojects/gstreamer-vaapi/gst-libs/gst/vaapi/libgstlibvaapi-1.0.a.p/gstvaapiminiobject.c.o
#5 881.2 [2859/2937] Compiling C object subprojects/gstreamer-vaapi/gst-libs/gst/vaapi/libgstlibvaapi-1.0.a.p/gstvaapifilter.c.o
#5 881.3 [2860/2937] Compiling C object subprojects/gstreamer-vaapi/gst-libs/gst/vaapi/libgstlibvaapi-1.0.a.p/gstvaapiimagepool.c.o
#5 881.8 [2861/2937] Compiling C object subprojects/gstreamer-vaapi/gst-libs/gst/vaapi/libgstlibvaapi-1.0.a.p/gstvaapiprofile.c.o
#5 882.2 [2862/2937] Compiling C object subprojects/gstreamer-vaapi/gst-libs/gst/vaapi/libgstlibvaapi-1.0.a.p/gstvaapiimage.c.o
#5 882.3 [2863/2937] Compiling C object subprojects/gstreamer-vaapi/gst-libs/gst/vaapi/libgstlibvaapi-1.0.a.p/gstvaapiparser_frame.c.o
#5 882.6 [2864/2937] Compiling C object subprojects/gstreamer-vaapi/gst-libs/gst/vaapi/libgstlibvaapi-1.0.a.p/gstvaapisubpicture.c.o
#5 882.8 [2865/2937] Compiling C object subprojects/gstreamer-vaapi/gst-libs/gst/vaapi/libgstlibvaapi-1.0.a.p/gstvaapiprofilecaps.c.o
#5 882.9 [2866/2937] Compiling C object subprojects/gstreamer-vaapi/gst-libs/gst/vaapi/libgstlibvaapi-1.0.a.p/gstvaapisurface.c.o
#5 883.1 [2867/2937] Compiling C object subprojects/gstreamer-vaapi/gst-libs/gst/vaapi/libgstlibvaapi-1.0.a.p/gstvaapisurfacepool.c.o
#5 883.5 [2868/2937] Compiling C object subprojects/gstreamer-vaapi/gst-libs/gst/vaapi/libgstlibvaapi-1.0.a.p/gstvaapisurface_drm.c.o
#5 883.7 [2869/2937] Compiling C object subprojects/gstreamer-vaapi/gst-libs/gst/vaapi/libgstlibvaapi-1.0.a.p/gstvaapitexturemap.c.o
#5 883.9 [2870/2937] Compiling C object subprojects/gstreamer-vaapi/gst-libs/gst/vaapi/libgstlibvaapi-1.0.a.p/gstvaapisurfaceproxy.c.o
#5 884.2 [2871/2937] Compiling C object subprojects/gstreamer-vaapi/gst-libs/gst/vaapi/libgstlibvaapi-1.0.a.p/gstvaapiutils.c.o
#5 884.3 [2872/2937] Compiling C object subprojects/gstreamer-vaapi/gst-libs/gst/vaapi/libgstlibvaapi-1.0.a.p/gstvaapitexture.c.o
#5 884.3 [2873/2937] Compiling C object subprojects/gstreamer-vaapi/gst-libs/gst/vaapi/libgstlibvaapi-1.0.a.p/gstvaapiutils_core.c.o
#5 884.9 [2874/2937] Compiling C object subprojects/gstreamer-vaapi/gst-libs/gst/vaapi/libgstlibvaapi-1.0.a.p/gstvaapiutils_h264.c.o
#5 885.2 [2875/2937] Compiling C object subprojects/gstreamer-vaapi/gst-libs/gst/vaapi/libgstlibvaapi-1.0.a.p/gstvaapiutils_h265.c.o
#5 885.3 [2876/2937] Compiling C object subprojects/gstreamer-vaapi/gst-libs/gst/vaapi/libgstlibvaapi-1.0.a.p/gstvaapiutils_h26x.c.o
#5 885.6 [2877/2937] Compiling C object subprojects/gstreamer-vaapi/gst-libs/gst/vaapi/libgstlibvaapi-1.0.a.p/gstvaapivalue.c.o
#5 885.7 [2878/2937] Compiling C object subprojects/gstreamer-vaapi/gst-libs/gst/vaapi/libgstlibvaapi-1.0.a.p/gstvaapiutils_vpx.c.o
#5 886.0 [2879/2937] Compiling C object subprojects/gstreamer-vaapi/gst-libs/gst/vaapi/libgstlibvaapi-1.0.a.p/gstvaapiutils_mpeg2.c.o
#5 886.4 [2880/2937] Compiling C object subprojects/gstreamer-vaapi/gst-libs/gst/vaapi/libgstlibvaapi-1.0.a.p/gstvaapivideopool.c.o
#5 886.6 [2881/2937] Compiling C object subprojects/gstreamer-vaapi/gst-libs/gst/vaapi/libgstlibvaapi-1.0.a.p/gstvaapiwindow.c.o
#5 886.7 [2882/2937] Compiling C object subprojects/gstreamer-vaapi/gst-libs/gst/vaapi/libgstlibvaapi-1.0.a.p/video-format.c.o
#5 887.1 [2883/2937] Compiling C object subprojects/gstreamer-vaapi/gst-libs/gst/vaapi/libgstlibvaapi-1.0.a.p/gstvaapicodedbufferpool.c.o
#5 887.3 [2884/2937] Compiling C object subprojects/gstreamer-vaapi/gst-libs/gst/vaapi/libgstlibvaapi-1.0.a.p/gstvaapicodedbuffer.c.o
#5 887.4 [2885/2937] Compiling C object subprojects/gstreamer-vaapi/gst-libs/gst/vaapi/libgstlibvaapi-1.0.a.p/gstvaapicodedbufferproxy.c.o
#5 888.2 [2886/2937] Linking target subprojects/gst-libav/ext/libav/libgstlibav.so
#5 889.3 [2887/2937] Compiling C object subprojects/gstreamer-vaapi/gst-libs/gst/vaapi/libgstlibvaapi-1.0.a.p/gstvaapiencoder.c.o
#5 889.3 [2888/2937] Compiling C object subprojects/gstreamer-vaapi/gst-libs/gst/vaapi/libgstlibvaapi-1.0.a.p/gstvaapiencoder_h264.c.o
#5 889.4 [2889/2937] Compiling C object subprojects/gstreamer-vaapi/gst-libs/gst/vaapi/libgstlibvaapi-1.0.a.p/gstvaapiencoder_jpeg.c.o
#5 889.6 [2890/2937] Compiling C object subprojects/gstreamer-vaapi/gst-libs/gst/vaapi/libgstlibvaapi-1.0.a.p/gstvaapiencoder_objects.c.o
#5 889.9 [2891/2937] Compiling C object subprojects/gstreamer-vaapi/gst-libs/gst/vaapi/libgstlibvaapi-1.0.a.p/gstvaapiencoder_mpeg2.c.o
#5 890.1 [2892/2937] Compiling C object subprojects/gstreamer-vaapi/gst-libs/gst/vaapi/libgstlibvaapi-1.0.a.p/gstvaapiencoder_h265.c.o
#5 890.3 [2893/2937] Compiling C object subprojects/gstreamer-vaapi/gst-libs/gst/vaapi/libgstlibvaapi-1.0.a.p/gstvaapiencoder_vp8.c.o
#5 890.7 [2894/2937] Compiling C object subprojects/gstreamer-vaapi/gst-libs/gst/vaapi/libgstlibvaapi-1.0.a.p/gstvaapiencoder_vp9.c.o
#5 890.8 [2895/2937] Compiling C object subprojects/gstreamer-vaapi/gst-libs/gst/vaapi/libgstlibvaapi-1.0.a.p/gstvaapidisplay_drm.c.o
#5 891.0 [2896/2937] Compiling C object subprojects/gstreamer-vaapi/gst-libs/gst/vaapi/libgstlibvaapi-1.0.a.p/gstvaapidecoder_av1.c.o
#5 891.1 [2897/2937] Compiling C object subprojects/gstreamer-vaapi/gst-libs/gst/vaapi/libgstlibvaapi-1.0.a.p/gstvaapiwindow_drm.c.o
#5 891.4 [2898/2937] Compiling C object subprojects/gstreamer-vaapi/gst-libs/gst/vaapi/libgstlibvaapi-1.0.a.p/gstvaapisurface_egl.c.o
#5 891.8 [2899/2937] Compiling C object subprojects/gstreamer-vaapi/gst-libs/gst/vaapi/libgstlibvaapi-1.0.a.p/gstvaapidisplay_egl.c.o
#5 891.9 [2900/2937] Compiling C object subprojects/gstreamer-vaapi/gst-libs/gst/vaapi/libgstlibvaapi-1.0.a.p/gstvaapitexture_egl.c.o
#5 891.9 [2901/2937] Compiling C object subprojects/gstreamer-vaapi/gst-libs/gst/vaapi/libgstlibvaapi-1.0.a.p/gstvaapiwindow_egl.c.o
#5 892.0 [2902/2937] Compiling C object subprojects/gstreamer-vaapi/gst/vaapi/libgstvaapi.so.p/gstvaapidecodedoc.c.o
#5 892.3 [2903/2937] Compiling C object subprojects/gstreamer-vaapi/gst-libs/gst/vaapi/libgstlibvaapi-1.0.a.p/gstvaapidisplay_wayland.c.o
#5 892.5 [2904/2937] Compiling C object subprojects/gstreamer-vaapi/gst-libs/gst/vaapi/libgstlibvaapi-1.0.a.p/gstvaapiutils_egl.c.o
#5 892.9 [2905/2937] Compiling C object subprojects/gstreamer-vaapi/gst-libs/gst/vaapi/libgstlibvaapi-1.0.a.p/gstvaapiwindow_wayland.c.o
#5 893.0 [2906/2937] Compiling C object subprojects/gstreamer-vaapi/gst/vaapi/libgstvaapi.so.p/gstvaapioverlay.c.o
#5 893.0 [2907/2937] Compiling C object subprojects/gstreamer-vaapi/gst/vaapi/libgstvaapi.so.p/gstvaapi.c.o
#5 893.0 [2908/2937] Linking static target subprojects/gstreamer-vaapi/gst-libs/gst/vaapi/libgstlibvaapi-1.0.a
#5 893.7 [2909/2937] Compiling C object subprojects/gstreamer-vaapi/gst/vaapi/libgstvaapi.so.p/gstvaapidecode.c.o
#5 893.7 [2910/2937] Compiling C object subprojects/gstreamer-vaapi/gst/vaapi/libgstvaapi.so.p/gstvaapipluginutil.c.o
#5 894.3 [2911/2937] Compiling C object subprojects/gstreamer-vaapi/gst/vaapi/libgstvaapi.so.p/gstvaapipostprocutil.c.o
#5 894.3 [2912/2937] Compiling C object subprojects/gstreamer-vaapi/gst/vaapi/libgstvaapi.so.p/gstvaapipluginbase.c.o
#5 894.6 [2913/2937] Compiling C object subprojects/gstreamer-vaapi/gst/vaapi/libgstvaapi.so.p/gstvaapisink.c.o
#5 894.8 [2914/2937] Compiling C object subprojects/gstreamer-vaapi/gst/vaapi/libgstvaapi.so.p/gstvaapivideobuffer.c.o
#5 895.3 [2915/2937] Compiling C object subprojects/gstreamer-vaapi/gst/vaapi/libgstvaapi.so.p/gstvaapipostproc.c.o
#5 895.6 [2916/2937] Compiling C object subprojects/gstreamer-vaapi/gst/vaapi/libgstvaapi.so.p/gstvaapivideocontext.c.o
#5 895.7 [2917/2937] Compiling C object subprojects/gstreamer-vaapi/gst/vaapi/libgstvaapi.so.p/gstvaapivideometa.c.o
#5 896.1 [2918/2937] Compiling C object subprojects/gstreamer-vaapi/gst/vaapi/libgstvaapi.so.p/gstvaapidecodebin.c.o
#5 896.3 [2919/2937] Compiling C object subprojects/gstreamer-vaapi/gst/vaapi/libgstvaapi.so.p/gstvaapivideomemory.c.o
#5 896.3 [2920/2937] Compiling C object subprojects/gstreamer-vaapi/gst/vaapi/libgstvaapi.so.p/gstvaapivideometa_texture.c.o
#5 896.7 [2921/2937] Compiling C object subprojects/gstreamer-vaapi/gst/vaapi/libgstvaapi.so.p/gstvaapivideobufferpool.c.o
#5 896.8 [2922/2937] Compiling C object subprojects/gstreamer-vaapi/gst/vaapi/libgstvaapi.so.p/gstvaapidecode_props.c.o
#5 897.2 [2923/2937] Compiling C object subprojects/gstreamer-vaapi/gst/vaapi/libgstvaapi.so.p/gstvaapiencode_h264.c.o
#5 897.3 [2924/2937] Compiling C object subprojects/gstreamer-vaapi/gst/vaapi/libgstvaapi.so.p/gstvaapiencode_h265.c.o
#5 897.6 [2925/2937] Compiling C object subprojects/gstreamer-vaapi/gst/vaapi/libgstvaapi.so.p/gstvaapiencode.c.o
#5 897.7 [2926/2937] Compiling C object subprojects/gstreamer-vaapi/gst/vaapi/libgstvaapi.so.p/gstvaapiencode_jpeg.c.o
#5 898.0 [2927/2937] Compiling C object subprojects/gstreamer-vaapi/gst/vaapi/libgstvaapi.so.p/gstvaapiencode_vp8.c.o
#5 898.1 [2928/2937] Compiling C object subprojects/gstreamer-vaapi/gst/vaapi/libgstvaapi.so.p/gstvaapiencode_vp9.c.o
#5 898.1 [2929/2937] Compiling C object subprojects/gstreamer-vaapi/gst/vaapi/libgstvaapi.so.p/gstvaapiencode_mpeg2.c.o
#5 905.8 [2930/2937] Linking target subprojects/gst-rtsp-server/gst/rtsp-server/libgstrtspserver-1.0.so.0.2200.0
#5 906.1 [2931/2937] Generating symbol file subprojects/gst-rtsp-server/gst/rtsp-server/libgstrtspserver-1.0.so.0.2200.0.p/libgstrtspserver-1.0.so.0.2200.0.symbols
#5 911.6 [2932/2937] Linking target subprojects/gst-rtsp-server/gst/rtsp-sink/libgstrtspclientsink.so
#5 915.0 [2933/2937] Linking target subprojects/openh264-2.3.1/libopenh264.so.2.3.1
#5 915.2 [2934/2937] Generating symbol file subprojects/openh264-2.3.1/libopenh264.so.2.3.1.p/libopenh264.so.2.3.1.symbols
#5 916.8 [2935/2937] Linking target subprojects/gst-plugins-bad/ext/openh264/libgstopenh264.so
#5 954.9 [2936/2937] Linking target subprojects/gstreamer-vaapi/gst/vaapi/libgstvaapi.so
#5 954.9 [2936/2937] Installing files.
#5 955.9 Installing subprojects/orc/orc/liborc-0.4.so.0.33.0 to /usr/lib/aarch64-linux-gnu
#5 955.9 Installing subprojects/orc/orc-test/liborc-test-0.4.so.0.33.0 to /usr/lib/aarch64-linux-gnu
#5 955.9 Installing subprojects/orc/orc-test/liborc-test-0.4.a to /usr/lib/aarch64-linux-gnu
#5 955.9 Installing subprojects/orc/tools/orcc to /usr/bin
#5 955.9 Installing subprojects/orc/tools/orc-bugreport to /usr/bin
#5 955.9 Installing subprojects/gstreamer/gst/gstenumtypes.h to /usr/include/gstreamer-1.0/gst
#5 955.9 Installing subprojects/gstreamer/gst/libgstreamer-1.0.so.0.2200.0 to /usr/lib/aarch64-linux-gnu
#5 955.9 Installing subprojects/gstreamer/libs/gst/base/libgstbase-1.0.so.0.2200.0 to /usr/lib/aarch64-linux-gnu
#5 955.9 Installing subprojects/gstreamer/libs/gst/controller/controller-enumtypes.h to /usr/include/gstreamer-1.0/gst/controller
#5 955.9 Installing subprojects/gstreamer/libs/gst/controller/libgstcontroller-1.0.so.0.2200.0 to /usr/lib/aarch64-linux-gnu
#5 955.9 Installing subprojects/gstreamer/libs/gst/net/libgstnet-1.0.so.0.2200.0 to /usr/lib/aarch64-linux-gnu
#5 955.9 Installing subprojects/gstreamer/libs/gst/helpers/gst-plugin-scanner to /usr/libexec/gstreamer-1.0
#5 955.9 Installing subprojects/gstreamer/libs/gst/helpers/gst-completion-helper to /usr/libexec/gstreamer-1.0
#5 955.9 Installing subprojects/gstreamer/libs/gst/helpers/gst-ptp-helper to /usr/libexec/gstreamer-1.0
#5 955.9 Installing subprojects/gstreamer/libs/gst/check/libgstcheck-1.0.so.0.2200.0 to /usr/lib/aarch64-linux-gnu
#5 955.9 Installing subprojects/gstreamer/plugins/elements/libgstcoreelements.so to /usr/lib/aarch64-linux-gnu/gstreamer-1.0
#5 955.9 Installing subprojects/gstreamer/plugins/tracers/libgstcoretracers.so to /usr/lib/aarch64-linux-gnu/gstreamer-1.0
#5 955.9 Installing subprojects/gstreamer/tools/gst-inspect-1.0 to /usr/bin
#5 955.9 Installing subprojects/gstreamer/tools/gst-stats-1.0 to /usr/bin
#5 955.9 Installing subprojects/gstreamer/tools/gst-typefind-1.0 to /usr/bin
#5 955.9 Installing subprojects/gstreamer/tools/gst-launch-1.0 to /usr/bin
#5 955.9 Installing subprojects/gstreamer/docs/gst-hotdoc-plugins-scanner to /usr/libexec/gstreamer-1.0
#5 955.9 Installing subprojects/gstreamer/po/af/LC_MESSAGES/gstreamer-1.0.mo to /usr/share/locale/af/LC_MESSAGES
#5 955.9 Installing subprojects/gstreamer/po/ast/LC_MESSAGES/gstreamer-1.0.mo to /usr/share/locale/ast/LC_MESSAGES
#5 955.9 Installing subprojects/gstreamer/po/az/LC_MESSAGES/gstreamer-1.0.mo to /usr/share/locale/az/LC_MESSAGES
#5 955.9 Installing subprojects/gstreamer/po/be/LC_MESSAGES/gstreamer-1.0.mo to /usr/share/locale/be/LC_MESSAGES
#5 955.9 Installing subprojects/gstreamer/po/bg/LC_MESSAGES/gstreamer-1.0.mo to /usr/share/locale/bg/LC_MESSAGES
#5 955.9 Installing subprojects/gstreamer/po/ca/LC_MESSAGES/gstreamer-1.0.mo to /usr/share/locale/ca/LC_MESSAGES
#5 955.9 Installing subprojects/gstreamer/po/cs/LC_MESSAGES/gstreamer-1.0.mo to /usr/share/locale/cs/LC_MESSAGES
#5 955.9 Installing subprojects/gstreamer/po/da/LC_MESSAGES/gstreamer-1.0.mo to /usr/share/locale/da/LC_MESSAGES
#5 955.9 Installing subprojects/gstreamer/po/de/LC_MESSAGES/gstreamer-1.0.mo to /usr/share/locale/de/LC_MESSAGES
#5 955.9 Installing subprojects/gstreamer/po/el/LC_MESSAGES/gstreamer-1.0.mo to /usr/share/locale/el/LC_MESSAGES
#5 955.9 Installing subprojects/gstreamer/po/en_GB/LC_MESSAGES/gstreamer-1.0.mo to /usr/share/locale/en_GB/LC_MESSAGES
#5 955.9 Installing subprojects/gstreamer/po/eo/LC_MESSAGES/gstreamer-1.0.mo to /usr/share/locale/eo/LC_MESSAGES
#5 955.9 Installing subprojects/gstreamer/po/es/LC_MESSAGES/gstreamer-1.0.mo to /usr/share/locale/es/LC_MESSAGES
#5 955.9 Installing subprojects/gstreamer/po/eu/LC_MESSAGES/gstreamer-1.0.mo to /usr/share/locale/eu/LC_MESSAGES
#5 955.9 Installing subprojects/gstreamer/po/fi/LC_MESSAGES/gstreamer-1.0.mo to /usr/share/locale/fi/LC_MESSAGES
#5 955.9 Installing subprojects/gstreamer/po/fr/LC_MESSAGES/gstreamer-1.0.mo to /usr/share/locale/fr/LC_MESSAGES
#5 955.9 Installing subprojects/gstreamer/po/fur/LC_MESSAGES/gstreamer-1.0.mo to /usr/share/locale/fur/LC_MESSAGES
#5 955.9 Installing subprojects/gstreamer/po/gl/LC_MESSAGES/gstreamer-1.0.mo to /usr/share/locale/gl/LC_MESSAGES
#5 955.9 Installing subprojects/gstreamer/po/hr/LC_MESSAGES/gstreamer-1.0.mo to /usr/share/locale/hr/LC_MESSAGES
#5 955.9 Installing subprojects/gstreamer/po/hu/LC_MESSAGES/gstreamer-1.0.mo to /usr/share/locale/hu/LC_MESSAGES
#5 955.9 Installing subprojects/gstreamer/po/id/LC_MESSAGES/gstreamer-1.0.mo to /usr/share/locale/id/LC_MESSAGES
#5 955.9 Installing subprojects/gstreamer/po/it/LC_MESSAGES/gstreamer-1.0.mo to /usr/share/locale/it/LC_MESSAGES
#5 955.9 Installing subprojects/gstreamer/po/ja/LC_MESSAGES/gstreamer-1.0.mo to /usr/share/locale/ja/LC_MESSAGES
#5 955.9 Installing subprojects/gstreamer/po/ka/LC_MESSAGES/gstreamer-1.0.mo to /usr/share/locale/ka/LC_MESSAGES
#5 955.9 Installing subprojects/gstreamer/po/ko/LC_MESSAGES/gstreamer-1.0.mo to /usr/share/locale/ko/LC_MESSAGES
#5 955.9 Installing subprojects/gstreamer/po/lt/LC_MESSAGES/gstreamer-1.0.mo to /usr/share/locale/lt/LC_MESSAGES
#5 955.9 Installing subprojects/gstreamer/po/nb/LC_MESSAGES/gstreamer-1.0.mo to /usr/share/locale/nb/LC_MESSAGES
#5 955.9 Installing subprojects/gstreamer/po/nl/LC_MESSAGES/gstreamer-1.0.mo to /usr/share/locale/nl/LC_MESSAGES
#5 955.9 Installing subprojects/gstreamer/po/pl/LC_MESSAGES/gstreamer-1.0.mo to /usr/share/locale/pl/LC_MESSAGES
#5 955.9 Installing subprojects/gstreamer/po/pt_BR/LC_MESSAGES/gstreamer-1.0.mo to /usr/share/locale/pt_BR/LC_MESSAGES
#5 955.9 Installing subprojects/gstreamer/po/ro/LC_MESSAGES/gstreamer-1.0.mo to /usr/share/locale/ro/LC_MESSAGES
#5 955.9 Installing subprojects/gstreamer/po/ru/LC_MESSAGES/gstreamer-1.0.mo to /usr/share/locale/ru/LC_MESSAGES
#5 955.9 Installing subprojects/gstreamer/po/rw/LC_MESSAGES/gstreamer-1.0.mo to /usr/share/locale/rw/LC_MESSAGES
#5 955.9 Installing subprojects/gstreamer/po/sk/LC_MESSAGES/gstreamer-1.0.mo to /usr/share/locale/sk/LC_MESSAGES
#5 955.9 Installing subprojects/gstreamer/po/sl/LC_MESSAGES/gstreamer-1.0.mo to /usr/share/locale/sl/LC_MESSAGES
#5 955.9 Installing subprojects/gstreamer/po/sq/LC_MESSAGES/gstreamer-1.0.mo to /usr/share/locale/sq/LC_MESSAGES
#5 955.9 Installing subprojects/gstreamer/po/sr/LC_MESSAGES/gstreamer-1.0.mo to /usr/share/locale/sr/LC_MESSAGES
#5 955.9 Installing subprojects/gstreamer/po/sv/LC_MESSAGES/gstreamer-1.0.mo to /usr/share/locale/sv/LC_MESSAGES
#5 955.9 Installing subprojects/gstreamer/po/tr/LC_MESSAGES/gstreamer-1.0.mo to /usr/share/locale/tr/LC_MESSAGES
#5 955.9 Installing subprojects/gstreamer/po/uk/LC_MESSAGES/gstreamer-1.0.mo to /usr/share/locale/uk/LC_MESSAGES
#5 955.9 Installing subprojects/gstreamer/po/vi/LC_MESSAGES/gstreamer-1.0.mo to /usr/share/locale/vi/LC_MESSAGES
#5 955.9 Installing subprojects/gstreamer/po/zh_CN/LC_MESSAGES/gstreamer-1.0.mo to /usr/share/locale/zh_CN/LC_MESSAGES
#5 955.9 Installing subprojects/gstreamer/po/zh_TW/LC_MESSAGES/gstreamer-1.0.mo to /usr/share/locale/zh_TW/LC_MESSAGES
#5 955.9 Installing subprojects/gst-plugins-base/gst-libs/gst/tag/tag-enumtypes.h to /usr/include/gstreamer-1.0/gst/tag
#5 955.9 Installing subprojects/gst-plugins-base/gst-libs/gst/tag/libgsttag-1.0.so.0.2200.0 to /usr/lib/aarch64-linux-gnu
#5 955.9 Installing subprojects/gst-plugins-base/gst-libs/gst/fft/libgstfft-1.0.so.0.2200.0 to /usr/lib/aarch64-linux-gnu
#5 955.9 Installing subprojects/gst-plugins-base/gst-libs/gst/video/video-enumtypes.h to /usr/include/gstreamer-1.0/gst/video
#5 955.9 Installing subprojects/gst-plugins-base/gst-libs/gst/video/libgstvideo-1.0.so.0.2200.0 to /usr/lib/aarch64-linux-gnu
#5 955.9 Installing subprojects/gst-plugins-base/gst-libs/gst/audio/audio-enumtypes.h to /usr/include/gstreamer-1.0/gst/audio
#5 955.9 Installing subprojects/gst-plugins-base/gst-libs/gst/audio/libgstaudio-1.0.so.0.2200.0 to /usr/lib/aarch64-linux-gnu
#5 955.9 Installing subprojects/gst-plugins-base/gst-libs/gst/rtp/gstrtp-enumtypes.h to /usr/include/gstreamer-1.0/gst/rtp
#5 955.9 Installing subprojects/gst-plugins-base/gst-libs/gst/rtp/libgstrtp-1.0.so.0.2200.0 to /usr/lib/aarch64-linux-gnu
#5 955.9 Installing subprojects/gst-plugins-base/gst-libs/gst/pbutils/pbutils-enumtypes.h to /usr/include/gstreamer-1.0/gst/pbutils
#5 955.9 Installing subprojects/gst-plugins-base/gst-libs/gst/pbutils/libgstpbutils-1.0.so.0.2200.0 to /usr/lib/aarch64-linux-gnu
#5 955.9 Installing subprojects/gst-plugins-base/gst-libs/gst/sdp/libgstsdp-1.0.so.0.2200.0 to /usr/lib/aarch64-linux-gnu
#5 955.9 Installing subprojects/gst-plugins-base/gst-libs/gst/rtsp/gstrtsp-enumtypes.h to /usr/include/gstreamer-1.0/gst/rtsp
#5 955.9 Installing subprojects/gst-plugins-base/gst-libs/gst/rtsp/libgstrtsp-1.0.so.0.2200.0 to /usr/lib/aarch64-linux-gnu
#5 956.1 Installing subprojects/gst-plugins-base/gst-libs/gst/riff/libgstriff-1.0.so.0.2200.0 to /usr/lib/aarch64-linux-gnu
#5 956.1 Installing subprojects/gst-plugins-base/gst-libs/gst/app/app-enumtypes.h to /usr/include/gstreamer-1.0/gst/app
#5 956.1 Installing subprojects/gst-plugins-base/gst-libs/gst/app/libgstapp-1.0.so.0.2200.0 to /usr/lib/aarch64-linux-gnu
#5 956.1 Installing subprojects/gst-plugins-base/gst-libs/gst/allocators/libgstallocators-1.0.so.0.2200.0 to /usr/lib/aarch64-linux-gnu
#5 956.1 Installing subprojects/gst-plugins-base/gst-libs/gst/gl/gl-enumtypes.h to /usr/include/gstreamer-1.0/gst/gl/
#5 956.1 Installing subprojects/gst-plugins-base/gst-libs/gst/gl/libgstgl-1.0.so.0.2200.0 to /usr/lib/aarch64-linux-gnu
#5 956.1 Installing subprojects/gst-plugins-base/gst/adder/libgstadder.so to /usr/lib/aarch64-linux-gnu/gstreamer-1.0
#5 956.1 Installing subprojects/gst-plugins-base/gst/app/libgstapp.so to /usr/lib/aarch64-linux-gnu/gstreamer-1.0
#5 956.1 Installing subprojects/gst-plugins-base/gst/audioconvert/libgstaudioconvert.so to /usr/lib/aarch64-linux-gnu/gstreamer-1.0
#5 956.1 Installing subprojects/gst-plugins-base/gst/audiomixer/libgstaudiomixer.so to /usr/lib/aarch64-linux-gnu/gstreamer-1.0
#5 956.1 Installing subprojects/gst-plugins-base/gst/audiorate/libgstaudiorate.so to /usr/lib/aarch64-linux-gnu/gstreamer-1.0
#5 956.1 Installing subprojects/gst-plugins-base/gst/audioresample/libgstaudioresample.so to /usr/lib/aarch64-linux-gnu/gstreamer-1.0
#5 956.1 Installing subprojects/gst-plugins-base/gst/audiotestsrc/libgstaudiotestsrc.so to /usr/lib/aarch64-linux-gnu/gstreamer-1.0
#5 956.1 Installing subprojects/gst-plugins-base/gst/compositor/libgstcompositor.so to /usr/lib/aarch64-linux-gnu/gstreamer-1.0
#5 956.1 Installing subprojects/gst-plugins-base/gst/encoding/libgstencoding.so to /usr/lib/aarch64-linux-gnu/gstreamer-1.0
#5 956.1 Installing subprojects/gst-plugins-base/gst/gio/libgstgio.so to /usr/lib/aarch64-linux-gnu/gstreamer-1.0
#5 956.1 Installing subprojects/gst-plugins-base/gst/overlaycomposition/libgstoverlaycomposition.so to /usr/lib/aarch64-linux-gnu/gstreamer-1.0
#5 956.1 Installing subprojects/gst-plugins-base/gst/pbtypes/libgstpbtypes.so to /usr/lib/aarch64-linux-gnu/gstreamer-1.0
#5 956.1 Installing subprojects/gst-plugins-base/gst/playback/libgstplayback.so to /usr/lib/aarch64-linux-gnu/gstreamer-1.0
#5 956.1 Installing subprojects/gst-plugins-base/gst/rawparse/libgstrawparse.so to /usr/lib/aarch64-linux-gnu/gstreamer-1.0
#5 956.1 Installing subprojects/gst-plugins-base/gst/subparse/libgstsubparse.so to /usr/lib/aarch64-linux-gnu/gstreamer-1.0
#5 956.1 Installing subprojects/gst-plugins-base/gst/tcp/libgsttcp.so to /usr/lib/aarch64-linux-gnu/gstreamer-1.0
#5 956.1 Installing subprojects/gst-plugins-base/gst/typefind/libgsttypefindfunctions.so to /usr/lib/aarch64-linux-gnu/gstreamer-1.0
#5 956.1 Installing subprojects/gst-plugins-base/gst/videoconvertscale/libgstvideoconvertscale.so to /usr/lib/aarch64-linux-gnu/gstreamer-1.0
#5 956.1 Installing subprojects/gst-plugins-base/gst/videorate/libgstvideorate.so to /usr/lib/aarch64-linux-gnu/gstreamer-1.0
#5 956.1 Installing subprojects/gst-plugins-base/gst/videotestsrc/libgstvideotestsrc.so to /usr/lib/aarch64-linux-gnu/gstreamer-1.0
#5 956.1 Installing subprojects/gst-plugins-base/gst/volume/libgstvolume.so to /usr/lib/aarch64-linux-gnu/gstreamer-1.0
#5 956.1 Installing subprojects/gst-plugins-base/ext/alsa/libgstalsa.so to /usr/lib/aarch64-linux-gnu/gstreamer-1.0
#5 956.1 Installing subprojects/gst-plugins-base/ext/cdparanoia/libgstcdparanoia.so to /usr/lib/aarch64-linux-gnu/gstreamer-1.0
#5 956.1 Installing subprojects/gst-plugins-base/ext/gl/libgstopengl.so to /usr/lib/aarch64-linux-gnu/gstreamer-1.0
#5 956.1 Installing subprojects/gst-plugins-base/ext/libvisual/libgstlibvisual.so to /usr/lib/aarch64-linux-gnu/gstreamer-1.0
#5 956.1 Installing subprojects/gst-plugins-base/ext/ogg/libgstogg.so to /usr/lib/aarch64-linux-gnu/gstreamer-1.0
#5 956.1 Installing subprojects/gst-plugins-base/ext/opus/libgstopus.so to /usr/lib/aarch64-linux-gnu/gstreamer-1.0
#5 956.1 Installing subprojects/gst-plugins-base/ext/pango/libgstpango.so to /usr/lib/aarch64-linux-gnu/gstreamer-1.0
#5 956.1 Installing subprojects/gst-plugins-base/ext/theora/libgsttheora.so to /usr/lib/aarch64-linux-gnu/gstreamer-1.0
#5 956.1 Installing subprojects/gst-plugins-base/ext/vorbis/libgstvorbis.so to /usr/lib/aarch64-linux-gnu/gstreamer-1.0
#5 956.1 Installing subprojects/gst-plugins-base/ext/vorbis/libgstivorbisdec.so to /usr/lib/aarch64-linux-gnu/gstreamer-1.0
#5 956.1 Installing subprojects/gst-plugins-base/sys/ximage/libgstximagesink.so to /usr/lib/aarch64-linux-gnu/gstreamer-1.0
#5 956.1 Installing subprojects/gst-plugins-base/sys/xvimage/libgstxvimagesink.so to /usr/lib/aarch64-linux-gnu/gstreamer-1.0
#5 956.1 Installing subprojects/gst-plugins-base/tools/gst-device-monitor-1.0 to /usr/bin
#5 956.1 Installing subprojects/gst-plugins-base/tools/gst-discoverer-1.0 to /usr/bin
#5 956.1 Installing subprojects/gst-plugins-base/tools/gst-play-1.0 to /usr/bin
#5 956.1 Installing subprojects/gst-plugins-base/po/af/LC_MESSAGES/gst-plugins-base-1.0.mo to /usr/share/locale/af/LC_MESSAGES
#5 956.1 Installing subprojects/gst-plugins-base/po/az/LC_MESSAGES/gst-plugins-base-1.0.mo to /usr/share/locale/az/LC_MESSAGES
#5 956.1 Installing subprojects/gst-plugins-base/po/bg/LC_MESSAGES/gst-plugins-base-1.0.mo to /usr/share/locale/bg/LC_MESSAGES
#5 956.1 Installing subprojects/gst-plugins-base/po/ca/LC_MESSAGES/gst-plugins-base-1.0.mo to /usr/share/locale/ca/LC_MESSAGES
#5 956.1 Installing subprojects/gst-plugins-base/po/cs/LC_MESSAGES/gst-plugins-base-1.0.mo to /usr/share/locale/cs/LC_MESSAGES
#5 956.1 Installing subprojects/gst-plugins-base/po/da/LC_MESSAGES/gst-plugins-base-1.0.mo to /usr/share/locale/da/LC_MESSAGES
#5 956.1 Installing subprojects/gst-plugins-base/po/de/LC_MESSAGES/gst-plugins-base-1.0.mo to /usr/share/locale/de/LC_MESSAGES
#5 956.1 Installing subprojects/gst-plugins-base/po/el/LC_MESSAGES/gst-plugins-base-1.0.mo to /usr/share/locale/el/LC_MESSAGES
#5 956.1 Installing subprojects/gst-plugins-base/po/en_GB/LC_MESSAGES/gst-plugins-base-1.0.mo to /usr/share/locale/en_GB/LC_MESSAGES
#5 956.1 Installing subprojects/gst-plugins-base/po/eo/LC_MESSAGES/gst-plugins-base-1.0.mo to /usr/share/locale/eo/LC_MESSAGES
#5 956.1 Installing subprojects/gst-plugins-base/po/es/LC_MESSAGES/gst-plugins-base-1.0.mo to /usr/share/locale/es/LC_MESSAGES
#5 956.1 Installing subprojects/gst-plugins-base/po/eu/LC_MESSAGES/gst-plugins-base-1.0.mo to /usr/share/locale/eu/LC_MESSAGES
#5 956.1 Installing subprojects/gst-plugins-base/po/fi/LC_MESSAGES/gst-plugins-base-1.0.mo to /usr/share/locale/fi/LC_MESSAGES
#5 956.1 Installing subprojects/gst-plugins-base/po/fr/LC_MESSAGES/gst-plugins-base-1.0.mo to /usr/share/locale/fr/LC_MESSAGES
#5 956.1 Installing subprojects/gst-plugins-base/po/fur/LC_MESSAGES/gst-plugins-base-1.0.mo to /usr/share/locale/fur/LC_MESSAGES
#5 956.1 Installing subprojects/gst-plugins-base/po/gl/LC_MESSAGES/gst-plugins-base-1.0.mo to /usr/share/locale/gl/LC_MESSAGES
#5 956.1 Installing subprojects/gst-plugins-base/po/hr/LC_MESSAGES/gst-plugins-base-1.0.mo to /usr/share/locale/hr/LC_MESSAGES
#5 956.1 Installing subprojects/gst-plugins-base/po/hu/LC_MESSAGES/gst-plugins-base-1.0.mo to /usr/share/locale/hu/LC_MESSAGES
#5 956.1 Installing subprojects/gst-plugins-base/po/id/LC_MESSAGES/gst-plugins-base-1.0.mo to /usr/share/locale/id/LC_MESSAGES
#5 956.1 Installing subprojects/gst-plugins-base/po/it/LC_MESSAGES/gst-plugins-base-1.0.mo to /usr/share/locale/it/LC_MESSAGES
#5 956.1 Installing subprojects/gst-plugins-base/po/ja/LC_MESSAGES/gst-plugins-base-1.0.mo to /usr/share/locale/ja/LC_MESSAGES
#5 956.1 Installing subprojects/gst-plugins-base/po/ka/LC_MESSAGES/gst-plugins-base-1.0.mo to /usr/share/locale/ka/LC_MESSAGES
#5 956.1 Installing subprojects/gst-plugins-base/po/lt/LC_MESSAGES/gst-plugins-base-1.0.mo to /usr/share/locale/lt/LC_MESSAGES
#5 956.1 Installing subprojects/gst-plugins-base/po/lv/LC_MESSAGES/gst-plugins-base-1.0.mo to /usr/share/locale/lv/LC_MESSAGES
#5 956.1 Installing subprojects/gst-plugins-base/po/nb/LC_MESSAGES/gst-plugins-base-1.0.mo to /usr/share/locale/nb/LC_MESSAGES
#5 956.1 Installing subprojects/gst-plugins-base/po/nl/LC_MESSAGES/gst-plugins-base-1.0.mo to /usr/share/locale/nl/LC_MESSAGES
#5 956.1 Installing subprojects/gst-plugins-base/po/or/LC_MESSAGES/gst-plugins-base-1.0.mo to /usr/share/locale/or/LC_MESSAGES
#5 956.1 Installing subprojects/gst-plugins-base/po/pl/LC_MESSAGES/gst-plugins-base-1.0.mo to /usr/share/locale/pl/LC_MESSAGES
#5 956.1 Installing subprojects/gst-plugins-base/po/pt_BR/LC_MESSAGES/gst-plugins-base-1.0.mo to /usr/share/locale/pt_BR/LC_MESSAGES
#5 956.2 Installing subprojects/gst-plugins-base/po/ro/LC_MESSAGES/gst-plugins-base-1.0.mo to /usr/share/locale/ro/LC_MESSAGES
#5 956.2 Installing subprojects/gst-plugins-base/po/ru/LC_MESSAGES/gst-plugins-base-1.0.mo to /usr/share/locale/ru/LC_MESSAGES
#5 956.2 Installing subprojects/gst-plugins-base/po/sk/LC_MESSAGES/gst-plugins-base-1.0.mo to /usr/share/locale/sk/LC_MESSAGES
#5 956.2 Installing subprojects/gst-plugins-base/po/sl/LC_MESSAGES/gst-plugins-base-1.0.mo to /usr/share/locale/sl/LC_MESSAGES
#5 956.2 Installing subprojects/gst-plugins-base/po/sq/LC_MESSAGES/gst-plugins-base-1.0.mo to /usr/share/locale/sq/LC_MESSAGES
#5 956.2 Installing subprojects/gst-plugins-base/po/sr/LC_MESSAGES/gst-plugins-base-1.0.mo to /usr/share/locale/sr/LC_MESSAGES
#5 956.2 Installing subprojects/gst-plugins-base/po/sv/LC_MESSAGES/gst-plugins-base-1.0.mo to /usr/share/locale/sv/LC_MESSAGES
#5 956.2 Installing subprojects/gst-plugins-base/po/tr/LC_MESSAGES/gst-plugins-base-1.0.mo to /usr/share/locale/tr/LC_MESSAGES
#5 956.2 Installing subprojects/gst-plugins-base/po/uk/LC_MESSAGES/gst-plugins-base-1.0.mo to /usr/share/locale/uk/LC_MESSAGES
#5 956.2 Installing subprojects/gst-plugins-base/po/vi/LC_MESSAGES/gst-plugins-base-1.0.mo to /usr/share/locale/vi/LC_MESSAGES
#5 956.2 Installing subprojects/gst-plugins-base/po/zh_CN/LC_MESSAGES/gst-plugins-base-1.0.mo to /usr/share/locale/zh_CN/LC_MESSAGES
#5 956.2 Installing subprojects/gst-plugins-good/gst/alpha/libgstalpha.so to /usr/lib/aarch64-linux-gnu/gstreamer-1.0
#5 956.2 Installing subprojects/gst-plugins-good/gst/alpha/libgstalphacolor.so to /usr/lib/aarch64-linux-gnu/gstreamer-1.0
#5 956.2 Installing subprojects/gst-plugins-good/gst/apetag/libgstapetag.so to /usr/lib/aarch64-linux-gnu/gstreamer-1.0
#5 956.2 Installing subprojects/gst-plugins-good/gst/audiofx/libgstaudiofx.so to /usr/lib/aarch64-linux-gnu/gstreamer-1.0
#5 956.2 Installing subprojects/gst-plugins-good/gst/audioparsers/libgstaudioparsers.so to /usr/lib/aarch64-linux-gnu/gstreamer-1.0
#5 956.2 Installing subprojects/gst-plugins-good/gst/auparse/libgstauparse.so to /usr/lib/aarch64-linux-gnu/gstreamer-1.0
#5 956.2 Installing subprojects/gst-plugins-good/gst/autodetect/libgstautodetect.so to /usr/lib/aarch64-linux-gnu/gstreamer-1.0
#5 956.2 Installing subprojects/gst-plugins-good/gst/avi/libgstavi.so to /usr/lib/aarch64-linux-gnu/gstreamer-1.0
#5 956.2 Installing subprojects/gst-plugins-good/gst/cutter/libgstcutter.so to /usr/lib/aarch64-linux-gnu/gstreamer-1.0
#5 956.2 Installing subprojects/gst-plugins-good/gst/debugutils/libgstnavigationtest.so to /usr/lib/aarch64-linux-gnu/gstreamer-1.0
#5 956.2 Installing subprojects/gst-plugins-good/gst/debugutils/libgstdebug.so to /usr/lib/aarch64-linux-gnu/gstreamer-1.0
#5 956.2 Installing subprojects/gst-plugins-good/gst/deinterlace/libgstdeinterlace.so to /usr/lib/aarch64-linux-gnu/gstreamer-1.0
#5 956.2 Installing subprojects/gst-plugins-good/gst/dtmf/libgstdtmf.so to /usr/lib/aarch64-linux-gnu/gstreamer-1.0
#5 956.2 Installing subprojects/gst-plugins-good/gst/effectv/libgsteffectv.so to /usr/lib/aarch64-linux-gnu/gstreamer-1.0
#5 956.2 Installing subprojects/gst-plugins-good/gst/equalizer/libgstequalizer.so to /usr/lib/aarch64-linux-gnu/gstreamer-1.0
#5 956.2 Installing subprojects/gst-plugins-good/gst/flv/libgstflv.so to /usr/lib/aarch64-linux-gnu/gstreamer-1.0
#5 956.2 Installing subprojects/gst-plugins-good/gst/flx/libgstflxdec.so to /usr/lib/aarch64-linux-gnu/gstreamer-1.0
#5 956.2 Installing subprojects/gst-plugins-good/gst/goom/libgstgoom.so to /usr/lib/aarch64-linux-gnu/gstreamer-1.0
#5 956.2 Installing subprojects/gst-plugins-good/gst/goom2k1/libgstgoom2k1.so to /usr/lib/aarch64-linux-gnu/gstreamer-1.0
#5 956.2 Installing subprojects/gst-plugins-good/gst/icydemux/libgsticydemux.so to /usr/lib/aarch64-linux-gnu/gstreamer-1.0
#5 956.2 Installing subprojects/gst-plugins-good/gst/id3demux/libgstid3demux.so to /usr/lib/aarch64-linux-gnu/gstreamer-1.0
#5 956.2 Installing subprojects/gst-plugins-good/gst/imagefreeze/libgstimagefreeze.so to /usr/lib/aarch64-linux-gnu/gstreamer-1.0
#5 956.2 Installing subprojects/gst-plugins-good/gst/interleave/libgstinterleave.so to /usr/lib/aarch64-linux-gnu/gstreamer-1.0
#5 956.2 Installing subprojects/gst-plugins-good/gst/isomp4/libgstisomp4.so to /usr/lib/aarch64-linux-gnu/gstreamer-1.0
#5 956.2 Installing subprojects/gst-plugins-good/gst/law/libgstalaw.so to /usr/lib/aarch64-linux-gnu/gstreamer-1.0
#5 956.2 Installing subprojects/gst-plugins-good/gst/law/libgstmulaw.so to /usr/lib/aarch64-linux-gnu/gstreamer-1.0
#5 956.2 Installing subprojects/gst-plugins-good/gst/level/libgstlevel.so to /usr/lib/aarch64-linux-gnu/gstreamer-1.0
#5 956.2 Installing subprojects/gst-plugins-good/gst/matroska/libgstmatroska.so to /usr/lib/aarch64-linux-gnu/gstreamer-1.0
#5 956.2 Installing subprojects/gst-plugins-good/gst/monoscope/libgstmonoscope.so to /usr/lib/aarch64-linux-gnu/gstreamer-1.0
#5 956.2 Installing subprojects/gst-plugins-good/gst/multifile/libgstmultifile.so to /usr/lib/aarch64-linux-gnu/gstreamer-1.0
#5 956.2 Installing subprojects/gst-plugins-good/gst/multipart/libgstmultipart.so to /usr/lib/aarch64-linux-gnu/gstreamer-1.0
#5 956.2 Installing subprojects/gst-plugins-good/gst/replaygain/libgstreplaygain.so to /usr/lib/aarch64-linux-gnu/gstreamer-1.0
#5 956.2 Installing subprojects/gst-plugins-good/gst/rtp/libgstrtp.so to /usr/lib/aarch64-linux-gnu/gstreamer-1.0
#5 956.2 Installing subprojects/gst-plugins-good/gst/rtpmanager/libgstrtpmanager.so to /usr/lib/aarch64-linux-gnu/gstreamer-1.0
#5 956.2 Installing subprojects/gst-plugins-good/gst/rtsp/libgstrtsp.so to /usr/lib/aarch64-linux-gnu/gstreamer-1.0
#5 956.2 Installing subprojects/gst-plugins-good/gst/shapewipe/libgstshapewipe.so to /usr/lib/aarch64-linux-gnu/gstreamer-1.0
#5 956.2 Installing subprojects/gst-plugins-good/gst/smpte/libgstsmpte.so to /usr/lib/aarch64-linux-gnu/gstreamer-1.0
#5 956.2 Installing subprojects/gst-plugins-good/gst/spectrum/libgstspectrum.so to /usr/lib/aarch64-linux-gnu/gstreamer-1.0
#5 956.2 Installing subprojects/gst-plugins-good/gst/udp/libgstudp.so to /usr/lib/aarch64-linux-gnu/gstreamer-1.0
#5 956.2 Installing subprojects/gst-plugins-good/gst/videobox/libgstvideobox.so to /usr/lib/aarch64-linux-gnu/gstreamer-1.0
#5 956.2 Installing subprojects/gst-plugins-good/gst/videocrop/libgstvideocrop.so to /usr/lib/aarch64-linux-gnu/gstreamer-1.0
#5 956.2 Installing subprojects/gst-plugins-good/gst/videofilter/libgstvideofilter.so to /usr/lib/aarch64-linux-gnu/gstreamer-1.0
#5 956.2 Installing subprojects/gst-plugins-good/gst/videomixer/libgstvideomixer.so to /usr/lib/aarch64-linux-gnu/gstreamer-1.0
#5 956.2 Installing subprojects/gst-plugins-good/gst/wavenc/libgstwavenc.so to /usr/lib/aarch64-linux-gnu/gstreamer-1.0
#5 956.2 Installing subprojects/gst-plugins-good/gst/wavparse/libgstwavparse.so to /usr/lib/aarch64-linux-gnu/gstreamer-1.0
#5 956.2 Installing subprojects/gst-plugins-good/gst/xingmux/libgstxingmux.so to /usr/lib/aarch64-linux-gnu/gstreamer-1.0
#5 956.2 Installing subprojects/gst-plugins-good/gst/y4m/libgsty4menc.so to /usr/lib/aarch64-linux-gnu/gstreamer-1.0
#5 956.2 Installing subprojects/gst-plugins-good/sys/oss/libgstossaudio.so to /usr/lib/aarch64-linux-gnu/gstreamer-1.0
#5 956.2 Installing subprojects/gst-plugins-good/sys/oss4/libgstoss4.so to /usr/lib/aarch64-linux-gnu/gstreamer-1.0
#5 956.2 Installing subprojects/gst-plugins-good/sys/v4l2/libgstvideo4linux2.so to /usr/lib/aarch64-linux-gnu/gstreamer-1.0
#5 956.2 Installing subprojects/gst-plugins-good/sys/ximage/libgstximagesrc.so to /usr/lib/aarch64-linux-gnu/gstreamer-1.0
#5 956.2 Installing subprojects/gst-plugins-good/ext/aalib/libgstaasink.so to /usr/lib/aarch64-linux-gnu/gstreamer-1.0
#5 956.2 Installing subprojects/gst-plugins-good/ext/adaptivedemux2/libgstadaptivedemux2.so to /usr/lib/aarch64-linux-gnu/gstreamer-1.0
#5 956.2 Installing subprojects/gst-plugins-good/ext/cairo/libgstcairo.so to /usr/lib/aarch64-linux-gnu/gstreamer-1.0
#5 956.2 Installing subprojects/gst-plugins-good/ext/flac/libgstflac.so to /usr/lib/aarch64-linux-gnu/gstreamer-1.0
#5 956.2 Installing subprojects/gst-plugins-good/ext/gdk_pixbuf/libgstgdkpixbuf.so to /usr/lib/aarch64-linux-gnu/gstreamer-1.0
#5 956.2 Installing subprojects/gst-plugins-good/ext/jpeg/libgstjpeg.so to /usr/lib/aarch64-linux-gnu/gstreamer-1.0
#5 956.2 Installing subprojects/gst-plugins-good/ext/lame/libgstlame.so to /usr/lib/aarch64-linux-gnu/gstreamer-1.0
#5 956.2 Installing subprojects/gst-plugins-good/ext/libcaca/libgstcacasink.so to /usr/lib/aarch64-linux-gnu/gstreamer-1.0
#5 956.2 Installing subprojects/gst-plugins-good/ext/dv/libgstdv.so to /usr/lib/aarch64-linux-gnu/gstreamer-1.0
#5 956.2 Installing subprojects/gst-plugins-good/ext/libpng/libgstpng.so to /usr/lib/aarch64-linux-gnu/gstreamer-1.0
#5 956.3 Installing subprojects/gst-plugins-good/ext/mpg123/libgstmpg123.so to /usr/lib/aarch64-linux-gnu/gstreamer-1.0
#5 956.3 Installing subprojects/gst-plugins-good/ext/pulse/libgstpulseaudio.so to /usr/lib/aarch64-linux-gnu/gstreamer-1.0
#5 956.3 Installing subprojects/gst-plugins-good/ext/shout2/libgstshout2.so to /usr/lib/aarch64-linux-gnu/gstreamer-1.0
#5 956.3 Installing subprojects/gst-plugins-good/ext/soup/libgstsoup.so to /usr/lib/aarch64-linux-gnu/gstreamer-1.0
#5 956.3 Installing subprojects/gst-plugins-good/ext/speex/libgstspeex.so to /usr/lib/aarch64-linux-gnu/gstreamer-1.0
#5 956.3 Installing subprojects/gst-plugins-good/ext/taglib/libgsttaglib.so to /usr/lib/aarch64-linux-gnu/gstreamer-1.0
#5 956.3 Installing subprojects/gst-plugins-good/ext/twolame/libgsttwolame.so to /usr/lib/aarch64-linux-gnu/gstreamer-1.0
#5 956.3 Installing subprojects/gst-plugins-good/ext/vpx/libgstvpx.so to /usr/lib/aarch64-linux-gnu/gstreamer-1.0
#5 956.3 Installing subprojects/gst-plugins-good/ext/wavpack/libgstwavpack.so to /usr/lib/aarch64-linux-gnu/gstreamer-1.0
#5 956.3 Installing subprojects/gst-plugins-good/po/af/LC_MESSAGES/gst-plugins-good-1.0.mo to /usr/share/locale/af/LC_MESSAGES
#5 956.3 Installing subprojects/gst-plugins-good/po/az/LC_MESSAGES/gst-plugins-good-1.0.mo to /usr/share/locale/az/LC_MESSAGES
#5 956.3 Installing subprojects/gst-plugins-good/po/bg/LC_MESSAGES/gst-plugins-good-1.0.mo to /usr/share/locale/bg/LC_MESSAGES
#5 956.3 Installing subprojects/gst-plugins-good/po/ca/LC_MESSAGES/gst-plugins-good-1.0.mo to /usr/share/locale/ca/LC_MESSAGES
#5 956.3 Installing subprojects/gst-plugins-good/po/cs/LC_MESSAGES/gst-plugins-good-1.0.mo to /usr/share/locale/cs/LC_MESSAGES
#5 956.3 Installing subprojects/gst-plugins-good/po/da/LC_MESSAGES/gst-plugins-good-1.0.mo to /usr/share/locale/da/LC_MESSAGES
#5 956.3 Installing subprojects/gst-plugins-good/po/de/LC_MESSAGES/gst-plugins-good-1.0.mo to /usr/share/locale/de/LC_MESSAGES
#5 956.3 Installing subprojects/gst-plugins-good/po/el/LC_MESSAGES/gst-plugins-good-1.0.mo to /usr/share/locale/el/LC_MESSAGES
#5 956.3 Installing subprojects/gst-plugins-good/po/en_GB/LC_MESSAGES/gst-plugins-good-1.0.mo to /usr/share/locale/en_GB/LC_MESSAGES
#5 956.3 Installing subprojects/gst-plugins-good/po/eo/LC_MESSAGES/gst-plugins-good-1.0.mo to /usr/share/locale/eo/LC_MESSAGES
#5 956.3 Installing subprojects/gst-plugins-good/po/es/LC_MESSAGES/gst-plugins-good-1.0.mo to /usr/share/locale/es/LC_MESSAGES
#5 956.3 Installing subprojects/gst-plugins-good/po/eu/LC_MESSAGES/gst-plugins-good-1.0.mo to /usr/share/locale/eu/LC_MESSAGES
#5 956.3 Installing subprojects/gst-plugins-good/po/fi/LC_MESSAGES/gst-plugins-good-1.0.mo to /usr/share/locale/fi/LC_MESSAGES
#5 956.3 Installing subprojects/gst-plugins-good/po/fr/LC_MESSAGES/gst-plugins-good-1.0.mo to /usr/share/locale/fr/LC_MESSAGES
#5 956.3 Installing subprojects/gst-plugins-good/po/fur/LC_MESSAGES/gst-plugins-good-1.0.mo to /usr/share/locale/fur/LC_MESSAGES
#5 956.3 Installing subprojects/gst-plugins-good/po/gl/LC_MESSAGES/gst-plugins-good-1.0.mo to /usr/share/locale/gl/LC_MESSAGES
#5 956.3 Installing subprojects/gst-plugins-good/po/hr/LC_MESSAGES/gst-plugins-good-1.0.mo to /usr/share/locale/hr/LC_MESSAGES
#5 956.3 Installing subprojects/gst-plugins-good/po/hu/LC_MESSAGES/gst-plugins-good-1.0.mo to /usr/share/locale/hu/LC_MESSAGES
#5 956.3 Installing subprojects/gst-plugins-good/po/id/LC_MESSAGES/gst-plugins-good-1.0.mo to /usr/share/locale/id/LC_MESSAGES
#5 956.3 Installing subprojects/gst-plugins-good/po/it/LC_MESSAGES/gst-plugins-good-1.0.mo to /usr/share/locale/it/LC_MESSAGES
#5 956.3 Installing subprojects/gst-plugins-good/po/ja/LC_MESSAGES/gst-plugins-good-1.0.mo to /usr/share/locale/ja/LC_MESSAGES
#5 956.3 Installing subprojects/gst-plugins-good/po/ka/LC_MESSAGES/gst-plugins-good-1.0.mo to /usr/share/locale/ka/LC_MESSAGES
#5 956.3 Installing subprojects/gst-plugins-good/po/ky/LC_MESSAGES/gst-plugins-good-1.0.mo to /usr/share/locale/ky/LC_MESSAGES
#5 956.3 Installing subprojects/gst-plugins-good/po/lt/LC_MESSAGES/gst-plugins-good-1.0.mo to /usr/share/locale/lt/LC_MESSAGES
#5 956.3 Installing subprojects/gst-plugins-good/po/lv/LC_MESSAGES/gst-plugins-good-1.0.mo to /usr/share/locale/lv/LC_MESSAGES
#5 956.3 Installing subprojects/gst-plugins-good/po/mt/LC_MESSAGES/gst-plugins-good-1.0.mo to /usr/share/locale/mt/LC_MESSAGES
#5 956.3 Installing subprojects/gst-plugins-good/po/nb/LC_MESSAGES/gst-plugins-good-1.0.mo to /usr/share/locale/nb/LC_MESSAGES
#5 956.3 Installing subprojects/gst-plugins-good/po/nl/LC_MESSAGES/gst-plugins-good-1.0.mo to /usr/share/locale/nl/LC_MESSAGES
#5 956.3 Installing subprojects/gst-plugins-good/po/or/LC_MESSAGES/gst-plugins-good-1.0.mo to /usr/share/locale/or/LC_MESSAGES
#5 956.3 Installing subprojects/gst-plugins-good/po/pl/LC_MESSAGES/gst-plugins-good-1.0.mo to /usr/share/locale/pl/LC_MESSAGES
#5 956.3 Installing subprojects/gst-plugins-good/po/pt_BR/LC_MESSAGES/gst-plugins-good-1.0.mo to /usr/share/locale/pt_BR/LC_MESSAGES
#5 956.3 Installing subprojects/gst-plugins-good/po/ro/LC_MESSAGES/gst-plugins-good-1.0.mo to /usr/share/locale/ro/LC_MESSAGES
#5 956.3 Installing subprojects/gst-plugins-good/po/ru/LC_MESSAGES/gst-plugins-good-1.0.mo to /usr/share/locale/ru/LC_MESSAGES
#5 956.3 Installing subprojects/gst-plugins-good/po/sk/LC_MESSAGES/gst-plugins-good-1.0.mo to /usr/share/locale/sk/LC_MESSAGES
#5 956.3 Installing subprojects/gst-plugins-good/po/sl/LC_MESSAGES/gst-plugins-good-1.0.mo to /usr/share/locale/sl/LC_MESSAGES
#5 956.3 Installing subprojects/gst-plugins-good/po/sq/LC_MESSAGES/gst-plugins-good-1.0.mo to /usr/share/locale/sq/LC_MESSAGES
#5 956.3 Installing subprojects/gst-plugins-good/po/sr/LC_MESSAGES/gst-plugins-good-1.0.mo to /usr/share/locale/sr/LC_MESSAGES
#5 956.3 Installing subprojects/gst-plugins-good/po/sv/LC_MESSAGES/gst-plugins-good-1.0.mo to /usr/share/locale/sv/LC_MESSAGES
#5 956.3 Installing subprojects/gst-plugins-good/po/tr/LC_MESSAGES/gst-plugins-good-1.0.mo to /usr/share/locale/tr/LC_MESSAGES
#5 956.3 Installing subprojects/gst-plugins-good/po/uk/LC_MESSAGES/gst-plugins-good-1.0.mo to /usr/share/locale/uk/LC_MESSAGES
#5 956.3 Installing subprojects/gst-plugins-good/po/vi/LC_MESSAGES/gst-plugins-good-1.0.mo to /usr/share/locale/vi/LC_MESSAGES
#5 956.3 Installing subprojects/gst-plugins-good/po/zh_CN/LC_MESSAGES/gst-plugins-good-1.0.mo to /usr/share/locale/zh_CN/LC_MESSAGES
#5 956.3 Installing subprojects/gst-plugins-good/po/zh_HK/LC_MESSAGES/gst-plugins-good-1.0.mo to /usr/share/locale/zh_HK/LC_MESSAGES
#5 956.3 Installing subprojects/gst-plugins-good/po/zh_TW/LC_MESSAGES/gst-plugins-good-1.0.mo to /usr/share/locale/zh_TW/LC_MESSAGES
#5 956.3 Installing subprojects/libnice/stun/tools/stund to /usr/bin
#5 956.3 Installing subprojects/libnice/stun/tools/stunbdc to /usr/bin
#5 956.3 Installing subprojects/libnice/nice/libnice.so.10.13.1 to /usr/lib/aarch64-linux-gnu
#5 956.3 Installing subprojects/libnice/gst/libgstnice.so to /usr/lib/aarch64-linux-gnu/gstreamer-1.0
#5 956.3 Installing subprojects/gst-plugins-bad/gst-libs/gst/uridownloader/libgsturidownloader-1.0.so.0.2200.0 to /usr/lib/aarch64-linux-gnu
#5 956.3 Installing subprojects/gst-plugins-bad/gst-libs/gst/adaptivedemux/libgstadaptivedemux-1.0.so.0.2200.0 to /usr/lib/aarch64-linux-gnu
#5 956.3 Installing subprojects/gst-plugins-bad/gst-libs/gst/audio/libgstbadaudio-1.0.so.0.2200.0 to /usr/lib/aarch64-linux-gnu
#5 956.3 Installing subprojects/gst-plugins-bad/gst-libs/gst/basecamerabinsrc/libgstbasecamerabinsrc-1.0.so.0.2200.0 to /usr/lib/aarch64-linux-gnu
#5 956.3 Installing subprojects/gst-plugins-bad/gst-libs/gst/codecparsers/libgstcodecparsers-1.0.so.0.2200.0 to /usr/lib/aarch64-linux-gnu
#5 956.3 Installing subprojects/gst-plugins-bad/gst-libs/gst/codecs/libgstcodecs-1.0.so.0.2200.0 to /usr/lib/aarch64-linux-gnu
#5 956.3 Installing subprojects/gst-plugins-bad/gst-libs/gst/cuda/libgstcuda-1.0.so.0.2200.0 to /usr/lib/aarch64-linux-gnu
#5 956.3 Installing subprojects/gst-plugins-bad/gst-libs/gst/insertbin/libgstinsertbin-1.0.so.0.2200.0 to /usr/lib/aarch64-linux-gnu
#5 956.3 Installing subprojects/gst-plugins-bad/gst-libs/gst/interfaces/photography-enumtypes.h to /usr/include/gstreamer-1.0/gst/interfaces
#5 956.3 Installing subprojects/gst-plugins-bad/gst-libs/gst/interfaces/libgstphotography-1.0.so.0.2200.0 to /usr/lib/aarch64-linux-gnu
#5 956.3 Installing subprojects/gst-plugins-bad/gst-libs/gst/isoff/libgstisoff-1.0.so.0.2200.0 to /usr/lib/aarch64-linux-gnu
#5 956.3 Installing subprojects/gst-plugins-bad/gst-libs/gst/mpegts/gstmpegts-enumtypes.h to /usr/include/gstreamer-1.0/gst/mpegts
#5 956.3 Installing subprojects/gst-plugins-bad/gst-libs/gst/mpegts/libgstmpegts-1.0.so.0.2200.0 to /usr/lib/aarch64-linux-gnu
#5 956.4 Installing subprojects/gst-plugins-bad/gst-libs/gst/play/libgstplay-1.0.so.0.2200.0 to /usr/lib/aarch64-linux-gnu
#5 956.4 Installing subprojects/gst-plugins-bad/gst-libs/gst/player/libgstplayer-1.0.so.0.2200.0 to /usr/lib/aarch64-linux-gnu
#5 956.4 Installing subprojects/gst-plugins-bad/gst-libs/gst/sctp/libgstsctp-1.0.so.0.2200.0 to /usr/lib/aarch64-linux-gnu
#5 956.4 Installing subprojects/gst-plugins-bad/gst-libs/gst/transcoder/transcoder-enumtypes.h to /usr/include/gstreamer-1.0/gst/transcoder
#5 956.4 Installing subprojects/gst-plugins-bad/gst-libs/gst/transcoder/libgsttranscoder-1.0.so.0 to /usr/lib/aarch64-linux-gnu
#5 956.4 Installing subprojects/gst-plugins-bad/gst-libs/gst/va/va-enumtypes.h to /usr/include/gstreamer-1.0/gst/va
#5 956.4 Installing subprojects/gst-plugins-bad/gst-libs/gst/va/libgstva-1.0.so.0.2200.0 to /usr/lib/aarch64-linux-gnu
#5 956.4 Installing subprojects/gst-plugins-bad/gst-libs/gst/wayland/libgstwayland-1.0.so.0.2200.0 to /usr/lib/aarch64-linux-gnu
#5 956.4 Installing subprojects/gst-plugins-bad/gst-libs/gst/webrtc/webrtc-enumtypes.h to /usr/include/gstreamer-1.0/gst/webrtc/
#5 956.4 Installing subprojects/gst-plugins-bad/gst-libs/gst/webrtc/libgstwebrtc-1.0.so.0.2200.0 to /usr/lib/aarch64-linux-gnu
#5 956.4 Installing subprojects/gst-plugins-bad/gst-libs/gst/webrtc/nice/libgstwebrtcnice-1.0.so.0.2200.0 to /usr/lib/aarch64-linux-gnu
#5 956.4 Installing subprojects/gst-plugins-bad/gst/accurip/libgstaccurip.so to /usr/lib/aarch64-linux-gnu/gstreamer-1.0
#5 956.4 Installing subprojects/gst-plugins-bad/gst/adpcmdec/libgstadpcmdec.so to /usr/lib/aarch64-linux-gnu/gstreamer-1.0
#5 956.4 Installing subprojects/gst-plugins-bad/gst/adpcmenc/libgstadpcmenc.so to /usr/lib/aarch64-linux-gnu/gstreamer-1.0
#5 956.4 Installing subprojects/gst-plugins-bad/gst/aiff/libgstaiff.so to /usr/lib/aarch64-linux-gnu/gstreamer-1.0
#5 956.4 Installing subprojects/gst-plugins-bad/gst/asfmux/libgstasfmux.so to /usr/lib/aarch64-linux-gnu/gstreamer-1.0
#5 956.4 Installing subprojects/gst-plugins-bad/gst/audiobuffersplit/libgstaudiobuffersplit.so to /usr/lib/aarch64-linux-gnu/gstreamer-1.0
#5 956.4 Installing subprojects/gst-plugins-bad/gst/audiofxbad/libgstaudiofxbad.so to /usr/lib/aarch64-linux-gnu/gstreamer-1.0
#5 956.4 Installing subprojects/gst-plugins-bad/gst/audiomixmatrix/libgstaudiomixmatrix.so to /usr/lib/aarch64-linux-gnu/gstreamer-1.0
#5 956.4 Installing subprojects/gst-plugins-bad/gst/audiolatency/libgstaudiolatency.so to /usr/lib/aarch64-linux-gnu/gstreamer-1.0
#5 956.4 Installing subprojects/gst-plugins-bad/gst/audiovisualizers/libgstaudiovisualizers.so to /usr/lib/aarch64-linux-gnu/gstreamer-1.0
#5 956.4 Installing subprojects/gst-plugins-bad/gst/autoconvert/libgstautoconvert.so to /usr/lib/aarch64-linux-gnu/gstreamer-1.0
#5 956.4 Installing subprojects/gst-plugins-bad/gst/bayer/libgstbayer.so to /usr/lib/aarch64-linux-gnu/gstreamer-1.0
#5 956.4 Installing subprojects/gst-plugins-bad/gst/camerabin2/libgstcamerabin.so to /usr/lib/aarch64-linux-gnu/gstreamer-1.0
#5 956.4 Installing subprojects/gst-plugins-bad/gst/codecalpha/libgstcodecalpha.so to /usr/lib/aarch64-linux-gnu/gstreamer-1.0
#5 956.4 Installing subprojects/gst-plugins-bad/gst/codectimestamper/libgstcodectimestamper.so to /usr/lib/aarch64-linux-gnu/gstreamer-1.0
#5 956.4 Installing subprojects/gst-plugins-bad/gst/coloreffects/libgstcoloreffects.so to /usr/lib/aarch64-linux-gnu/gstreamer-1.0
#5 956.4 Installing subprojects/gst-plugins-bad/gst/debugutils/libgstdebugutilsbad.so to /usr/lib/aarch64-linux-gnu/gstreamer-1.0
#5 956.4 Installing subprojects/gst-plugins-bad/gst/dvbsubenc/libgstdvbsubenc.so to /usr/lib/aarch64-linux-gnu/gstreamer-1.0
#5 956.4 Installing subprojects/gst-plugins-bad/gst/dvbsuboverlay/libgstdvbsuboverlay.so to /usr/lib/aarch64-linux-gnu/gstreamer-1.0
#5 956.4 Installing subprojects/gst-plugins-bad/gst/dvdspu/libgstdvdspu.so to /usr/lib/aarch64-linux-gnu/gstreamer-1.0
#5 956.4 Installing subprojects/gst-plugins-bad/gst/faceoverlay/libgstfaceoverlay.so to /usr/lib/aarch64-linux-gnu/gstreamer-1.0
#5 956.4 Installing subprojects/gst-plugins-bad/gst/festival/libgstfestival.so to /usr/lib/aarch64-linux-gnu/gstreamer-1.0
#5 956.4 Installing subprojects/gst-plugins-bad/gst/fieldanalysis/libgstfieldanalysis.so to /usr/lib/aarch64-linux-gnu/gstreamer-1.0
#5 956.4 Installing subprojects/gst-plugins-bad/gst/freeverb/libgstfreeverb.so to /usr/lib/aarch64-linux-gnu/gstreamer-1.0
#5 956.4 Installing subprojects/gst-plugins-bad/gst/frei0r/libgstfrei0r.so to /usr/lib/aarch64-linux-gnu/gstreamer-1.0
#5 956.4 Installing subprojects/gst-plugins-bad/gst/gaudieffects/libgstgaudieffects.so to /usr/lib/aarch64-linux-gnu/gstreamer-1.0
#5 956.4 Installing subprojects/gst-plugins-bad/gst/gdp/libgstgdp.so to /usr/lib/aarch64-linux-gnu/gstreamer-1.0
#5 956.4 Installing subprojects/gst-plugins-bad/gst/geometrictransform/libgstgeometrictransform.so to /usr/lib/aarch64-linux-gnu/gstreamer-1.0
#5 956.4 Installing subprojects/gst-plugins-bad/gst/id3tag/libgstid3tag.so to /usr/lib/aarch64-linux-gnu/gstreamer-1.0
#5 956.4 Installing subprojects/gst-plugins-bad/gst/inter/libgstinter.so to /usr/lib/aarch64-linux-gnu/gstreamer-1.0
#5 956.4 Installing subprojects/gst-plugins-bad/gst/interlace/libgstinterlace.so to /usr/lib/aarch64-linux-gnu/gstreamer-1.0
#5 956.4 Installing subprojects/gst-plugins-bad/gst/ivfparse/libgstivfparse.so to /usr/lib/aarch64-linux-gnu/gstreamer-1.0
#5 956.4 Installing subprojects/gst-plugins-bad/gst/ivtc/libgstivtc.so to /usr/lib/aarch64-linux-gnu/gstreamer-1.0
#5 956.4 Installing subprojects/gst-plugins-bad/gst/jp2kdecimator/libgstjp2kdecimator.so to /usr/lib/aarch64-linux-gnu/gstreamer-1.0
#5 956.4 Installing subprojects/gst-plugins-bad/gst/jpegformat/libgstjpegformat.so to /usr/lib/aarch64-linux-gnu/gstreamer-1.0
#5 956.4 Installing subprojects/gst-plugins-bad/gst/librfb/libgstrfbsrc.so to /usr/lib/aarch64-linux-gnu/gstreamer-1.0
#5 956.4 Installing subprojects/gst-plugins-bad/gst/midi/libgstmidi.so to /usr/lib/aarch64-linux-gnu/gstreamer-1.0
#5 956.4 Installing subprojects/gst-plugins-bad/gst/mpegdemux/libgstmpegpsdemux.so to /usr/lib/aarch64-linux-gnu/gstreamer-1.0
#5 956.4 Installing subprojects/gst-plugins-bad/gst/mpegpsmux/libgstmpegpsmux.so to /usr/lib/aarch64-linux-gnu/gstreamer-1.0
#5 956.4 Installing subprojects/gst-plugins-bad/gst/mpegtsdemux/libgstmpegtsdemux.so to /usr/lib/aarch64-linux-gnu/gstreamer-1.0
#5 956.4 Installing subprojects/gst-plugins-bad/gst/mpegtsmux/libgstmpegtsmux.so to /usr/lib/aarch64-linux-gnu/gstreamer-1.0
#5 956.4 Installing subprojects/gst-plugins-bad/gst/mxf/libgstmxf.so to /usr/lib/aarch64-linux-gnu/gstreamer-1.0
#5 956.4 Installing subprojects/gst-plugins-bad/gst/netsim/libgstnetsim.so to /usr/lib/aarch64-linux-gnu/gstreamer-1.0
#5 956.4 Installing subprojects/gst-plugins-bad/gst/onvif/libgstrtponvif.so to /usr/lib/aarch64-linux-gnu/gstreamer-1.0
#5 956.4 Installing subprojects/gst-plugins-bad/gst/pcapparse/libgstpcapparse.so to /usr/lib/aarch64-linux-gnu/gstreamer-1.0
#5 956.4 Installing subprojects/gst-plugins-bad/gst/pnm/libgstpnm.so to /usr/lib/aarch64-linux-gnu/gstreamer-1.0
#5 956.4 Installing subprojects/gst-plugins-bad/gst/proxy/libgstproxy.so to /usr/lib/aarch64-linux-gnu/gstreamer-1.0
#5 956.4 Installing subprojects/gst-plugins-bad/gst/rawparse/libgstlegacyrawparse.so to /usr/lib/aarch64-linux-gnu/gstreamer-1.0
#5 956.4 Installing subprojects/gst-plugins-bad/gst/removesilence/libgstremovesilence.so to /usr/lib/aarch64-linux-gnu/gstreamer-1.0
#5 956.4 Installing subprojects/gst-plugins-bad/gst/rist/libgstrist.so to /usr/lib/aarch64-linux-gnu/gstreamer-1.0
#5 956.4 Installing subprojects/gst-plugins-bad/gst/rtmp2/libgstrtmp2.so to /usr/lib/aarch64-linux-gnu/gstreamer-1.0
#5 956.4 Installing subprojects/gst-plugins-bad/gst/rtp/libgstrtpmanagerbad.so to /usr/lib/aarch64-linux-gnu/gstreamer-1.0
#5 956.4 Installing subprojects/gst-plugins-bad/gst/sdp/libgstsdpelem.so to /usr/lib/aarch64-linux-gnu/gstreamer-1.0
#5 956.4 Installing subprojects/gst-plugins-bad/gst/segmentclip/libgstsegmentclip.so to /usr/lib/aarch64-linux-gnu/gstreamer-1.0
#5 956.4 Installing subprojects/gst-plugins-bad/gst/siren/libgstsiren.so to /usr/lib/aarch64-linux-gnu/gstreamer-1.0
#5 956.4 Installing subprojects/gst-plugins-bad/gst/smooth/libgstsmooth.so to /usr/lib/aarch64-linux-gnu/gstreamer-1.0
#5 956.4 Installing subprojects/gst-plugins-bad/gst/speed/libgstspeed.so to /usr/lib/aarch64-linux-gnu/gstreamer-1.0
#5 956.4 Installing subprojects/gst-plugins-bad/gst/subenc/libgstsubenc.so to /usr/lib/aarch64-linux-gnu/gstreamer-1.0
#5 956.4 Installing subprojects/gst-plugins-bad/gst/switchbin/libgstswitchbin.so to /usr/lib/aarch64-linux-gnu/gstreamer-1.0
#5 956.5 Installing subprojects/gst-plugins-bad/gst/timecode/libgsttimecode.so to /usr/lib/aarch64-linux-gnu/gstreamer-1.0
#5 956.5 Installing subprojects/gst-plugins-bad/gst/transcode/libgsttranscode.so to /usr/lib/aarch64-linux-gnu/gstreamer-1.0
#5 956.5 Installing subprojects/gst-plugins-bad/gst/videofilters/libgstvideofiltersbad.so to /usr/lib/aarch64-linux-gnu/gstreamer-1.0
#5 956.5 Installing subprojects/gst-plugins-bad/gst/videoframe_audiolevel/libgstvideoframe_audiolevel.so to /usr/lib/aarch64-linux-gnu/gstreamer-1.0
#5 956.5 Installing subprojects/gst-plugins-bad/gst/videoparsers/libgstvideoparsersbad.so to /usr/lib/aarch64-linux-gnu/gstreamer-1.0
#5 956.5 Installing subprojects/gst-plugins-bad/gst/videosignal/libgstvideosignal.so to /usr/lib/aarch64-linux-gnu/gstreamer-1.0
#5 956.5 Installing subprojects/gst-plugins-bad/gst/vmnc/libgstvmnc.so to /usr/lib/aarch64-linux-gnu/gstreamer-1.0
#5 956.5 Installing subprojects/gst-plugins-bad/gst/y4m/libgsty4mdec.so to /usr/lib/aarch64-linux-gnu/gstreamer-1.0
#5 956.5 Installing subprojects/gst-plugins-bad/sys/decklink/libgstdecklink.so to /usr/lib/aarch64-linux-gnu/gstreamer-1.0
#5 956.5 Installing subprojects/gst-plugins-bad/sys/dvb/libgstdvb.so to /usr/lib/aarch64-linux-gnu/gstreamer-1.0
#5 956.5 Installing subprojects/gst-plugins-bad/sys/fbdev/libgstfbdevsink.so to /usr/lib/aarch64-linux-gnu/gstreamer-1.0
#5 956.5 Installing subprojects/gst-plugins-bad/sys/ipcpipeline/libgstipcpipeline.so to /usr/lib/aarch64-linux-gnu/gstreamer-1.0
#5 956.5 Installing subprojects/gst-plugins-bad/sys/kms/libgstkms.so to /usr/lib/aarch64-linux-gnu/gstreamer-1.0
#5 956.5 Installing subprojects/gst-plugins-bad/sys/nvcodec/libgstnvcodec.so to /usr/lib/aarch64-linux-gnu/gstreamer-1.0
#5 956.5 Installing subprojects/gst-plugins-bad/sys/shm/libgstshm.so to /usr/lib/aarch64-linux-gnu/gstreamer-1.0
#5 956.5 Installing subprojects/gst-plugins-bad/sys/v4l2codecs/libgstv4l2codecs.so to /usr/lib/aarch64-linux-gnu/gstreamer-1.0
#5 956.5 Installing subprojects/gst-plugins-bad/sys/va/libgstva.so to /usr/lib/aarch64-linux-gnu/gstreamer-1.0
#5 956.5 Installing subprojects/gst-plugins-bad/ext/aes/libgstaes.so to /usr/lib/aarch64-linux-gnu/gstreamer-1.0
#5 956.5 Installing subprojects/gst-plugins-bad/ext/assrender/libgstassrender.so to /usr/lib/aarch64-linux-gnu/gstreamer-1.0
#5 956.5 Installing subprojects/gst-plugins-bad/ext/aom/libgstaom.so to /usr/lib/aarch64-linux-gnu/gstreamer-1.0
#5 956.5 Installing subprojects/libavtp/libavtp.so.0.2.0 to /usr/lib/aarch64-linux-gnu
#5 956.5 Installing subprojects/gst-plugins-bad/ext/avtp/libgstavtp.so to /usr/lib/aarch64-linux-gnu/gstreamer-1.0
#5 956.5 Installing subprojects/gst-plugins-bad/ext/bs2b/libgstbs2b.so to /usr/lib/aarch64-linux-gnu/gstreamer-1.0
#5 956.5 Installing subprojects/gst-plugins-bad/ext/bz2/libgstbz2.so to /usr/lib/aarch64-linux-gnu/gstreamer-1.0
#5 956.5 Installing subprojects/gst-plugins-bad/ext/chromaprint/libgstchromaprint.so to /usr/lib/aarch64-linux-gnu/gstreamer-1.0
#5 956.5 Installing subprojects/gst-plugins-bad/ext/closedcaption/libgstclosedcaption.so to /usr/lib/aarch64-linux-gnu/gstreamer-1.0
#5 956.5 Installing subprojects/gst-plugins-bad/ext/colormanagement/libgstcolormanagement.so to /usr/lib/aarch64-linux-gnu/gstreamer-1.0
#5 956.5 Installing subprojects/gst-plugins-bad/ext/curl/libgstcurl.so to /usr/lib/aarch64-linux-gnu/gstreamer-1.0
#5 956.5 Installing subprojects/gst-plugins-bad/ext/dash/libgstdash.so to /usr/lib/aarch64-linux-gnu/gstreamer-1.0
#5 956.5 Installing subprojects/gst-plugins-bad/ext/dtls/libgstdtls.so to /usr/lib/aarch64-linux-gnu/gstreamer-1.0
#5 956.5 Installing subprojects/gst-plugins-bad/ext/dts/libgstdtsdec.so to /usr/lib/aarch64-linux-gnu/gstreamer-1.0
#5 956.5 Installing subprojects/gst-plugins-bad/ext/faac/libgstfaac.so to /usr/lib/aarch64-linux-gnu/gstreamer-1.0
#5 956.5 Installing subprojects/gst-plugins-bad/ext/faad/libgstfaad.so to /usr/lib/aarch64-linux-gnu/gstreamer-1.0
#5 956.5 Installing subprojects/gst-plugins-bad/ext/fdkaac/libgstfdkaac.so to /usr/lib/aarch64-linux-gnu/gstreamer-1.0
#5 956.5 Installing subprojects/gst-plugins-bad/ext/flite/libgstflite.so to /usr/lib/aarch64-linux-gnu/gstreamer-1.0
#5 956.5 Installing subprojects/gst-plugins-bad/ext/fluidsynth/libgstfluidsynthmidi.so to /usr/lib/aarch64-linux-gnu/gstreamer-1.0
#5 956.5 Installing subprojects/gst-plugins-bad/ext/gme/libgstgme.so to /usr/lib/aarch64-linux-gnu/gstreamer-1.0
#5 956.5 Installing subprojects/gst-plugins-bad/ext/gsm/libgstgsm.so to /usr/lib/aarch64-linux-gnu/gstreamer-1.0
#5 956.5 Installing subprojects/gst-plugins-bad/ext/hls/libgsthls.so to /usr/lib/aarch64-linux-gnu/gstreamer-1.0
#5 956.5 Installing subprojects/dssim/libdssim-lib.so.1.1 to /usr/lib/aarch64-linux-gnu
#5 956.5 Installing subprojects/dssim/dssim to /usr/bin
#5 956.5 Installing subprojects/gst-plugins-bad/ext/iqa/libgstiqa.so to /usr/lib/aarch64-linux-gnu/gstreamer-1.0
#5 956.5 Installing subprojects/gst-plugins-bad/ext/kate/libgstkate.so to /usr/lib/aarch64-linux-gnu/gstreamer-1.0
#5 956.5 Installing subprojects/gst-plugins-bad/ext/libde265/libgstde265.so to /usr/lib/aarch64-linux-gnu/gstreamer-1.0
#5 956.5 Installing subprojects/gst-plugins-bad/ext/lv2/libgstlv2.so to /usr/lib/aarch64-linux-gnu/gstreamer-1.0
#5 956.5 Installing subprojects/libmicrodns/src/libmicrodns.so.1.0.0 to /usr/lib/aarch64-linux-gnu
#5 956.5 Installing subprojects/gst-plugins-bad/ext/mdns/libgstmicrodns.so to /usr/lib/aarch64-linux-gnu/gstreamer-1.0
#5 956.5 Installing subprojects/gst-plugins-bad/ext/modplug/libgstmodplug.so to /usr/lib/aarch64-linux-gnu/gstreamer-1.0
#5 956.5 Installing subprojects/gst-plugins-bad/ext/mpeg2enc/libgstmpeg2enc.so to /usr/lib/aarch64-linux-gnu/gstreamer-1.0
#5 956.5 Installing subprojects/gst-plugins-bad/ext/mplex/libgstmplex.so to /usr/lib/aarch64-linux-gnu/gstreamer-1.0
#5 956.5 Installing subprojects/gst-plugins-bad/ext/musepack/libgstmusepack.so to /usr/lib/aarch64-linux-gnu/gstreamer-1.0
#5 956.5 Installing subprojects/gst-plugins-bad/ext/openexr/libgstopenexr.so to /usr/lib/aarch64-linux-gnu/gstreamer-1.0
#5 956.5 Installing subprojects/openh264-2.3.1/libopenh264.so.2.3.1 to /usr/lib/aarch64-linux-gnu
#5 956.5 Installing subprojects/gst-plugins-bad/ext/openh264/libgstopenh264.so to /usr/lib/aarch64-linux-gnu/gstreamer-1.0
#5 956.5 Installing subprojects/gst-plugins-bad/ext/openjpeg/libgstopenjpeg.so to /usr/lib/aarch64-linux-gnu/gstreamer-1.0
#5 956.5 Installing subprojects/gst-plugins-bad/ext/opus/libgstopusparse.so to /usr/lib/aarch64-linux-gnu/gstreamer-1.0
#5 956.5 Installing subprojects/gst-plugins-bad/ext/qroverlay/libgstqroverlay.so to /usr/lib/aarch64-linux-gnu/gstreamer-1.0
#5 956.5 Installing subprojects/gst-plugins-bad/ext/resindvd/libgstresindvd.so to /usr/lib/aarch64-linux-gnu/gstreamer-1.0
#5 956.5 Installing subprojects/gst-plugins-bad/ext/rsvg/libgstrsvg.so to /usr/lib/aarch64-linux-gnu/gstreamer-1.0
#5 956.5 Installing subprojects/gst-plugins-bad/ext/rtmp/libgstrtmp.so to /usr/lib/aarch64-linux-gnu/gstreamer-1.0
#5 956.5 Installing subprojects/gst-plugins-bad/ext/sbc/libgstsbc.so to /usr/lib/aarch64-linux-gnu/gstreamer-1.0
#5 956.5 Installing subprojects/gst-plugins-bad/ext/sctp/libgstsctp.so to /usr/lib/aarch64-linux-gnu/gstreamer-1.0
#5 956.5 Installing subprojects/gst-plugins-bad/ext/smoothstreaming/libgstsmoothstreaming.so to /usr/lib/aarch64-linux-gnu/gstreamer-1.0
#5 956.5 Installing subprojects/gst-plugins-bad/ext/sndfile/libgstsndfile.so to /usr/lib/aarch64-linux-gnu/gstreamer-1.0
#5 956.5 Installing subprojects/gst-plugins-bad/ext/soundtouch/libgstsoundtouch.so to /usr/lib/aarch64-linux-gnu/gstreamer-1.0
#5 956.5 Installing subprojects/gst-plugins-bad/ext/spandsp/libgstspandsp.so to /usr/lib/aarch64-linux-gnu/gstreamer-1.0
#5 956.5 Installing subprojects/gst-plugins-bad/ext/srt/libgstsrt.so to /usr/lib/aarch64-linux-gnu/gstreamer-1.0
#5 956.5 Installing subprojects/gst-plugins-bad/ext/srtp/libgstsrtp.so to /usr/lib/aarch64-linux-gnu/gstreamer-1.0
#5 956.5 Installing subprojects/gst-plugins-bad/ext/teletextdec/libgstteletext.so to /usr/lib/aarch64-linux-gnu/gstreamer-1.0
#5 956.5 Installing subprojects/gst-plugins-bad/ext/ttml/libgstttmlsubs.so to /usr/lib/aarch64-linux-gnu/gstreamer-1.0
#5 956.5 Installing subprojects/gst-plugins-bad/ext/voaacenc/libgstvoaacenc.so to /usr/lib/aarch64-linux-gnu/gstreamer-1.0
#5 956.5 Installing subprojects/gst-plugins-bad/ext/voamrwbenc/libgstvoamrwbenc.so to /usr/lib/aarch64-linux-gnu/gstreamer-1.0
#5 956.5 Installing subprojects/gst-plugins-bad/ext/wayland/libgstwaylandsink.so to /usr/lib/aarch64-linux-gnu/gstreamer-1.0
#5 956.5 Installing subprojects/gst-plugins-bad/ext/webrtc/libgstwebrtc.so to /usr/lib/aarch64-linux-gnu/gstreamer-1.0
#5 956.6 Installing subprojects/gst-plugins-bad/ext/webrtcdsp/libgstwebrtcdsp.so to /usr/lib/aarch64-linux-gnu/gstreamer-1.0
#5 956.6 Installing subprojects/gst-plugins-bad/ext/webp/libgstwebp.so to /usr/lib/aarch64-linux-gnu/gstreamer-1.0
#5 956.6 Installing subprojects/gst-plugins-bad/ext/wildmidi/libgstwildmidi.so to /usr/lib/aarch64-linux-gnu/gstreamer-1.0
#5 956.6 Installing subprojects/gst-plugins-bad/ext/x265/libgstx265.so to /usr/lib/aarch64-linux-gnu/gstreamer-1.0
#5 956.6 Installing subprojects/gst-plugins-bad/ext/zbar/libgstzbar.so to /usr/lib/aarch64-linux-gnu/gstreamer-1.0
#5 956.6 Installing subprojects/gst-plugins-bad/tools/gst-transcoder-1.0 to /usr/bin
#5 956.6 Installing subprojects/gst-plugins-bad/po/af/LC_MESSAGES/gst-plugins-bad-1.0.mo to /usr/share/locale/af/LC_MESSAGES
#5 956.6 Installing subprojects/gst-plugins-bad/po/ast/LC_MESSAGES/gst-plugins-bad-1.0.mo to /usr/share/locale/ast/LC_MESSAGES
#5 956.6 Installing subprojects/gst-plugins-bad/po/az/LC_MESSAGES/gst-plugins-bad-1.0.mo to /usr/share/locale/az/LC_MESSAGES
#5 956.6 Installing subprojects/gst-plugins-bad/po/bg/LC_MESSAGES/gst-plugins-bad-1.0.mo to /usr/share/locale/bg/LC_MESSAGES
#5 956.6 Installing subprojects/gst-plugins-bad/po/ca/LC_MESSAGES/gst-plugins-bad-1.0.mo to /usr/share/locale/ca/LC_MESSAGES
#5 956.6 Installing subprojects/gst-plugins-bad/po/cs/LC_MESSAGES/gst-plugins-bad-1.0.mo to /usr/share/locale/cs/LC_MESSAGES
#5 956.6 Installing subprojects/gst-plugins-bad/po/da/LC_MESSAGES/gst-plugins-bad-1.0.mo to /usr/share/locale/da/LC_MESSAGES
#5 956.6 Installing subprojects/gst-plugins-bad/po/de/LC_MESSAGES/gst-plugins-bad-1.0.mo to /usr/share/locale/de/LC_MESSAGES
#5 956.6 Installing subprojects/gst-plugins-bad/po/el/LC_MESSAGES/gst-plugins-bad-1.0.mo to /usr/share/locale/el/LC_MESSAGES
#5 956.6 Installing subprojects/gst-plugins-bad/po/en_GB/LC_MESSAGES/gst-plugins-bad-1.0.mo to /usr/share/locale/en_GB/LC_MESSAGES
#5 956.6 Installing subprojects/gst-plugins-bad/po/eo/LC_MESSAGES/gst-plugins-bad-1.0.mo to /usr/share/locale/eo/LC_MESSAGES
#5 956.6 Installing subprojects/gst-plugins-bad/po/es/LC_MESSAGES/gst-plugins-bad-1.0.mo to /usr/share/locale/es/LC_MESSAGES
#5 956.6 Installing subprojects/gst-plugins-bad/po/eu/LC_MESSAGES/gst-plugins-bad-1.0.mo to /usr/share/locale/eu/LC_MESSAGES
#5 956.6 Installing subprojects/gst-plugins-bad/po/fi/LC_MESSAGES/gst-plugins-bad-1.0.mo to /usr/share/locale/fi/LC_MESSAGES
#5 956.6 Installing subprojects/gst-plugins-bad/po/fr/LC_MESSAGES/gst-plugins-bad-1.0.mo to /usr/share/locale/fr/LC_MESSAGES
#5 956.6 Installing subprojects/gst-plugins-bad/po/fur/LC_MESSAGES/gst-plugins-bad-1.0.mo to /usr/share/locale/fur/LC_MESSAGES
#5 956.6 Installing subprojects/gst-plugins-bad/po/gl/LC_MESSAGES/gst-plugins-bad-1.0.mo to /usr/share/locale/gl/LC_MESSAGES
#5 956.6 Installing subprojects/gst-plugins-bad/po/hr/LC_MESSAGES/gst-plugins-bad-1.0.mo to /usr/share/locale/hr/LC_MESSAGES
#5 956.6 Installing subprojects/gst-plugins-bad/po/hu/LC_MESSAGES/gst-plugins-bad-1.0.mo to /usr/share/locale/hu/LC_MESSAGES
#5 956.6 Installing subprojects/gst-plugins-bad/po/id/LC_MESSAGES/gst-plugins-bad-1.0.mo to /usr/share/locale/id/LC_MESSAGES
#5 956.6 Installing subprojects/gst-plugins-bad/po/it/LC_MESSAGES/gst-plugins-bad-1.0.mo to /usr/share/locale/it/LC_MESSAGES
#5 956.6 Installing subprojects/gst-plugins-bad/po/ja/LC_MESSAGES/gst-plugins-bad-1.0.mo to /usr/share/locale/ja/LC_MESSAGES
#5 956.6 Installing subprojects/gst-plugins-bad/po/ka/LC_MESSAGES/gst-plugins-bad-1.0.mo to /usr/share/locale/ka/LC_MESSAGES
#5 956.6 Installing subprojects/gst-plugins-bad/po/ky/LC_MESSAGES/gst-plugins-bad-1.0.mo to /usr/share/locale/ky/LC_MESSAGES
#5 956.6 Installing subprojects/gst-plugins-bad/po/lt/LC_MESSAGES/gst-plugins-bad-1.0.mo to /usr/share/locale/lt/LC_MESSAGES
#5 956.6 Installing subprojects/gst-plugins-bad/po/lv/LC_MESSAGES/gst-plugins-bad-1.0.mo to /usr/share/locale/lv/LC_MESSAGES
#5 956.6 Installing subprojects/gst-plugins-bad/po/mt/LC_MESSAGES/gst-plugins-bad-1.0.mo to /usr/share/locale/mt/LC_MESSAGES
#5 956.6 Installing subprojects/gst-plugins-bad/po/nb/LC_MESSAGES/gst-plugins-bad-1.0.mo to /usr/share/locale/nb/LC_MESSAGES
#5 956.6 Installing subprojects/gst-plugins-bad/po/nl/LC_MESSAGES/gst-plugins-bad-1.0.mo to /usr/share/locale/nl/LC_MESSAGES
#5 956.6 Installing subprojects/gst-plugins-bad/po/or/LC_MESSAGES/gst-plugins-bad-1.0.mo to /usr/share/locale/or/LC_MESSAGES
#5 956.6 Installing subprojects/gst-plugins-bad/po/pl/LC_MESSAGES/gst-plugins-bad-1.0.mo to /usr/share/locale/pl/LC_MESSAGES
#5 956.6 Installing subprojects/gst-plugins-bad/po/pt_BR/LC_MESSAGES/gst-plugins-bad-1.0.mo to /usr/share/locale/pt_BR/LC_MESSAGES
#5 956.6 Installing subprojects/gst-plugins-bad/po/ro/LC_MESSAGES/gst-plugins-bad-1.0.mo to /usr/share/locale/ro/LC_MESSAGES
#5 956.6 Installing subprojects/gst-plugins-bad/po/ru/LC_MESSAGES/gst-plugins-bad-1.0.mo to /usr/share/locale/ru/LC_MESSAGES
#5 956.6 Installing subprojects/gst-plugins-bad/po/sk/LC_MESSAGES/gst-plugins-bad-1.0.mo to /usr/share/locale/sk/LC_MESSAGES
#5 956.6 Installing subprojects/gst-plugins-bad/po/sl/LC_MESSAGES/gst-plugins-bad-1.0.mo to /usr/share/locale/sl/LC_MESSAGES
#5 956.6 Installing subprojects/gst-plugins-bad/po/sq/LC_MESSAGES/gst-plugins-bad-1.0.mo to /usr/share/locale/sq/LC_MESSAGES
#5 956.6 Installing subprojects/gst-plugins-bad/po/sr/LC_MESSAGES/gst-plugins-bad-1.0.mo to /usr/share/locale/sr/LC_MESSAGES
#5 956.6 Installing subprojects/gst-plugins-bad/po/sv/LC_MESSAGES/gst-plugins-bad-1.0.mo to /usr/share/locale/sv/LC_MESSAGES
#5 956.6 Installing subprojects/gst-plugins-bad/po/tr/LC_MESSAGES/gst-plugins-bad-1.0.mo to /usr/share/locale/tr/LC_MESSAGES
#5 956.6 Installing subprojects/gst-plugins-bad/po/uk/LC_MESSAGES/gst-plugins-bad-1.0.mo to /usr/share/locale/uk/LC_MESSAGES
#5 956.6 Installing subprojects/gst-plugins-bad/po/vi/LC_MESSAGES/gst-plugins-bad-1.0.mo to /usr/share/locale/vi/LC_MESSAGES
#5 956.6 Installing subprojects/gst-plugins-bad/po/zh_CN/LC_MESSAGES/gst-plugins-bad-1.0.mo to /usr/share/locale/zh_CN/LC_MESSAGES
#5 956.6 Installing subprojects/gst-plugins-bad/po/zh_TW/LC_MESSAGES/gst-plugins-bad-1.0.mo to /usr/share/locale/zh_TW/LC_MESSAGES
#5 956.6 Installing subprojects/gst-plugins-ugly/gst/asfdemux/libgstasf.so to /usr/lib/aarch64-linux-gnu/gstreamer-1.0
#5 956.6 Installing subprojects/gst-plugins-ugly/gst/dvdlpcmdec/libgstdvdlpcmdec.so to /usr/lib/aarch64-linux-gnu/gstreamer-1.0
#5 956.6 Installing subprojects/gst-plugins-ugly/gst/dvdsub/libgstdvdsub.so to /usr/lib/aarch64-linux-gnu/gstreamer-1.0
#5 956.6 Installing subprojects/gst-plugins-ugly/gst/realmedia/libgstrealmedia.so to /usr/lib/aarch64-linux-gnu/gstreamer-1.0
#5 956.6 Installing subprojects/gst-plugins-ugly/ext/a52dec/libgsta52dec.so to /usr/lib/aarch64-linux-gnu/gstreamer-1.0
#5 956.6 Installing subprojects/gst-plugins-ugly/ext/amrnb/libgstamrnb.so to /usr/lib/aarch64-linux-gnu/gstreamer-1.0
#5 956.6 Installing subprojects/gst-plugins-ugly/ext/amrwbdec/libgstamrwbdec.so to /usr/lib/aarch64-linux-gnu/gstreamer-1.0
#5 956.6 Installing subprojects/gst-plugins-ugly/ext/dvdread/libgstdvdread.so to /usr/lib/aarch64-linux-gnu/gstreamer-1.0
#5 956.6 Installing subprojects/gst-plugins-ugly/ext/mpeg2dec/libgstmpeg2dec.so to /usr/lib/aarch64-linux-gnu/gstreamer-1.0
#5 956.6 Installing subprojects/gst-plugins-ugly/ext/x264/libgstx264.so to /usr/lib/aarch64-linux-gnu/gstreamer-1.0
#5 956.6 Installing subprojects/gst-plugins-ugly/po/af/LC_MESSAGES/gst-plugins-ugly-1.0.mo to /usr/share/locale/af/LC_MESSAGES
#5 956.6 Installing subprojects/gst-plugins-ugly/po/ast/LC_MESSAGES/gst-plugins-ugly-1.0.mo to /usr/share/locale/ast/LC_MESSAGES
#5 956.6 Installing subprojects/gst-plugins-ugly/po/az/LC_MESSAGES/gst-plugins-ugly-1.0.mo to /usr/share/locale/az/LC_MESSAGES
#5 956.6 Installing subprojects/gst-plugins-ugly/po/bg/LC_MESSAGES/gst-plugins-ugly-1.0.mo to /usr/share/locale/bg/LC_MESSAGES
#5 956.6 Installing subprojects/gst-plugins-ugly/po/ca/LC_MESSAGES/gst-plugins-ugly-1.0.mo to /usr/share/locale/ca/LC_MESSAGES
#5 956.6 Installing subprojects/gst-plugins-ugly/po/cs/LC_MESSAGES/gst-plugins-ugly-1.0.mo to /usr/share/locale/cs/LC_MESSAGES
#5 956.6 Installing subprojects/gst-plugins-ugly/po/da/LC_MESSAGES/gst-plugins-ugly-1.0.mo to /usr/share/locale/da/LC_MESSAGES
#5 956.6 Installing subprojects/gst-plugins-ugly/po/de/LC_MESSAGES/gst-plugins-ugly-1.0.mo to /usr/share/locale/de/LC_MESSAGES
#5 956.6 Installing subprojects/gst-plugins-ugly/po/el/LC_MESSAGES/gst-plugins-ugly-1.0.mo to /usr/share/locale/el/LC_MESSAGES
#5 956.6 Installing subprojects/gst-plugins-ugly/po/en_GB/LC_MESSAGES/gst-plugins-ugly-1.0.mo to /usr/share/locale/en_GB/LC_MESSAGES
#5 956.6 Installing subprojects/gst-plugins-ugly/po/eo/LC_MESSAGES/gst-plugins-ugly-1.0.mo to /usr/share/locale/eo/LC_MESSAGES
#5 956.6 Installing subprojects/gst-plugins-ugly/po/es/LC_MESSAGES/gst-plugins-ugly-1.0.mo to /usr/share/locale/es/LC_MESSAGES
#5 956.6 Installing subprojects/gst-plugins-ugly/po/eu/LC_MESSAGES/gst-plugins-ugly-1.0.mo to /usr/share/locale/eu/LC_MESSAGES
#5 956.6 Installing subprojects/gst-plugins-ugly/po/fi/LC_MESSAGES/gst-plugins-ugly-1.0.mo to /usr/share/locale/fi/LC_MESSAGES
#5 956.6 Installing subprojects/gst-plugins-ugly/po/fr/LC_MESSAGES/gst-plugins-ugly-1.0.mo to /usr/share/locale/fr/LC_MESSAGES
#5 956.6 Installing subprojects/gst-plugins-ugly/po/fur/LC_MESSAGES/gst-plugins-ugly-1.0.mo to /usr/share/locale/fur/LC_MESSAGES
#5 956.6 Installing subprojects/gst-plugins-ugly/po/gl/LC_MESSAGES/gst-plugins-ugly-1.0.mo to /usr/share/locale/gl/LC_MESSAGES
#5 956.6 Installing subprojects/gst-plugins-ugly/po/hr/LC_MESSAGES/gst-plugins-ugly-1.0.mo to /usr/share/locale/hr/LC_MESSAGES
#5 956.6 Installing subprojects/gst-plugins-ugly/po/hu/LC_MESSAGES/gst-plugins-ugly-1.0.mo to /usr/share/locale/hu/LC_MESSAGES
#5 956.6 Installing subprojects/gst-plugins-ugly/po/id/LC_MESSAGES/gst-plugins-ugly-1.0.mo to /usr/share/locale/id/LC_MESSAGES
#5 956.6 Installing subprojects/gst-plugins-ugly/po/it/LC_MESSAGES/gst-plugins-ugly-1.0.mo to /usr/share/locale/it/LC_MESSAGES
#5 956.6 Installing subprojects/gst-plugins-ugly/po/ja/LC_MESSAGES/gst-plugins-ugly-1.0.mo to /usr/share/locale/ja/LC_MESSAGES
#5 956.6 Installing subprojects/gst-plugins-ugly/po/ka/LC_MESSAGES/gst-plugins-ugly-1.0.mo to /usr/share/locale/ka/LC_MESSAGES
#5 956.6 Installing subprojects/gst-plugins-ugly/po/lt/LC_MESSAGES/gst-plugins-ugly-1.0.mo to /usr/share/locale/lt/LC_MESSAGES
#5 956.6 Installing subprojects/gst-plugins-ugly/po/lv/LC_MESSAGES/gst-plugins-ugly-1.0.mo to /usr/share/locale/lv/LC_MESSAGES
#5 956.6 Installing subprojects/gst-plugins-ugly/po/ms/LC_MESSAGES/gst-plugins-ugly-1.0.mo to /usr/share/locale/ms/LC_MESSAGES
#5 956.6 Installing subprojects/gst-plugins-ugly/po/mt/LC_MESSAGES/gst-plugins-ugly-1.0.mo to /usr/share/locale/mt/LC_MESSAGES
#5 956.6 Installing subprojects/gst-plugins-ugly/po/nb/LC_MESSAGES/gst-plugins-ugly-1.0.mo to /usr/share/locale/nb/LC_MESSAGES
#5 956.6 Installing subprojects/gst-plugins-ugly/po/nl/LC_MESSAGES/gst-plugins-ugly-1.0.mo to /usr/share/locale/nl/LC_MESSAGES
#5 956.6 Installing subprojects/gst-plugins-ugly/po/or/LC_MESSAGES/gst-plugins-ugly-1.0.mo to /usr/share/locale/or/LC_MESSAGES
#5 956.6 Installing subprojects/gst-plugins-ugly/po/pl/LC_MESSAGES/gst-plugins-ugly-1.0.mo to /usr/share/locale/pl/LC_MESSAGES
#5 956.6 Installing subprojects/gst-plugins-ugly/po/pt_BR/LC_MESSAGES/gst-plugins-ugly-1.0.mo to /usr/share/locale/pt_BR/LC_MESSAGES
#5 956.6 Installing subprojects/gst-plugins-ugly/po/ro/LC_MESSAGES/gst-plugins-ugly-1.0.mo to /usr/share/locale/ro/LC_MESSAGES
#5 956.6 Installing subprojects/gst-plugins-ugly/po/ru/LC_MESSAGES/gst-plugins-ugly-1.0.mo to /usr/share/locale/ru/LC_MESSAGES
#5 956.6 Installing subprojects/gst-plugins-ugly/po/sk/LC_MESSAGES/gst-plugins-ugly-1.0.mo to /usr/share/locale/sk/LC_MESSAGES
#5 956.6 Installing subprojects/gst-plugins-ugly/po/sl/LC_MESSAGES/gst-plugins-ugly-1.0.mo to /usr/share/locale/sl/LC_MESSAGES
#5 956.6 Installing subprojects/gst-plugins-ugly/po/sq/LC_MESSAGES/gst-plugins-ugly-1.0.mo to /usr/share/locale/sq/LC_MESSAGES
#5 956.6 Installing subprojects/gst-plugins-ugly/po/sr/LC_MESSAGES/gst-plugins-ugly-1.0.mo to /usr/share/locale/sr/LC_MESSAGES
#5 956.6 Installing subprojects/gst-plugins-ugly/po/sv/LC_MESSAGES/gst-plugins-ugly-1.0.mo to /usr/share/locale/sv/LC_MESSAGES
#5 956.6 Installing subprojects/gst-plugins-ugly/po/ta/LC_MESSAGES/gst-plugins-ugly-1.0.mo to /usr/share/locale/ta/LC_MESSAGES
#5 956.6 Installing subprojects/gst-plugins-ugly/po/tr/LC_MESSAGES/gst-plugins-ugly-1.0.mo to /usr/share/locale/tr/LC_MESSAGES
#5 956.6 Installing subprojects/gst-plugins-ugly/po/uk/LC_MESSAGES/gst-plugins-ugly-1.0.mo to /usr/share/locale/uk/LC_MESSAGES
#5 956.6 Installing subprojects/gst-plugins-ugly/po/vi/LC_MESSAGES/gst-plugins-ugly-1.0.mo to /usr/share/locale/vi/LC_MESSAGES
#5 956.6 Installing subprojects/gst-plugins-ugly/po/zh_CN/LC_MESSAGES/gst-plugins-ugly-1.0.mo to /usr/share/locale/zh_CN/LC_MESSAGES
#5 956.6 Installing subprojects/gst-plugins-ugly/po/zh_TW/LC_MESSAGES/gst-plugins-ugly-1.0.mo to /usr/share/locale/zh_TW/LC_MESSAGES
#5 956.6 Installing subprojects/gst-libav/ext/libav/libgstlibav.so to /usr/lib/aarch64-linux-gnu/gstreamer-1.0
#5 956.6 Installing subprojects/gst-rtsp-server/gst/rtsp-server/libgstrtspserver-1.0.so.0.2200.0 to /usr/lib/aarch64-linux-gnu
#5 956.6 Installing subprojects/gst-rtsp-server/gst/rtsp-sink/libgstrtspclientsink.so to /usr/lib/aarch64-linux-gnu/gstreamer-1.0
#5 956.6 Installing subprojects/gstreamer-vaapi/gst/vaapi/libgstvaapi.so to /usr/lib/aarch64-linux-gnu/gstreamer-1.0
#5 956.6 Installing /gstreamer/subprojects/orc/orc/orc.h to /usr/include/orc-0.4/orc
#5 956.6 Installing /gstreamer/subprojects/orc/orc/orcarm.h to /usr/include/orc-0.4/orc
#5 956.6 Installing /gstreamer/subprojects/orc/orc/orcbytecode.h to /usr/include/orc-0.4/orc
#5 956.6 Installing /gstreamer/subprojects/orc/orc/orcbytecodes.h to /usr/include/orc-0.4/orc
#5 956.6 Installing /gstreamer/subprojects/orc/orc/orccode.h to /usr/include/orc-0.4/orc
#5 956.6 Installing /gstreamer/subprojects/orc/orc/orccompiler.h to /usr/include/orc-0.4/orc
#5 956.6 Installing /gstreamer/subprojects/orc/orc/orcconstant.h to /usr/include/orc-0.4/orc
#5 956.6 Installing /gstreamer/subprojects/orc/orc/orccpu.h to /usr/include/orc-0.4/orc
#5 956.6 Installing /gstreamer/subprojects/orc/orc/orccpuinsn.h to /usr/include/orc-0.4/orc
#5 956.6 Installing /gstreamer/subprojects/orc/orc/orcdebug.h to /usr/include/orc-0.4/orc
#5 956.6 Installing /gstreamer/subprojects/orc/orc/orcemulateopcodes.h to /usr/include/orc-0.4/orc
#5 956.6 Installing /gstreamer/subprojects/orc/orc/orcexecutor.h to /usr/include/orc-0.4/orc
#5 956.6 Installing /gstreamer/subprojects/orc/orc/orcfunctions.h to /usr/include/orc-0.4/orc
#5 956.6 Installing /gstreamer/subprojects/orc/orc/orcinstruction.h to /usr/include/orc-0.4/orc
#5 956.6 Installing /gstreamer/subprojects/orc/orc/orcinternal.h to /usr/include/orc-0.4/orc
#5 956.6 Installing /gstreamer/subprojects/orc/orc/orclimits.h to /usr/include/orc-0.4/orc
#5 956.6 Installing /gstreamer/subprojects/orc/orc/orcmmx.h to /usr/include/orc-0.4/orc
#5 956.6 Installing /gstreamer/subprojects/orc/orc/orcneon.h to /usr/include/orc-0.4/orc
#5 956.6 Installing /gstreamer/subprojects/orc/orc/orconce.h to /usr/include/orc-0.4/orc
#5 956.6 Installing /gstreamer/subprojects/orc/orc/orcopcode.h to /usr/include/orc-0.4/orc
#5 956.6 Installing /gstreamer/subprojects/orc/orc/orcparse.h to /usr/include/orc-0.4/orc
#5 956.6 Installing /gstreamer/subprojects/orc/orc/orcpowerpc.h to /usr/include/orc-0.4/orc
#5 956.6 Installing /gstreamer/subprojects/orc/orc/orcprogram.h to /usr/include/orc-0.4/orc
#5 956.6 Installing /gstreamer/subprojects/orc/orc/orcrule.h to /usr/include/orc-0.4/orc
#5 956.6 Installing /gstreamer/subprojects/orc/orc/orcsse.h to /usr/include/orc-0.4/orc
#5 956.6 Installing /gstreamer/subprojects/orc/orc/orctarget.h to /usr/include/orc-0.4/orc
#5 956.6 Installing /gstreamer/subprojects/orc/orc/orcutils.h to /usr/include/orc-0.4/orc
#5 956.6 Installing /gstreamer/subprojects/orc/orc/orcvariable.h to /usr/include/orc-0.4/orc
#5 956.6 Installing /gstreamer/subprojects/orc/orc/orcx86.h to /usr/include/orc-0.4/orc
#5 956.6 Installing /gstreamer/subprojects/orc/orc/orcx86insn.h to /usr/include/orc-0.4/orc
#5 956.6 Installing /gstreamer/subprojects/orc/orc/orcmips.h to /usr/include/orc-0.4/orc
#5 956.6 Installing /gstreamer/subprojects/orc/orc/orc-stdint.h to /usr/include/orc-0.4/orc
#5 956.6 Installing /gstreamer/subprojects/orc/orc-test/orctest.h to /usr/include/orc-0.4/orc-test
#5 956.6 Installing /gstreamer/subprojects/orc/orc-test/orcarray.h to /usr/include/orc-0.4/orc-test
#5 956.6 Installing /gstreamer/subprojects/orc/orc-test/orcrandom.h to /usr/include/orc-0.4/orc-test
#5 956.6 Installing /gstreamer/subprojects/orc/orc-test/orcprofile.h to /usr/include/orc-0.4/orc-test
#5 956.6 Installing /gstreamer/subprojects/gstreamer/gst/gst.h to /usr/include/gstreamer-1.0/gst/
#5 956.6 Installing /gstreamer/subprojects/gstreamer/gst/glib-compat.h to /usr/include/gstreamer-1.0/gst/
#5 956.6 Installing /gstreamer/subprojects/gstreamer/gst/gstobject.h to /usr/include/gstreamer-1.0/gst/
#5 956.6 Installing /gstreamer/subprojects/gstreamer/gst/gstallocator.h to /usr/include/gstreamer-1.0/gst/
#5 956.6 Installing /gstreamer/subprojects/gstreamer/gst/gstbin.h to /usr/include/gstreamer-1.0/gst/
#5 956.6 Installing /gstreamer/subprojects/gstreamer/gst/gstbuffer.h to /usr/include/gstreamer-1.0/gst/
#5 956.6 Installing /gstreamer/subprojects/gstreamer/gst/gstbufferlist.h to /usr/include/gstreamer-1.0/gst/
#5 956.7 Installing /gstreamer/subprojects/gstreamer/gst/gstbufferpool.h to /usr/include/gstreamer-1.0/gst/
#5 956.7 Installing /gstreamer/subprojects/gstreamer/gst/gstbus.h to /usr/include/gstreamer-1.0/gst/
#5 956.7 Installing /gstreamer/subprojects/gstreamer/gst/gstcaps.h to /usr/include/gstreamer-1.0/gst/
#5 956.7 Installing /gstreamer/subprojects/gstreamer/gst/gstcapsfeatures.h to /usr/include/gstreamer-1.0/gst/
#5 956.7 Installing /gstreamer/subprojects/gstreamer/gst/gstchildproxy.h to /usr/include/gstreamer-1.0/gst/
#5 956.7 Installing /gstreamer/subprojects/gstreamer/gst/gstclock.h to /usr/include/gstreamer-1.0/gst/
#5 956.7 Installing /gstreamer/subprojects/gstreamer/gst/gstcompat.h to /usr/include/gstreamer-1.0/gst/
#5 956.7 Installing /gstreamer/subprojects/gstreamer/gst/gstcontext.h to /usr/include/gstreamer-1.0/gst/
#5 956.7 Installing /gstreamer/subprojects/gstreamer/gst/gstcontrolbinding.h to /usr/include/gstreamer-1.0/gst/
#5 956.7 Installing /gstreamer/subprojects/gstreamer/gst/gstcontrolsource.h to /usr/include/gstreamer-1.0/gst/
#5 956.7 Installing /gstreamer/subprojects/gstreamer/gst/gstdatetime.h to /usr/include/gstreamer-1.0/gst/
#5 956.7 Installing /gstreamer/subprojects/gstreamer/gst/gstdebugutils.h to /usr/include/gstreamer-1.0/gst/
#5 956.7 Installing /gstreamer/subprojects/gstreamer/gst/gstelement.h to /usr/include/gstreamer-1.0/gst/
#5 956.7 Installing /gstreamer/subprojects/gstreamer/gst/gstelementmetadata.h to /usr/include/gstreamer-1.0/gst/
#5 956.7 Installing /gstreamer/subprojects/gstreamer/gst/gstdevice.h to /usr/include/gstreamer-1.0/gst/
#5 956.7 Installing /gstreamer/subprojects/gstreamer/gst/gstdeviceprovider.h to /usr/include/gstreamer-1.0/gst/
#5 956.7 Installing /gstreamer/subprojects/gstreamer/gst/gstdeviceproviderfactory.h to /usr/include/gstreamer-1.0/gst/
#5 956.7 Installing /gstreamer/subprojects/gstreamer/gst/gstdynamictypefactory.h to /usr/include/gstreamer-1.0/gst/
#5 956.7 Installing /gstreamer/subprojects/gstreamer/gst/gstelementfactory.h to /usr/include/gstreamer-1.0/gst/
#5 956.7 Installing /gstreamer/subprojects/gstreamer/gst/gsterror.h to /usr/include/gstreamer-1.0/gst/
#5 956.7 Installing /gstreamer/subprojects/gstreamer/gst/gstevent.h to /usr/include/gstreamer-1.0/gst/
#5 956.7 Installing /gstreamer/subprojects/gstreamer/gst/gstformat.h to /usr/include/gstreamer-1.0/gst/
#5 956.7 Installing /gstreamer/subprojects/gstreamer/gst/gstghostpad.h to /usr/include/gstreamer-1.0/gst/
#5 956.7 Installing /gstreamer/subprojects/gstreamer/gst/gstdevicemonitor.h to /usr/include/gstreamer-1.0/gst/
#5 956.7 Installing /gstreamer/subprojects/gstreamer/gst/gstinfo.h to /usr/include/gstreamer-1.0/gst/
#5 956.7 Installing /gstreamer/subprojects/gstreamer/gst/gstiterator.h to /usr/include/gstreamer-1.0/gst/
#5 956.7 Installing /gstreamer/subprojects/gstreamer/gst/gstatomicqueue.h to /usr/include/gstreamer-1.0/gst/
#5 956.7 Installing /gstreamer/subprojects/gstreamer/gst/gstmacros.h to /usr/include/gstreamer-1.0/gst/
#5 956.7 Installing /gstreamer/subprojects/gstreamer/gst/gstmessage.h to /usr/include/gstreamer-1.0/gst/
#5 956.7 Installing /gstreamer/subprojects/gstreamer/gst/gstmeta.h to /usr/include/gstreamer-1.0/gst/
#5 956.7 Installing /gstreamer/subprojects/gstreamer/gst/gstmemory.h to /usr/include/gstreamer-1.0/gst/
#5 956.7 Installing /gstreamer/subprojects/gstreamer/gst/gstminiobject.h to /usr/include/gstreamer-1.0/gst/
#5 956.7 Installing /gstreamer/subprojects/gstreamer/gst/gstpad.h to /usr/include/gstreamer-1.0/gst/
#5 956.7 Installing /gstreamer/subprojects/gstreamer/gst/gstpadtemplate.h to /usr/include/gstreamer-1.0/gst/
#5 956.7 Installing /gstreamer/subprojects/gstreamer/gst/gstparamspecs.h to /usr/include/gstreamer-1.0/gst/
#5 956.7 Installing /gstreamer/subprojects/gstreamer/gst/gstpipeline.h to /usr/include/gstreamer-1.0/gst/
#5 956.7 Installing /gstreamer/subprojects/gstreamer/gst/gstplugin.h to /usr/include/gstreamer-1.0/gst/
#5 956.7 Installing /gstreamer/subprojects/gstreamer/gst/gstpluginfeature.h to /usr/include/gstreamer-1.0/gst/
#5 956.7 Installing /gstreamer/subprojects/gstreamer/gst/gstpoll.h to /usr/include/gstreamer-1.0/gst/
#5 956.7 Installing /gstreamer/subprojects/gstreamer/gst/gstpreset.h to /usr/include/gstreamer-1.0/gst/
#5 956.7 Installing /gstreamer/subprojects/gstreamer/gst/gstprotection.h to /usr/include/gstreamer-1.0/gst/
#5 956.7 Installing /gstreamer/subprojects/gstreamer/gst/gstquery.h to /usr/include/gstreamer-1.0/gst/
#5 956.7 Installing /gstreamer/subprojects/gstreamer/gst/gstpromise.h to /usr/include/gstreamer-1.0/gst/
#5 956.7 Installing /gstreamer/subprojects/gstreamer/gst/gstsample.h to /usr/include/gstreamer-1.0/gst/
#5 956.7 Installing /gstreamer/subprojects/gstreamer/gst/gstsegment.h to /usr/include/gstreamer-1.0/gst/
#5 956.7 Installing /gstreamer/subprojects/gstreamer/gst/gststreamcollection.h to /usr/include/gstreamer-1.0/gst/
#5 956.7 Installing /gstreamer/subprojects/gstreamer/gst/gststreams.h to /usr/include/gstreamer-1.0/gst/
#5 956.7 Installing /gstreamer/subprojects/gstreamer/gst/gststructure.h to /usr/include/gstreamer-1.0/gst/
#5 956.7 Installing /gstreamer/subprojects/gstreamer/gst/gstsystemclock.h to /usr/include/gstreamer-1.0/gst/
#5 956.7 Installing /gstreamer/subprojects/gstreamer/gst/gsttaglist.h to /usr/include/gstreamer-1.0/gst/
#5 956.7 Installing /gstreamer/subprojects/gstreamer/gst/gsttagsetter.h to /usr/include/gstreamer-1.0/gst/
#5 956.7 Installing /gstreamer/subprojects/gstreamer/gst/gsttask.h to /usr/include/gstreamer-1.0/gst/
#5 956.7 Installing /gstreamer/subprojects/gstreamer/gst/gsttaskpool.h to /usr/include/gstreamer-1.0/gst/
#5 956.7 Installing /gstreamer/subprojects/gstreamer/gst/gsttoc.h to /usr/include/gstreamer-1.0/gst/
#5 956.7 Installing /gstreamer/subprojects/gstreamer/gst/gsttocsetter.h to /usr/include/gstreamer-1.0/gst/
#5 956.7 Installing /gstreamer/subprojects/gstreamer/gst/gsttracer.h to /usr/include/gstreamer-1.0/gst/
#5 956.7 Installing /gstreamer/subprojects/gstreamer/gst/gsttracerfactory.h to /usr/include/gstreamer-1.0/gst/
#5 956.7 Installing /gstreamer/subprojects/gstreamer/gst/gsttracerrecord.h to /usr/include/gstreamer-1.0/gst/
#5 956.7 Installing /gstreamer/subprojects/gstreamer/gst/gsttypefind.h to /usr/include/gstreamer-1.0/gst/
#5 956.7 Installing /gstreamer/subprojects/gstreamer/gst/gsttypefindfactory.h to /usr/include/gstreamer-1.0/gst/
#5 956.7 Installing /gstreamer/subprojects/gstreamer/gst/gsturi.h to /usr/include/gstreamer-1.0/gst/
#5 956.7 Installing /gstreamer/subprojects/gstreamer/gst/gstutils.h to /usr/include/gstreamer-1.0/gst/
#5 956.7 Installing /gstreamer/subprojects/gstreamer/gst/gstvalue.h to /usr/include/gstreamer-1.0/gst/
#5 956.7 Installing /gstreamer/subprojects/gstreamer/gst/gstregistry.h to /usr/include/gstreamer-1.0/gst/
#5 956.7 Installing /gstreamer/subprojects/gstreamer/gst/gstparse.h to /usr/include/gstreamer-1.0/gst/
#5 956.7 Installing /gstreamer/subprojects/gstreamer/gst/math-compat.h to /usr/include/gstreamer-1.0/gst/
#5 956.7 Installing /gstreamer/subprojects/gstreamer/libs/gst/base/base.h to /usr/include/gstreamer-1.0/gst/base/
#5 956.7 Installing /gstreamer/subprojects/gstreamer/libs/gst/base/base-prelude.h to /usr/include/gstreamer-1.0/gst/base/
#5 956.7 Installing /gstreamer/subprojects/gstreamer/libs/gst/base/gstadapter.h to /usr/include/gstreamer-1.0/gst/base/
#5 956.7 Installing /gstreamer/subprojects/gstreamer/libs/gst/base/gstaggregator.h to /usr/include/gstreamer-1.0/gst/base/
#5 956.7 Installing /gstreamer/subprojects/gstreamer/libs/gst/base/gstbaseparse.h to /usr/include/gstreamer-1.0/gst/base/
#5 956.7 Installing /gstreamer/subprojects/gstreamer/libs/gst/base/gstbasesink.h to /usr/include/gstreamer-1.0/gst/base/
#5 956.7 Installing /gstreamer/subprojects/gstreamer/libs/gst/base/gstbasesrc.h to /usr/include/gstreamer-1.0/gst/base/
#5 956.7 Installing /gstreamer/subprojects/gstreamer/libs/gst/base/gstbasetransform.h to /usr/include/gstreamer-1.0/gst/base/
#5 956.7 Installing /gstreamer/subprojects/gstreamer/libs/gst/base/gstbitreader.h to /usr/include/gstreamer-1.0/gst/base/
#5 956.7 Installing /gstreamer/subprojects/gstreamer/libs/gst/base/gstbitwriter.h to /usr/include/gstreamer-1.0/gst/base/
#5 956.7 Installing /gstreamer/subprojects/gstreamer/libs/gst/base/gstbytereader.h to /usr/include/gstreamer-1.0/gst/base/
#5 956.7 Installing /gstreamer/subprojects/gstreamer/libs/gst/base/gstbytewriter.h to /usr/include/gstreamer-1.0/gst/base/
#5 956.7 Installing /gstreamer/subprojects/gstreamer/libs/gst/base/gstcollectpads.h to /usr/include/gstreamer-1.0/gst/base/
#5 956.7 Installing /gstreamer/subprojects/gstreamer/libs/gst/base/gstdataqueue.h to /usr/include/gstreamer-1.0/gst/base/
#5 956.7 Installing /gstreamer/subprojects/gstreamer/libs/gst/base/gstflowcombiner.h to /usr/include/gstreamer-1.0/gst/base/
#5 956.7 Installing /gstreamer/subprojects/gstreamer/libs/gst/base/gstpushsrc.h to /usr/include/gstreamer-1.0/gst/base/
#5 956.7 Installing /gstreamer/subprojects/gstreamer/libs/gst/base/gstqueuearray.h to /usr/include/gstreamer-1.0/gst/base/
#5 956.7 Installing /gstreamer/subprojects/gstreamer/libs/gst/base/gsttypefindhelper.h to /usr/include/gstreamer-1.0/gst/base/
#5 956.7 Installing /gstreamer/subprojects/gstreamer/libs/gst/controller/gstinterpolationcontrolsource.h to /usr/include/gstreamer-1.0/gst/controller/
#5 956.7 Installing /gstreamer/subprojects/gstreamer/libs/gst/controller/gstlfocontrolsource.h to /usr/include/gstreamer-1.0/gst/controller/
#5 956.7 Installing /gstreamer/subprojects/gstreamer/libs/gst/controller/gstargbcontrolbinding.h to /usr/include/gstreamer-1.0/gst/controller/
#5 956.7 Installing /gstreamer/subprojects/gstreamer/libs/gst/controller/gstdirectcontrolbinding.h to /usr/include/gstreamer-1.0/gst/controller/
#5 956.7 Installing /gstreamer/subprojects/gstreamer/libs/gst/controller/gsttimedvaluecontrolsource.h to /usr/include/gstreamer-1.0/gst/controller/
#5 956.7 Installing /gstreamer/subprojects/gstreamer/libs/gst/controller/gstinterpolationcontrolsource.h to /usr/include/gstreamer-1.0/gst/controller
#5 956.7 Installing /gstreamer/subprojects/gstreamer/libs/gst/controller/gstproxycontrolbinding.h to /usr/include/gstreamer-1.0/gst/controller/
#5 956.7 Installing /gstreamer/subprojects/gstreamer/libs/gst/controller/gsttriggercontrolsource.h to /usr/include/gstreamer-1.0/gst/controller/
#5 956.7 Installing /gstreamer/subprojects/gstreamer/libs/gst/controller/gstlfocontrolsource.h to /usr/include/gstreamer-1.0/gst/controller
#5 956.7 Installing /gstreamer/subprojects/gstreamer/libs/gst/controller/controller-prelude.h to /usr/include/gstreamer-1.0/gst/controller/
#5 956.7 Installing /gstreamer/subprojects/gstreamer/libs/gst/controller/controller.h to /usr/include/gstreamer-1.0/gst/controller/
#5 956.7 Installing /gstreamer/subprojects/gstreamer/libs/gst/net/gstnet.h to /usr/include/gstreamer-1.0/gst/net/
#5 956.7 Installing /gstreamer/subprojects/gstreamer/libs/gst/net/gstnetaddressmeta.h to /usr/include/gstreamer-1.0/gst/net/
#5 956.7 Installing /gstreamer/subprojects/gstreamer/libs/gst/net/gstnetclientclock.h to /usr/include/gstreamer-1.0/gst/net/
#5 956.7 Installing /gstreamer/subprojects/gstreamer/libs/gst/net/gstnetcontrolmessagemeta.h to /usr/include/gstreamer-1.0/gst/net/
#5 956.7 Installing /gstreamer/subprojects/gstreamer/libs/gst/net/gstnettimepacket.h to /usr/include/gstreamer-1.0/gst/net/
#5 956.7 Installing /gstreamer/subprojects/gstreamer/libs/gst/net/gstnettimeprovider.h to /usr/include/gstreamer-1.0/gst/net/
#5 956.7 Installing /gstreamer/subprojects/gstreamer/libs/gst/net/gstnetutils.h to /usr/include/gstreamer-1.0/gst/net/
#5 956.7 Installing /gstreamer/subprojects/gstreamer/libs/gst/net/gstptpclock.h to /usr/include/gstreamer-1.0/gst/net/
#5 956.7 Installing /gstreamer/subprojects/gstreamer/libs/gst/net/net-prelude.h to /usr/include/gstreamer-1.0/gst/net/
#5 956.7 Installing /gstreamer/subprojects/gstreamer/libs/gst/net/net.h to /usr/include/gstreamer-1.0/gst/net/
#5 956.7 Installing /gstreamer/subprojects/gstreamer/libs/gst/check/check.h to /usr/include/gstreamer-1.0/gst/check/
#5 956.7 Installing /gstreamer/subprojects/gstreamer/libs/gst/check/check-prelude.h to /usr/include/gstreamer-1.0/gst/check/
#5 956.7 Installing /gstreamer/subprojects/gstreamer/libs/gst/check/gstbufferstraw.h to /usr/include/gstreamer-1.0/gst/check/
#5 956.7 Installing /gstreamer/subprojects/gstreamer/libs/gst/check/gstcheck.h to /usr/include/gstreamer-1.0/gst/check/
#5 956.7 Installing /gstreamer/subprojects/gstreamer/libs/gst/check/gstconsistencychecker.h to /usr/include/gstreamer-1.0/gst/check/
#5 956.7 Installing /gstreamer/subprojects/gstreamer/libs/gst/check/gstharness.h to /usr/include/gstreamer-1.0/gst/check/
#5 956.7 Installing /gstreamer/subprojects/gstreamer/libs/gst/check/gsttestclock.h to /usr/include/gstreamer-1.0/gst/check/
#5 956.7 Installing /gstreamer/subprojects/gst-plugins-base/gst-libs/gst/tag/gsttagdemux.h to /usr/include/gstreamer-1.0/gst/tag/
#5 956.7 Installing /gstreamer/subprojects/gst-plugins-base/gst-libs/gst/tag/tag.h to /usr/include/gstreamer-1.0/gst/tag/
#5 956.7 Installing /gstreamer/subprojects/gst-plugins-base/gst-libs/gst/tag/gsttagmux.h to /usr/include/gstreamer-1.0/gst/tag/
#5 956.7 Installing /gstreamer/subprojects/gst-plugins-base/gst-libs/gst/tag/xmpwriter.h to /usr/include/gstreamer-1.0/gst/tag/
#5 956.7 Installing /gstreamer/subprojects/gst-plugins-base/gst-libs/gst/tag/tag-prelude.h to /usr/include/gstreamer-1.0/gst/tag/
#5 956.7 Installing /gstreamer/subprojects/gst-plugins-base/gst-libs/gst/fft/fft.h to /usr/include/gstreamer-1.0/gst/fft/
#5 956.7 Installing /gstreamer/subprojects/gst-plugins-base/gst-libs/gst/fft/fft-prelude.h to /usr/include/gstreamer-1.0/gst/fft/
#5 956.7 Installing /gstreamer/subprojects/gst-plugins-base/gst-libs/gst/fft/gstfftf32.h to /usr/include/gstreamer-1.0/gst/fft/
#5 956.7 Installing /gstreamer/subprojects/gst-plugins-base/gst-libs/gst/fft/gstfftf64.h to /usr/include/gstreamer-1.0/gst/fft/
#5 956.7 Installing /gstreamer/subprojects/gst-plugins-base/gst-libs/gst/fft/gstfft.h to /usr/include/gstreamer-1.0/gst/fft/
#5 956.7 Installing /gstreamer/subprojects/gst-plugins-base/gst-libs/gst/fft/gstffts16.h to /usr/include/gstreamer-1.0/gst/fft/
#5 956.7 Installing /gstreamer/subprojects/gst-plugins-base/gst-libs/gst/fft/gstffts32.h to /usr/include/gstreamer-1.0/gst/fft/
#5 956.7 Installing /gstreamer/subprojects/gst-plugins-base/gst-libs/gst/video/colorbalance.h to /usr/include/gstreamer-1.0/gst/video/
#5 956.7 Installing /gstreamer/subprojects/gst-plugins-base/gst-libs/gst/video/colorbalancechannel.h to /usr/include/gstreamer-1.0/gst/video/
#5 956.7 Installing /gstreamer/subprojects/gst-plugins-base/gst-libs/gst/video/gstvideoaffinetransformationmeta.h to /usr/include/gstreamer-1.0/gst/video/
#5 956.7 Installing /gstreamer/subprojects/gst-plugins-base/gst-libs/gst/video/gstvideocodecalphameta.h to /usr/include/gstreamer-1.0/gst/video/
#5 956.7 Installing /gstreamer/subprojects/gst-plugins-base/gst-libs/gst/video/gstvideoaggregator.h to /usr/include/gstreamer-1.0/gst/video/
#5 956.7 Installing /gstreamer/subprojects/gst-plugins-base/gst-libs/gst/video/gstvideodecoder.h to /usr/include/gstreamer-1.0/gst/video/
#5 956.7 Installing /gstreamer/subprojects/gst-plugins-base/gst-libs/gst/video/gstvideoencoder.h to /usr/include/gstreamer-1.0/gst/video/
#5 956.7 Installing /gstreamer/subprojects/gst-plugins-base/gst-libs/gst/video/gstvideofilter.h to /usr/include/gstreamer-1.0/gst/video/
#5 956.7 Installing /gstreamer/subprojects/gst-plugins-base/gst-libs/gst/video/gstvideometa.h to /usr/include/gstreamer-1.0/gst/video/
#5 956.7 Installing /gstreamer/subprojects/gst-plugins-base/gst-libs/gst/video/gstvideopool.h to /usr/include/gstreamer-1.0/gst/video/
#5 956.7 Installing /gstreamer/subprojects/gst-plugins-base/gst-libs/gst/video/gstvideosink.h to /usr/include/gstreamer-1.0/gst/video/
#5 956.7 Installing /gstreamer/subprojects/gst-plugins-base/gst-libs/gst/video/gstvideotimecode.h to /usr/include/gstreamer-1.0/gst/video/
#5 956.7 Installing /gstreamer/subprojects/gst-plugins-base/gst-libs/gst/video/gstvideoutils.h to /usr/include/gstreamer-1.0/gst/video/
#5 956.7 Installing /gstreamer/subprojects/gst-plugins-base/gst-libs/gst/video/navigation.h to /usr/include/gstreamer-1.0/gst/video/
#5 956.7 Installing /gstreamer/subprojects/gst-plugins-base/gst-libs/gst/video/video.h to /usr/include/gstreamer-1.0/gst/video/
#5 956.7 Installing /gstreamer/subprojects/gst-plugins-base/gst-libs/gst/video/video-anc.h to /usr/include/gstreamer-1.0/gst/video/
#5 956.7 Installing /gstreamer/subprojects/gst-plugins-base/gst-libs/gst/video/video-event.h to /usr/include/gstreamer-1.0/gst/video/
#5 956.7 Installing /gstreamer/subprojects/gst-plugins-base/gst-libs/gst/video/video-format.h to /usr/include/gstreamer-1.0/gst/video/
#5 956.7 Installing /gstreamer/subprojects/gst-plugins-base/gst-libs/gst/video/video-chroma.h to /usr/include/gstreamer-1.0/gst/video/
#5 956.7 Installing /gstreamer/subprojects/gst-plugins-base/gst-libs/gst/video/video-color.h to /usr/include/gstreamer-1.0/gst/video/
#5 956.7 Installing /gstreamer/subprojects/gst-plugins-base/gst-libs/gst/video/video-converter.h to /usr/include/gstreamer-1.0/gst/video/
#5 956.7 Installing /gstreamer/subprojects/gst-plugins-base/gst-libs/gst/video/video-dither.h to /usr/include/gstreamer-1.0/gst/video/
#5 956.7 Installing /gstreamer/subprojects/gst-plugins-base/gst-libs/gst/video/video-hdr.h to /usr/include/gstreamer-1.0/gst/video/
#5 956.8 Installing /gstreamer/subprojects/gst-plugins-base/gst-libs/gst/video/video-info.h to /usr/include/gstreamer-1.0/gst/video/
#5 956.8 Installing /gstreamer/subprojects/gst-plugins-base/gst-libs/gst/video/video-frame.h to /usr/include/gstreamer-1.0/gst/video/
#5 956.8 Installing /gstreamer/subprojects/gst-plugins-base/gst-libs/gst/video/video-prelude.h to /usr/include/gstreamer-1.0/gst/video/
#5 956.8 Installing /gstreamer/subprojects/gst-plugins-base/gst-libs/gst/video/video-scaler.h to /usr/include/gstreamer-1.0/gst/video/
#5 956.8 Installing /gstreamer/subprojects/gst-plugins-base/gst-libs/gst/video/video-tile.h to /usr/include/gstreamer-1.0/gst/video/
#5 956.8 Installing /gstreamer/subprojects/gst-plugins-base/gst-libs/gst/video/videodirection.h to /usr/include/gstreamer-1.0/gst/video/
#5 956.8 Installing /gstreamer/subprojects/gst-plugins-base/gst-libs/gst/video/videoorientation.h to /usr/include/gstreamer-1.0/gst/video/
#5 956.8 Installing /gstreamer/subprojects/gst-plugins-base/gst-libs/gst/video/videooverlay.h to /usr/include/gstreamer-1.0/gst/video/
#5 956.8 Installing /gstreamer/subprojects/gst-plugins-base/gst-libs/gst/video/video-resampler.h to /usr/include/gstreamer-1.0/gst/video/
#5 956.8 Installing /gstreamer/subprojects/gst-plugins-base/gst-libs/gst/video/video-blend.h to /usr/include/gstreamer-1.0/gst/video/
#5 956.8 Installing /gstreamer/subprojects/gst-plugins-base/gst-libs/gst/video/video-overlay-composition.h to /usr/include/gstreamer-1.0/gst/video/
#5 956.8 Installing /gstreamer/subprojects/gst-plugins-base/gst-libs/gst/video/video-multiview.h to /usr/include/gstreamer-1.0/gst/video/
#5 956.8 Installing /gstreamer/subprojects/gst-plugins-base/gst-libs/gst/video/video-sei.h to /usr/include/gstreamer-1.0/gst/video/
#5 956.8 Installing /gstreamer/subprojects/gst-plugins-base/gst-libs/gst/audio/audio.h to /usr/include/gstreamer-1.0/gst/audio/
#5 956.8 Installing /gstreamer/subprojects/gst-plugins-base/gst-libs/gst/audio/audio-format.h to /usr/include/gstreamer-1.0/gst/audio/
#5 956.8 Installing /gstreamer/subprojects/gst-plugins-base/gst-libs/gst/audio/audio-channels.h to /usr/include/gstreamer-1.0/gst/audio/
#5 956.8 Installing /gstreamer/subprojects/gst-plugins-base/gst-libs/gst/audio/audio-channel-mixer.h to /usr/include/gstreamer-1.0/gst/audio/
#5 956.8 Installing /gstreamer/subprojects/gst-plugins-base/gst-libs/gst/audio/audio-converter.h to /usr/include/gstreamer-1.0/gst/audio/
#5 956.8 Installing /gstreamer/subprojects/gst-plugins-base/gst-libs/gst/audio/audio-info.h to /usr/include/gstreamer-1.0/gst/audio/
#5 956.8 Installing /gstreamer/subprojects/gst-plugins-base/gst-libs/gst/audio/audio-quantize.h to /usr/include/gstreamer-1.0/gst/audio/
#5 956.8 Installing /gstreamer/subprojects/gst-plugins-base/gst-libs/gst/audio/audio-resampler.h to /usr/include/gstreamer-1.0/gst/audio/
#5 956.8 Installing /gstreamer/subprojects/gst-plugins-base/gst-libs/gst/audio/gstaudioaggregator.h to /usr/include/gstreamer-1.0/gst/audio/
#5 956.8 Installing /gstreamer/subprojects/gst-plugins-base/gst-libs/gst/audio/gstaudioringbuffer.h to /usr/include/gstreamer-1.0/gst/audio/
#5 956.8 Installing /gstreamer/subprojects/gst-plugins-base/gst-libs/gst/audio/gstaudiobasesrc.h to /usr/include/gstreamer-1.0/gst/audio/
#5 956.8 Installing /gstreamer/subprojects/gst-plugins-base/gst-libs/gst/audio/gstaudiocdsrc.h to /usr/include/gstreamer-1.0/gst/audio/
#5 956.8 Installing /gstreamer/subprojects/gst-plugins-base/gst-libs/gst/audio/gstaudiobasesink.h to /usr/include/gstreamer-1.0/gst/audio/
#5 956.8 Installing /gstreamer/subprojects/gst-plugins-base/gst-libs/gst/audio/gstaudiostreamalign.h to /usr/include/gstreamer-1.0/gst/audio/
#5 956.8 Installing /gstreamer/subprojects/gst-plugins-base/gst-libs/gst/audio/audio-prelude.h to /usr/include/gstreamer-1.0/gst/audio/
#5 956.8 Installing /gstreamer/subprojects/gst-plugins-base/gst-libs/gst/audio/audio-buffer.h to /usr/include/gstreamer-1.0/gst/audio/
#5 956.8 Installing /gstreamer/subprojects/gst-plugins-base/gst-libs/gst/audio/gstaudiobasesink.h to /usr/include/gstreamer-1.0/gst/audio
#5 956.8 Installing /gstreamer/subprojects/gst-plugins-base/gst-libs/gst/audio/gstaudiobasesrc.h to /usr/include/gstreamer-1.0/gst/audio
#5 956.8 Installing /gstreamer/subprojects/gst-plugins-base/gst-libs/gst/audio/gstaudiocdsrc.h to /usr/include/gstreamer-1.0/gst/audio
#5 956.8 Installing /gstreamer/subprojects/gst-plugins-base/gst-libs/gst/audio/gstaudioclock.h to /usr/include/gstreamer-1.0/gst/audio/
#5 956.8 Installing /gstreamer/subprojects/gst-plugins-base/gst-libs/gst/audio/gstaudiodecoder.h to /usr/include/gstreamer-1.0/gst/audio/
#5 956.8 Installing /gstreamer/subprojects/gst-plugins-base/gst-libs/gst/audio/gstaudioencoder.h to /usr/include/gstreamer-1.0/gst/audio/
#5 956.8 Installing /gstreamer/subprojects/gst-plugins-base/gst-libs/gst/audio/gstaudiofilter.h to /usr/include/gstreamer-1.0/gst/audio/
#5 956.8 Installing /gstreamer/subprojects/gst-plugins-base/gst-libs/gst/audio/gstaudioiec61937.h to /usr/include/gstreamer-1.0/gst/audio/
#5 956.8 Installing /gstreamer/subprojects/gst-plugins-base/gst-libs/gst/audio/gstaudiometa.h to /usr/include/gstreamer-1.0/gst/audio/
#5 956.8 Installing /gstreamer/subprojects/gst-plugins-base/gst-libs/gst/audio/gstaudiosink.h to /usr/include/gstreamer-1.0/gst/audio/
#5 956.8 Installing /gstreamer/subprojects/gst-plugins-base/gst-libs/gst/audio/gstaudiosrc.h to /usr/include/gstreamer-1.0/gst/audio/
#5 956.8 Installing /gstreamer/subprojects/gst-plugins-base/gst-libs/gst/audio/streamvolume.h to /usr/include/gstreamer-1.0/gst/audio/
#5 956.8 Installing /gstreamer/subprojects/gst-plugins-base/gst-libs/gst/rtp/gstrtcpbuffer.h to /usr/include/gstreamer-1.0/gst/rtp/
#5 956.8 Installing /gstreamer/subprojects/gst-plugins-base/gst-libs/gst/rtp/gstrtpbaseaudiopayload.h to /usr/include/gstreamer-1.0/gst/rtp/
#5 956.8 Installing /gstreamer/subprojects/gst-plugins-base/gst-libs/gst/rtp/gstrtpbasedepayload.h to /usr/include/gstreamer-1.0/gst/rtp/
#5 956.8 Installing /gstreamer/subprojects/gst-plugins-base/gst-libs/gst/rtp/gstrtpbasepayload.h to /usr/include/gstreamer-1.0/gst/rtp/
#5 956.8 Installing /gstreamer/subprojects/gst-plugins-base/gst-libs/gst/rtp/gstrtpbuffer.h to /usr/include/gstreamer-1.0/gst/rtp/
#5 956.8 Installing /gstreamer/subprojects/gst-plugins-base/gst-libs/gst/rtp/gstrtpdefs.h to /usr/include/gstreamer-1.0/gst/rtp/
#5 956.8 Installing /gstreamer/subprojects/gst-plugins-base/gst-libs/gst/rtp/gstrtphdrext.h to /usr/include/gstreamer-1.0/gst/rtp/
#5 956.8 Installing /gstreamer/subprojects/gst-plugins-base/gst-libs/gst/rtp/gstrtpmeta.h to /usr/include/gstreamer-1.0/gst/rtp/
#5 956.8 Installing /gstreamer/subprojects/gst-plugins-base/gst-libs/gst/rtp/gstrtppayloads.h to /usr/include/gstreamer-1.0/gst/rtp/
#5 956.8 Installing /gstreamer/subprojects/gst-plugins-base/gst-libs/gst/rtp/rtp-prelude.h to /usr/include/gstreamer-1.0/gst/rtp/
#5 956.8 Installing /gstreamer/subprojects/gst-plugins-base/gst-libs/gst/rtp/rtp.h to /usr/include/gstreamer-1.0/gst/rtp/
#5 956.8 Installing /gstreamer/subprojects/gst-plugins-base/gst-libs/gst/pbutils/pbutils.h to /usr/include/gstreamer-1.0/gst/pbutils/
#5 956.8 Installing /gstreamer/subprojects/gst-plugins-base/gst-libs/gst/pbutils/pbutils-prelude.h to /usr/include/gstreamer-1.0/gst/pbutils/
#5 956.8 Installing /gstreamer/subprojects/gst-plugins-base/gst-libs/gst/pbutils/codec-utils.h to /usr/include/gstreamer-1.0/gst/pbutils/
#5 956.8 Installing /gstreamer/subprojects/gst-plugins-base/gst-libs/gst/pbutils/descriptions.h to /usr/include/gstreamer-1.0/gst/pbutils/
#5 956.8 Installing /gstreamer/subprojects/gst-plugins-base/gst-libs/gst/pbutils/encoding-profile.h to /usr/include/gstreamer-1.0/gst/pbutils/
#5 956.8 Installing /gstreamer/subprojects/gst-plugins-base/gst-libs/gst/pbutils/encoding-target.h to /usr/include/gstreamer-1.0/gst/pbutils/
#5 956.8 Installing /gstreamer/subprojects/gst-plugins-base/gst-libs/gst/pbutils/install-plugins.h to /usr/include/gstreamer-1.0/gst/pbutils/
#5 956.8 Installing /gstreamer/subprojects/gst-plugins-base/gst-libs/gst/pbutils/missing-plugins.h to /usr/include/gstreamer-1.0/gst/pbutils/
#5 956.8 Installing /gstreamer/subprojects/gst-plugins-base/gst-libs/gst/pbutils/gstdiscoverer.h to /usr/include/gstreamer-1.0/gst/pbutils/
#5 956.8 Installing /gstreamer/subprojects/gst-plugins-base/gst-libs/gst/pbutils/gstaudiovisualizer.h to /usr/include/gstreamer-1.0/gst/pbutils/
#5 956.8 Installing /gstreamer/subprojects/gst-plugins-base/gst-libs/gst/sdp/sdp.h to /usr/include/gstreamer-1.0/gst/sdp/
#5 956.8 Installing /gstreamer/subprojects/gst-plugins-base/gst-libs/gst/sdp/sdp-prelude.h to /usr/include/gstreamer-1.0/gst/sdp/
#5 956.8 Installing /gstreamer/subprojects/gst-plugins-base/gst-libs/gst/sdp/gstsdp.h to /usr/include/gstreamer-1.0/gst/sdp/
#5 956.8 Installing /gstreamer/subprojects/gst-plugins-base/gst-libs/gst/sdp/gstmikey.h to /usr/include/gstreamer-1.0/gst/sdp/
#5 956.8 Installing /gstreamer/subprojects/gst-plugins-base/gst-libs/gst/sdp/gstsdpmessage.h to /usr/include/gstreamer-1.0/gst/sdp/
#5 956.8 Installing /gstreamer/subprojects/gst-plugins-base/gst-libs/gst/rtsp/gstrtspconnection.h to /usr/include/gstreamer-1.0/gst/rtsp/
#5 956.8 Installing /gstreamer/subprojects/gst-plugins-base/gst-libs/gst/rtsp/gstrtspdefs.h to /usr/include/gstreamer-1.0/gst/rtsp/
#5 956.8 Installing /gstreamer/subprojects/gst-plugins-base/gst-libs/gst/rtsp/gstrtspextension.h to /usr/include/gstreamer-1.0/gst/rtsp/
#5 956.8 Installing /gstreamer/subprojects/gst-plugins-base/gst-libs/gst/rtsp/gstrtsp.h to /usr/include/gstreamer-1.0/gst/rtsp/
#5 956.8 Installing /gstreamer/subprojects/gst-plugins-base/gst-libs/gst/rtsp/gstrtspmessage.h to /usr/include/gstreamer-1.0/gst/rtsp/
#5 956.8 Installing /gstreamer/subprojects/gst-plugins-base/gst-libs/gst/rtsp/gstrtsprange.h to /usr/include/gstreamer-1.0/gst/rtsp/
#5 956.8 Installing /gstreamer/subprojects/gst-plugins-base/gst-libs/gst/rtsp/gstrtsptransport.h to /usr/include/gstreamer-1.0/gst/rtsp/
#5 956.8 Installing /gstreamer/subprojects/gst-plugins-base/gst-libs/gst/rtsp/gstrtspurl.h to /usr/include/gstreamer-1.0/gst/rtsp/
#5 956.8 Installing /gstreamer/subprojects/gst-plugins-base/gst-libs/gst/rtsp/rtsp-prelude.h to /usr/include/gstreamer-1.0/gst/rtsp/
#5 956.8 Installing /gstreamer/subprojects/gst-plugins-base/gst-libs/gst/rtsp/rtsp.h to /usr/include/gstreamer-1.0/gst/rtsp/
#5 956.8 Installing /gstreamer/subprojects/gst-plugins-base/gst-libs/gst/riff/riff.h to /usr/include/gstreamer-1.0/gst/riff/
#5 956.8 Installing /gstreamer/subprojects/gst-plugins-base/gst-libs/gst/riff/riff-prelude.h to /usr/include/gstreamer-1.0/gst/riff/
#5 956.8 Installing /gstreamer/subprojects/gst-plugins-base/gst-libs/gst/riff/riff-ids.h to /usr/include/gstreamer-1.0/gst/riff/
#5 956.8 Installing /gstreamer/subprojects/gst-plugins-base/gst-libs/gst/riff/riff-media.h to /usr/include/gstreamer-1.0/gst/riff/
#5 956.8 Installing /gstreamer/subprojects/gst-plugins-base/gst-libs/gst/riff/riff-read.h to /usr/include/gstreamer-1.0/gst/riff/
#5 956.8 Installing /gstreamer/subprojects/gst-plugins-base/gst-libs/gst/app/gstappsrc.h to /usr/include/gstreamer-1.0/gst/app/
#5 956.8 Installing /gstreamer/subprojects/gst-plugins-base/gst-libs/gst/app/app.h to /usr/include/gstreamer-1.0/gst/app/
#5 956.8 Installing /gstreamer/subprojects/gst-plugins-base/gst-libs/gst/app/app-prelude.h to /usr/include/gstreamer-1.0/gst/app/
#5 956.8 Installing /gstreamer/subprojects/gst-plugins-base/gst-libs/gst/app/gstappsrc.h to /usr/include/gstreamer-1.0/gst/app
#5 956.8 Installing /gstreamer/subprojects/gst-plugins-base/gst-libs/gst/app/gstappsink.h to /usr/include/gstreamer-1.0/gst/app/
#5 956.8 Installing /gstreamer/subprojects/gst-plugins-base/gst-libs/gst/allocators/allocators.h to /usr/include/gstreamer-1.0/gst/allocators/
#5 956.8 Installing /gstreamer/subprojects/gst-plugins-base/gst-libs/gst/allocators/allocators-prelude.h to /usr/include/gstreamer-1.0/gst/allocators/
#5 956.8 Installing /gstreamer/subprojects/gst-plugins-base/gst-libs/gst/allocators/gstfdmemory.h to /usr/include/gstreamer-1.0/gst/allocators/
#5 956.8 Installing /gstreamer/subprojects/gst-plugins-base/gst-libs/gst/allocators/gstphysmemory.h to /usr/include/gstreamer-1.0/gst/allocators/
#5 956.8 Installing /gstreamer/subprojects/gst-plugins-base/gst-libs/gst/allocators/gstdmabuf.h to /usr/include/gstreamer-1.0/gst/allocators/
#5 956.8 Installing /gstreamer/subprojects/gl-headers/wglext/GL/wglext.h to /usr/include/GL/
#5 956.8 Installing /gstreamer/subprojects/gst-plugins-base/gst-libs/gst/gl/gl.h to /usr/include/gstreamer-1.0/gst/gl/
#5 956.8 Installing /gstreamer/subprojects/gst-plugins-base/gst-libs/gst/gl/gl-prelude.h to /usr/include/gstreamer-1.0/gst/gl/
#5 956.8 Installing /gstreamer/subprojects/gst-plugins-base/gst-libs/gst/gl/gstgl_enums.h to /usr/include/gstreamer-1.0/gst/gl/
#5 956.8 Installing /gstreamer/subprojects/gst-plugins-base/gst-libs/gst/gl/gstgl_fwd.h to /usr/include/gstreamer-1.0/gst/gl/
#5 956.8 Installing /gstreamer/subprojects/gst-plugins-base/gst-libs/gst/gl/gstglapi.h to /usr/include/gstreamer-1.0/gst/gl/
#5 956.8 Installing /gstreamer/subprojects/gst-plugins-base/gst-libs/gst/gl/gstglbasefilter.h to /usr/include/gstreamer-1.0/gst/gl/
#5 956.8 Installing /gstreamer/subprojects/gst-plugins-base/gst-libs/gst/gl/gstglbasememory.h to /usr/include/gstreamer-1.0/gst/gl/
#5 956.8 Installing /gstreamer/subprojects/gst-plugins-base/gst-libs/gst/gl/gstglbasesrc.h to /usr/include/gstreamer-1.0/gst/gl/
#5 956.8 Installing /gstreamer/subprojects/gst-plugins-base/gst-libs/gst/gl/gstglbuffer.h to /usr/include/gstreamer-1.0/gst/gl/
#5 956.8 Installing /gstreamer/subprojects/gst-plugins-base/gst-libs/gst/gl/gstglbufferpool.h to /usr/include/gstreamer-1.0/gst/gl/
#5 956.8 Installing /gstreamer/subprojects/gst-plugins-base/gst-libs/gst/gl/gstglcolorconvert.h to /usr/include/gstreamer-1.0/gst/gl/
#5 956.8 Installing /gstreamer/subprojects/gst-plugins-base/gst-libs/gst/gl/gstglcontext.h to /usr/include/gstreamer-1.0/gst/gl/
#5 956.8 Installing /gstreamer/subprojects/gst-plugins-base/gst-libs/gst/gl/gstglcontextconfig.h to /usr/include/gstreamer-1.0/gst/gl/
#5 956.8 Installing /gstreamer/subprojects/gst-plugins-base/gst-libs/gst/gl/gstgldebug.h to /usr/include/gstreamer-1.0/gst/gl/
#5 956.8 Installing /gstreamer/subprojects/gst-plugins-base/gst-libs/gst/gl/gstgldisplay.h to /usr/include/gstreamer-1.0/gst/gl/
#5 956.8 Installing /gstreamer/subprojects/gst-plugins-base/gst-libs/gst/gl/gstglfeature.h to /usr/include/gstreamer-1.0/gst/gl/
#5 956.8 Installing /gstreamer/subprojects/gst-plugins-base/gst-libs/gst/gl/gstglfilter.h to /usr/include/gstreamer-1.0/gst/gl/
#5 956.8 Installing /gstreamer/subprojects/gst-plugins-base/gst-libs/gst/gl/gstglformat.h to /usr/include/gstreamer-1.0/gst/gl/
#5 956.8 Installing /gstreamer/subprojects/gst-plugins-base/gst-libs/gst/gl/gstglframebuffer.h to /usr/include/gstreamer-1.0/gst/gl/
#5 956.8 Installing /gstreamer/subprojects/gst-plugins-base/gst-libs/gst/gl/gstglmemory.h to /usr/include/gstreamer-1.0/gst/gl/
#5 956.8 Installing /gstreamer/subprojects/gst-plugins-base/gst-libs/gst/gl/gstglmemorypbo.h to /usr/include/gstreamer-1.0/gst/gl/
#5 956.8 Installing /gstreamer/subprojects/gst-plugins-base/gst-libs/gst/gl/gstgloverlaycompositor.h to /usr/include/gstreamer-1.0/gst/gl/
#5 956.8 Installing /gstreamer/subprojects/gst-plugins-base/gst-libs/gst/gl/gstglquery.h to /usr/include/gstreamer-1.0/gst/gl/
#5 956.8 Installing /gstreamer/subprojects/gst-plugins-base/gst-libs/gst/gl/gstglrenderbuffer.h to /usr/include/gstreamer-1.0/gst/gl/
#5 956.8 Installing /gstreamer/subprojects/gst-plugins-base/gst-libs/gst/gl/gstglshader.h to /usr/include/gstreamer-1.0/gst/gl/
#5 956.8 Installing /gstreamer/subprojects/gst-plugins-base/gst-libs/gst/gl/gstglshaderstrings.h to /usr/include/gstreamer-1.0/gst/gl/
#5 956.8 Installing /gstreamer/subprojects/gst-plugins-base/gst-libs/gst/gl/gstglsl.h to /usr/include/gstreamer-1.0/gst/gl/
#5 956.8 Installing /gstreamer/subprojects/gst-plugins-base/gst-libs/gst/gl/gstglslstage.h to /usr/include/gstreamer-1.0/gst/gl/
#5 956.8 Installing /gstreamer/subprojects/gst-plugins-base/gst-libs/gst/gl/gstglsyncmeta.h to /usr/include/gstreamer-1.0/gst/gl/
#5 956.8 Installing /gstreamer/subprojects/gst-plugins-base/gst-libs/gst/gl/gstglupload.h to /usr/include/gstreamer-1.0/gst/gl/
#5 956.8 Installing /gstreamer/subprojects/gst-plugins-base/gst-libs/gst/gl/gstglutils.h to /usr/include/gstreamer-1.0/gst/gl/
#5 956.8 Installing /gstreamer/subprojects/gst-plugins-base/gst-libs/gst/gl/gstglviewconvert.h to /usr/include/gstreamer-1.0/gst/gl/
#5 956.8 Installing /gstreamer/subprojects/gst-plugins-base/gst-libs/gst/gl/gstglwindow.h to /usr/include/gstreamer-1.0/gst/gl/
#5 956.8 Installing /gstreamer/subprojects/gst-plugins-base/gst-libs/gst/gl/gstglfuncs.h to /usr/include/gstreamer-1.0/gst/gl/
#5 956.8 Installing /gstreamer/subprojects/gst-plugins-base/gst-libs/gst/gl/glprototypes/all_functions.h to /usr/include/gstreamer-1.0/gst/gl/glprototypes/
#5 956.8 Installing /gstreamer/subprojects/gst-plugins-base/gst-libs/gst/gl/glprototypes/base.h to /usr/include/gstreamer-1.0/gst/gl/glprototypes/
#5 956.8 Installing /gstreamer/subprojects/gst-plugins-base/gst-libs/gst/gl/glprototypes/buffer_storage.h to /usr/include/gstreamer-1.0/gst/gl/glprototypes/
#5 956.8 Installing /gstreamer/subprojects/gst-plugins-base/gst-libs/gst/gl/glprototypes/blending.h to /usr/include/gstreamer-1.0/gst/gl/glprototypes/
#5 956.8 Installing /gstreamer/subprojects/gst-plugins-base/gst-libs/gst/gl/glprototypes/buffers.h to /usr/include/gstreamer-1.0/gst/gl/glprototypes/
#5 956.8 Installing /gstreamer/subprojects/gst-plugins-base/gst-libs/gst/gl/glprototypes/debug.h to /usr/include/gstreamer-1.0/gst/gl/glprototypes/
#5 956.8 Installing /gstreamer/subprojects/gst-plugins-base/gst-libs/gst/gl/glprototypes/eglimage.h to /usr/include/gstreamer-1.0/gst/gl/glprototypes/
#5 956.8 Installing /gstreamer/subprojects/gst-plugins-base/gst-libs/gst/gl/glprototypes/fbo.h to /usr/include/gstreamer-1.0/gst/gl/glprototypes/
#5 956.8 Installing /gstreamer/subprojects/gst-plugins-base/gst-libs/gst/gl/glprototypes/fixedfunction.h to /usr/include/gstreamer-1.0/gst/gl/glprototypes/
#5 956.8 Installing /gstreamer/subprojects/gst-plugins-base/gst-libs/gst/gl/glprototypes/gles.h to /usr/include/gstreamer-1.0/gst/gl/glprototypes/
#5 956.8 Installing /gstreamer/subprojects/gst-plugins-base/gst-libs/gst/gl/glprototypes/gstgl_compat.h to /usr/include/gstreamer-1.0/gst/gl/glprototypes/
#5 956.8 Installing /gstreamer/subprojects/gst-plugins-base/gst-libs/gst/gl/glprototypes/gstgl_gles2compat.h to /usr/include/gstreamer-1.0/gst/gl/glprototypes/
#5 956.8 Installing /gstreamer/subprojects/gst-plugins-base/gst-libs/gst/gl/glprototypes/opengl.h to /usr/include/gstreamer-1.0/gst/gl/glprototypes/
#5 956.8 Installing /gstreamer/subprojects/gst-plugins-base/gst-libs/gst/gl/glprototypes/query.h to /usr/include/gstreamer-1.0/gst/gl/glprototypes/
#5 956.8 Installing /gstreamer/subprojects/gst-plugins-base/gst-libs/gst/gl/glprototypes/shaders.h to /usr/include/gstreamer-1.0/gst/gl/glprototypes/
#5 956.8 Installing /gstreamer/subprojects/gst-plugins-base/gst-libs/gst/gl/glprototypes/sync.h to /usr/include/gstreamer-1.0/gst/gl/glprototypes/
#5 956.8 Installing /gstreamer/subprojects/gst-plugins-base/gst-libs/gst/gl/glprototypes/vao.h to /usr/include/gstreamer-1.0/gst/gl/glprototypes/
#5 956.8 Installing /gstreamer/subprojects/gst-plugins-base/gst-libs/gst/gl/wayland/wayland.h to /usr/include/gstreamer-1.0/gst/gl/wayland/
#5 956.8 Installing /gstreamer/subprojects/gst-plugins-base/gst-libs/gst/gl/wayland/gstgldisplay_wayland.h to /usr/include/gstreamer-1.0/gst/gl/wayland/
#5 956.8 Installing /gstreamer/subprojects/gst-plugins-base/gst-libs/gst/gl/egl/egl.h to /usr/include/gstreamer-1.0/gst/gl/egl/
#5 956.8 Installing /gstreamer/subprojects/gst-plugins-base/gst-libs/gst/gl/egl/gstegl.h to /usr/include/gstreamer-1.0/gst/gl/egl/
#5 956.8 Installing /gstreamer/subprojects/gst-plugins-base/gst-libs/gst/gl/egl/gsteglimage.h to /usr/include/gstreamer-1.0/gst/gl/egl/
#5 956.8 Installing /gstreamer/subprojects/gst-plugins-base/gst-libs/gst/gl/egl/gstgldisplay_egl.h to /usr/include/gstreamer-1.0/gst/gl/egl/
#5 956.8 Installing /gstreamer/subprojects/gst-plugins-base/gst-libs/gst/gl/egl/gstglmemoryegl.h to /usr/include/gstreamer-1.0/gst/gl/egl/
#5 956.8 Installing /gstreamer/subprojects/gst-plugins-base/gst-libs/gst/gl/egl/gstgldisplay_egl_device.h to /usr/include/gstreamer-1.0/gst/gl/egl/
#5 956.8 Installing /gstreamer/subprojects/libnice/agent/address.h to /usr/include/nice
#5 956.8 Installing /gstreamer/subprojects/libnice/agent/agent.h to /usr/include/nice
#5 956.8 Installing /gstreamer/subprojects/libnice/agent/candidate.h to /usr/include/nice
#5 956.8 Installing /gstreamer/subprojects/libnice/agent/debug.h to /usr/include/nice
#5 956.8 Installing /gstreamer/subprojects/libnice/agent/interfaces.h to /usr/include/nice
#5 956.8 Installing /gstreamer/subprojects/libnice/agent/pseudotcp.h to /usr/include/nice
#5 956.8 Installing /gstreamer/subprojects/libnice/stun/stunagent.h to /usr/include/stun
#5 956.8 Installing /gstreamer/subprojects/libnice/stun/stunmessage.h to /usr/include/stun
#5 956.8 Installing /gstreamer/subprojects/libnice/stun/win32_common.h to /usr/include/stun
#5 956.8 Installing /gstreamer/subprojects/libnice/stun/debug.h to /usr/include/stun
#5 956.8 Installing /gstreamer/subprojects/libnice/stun/constants.h to /usr/include/stun
#5 956.8 Installing /gstreamer/subprojects/libnice/stun/usages/bind.h to /usr/include/stun/usages
#5 956.8 Installing /gstreamer/subprojects/libnice/stun/usages/ice.h to /usr/include/stun/usages
#5 956.8 Installing /gstreamer/subprojects/libnice/stun/usages/turn.h to /usr/include/stun/usages
#5 956.8 Installing /gstreamer/subprojects/libnice/stun/usages/timer.h to /usr/include/stun/usages
#5 956.8 Installing /gstreamer/subprojects/libnice/nice/nice.h to /usr/include/nice
#5 956.8 Installing /gstreamer/subprojects/gst-plugins-bad/gst-libs/gst/uridownloader/uridownloader-prelude.h to /usr/include/gstreamer-1.0/gst/uridownloader/
#5 956.8 Installing /gstreamer/subprojects/gst-plugins-bad/gst-libs/gst/uridownloader/gstfragment.h to /usr/include/gstreamer-1.0/gst/uridownloader/
#5 956.8 Installing /gstreamer/subprojects/gst-plugins-bad/gst-libs/gst/uridownloader/gsturidownloader.h to /usr/include/gstreamer-1.0/gst/uridownloader/
#5 956.8 Installing /gstreamer/subprojects/gst-plugins-bad/gst-libs/gst/uridownloader/gsturidownloader_debug.h to /usr/include/gstreamer-1.0/gst/uridownloader/
#5 956.8 Installing /gstreamer/subprojects/gst-plugins-bad/gst-libs/gst/audio/gstnonstreamaudiodecoder.h to /usr/include/gstreamer-1.0/gst/audio/
#5 956.8 Installing /gstreamer/subprojects/gst-plugins-bad/gst-libs/gst/audio/audio-bad-prelude.h to /usr/include/gstreamer-1.0/gst/audio/
#5 956.8 Installing /gstreamer/subprojects/gst-plugins-bad/gst-libs/gst/audio/gstplanaraudioadapter.h to /usr/include/gstreamer-1.0/gst/audio/
#5 956.8 Installing /gstreamer/subprojects/gst-plugins-bad/gst-libs/gst/basecamerabinsrc/basecamerabinsrc-prelude.h to /usr/include/gstreamer-1.0/gst/basecamerabinsrc/
#5 956.8 Installing /gstreamer/subprojects/gst-plugins-bad/gst-libs/gst/basecamerabinsrc/gstcamerabin-enum.h to /usr/include/gstreamer-1.0/gst/basecamerabinsrc/
#5 956.8 Installing /gstreamer/subprojects/gst-plugins-bad/gst-libs/gst/basecamerabinsrc/gstcamerabinpreview.h to /usr/include/gstreamer-1.0/gst/basecamerabinsrc/
#5 956.8 Installing /gstreamer/subprojects/gst-plugins-bad/gst-libs/gst/basecamerabinsrc/gstbasecamerasrc.h to /usr/include/gstreamer-1.0/gst/basecamerabinsrc/
#5 956.8 Installing /gstreamer/subprojects/gst-plugins-bad/gst-libs/gst/codecparsers/codecparsers-prelude.h to /usr/include/gstreamer-1.0/gst/codecparsers/
#5 956.8 Installing /gstreamer/subprojects/gst-plugins-bad/gst-libs/gst/codecparsers/gstmpegvideoparser.h to /usr/include/gstreamer-1.0/gst/codecparsers/
#5 956.8 Installing /gstreamer/subprojects/gst-plugins-bad/gst-libs/gst/codecparsers/gsth264parser.h to /usr/include/gstreamer-1.0/gst/codecparsers/
#5 956.8 Installing /gstreamer/subprojects/gst-plugins-bad/gst-libs/gst/codecparsers/gstvc1parser.h to /usr/include/gstreamer-1.0/gst/codecparsers/
#5 956.8 Installing /gstreamer/subprojects/gst-plugins-bad/gst-libs/gst/codecparsers/gstmpeg4parser.h to /usr/include/gstreamer-1.0/gst/codecparsers/
#5 956.8 Installing /gstreamer/subprojects/gst-plugins-bad/gst-libs/gst/codecparsers/gsth265parser.h to /usr/include/gstreamer-1.0/gst/codecparsers/
#5 956.8 Installing /gstreamer/subprojects/gst-plugins-bad/gst-libs/gst/codecparsers/gstvp8parser.h to /usr/include/gstreamer-1.0/gst/codecparsers/
#5 956.8 Installing /gstreamer/subprojects/gst-plugins-bad/gst-libs/gst/codecparsers/gstvp8rangedecoder.h to /usr/include/gstreamer-1.0/gst/codecparsers/
#5 956.8 Installing /gstreamer/subprojects/gst-plugins-bad/gst-libs/gst/codecparsers/gstjpeg2000sampling.h to /usr/include/gstreamer-1.0/gst/codecparsers/
#5 956.8 Installing /gstreamer/subprojects/gst-plugins-bad/gst-libs/gst/codecparsers/gstjpegparser.h to /usr/include/gstreamer-1.0/gst/codecparsers/
#5 956.8 Installing /gstreamer/subprojects/gst-plugins-bad/gst-libs/gst/codecparsers/gstmpegvideometa.h to /usr/include/gstreamer-1.0/gst/codecparsers/
#5 956.8 Installing /gstreamer/subprojects/gst-plugins-bad/gst-libs/gst/codecparsers/gstvp9parser.h to /usr/include/gstreamer-1.0/gst/codecparsers/
#5 956.8 Installing /gstreamer/subprojects/gst-plugins-bad/gst-libs/gst/codecparsers/gstav1parser.h to /usr/include/gstreamer-1.0/gst/codecparsers/
#5 956.8 Installing /gstreamer/subprojects/gst-plugins-bad/gst-libs/gst/cuda/cuda-prelude.h to /usr/include/gstreamer-1.0/gst/cuda/
#5 956.8 Installing /gstreamer/subprojects/gst-plugins-bad/gst-libs/gst/cuda/gstcudabufferpool.h to /usr/include/gstreamer-1.0/gst/cuda/
#5 956.8 Installing /gstreamer/subprojects/gst-plugins-bad/gst-libs/gst/cuda/gstcudacontext.h to /usr/include/gstreamer-1.0/gst/cuda/
#5 956.9 Installing /gstreamer/subprojects/gst-plugins-bad/gst-libs/gst/cuda/gstcudaloader.h to /usr/include/gstreamer-1.0/gst/cuda/
#5 956.9 Installing /gstreamer/subprojects/gst-plugins-bad/gst-libs/gst/cuda/gstcudamemory.h to /usr/include/gstreamer-1.0/gst/cuda/
#5 956.9 Installing /gstreamer/subprojects/gst-plugins-bad/gst-libs/gst/cuda/gstcudanvrtc.h to /usr/include/gstreamer-1.0/gst/cuda/
#5 956.9 Installing /gstreamer/subprojects/gst-plugins-bad/gst-libs/gst/cuda/gstcudautils.h to /usr/include/gstreamer-1.0/gst/cuda/
#5 956.9 Installing /gstreamer/subprojects/gst-plugins-bad/gst-libs/gst/cuda/cuda-gst.h to /usr/include/gstreamer-1.0/gst/cuda/
#5 956.9 Installing /gstreamer/subprojects/gst-plugins-bad/gst-libs/gst/insertbin/gstinsertbin.h to /usr/include/gstreamer-1.0/gst/insertbin/
#5 956.9 Installing /gstreamer/subprojects/gst-plugins-bad/gst-libs/gst/interfaces/photography.h to /usr/include/gstreamer-1.0/gst/interfaces/
#5 956.9 Installing /gstreamer/subprojects/gst-plugins-bad/gst-libs/gst/interfaces/photography-prelude.h to /usr/include/gstreamer-1.0/gst/interfaces/
#5 956.9 Installing /gstreamer/subprojects/gst-plugins-bad/gst-libs/gst/isoff/gstisoff.h to /usr/include/gstreamer-1.0/gst/isoff/
#5 956.9 Installing /gstreamer/subprojects/gst-plugins-bad/gst-libs/gst/mpegts/gstmpegtssection.h to /usr/include/gstreamer-1.0/gst/mpegts/
#5 956.9 Installing /gstreamer/subprojects/gst-plugins-bad/gst-libs/gst/mpegts/gst-atsc-section.h to /usr/include/gstreamer-1.0/gst/mpegts/
#5 956.9 Installing /gstreamer/subprojects/gst-plugins-bad/gst-libs/gst/mpegts/gst-dvb-section.h to /usr/include/gstreamer-1.0/gst/mpegts/
#5 956.9 Installing /gstreamer/subprojects/gst-plugins-bad/gst-libs/gst/mpegts/gst-scte-section.h to /usr/include/gstreamer-1.0/gst/mpegts/
#5 956.9 Installing /gstreamer/subprojects/gst-plugins-bad/gst-libs/gst/mpegts/gst-hdmv-section.h to /usr/include/gstreamer-1.0/gst/mpegts/
#5 956.9 Installing /gstreamer/subprojects/gst-plugins-bad/gst-libs/gst/mpegts/gstmpegtsdescriptor.h to /usr/include/gstreamer-1.0/gst/mpegts/
#5 956.9 Installing /gstreamer/subprojects/gst-plugins-bad/gst-libs/gst/mpegts/gst-atsc-descriptor.h to /usr/include/gstreamer-1.0/gst/mpegts/
#5 956.9 Installing /gstreamer/subprojects/gst-plugins-bad/gst-libs/gst/mpegts/gst-dvb-descriptor.h to /usr/include/gstreamer-1.0/gst/mpegts/
#5 956.9 Installing /gstreamer/subprojects/gst-plugins-bad/gst-libs/gst/mpegts/gst-isdb-descriptor.h to /usr/include/gstreamer-1.0/gst/mpegts/
#5 956.9 Installing /gstreamer/subprojects/gst-plugins-bad/gst-libs/gst/mpegts/mpegts-prelude.h to /usr/include/gstreamer-1.0/gst/mpegts/
#5 956.9 Installing /gstreamer/subprojects/gst-plugins-bad/gst-libs/gst/mpegts/mpegts.h to /usr/include/gstreamer-1.0/gst/mpegts/
#5 956.9 Installing /gstreamer/subprojects/gst-plugins-bad/gst-libs/gst/play/play.h to /usr/include/gstreamer-1.0/gst/play/
#5 956.9 Installing /gstreamer/subprojects/gst-plugins-bad/gst-libs/gst/play/play-prelude.h to /usr/include/gstreamer-1.0/gst/play/
#5 956.9 Installing /gstreamer/subprojects/gst-plugins-bad/gst-libs/gst/play/gstplay.h to /usr/include/gstreamer-1.0/gst/play/
#5 956.9 Installing /gstreamer/subprojects/gst-plugins-bad/gst-libs/gst/play/gstplay-types.h to /usr/include/gstreamer-1.0/gst/play/
#5 956.9 Installing /gstreamer/subprojects/gst-plugins-bad/gst-libs/gst/play/gstplay-signal-adapter.h to /usr/include/gstreamer-1.0/gst/play/
#5 956.9 Installing /gstreamer/subprojects/gst-plugins-bad/gst-libs/gst/play/gstplay-video-renderer.h to /usr/include/gstreamer-1.0/gst/play/
#5 956.9 Installing /gstreamer/subprojects/gst-plugins-bad/gst-libs/gst/play/gstplay-media-info.h to /usr/include/gstreamer-1.0/gst/play/
#5 956.9 Installing /gstreamer/subprojects/gst-plugins-bad/gst-libs/gst/play/gstplay-video-overlay-video-renderer.h to /usr/include/gstreamer-1.0/gst/play/
#5 956.9 Installing /gstreamer/subprojects/gst-plugins-bad/gst-libs/gst/play/gstplay-visualization.h to /usr/include/gstreamer-1.0/gst/play/
#5 956.9 Installing /gstreamer/subprojects/gst-plugins-bad/gst-libs/gst/player/player.h to /usr/include/gstreamer-1.0/gst/player/
#5 956.9 Installing /gstreamer/subprojects/gst-plugins-bad/gst-libs/gst/player/player-prelude.h to /usr/include/gstreamer-1.0/gst/player/
#5 956.9 Installing /gstreamer/subprojects/gst-plugins-bad/gst-libs/gst/player/gstplayer.h to /usr/include/gstreamer-1.0/gst/player/
#5 956.9 Installing /gstreamer/subprojects/gst-plugins-bad/gst-libs/gst/player/gstplayer-types.h to /usr/include/gstreamer-1.0/gst/player/
#5 956.9 Installing /gstreamer/subprojects/gst-plugins-bad/gst-libs/gst/player/gstplayer-signal-dispatcher.h to /usr/include/gstreamer-1.0/gst/player/
#5 956.9 Installing /gstreamer/subprojects/gst-plugins-bad/gst-libs/gst/player/gstplayer-video-renderer.h to /usr/include/gstreamer-1.0/gst/player/
#5 956.9 Installing /gstreamer/subprojects/gst-plugins-bad/gst-libs/gst/player/gstplayer-media-info.h to /usr/include/gstreamer-1.0/gst/player/
#5 956.9 Installing /gstreamer/subprojects/gst-plugins-bad/gst-libs/gst/player/gstplayer-g-main-context-signal-dispatcher.h to /usr/include/gstreamer-1.0/gst/player/
#5 956.9 Installing /gstreamer/subprojects/gst-plugins-bad/gst-libs/gst/player/gstplayer-video-overlay-video-renderer.h to /usr/include/gstreamer-1.0/gst/player/
#5 956.9 Installing /gstreamer/subprojects/gst-plugins-bad/gst-libs/gst/player/gstplayer-visualization.h to /usr/include/gstreamer-1.0/gst/player/
#5 956.9 Installing /gstreamer/subprojects/gst-plugins-bad/gst-libs/gst/sctp/sctpreceivemeta.h to /usr/include/gstreamer-1.0/gst/sctp/
#5 956.9 Installing /gstreamer/subprojects/gst-plugins-bad/gst-libs/gst/sctp/sctpsendmeta.h to /usr/include/gstreamer-1.0/gst/sctp/
#5 956.9 Installing /gstreamer/subprojects/gst-plugins-bad/gst-libs/gst/sctp/sctp-prelude.h to /usr/include/gstreamer-1.0/gst/sctp/
#5 956.9 Installing /gstreamer/subprojects/gst-plugins-bad/gst-libs/gst/transcoder/gsttranscoder.h to /usr/include/gstreamer-1.0/gst/transcoder/
#5 956.9 Installing /gstreamer/subprojects/gst-plugins-bad/gst-libs/gst/transcoder/transcoder-prelude.h to /usr/include/gstreamer-1.0/gst/transcoder/
#5 956.9 Installing /gstreamer/subprojects/gst-plugins-bad/gst-libs/gst/transcoder/gsttranscoder-signal-adapter.h to /usr/include/gstreamer-1.0/gst/transcoder/
#5 956.9 Installing /gstreamer/subprojects/gst-plugins-bad/gst-libs/gst/va/gstva.h to /usr/include/gstreamer-1.0/gst/va/
#5 956.9 Installing /gstreamer/subprojects/gst-plugins-bad/gst-libs/gst/va/gstvaallocator.h to /usr/include/gstreamer-1.0/gst/va/
#5 956.9 Installing /gstreamer/subprojects/gst-plugins-bad/gst-libs/gst/va/gstvadisplay.h to /usr/include/gstreamer-1.0/gst/va/
#5 956.9 Installing /gstreamer/subprojects/gst-plugins-bad/gst-libs/gst/va/gstvadisplay_drm.h to /usr/include/gstreamer-1.0/gst/va/
#5 956.9 Installing /gstreamer/subprojects/gst-plugins-bad/gst-libs/gst/va/gstvadisplay_wrapped.h to /usr/include/gstreamer-1.0/gst/va/
#5 956.9 Installing /gstreamer/subprojects/gst-plugins-bad/gst-libs/gst/va/gstvapool.h to /usr/include/gstreamer-1.0/gst/va/
#5 956.9 Installing /gstreamer/subprojects/gst-plugins-bad/gst-libs/gst/va/gstvautils.h to /usr/include/gstreamer-1.0/gst/va/
#5 956.9 Installing /gstreamer/subprojects/gst-plugins-bad/gst-libs/gst/va/va-prelude.h to /usr/include/gstreamer-1.0/gst/va/
#5 956.9 Installing /gstreamer/subprojects/gst-plugins-bad/gst-libs/gst/va/va_fwd.h to /usr/include/gstreamer-1.0/gst/va/
#5 956.9 Installing /gstreamer/subprojects/gst-plugins-bad/gst-libs/gst/wayland/gstwl_fwd.h to /usr/include/gstreamer-1.0/gst/wayland/
#5 956.9 Installing /gstreamer/subprojects/gst-plugins-bad/gst-libs/gst/wayland/gstwlbuffer.h to /usr/include/gstreamer-1.0/gst/wayland/
#5 956.9 Installing /gstreamer/subprojects/gst-plugins-bad/gst-libs/gst/wayland/gstwlcontext.h to /usr/include/gstreamer-1.0/gst/wayland/
#5 956.9 Installing /gstreamer/subprojects/gst-plugins-bad/gst-libs/gst/wayland/gstwldisplay.h to /usr/include/gstreamer-1.0/gst/wayland/
#5 956.9 Installing /gstreamer/subprojects/gst-plugins-bad/gst-libs/gst/wayland/gstwllinuxdmabuf.h to /usr/include/gstreamer-1.0/gst/wayland/
#5 956.9 Installing /gstreamer/subprojects/gst-plugins-bad/gst-libs/gst/wayland/gstwlshmallocator.h to /usr/include/gstreamer-1.0/gst/wayland/
#5 956.9 Installing /gstreamer/subprojects/gst-plugins-bad/gst-libs/gst/wayland/gstwlvideobufferpool.h to /usr/include/gstreamer-1.0/gst/wayland/
#5 956.9 Installing /gstreamer/subprojects/gst-plugins-bad/gst-libs/gst/wayland/gstwlvideoformat.h to /usr/include/gstreamer-1.0/gst/wayland/
#5 956.9 Installing /gstreamer/subprojects/gst-plugins-bad/gst-libs/gst/wayland/gstwlwindow.h to /usr/include/gstreamer-1.0/gst/wayland/
#5 956.9 Installing /gstreamer/subprojects/gst-plugins-bad/gst-libs/gst/wayland/wayland.h to /usr/include/gstreamer-1.0/gst/wayland/
#5 956.9 Installing /gstreamer/subprojects/gst-plugins-bad/gst-libs/gst/wayland/wayland-prelude.h to /usr/include/gstreamer-1.0/gst/wayland/
#5 956.9 Installing /gstreamer/subprojects/gst-plugins-bad/gst-libs/gst/webrtc/dtlstransport.h to /usr/include/gstreamer-1.0/gst/webrtc/
#5 956.9 Installing /gstreamer/subprojects/gst-plugins-bad/gst-libs/gst/webrtc/ice.h to /usr/include/gstreamer-1.0/gst/webrtc/
#5 956.9 Installing /gstreamer/subprojects/gst-plugins-bad/gst-libs/gst/webrtc/icestream.h to /usr/include/gstreamer-1.0/gst/webrtc/
#5 956.9 Installing /gstreamer/subprojects/gst-plugins-bad/gst-libs/gst/webrtc/icetransport.h to /usr/include/gstreamer-1.0/gst/webrtc/
#5 956.9 Installing /gstreamer/subprojects/gst-plugins-bad/gst-libs/gst/webrtc/rtcsessiondescription.h to /usr/include/gstreamer-1.0/gst/webrtc/
#5 956.9 Installing /gstreamer/subprojects/gst-plugins-bad/gst-libs/gst/webrtc/rtpreceiver.h to /usr/include/gstreamer-1.0/gst/webrtc/
#5 956.9 Installing /gstreamer/subprojects/gst-plugins-bad/gst-libs/gst/webrtc/rtpsender.h to /usr/include/gstreamer-1.0/gst/webrtc/
#5 956.9 Installing /gstreamer/subprojects/gst-plugins-bad/gst-libs/gst/webrtc/rtptransceiver.h to /usr/include/gstreamer-1.0/gst/webrtc/
#5 956.9 Installing /gstreamer/subprojects/gst-plugins-bad/gst-libs/gst/webrtc/datachannel.h to /usr/include/gstreamer-1.0/gst/webrtc/
#5 956.9 Installing /gstreamer/subprojects/gst-plugins-bad/gst-libs/gst/webrtc/webrtc_fwd.h to /usr/include/gstreamer-1.0/gst/webrtc/
#5 956.9 Installing /gstreamer/subprojects/gst-plugins-bad/gst-libs/gst/webrtc/webrtc.h to /usr/include/gstreamer-1.0/gst/webrtc/
#5 956.9 Installing /gstreamer/subprojects/gst-plugins-bad/gst-libs/gst/webrtc/sctptransport.h to /usr/include/gstreamer-1.0/gst/webrtc/
#5 956.9 Installing /gstreamer/subprojects/gst-plugins-bad/gst-libs/gst/webrtc/nice/nice_fwd.h to /usr/include/gstreamer-1.0/gst/webrtc/nice/
#5 956.9 Installing /gstreamer/subprojects/gst-plugins-bad/gst-libs/gst/webrtc/nice/nice.h to /usr/include/gstreamer-1.0/gst/webrtc/nice/
#5 956.9 Installing /gstreamer/subprojects/gst-plugins-bad/gst-libs/gst/webrtc/nice/nicestream.h to /usr/include/gstreamer-1.0/gst/webrtc/nice/
#5 956.9 Installing /gstreamer/subprojects/gst-plugins-bad/gst-libs/gst/webrtc/nice/nicetransport.h to /usr/include/gstreamer-1.0/gst/webrtc/nice/
#5 956.9 Installing /gstreamer/subprojects/libavtp/include/avtp.h to /usr/include/
#5 956.9 Installing /gstreamer/subprojects/libavtp/include/avtp_aaf.h to /usr/include/
#5 956.9 Installing /gstreamer/subprojects/libavtp/include/avtp_crf.h to /usr/include/
#5 956.9 Installing /gstreamer/subprojects/libavtp/include/avtp_cvf.h to /usr/include/
#5 956.9 Installing /gstreamer/subprojects/libavtp/include/avtp_rvf.h to /usr/include/
#5 956.9 Installing /gstreamer/subprojects/libavtp/include/avtp_ieciidc.h to /usr/include/
#5 956.9 Installing /gstreamer/subprojects/dssim/src/dssim.h to /usr/include/
#5 956.9 Installing /gstreamer/subprojects/libmicrodns/include/microdns/microdns.h to /usr/include/microdns/
#5 956.9 Installing /gstreamer/subprojects/libmicrodns/include/microdns/rr.h to /usr/include/microdns/
#5 956.9 Installing /gstreamer/subprojects/openh264-2.3.1/codec/api/wels/codec_api.h to /usr/include/wels/
#5 956.9 Installing /gstreamer/subprojects/openh264-2.3.1/codec/api/wels/codec_app_def.h to /usr/include/wels/
#5 956.9 Installing /gstreamer/subprojects/openh264-2.3.1/codec/api/wels/codec_def.h to /usr/include/wels/
#5 956.9 Installing /gstreamer/subprojects/openh264-2.3.1/codec/api/wels/codec_ver.h to /usr/include/wels/
#5 956.9 Installing /gstreamer/subprojects/gst-rtsp-server/gst/rtsp-server/rtsp-auth.h to /usr/include/gstreamer-1.0/gst/rtsp-server/
#5 956.9 Installing /gstreamer/subprojects/gst-rtsp-server/gst/rtsp-server/rtsp-address-pool.h to /usr/include/gstreamer-1.0/gst/rtsp-server/
#5 956.9 Installing /gstreamer/subprojects/gst-rtsp-server/gst/rtsp-server/rtsp-context.h to /usr/include/gstreamer-1.0/gst/rtsp-server/
#5 956.9 Installing /gstreamer/subprojects/gst-rtsp-server/gst/rtsp-server/rtsp-params.h to /usr/include/gstreamer-1.0/gst/rtsp-server/
#5 956.9 Installing /gstreamer/subprojects/gst-rtsp-server/gst/rtsp-server/rtsp-sdp.h to /usr/include/gstreamer-1.0/gst/rtsp-server/
#5 956.9 Installing /gstreamer/subprojects/gst-rtsp-server/gst/rtsp-server/rtsp-thread-pool.h to /usr/include/gstreamer-1.0/gst/rtsp-server/
#5 956.9 Installing /gstreamer/subprojects/gst-rtsp-server/gst/rtsp-server/rtsp-media.h to /usr/include/gstreamer-1.0/gst/rtsp-server/
#5 956.9 Installing /gstreamer/subprojects/gst-rtsp-server/gst/rtsp-server/rtsp-media-factory.h to /usr/include/gstreamer-1.0/gst/rtsp-server/
#5 956.9 Installing /gstreamer/subprojects/gst-rtsp-server/gst/rtsp-server/rtsp-media-factory-uri.h to /usr/include/gstreamer-1.0/gst/rtsp-server/
#5 956.9 Installing /gstreamer/subprojects/gst-rtsp-server/gst/rtsp-server/rtsp-mount-points.h to /usr/include/gstreamer-1.0/gst/rtsp-server/
#5 956.9 Installing /gstreamer/subprojects/gst-rtsp-server/gst/rtsp-server/rtsp-permissions.h to /usr/include/gstreamer-1.0/gst/rtsp-server/
#5 956.9 Installing /gstreamer/subprojects/gst-rtsp-server/gst/rtsp-server/rtsp-stream.h to /usr/include/gstreamer-1.0/gst/rtsp-server/
#5 956.9 Installing /gstreamer/subprojects/gst-rtsp-server/gst/rtsp-server/rtsp-stream-transport.h to /usr/include/gstreamer-1.0/gst/rtsp-server/
#5 956.9 Installing /gstreamer/subprojects/gst-rtsp-server/gst/rtsp-server/rtsp-session.h to /usr/include/gstreamer-1.0/gst/rtsp-server/
#5 956.9 Installing /gstreamer/subprojects/gst-rtsp-server/gst/rtsp-server/rtsp-session-media.h to /usr/include/gstreamer-1.0/gst/rtsp-server/
#5 956.9 Installing /gstreamer/subprojects/gst-rtsp-server/gst/rtsp-server/rtsp-session-pool.h to /usr/include/gstreamer-1.0/gst/rtsp-server/
#5 956.9 Installing /gstreamer/subprojects/gst-rtsp-server/gst/rtsp-server/rtsp-token.h to /usr/include/gstreamer-1.0/gst/rtsp-server/
#5 956.9 Installing /gstreamer/subprojects/gst-rtsp-server/gst/rtsp-server/rtsp-client.h to /usr/include/gstreamer-1.0/gst/rtsp-server/
#5 956.9 Installing /gstreamer/subprojects/gst-rtsp-server/gst/rtsp-server/rtsp-server.h to /usr/include/gstreamer-1.0/gst/rtsp-server/
#5 956.9 Installing /gstreamer/subprojects/gst-rtsp-server/gst/rtsp-server/rtsp-server-object.h to /usr/include/gstreamer-1.0/gst/rtsp-server/
#5 956.9 Installing /gstreamer/subprojects/gst-rtsp-server/gst/rtsp-server/rtsp-server-prelude.h to /usr/include/gstreamer-1.0/gst/rtsp-server/
#5 956.9 Installing /gstreamer/subprojects/gst-rtsp-server/gst/rtsp-server/rtsp-onvif-server.h to /usr/include/gstreamer-1.0/gst/rtsp-server/
#5 956.9 Installing /gstreamer/subprojects/gst-rtsp-server/gst/rtsp-server/rtsp-onvif-client.h to /usr/include/gstreamer-1.0/gst/rtsp-server/
#5 956.9 Installing /gstreamer/subprojects/gst-rtsp-server/gst/rtsp-server/rtsp-onvif-media-factory.h to /usr/include/gstreamer-1.0/gst/rtsp-server/
#5 956.9 Installing /gstreamer/subprojects/gst-rtsp-server/gst/rtsp-server/rtsp-onvif-media.h to /usr/include/gstreamer-1.0/gst/rtsp-server/
#5 956.9 Installing /gstreamer/subprojects/gstreamer/tools/gst-inspect-1.0.1 to /usr/share/man/man1
#5 956.9 Installing /gstreamer/subprojects/gstreamer/tools/gst-stats-1.0.1 to /usr/share/man/man1
#5 956.9 Installing /gstreamer/subprojects/gstreamer/tools/gst-typefind-1.0.1 to /usr/share/man/man1
#5 956.9 Installing /gstreamer/subprojects/gstreamer/tools/gst-launch-1.0.1 to /usr/share/man/man1
#5 956.9 Installing /gstreamer/subprojects/gst-plugins-base/tools/gst-device-monitor-1.0.1 to /usr/share/man/man1
#5 956.9 Installing /gstreamer/subprojects/gst-plugins-base/tools/gst-discoverer-1.0.1 to /usr/share/man/man1
#5 956.9 Installing /gstreamer/subprojects/gst-plugins-base/tools/gst-play-1.0.1 to /usr/share/man/man1
#5 956.9 Installing /gstreamer/build/meson-private/orc-test-0.4.pc to /usr/lib/aarch64-linux-gnu/pkgconfig
#5 956.9 Installing /gstreamer/build/meson-private/orc-0.4.pc to /usr/lib/aarch64-linux-gnu/pkgconfig
#5 956.9 Installing /gstreamer/subprojects/orc/orc.m4 to /usr/share/aclocal
#5 956.9 Installing /gstreamer/build/subprojects/gstreamer/gst/gstconfig.h to /usr/include/gstreamer-1.0/gst
#5 956.9 Installing /gstreamer/build/subprojects/gstreamer/gst/gstversion.h to /usr/include/gstreamer-1.0/gst
#5 956.9 Installing /gstreamer/build/meson-private/gstreamer-1.0.pc to /usr/lib/aarch64-linux-gnu/pkgconfig
#5 956.9 Installing /gstreamer/build/meson-private/gstreamer-base-1.0.pc to /usr/lib/aarch64-linux-gnu/pkgconfig
#5 956.9 Installing /gstreamer/build/meson-private/gstreamer-controller-1.0.pc to /usr/lib/aarch64-linux-gnu/pkgconfig
#5 957.0 Installing /gstreamer/build/meson-private/gstreamer-net-1.0.pc to /usr/lib/aarch64-linux-gnu/pkgconfig
#5 957.0 Installing /gstreamer/subprojects/gstreamer/libs/gst/helpers/gst_gdb.py to /usr/share/gstreamer-1.0/gdb
#5 957.0 Installing /gstreamer/subprojects/gstreamer/libs/gst/helpers/glib_gobject_helper.py to /usr/share/gstreamer-1.0/gdb
#5 957.0 Installing /gstreamer/build/subprojects/gstreamer/libs/gst/helpers/libgstreamer-1.0.so.0.2200.0-gdb.py to /usr/share/gdb/auto-load/.//usr/lib/aarch64-linux-gnu
#5 957.0 Installing /gstreamer/build/subprojects/gstreamer/libs/gst/check/internal-check.h to /usr/include/gstreamer-1.0/gst/check
#5 957.0 Installing /gstreamer/build/meson-private/gstreamer-check-1.0.pc to /usr/lib/aarch64-linux-gnu/pkgconfig
#5 957.0 Installing /gstreamer/build/subprojects/gstreamer/data/bash-completion/helpers/gst to /usr/share/bash-completion/helpers
#5 957.0 Installing /gstreamer/subprojects/gstreamer/data/bash-completion/completions/gst-launch-1.0 to /usr/share/bash-completion/completions
#5 957.0 Installing /gstreamer/subprojects/gstreamer/data/bash-completion/completions/gst-inspect-1.0 to /usr/share/bash-completion/completions
#5 957.0 Installing /gstreamer/build/subprojects/gstreamer/docs/gst-plugins-doc-cache-generator to /usr/libexec/gstreamer-1.0
#5 957.0 Installing /gstreamer/subprojects/gstreamer/gst-element-check-1.0.m4 to /usr/share/aclocal
#5 957.0 Installing /gstreamer/subprojects/gst-plugins-base/gst-libs/gst/tag/license-translations.dict to /usr/share/gst-plugins-base/1.0
#5 957.0 Installing /gstreamer/build/meson-private/gstreamer-tag-1.0.pc to /usr/lib/aarch64-linux-gnu/pkgconfig
#5 957.0 Installing /gstreamer/build/meson-private/gstreamer-fft-1.0.pc to /usr/lib/aarch64-linux-gnu/pkgconfig
#5 957.0 Installing /gstreamer/build/meson-private/gstreamer-video-1.0.pc to /usr/lib/aarch64-linux-gnu/pkgconfig
#5 957.0 Installing /gstreamer/build/meson-private/gstreamer-audio-1.0.pc to /usr/lib/aarch64-linux-gnu/pkgconfig
#5 957.0 Installing /gstreamer/build/meson-private/gstreamer-rtp-1.0.pc to /usr/lib/aarch64-linux-gnu/pkgconfig
#5 957.0 Installing /gstreamer/build/subprojects/gst-plugins-base/gst-libs/gst/pbutils/gstpluginsbaseversion.h to /usr/include/gstreamer-1.0/gst/pbutils
#5 957.0 Installing /gstreamer/build/meson-private/gstreamer-pbutils-1.0.pc to /usr/lib/aarch64-linux-gnu/pkgconfig
#5 957.0 Installing /gstreamer/build/meson-private/gstreamer-sdp-1.0.pc to /usr/lib/aarch64-linux-gnu/pkgconfig
#5 957.0 Installing /gstreamer/build/meson-private/gstreamer-rtsp-1.0.pc to /usr/lib/aarch64-linux-gnu/pkgconfig
#5 957.0 Installing /gstreamer/build/meson-private/gstreamer-riff-1.0.pc to /usr/lib/aarch64-linux-gnu/pkgconfig
#5 957.0 Installing /gstreamer/build/meson-private/gstreamer-app-1.0.pc to /usr/lib/aarch64-linux-gnu/pkgconfig
#5 957.0 Installing /gstreamer/build/meson-private/gstreamer-allocators-1.0.pc to /usr/lib/aarch64-linux-gnu/pkgconfig
#5 957.0 Installing /gstreamer/build/subprojects/gst-plugins-base/gst-libs/gst/gl/gstglconfig.h to /usr/lib/aarch64-linux-gnu/gstreamer-1.0/include/gst/gl
#5 957.0 Installing /gstreamer/build/meson-private/gstreamer-gl-1.0.pc to /usr/lib/aarch64-linux-gnu/pkgconfig
#5 957.0 Installing /gstreamer/build/meson-private/gstreamer-gl-prototypes-1.0.pc to /usr/lib/aarch64-linux-gnu/pkgconfig
#5 957.0 Installing /gstreamer/build/meson-private/gstreamer-gl-wayland-1.0.pc to /usr/lib/aarch64-linux-gnu/pkgconfig
#5 957.0 Installing /gstreamer/build/meson-private/gstreamer-gl-egl-1.0.pc to /usr/lib/aarch64-linux-gnu/pkgconfig
#5 957.0 Installing /gstreamer/build/meson-private/gstreamer-plugins-base-1.0.pc to /usr/lib/aarch64-linux-gnu/pkgconfig
#5 957.0 Installing /gstreamer/subprojects/gst-plugins-good/gst/equalizer/GstIirEqualizer3Bands.prs to /usr/share/gstreamer-1.0/presets
#5 957.0 Installing /gstreamer/subprojects/gst-plugins-good/gst/equalizer/GstIirEqualizer10Bands.prs to /usr/share/gstreamer-1.0/presets
#5 957.0 Installing /gstreamer/subprojects/gst-plugins-good/gst/isomp4/GstQTMux.prs to /usr/share/gstreamer-1.0/presets
#5 957.0 Installing /gstreamer/subprojects/gst-plugins-good/ext/vpx/GstVP8Enc.prs to /usr/share/gstreamer-1.0/presets
#5 957.0 Installing /gstreamer/build/subprojects/libnice/nice-version.h to /usr/include/nice
#5 957.0 Installing /gstreamer/build/meson-private/nice.pc to /usr/lib/aarch64-linux-gnu/pkgconfig
#5 957.0 Installing /gstreamer/build/meson-private/gstreamer-plugins-bad-1.0.pc to /usr/lib/aarch64-linux-gnu/pkgconfig
#5 957.0 Installing /gstreamer/build/meson-private/gstreamer-bad-audio-1.0.pc to /usr/lib/aarch64-linux-gnu/pkgconfig
#5 957.0 Installing /gstreamer/build/meson-private/gstreamer-codecparsers-1.0.pc to /usr/lib/aarch64-linux-gnu/pkgconfig
#5 957.0 Installing /gstreamer/build/meson-private/gstreamer-cuda-1.0.pc to /usr/lib/aarch64-linux-gnu/pkgconfig
#5 957.0 Installing /gstreamer/build/meson-private/gstreamer-insertbin-1.0.pc to /usr/lib/aarch64-linux-gnu/pkgconfig
#5 957.0 Installing /gstreamer/build/meson-private/gstreamer-photography-1.0.pc to /usr/lib/aarch64-linux-gnu/pkgconfig
#5 957.0 Installing /gstreamer/build/meson-private/gstreamer-mpegts-1.0.pc to /usr/lib/aarch64-linux-gnu/pkgconfig
#5 957.0 Installing /gstreamer/build/meson-private/gstreamer-play-1.0.pc to /usr/lib/aarch64-linux-gnu/pkgconfig
#5 957.0 Installing /gstreamer/build/meson-private/gstreamer-player-1.0.pc to /usr/lib/aarch64-linux-gnu/pkgconfig
#5 957.0 Installing /gstreamer/build/meson-private/gstreamer-sctp-1.0.pc to /usr/lib/aarch64-linux-gnu/pkgconfig
#5 957.0 Installing /gstreamer/build/meson-private/gstreamer-transcoder-1.0.pc to /usr/lib/aarch64-linux-gnu/pkgconfig
#5 957.0 Installing /gstreamer/build/meson-private/gstreamer-va-1.0.pc to /usr/lib/aarch64-linux-gnu/pkgconfig
#5 957.0 Installing /gstreamer/build/meson-private/gstreamer-wayland-1.0.pc to /usr/lib/aarch64-linux-gnu/pkgconfig
#5 957.0 Installing /gstreamer/build/meson-private/gstreamer-webrtc-1.0.pc to /usr/lib/aarch64-linux-gnu/pkgconfig
#5 957.0 Installing /gstreamer/build/meson-private/gstreamer-webrtc-nice-1.0.pc to /usr/lib/aarch64-linux-gnu/pkgconfig
#5 957.0 Installing /gstreamer/subprojects/gst-plugins-bad/gst/freeverb/GstFreeverb.prs to /usr/share/gstreamer-1.0/presets
#5 957.0 Installing /gstreamer/build/meson-private/avtp.pc to /usr/lib/aarch64-linux-gnu/pkgconfig
#5 957.0 Installing /gstreamer/build/meson-private/dssim.pc to /usr/lib/aarch64-linux-gnu/pkgconfig
#5 957.0 Installing /gstreamer/build/meson-private/microdns.pc to /usr/lib/aarch64-linux-gnu/pkgconfig
#5 957.0 Installing /gstreamer/build/meson-private/openh264.pc to /usr/lib/aarch64-linux-gnu/pkgconfig
#5 957.0 Installing /gstreamer/subprojects/gst-plugins-bad/ext/voamrwbenc/GstVoAmrwbEnc.prs to /usr/share/gstreamer-1.0/presets
#5 957.0 Installing /gstreamer/subprojects/gst-plugins-bad/data/targets/file-extension/ogv.gep to /usr/share/gstreamer-1.0/encoding-profiles/file-extension
#5 957.0 Installing /gstreamer/subprojects/gst-plugins-bad/data/targets/file-extension/oga.gep to /usr/share/gstreamer-1.0/encoding-profiles/file-extension
#5 957.0 Installing /gstreamer/subprojects/gst-plugins-bad/data/targets/file-extension/mkv.gep to /usr/share/gstreamer-1.0/encoding-profiles/file-extension
#5 957.0 Installing /gstreamer/subprojects/gst-plugins-bad/data/targets/file-extension/mp3.gep to /usr/share/gstreamer-1.0/encoding-profiles/file-extension
#5 957.0 Installing /gstreamer/subprojects/gst-plugins-bad/data/targets/file-extension/webm.gep to /usr/share/gstreamer-1.0/encoding-profiles/file-extension
#5 957.0 Installing /gstreamer/subprojects/gst-plugins-bad/data/targets/file-extension/flv.gep to /usr/share/gstreamer-1.0/encoding-profiles/file-extension
#5 957.0 Installing /gstreamer/subprojects/gst-plugins-bad/data/targets/file-extension/mp4.gep to /usr/share/gstreamer-1.0/encoding-profiles/file-extension
#5 957.0 Installing /gstreamer/subprojects/gst-plugins-bad/data/targets/file-extension/ts.gep to /usr/share/gstreamer-1.0/encoding-profiles/file-extension
#5 957.0 Installing /gstreamer/subprojects/gst-plugins-bad/data/targets/file-extension/avi.gep to /usr/share/gstreamer-1.0/encoding-profiles/file-extension
#5 957.0 Installing /gstreamer/subprojects/gst-plugins-bad/data/targets/online-service/youtube.gep to /usr/share/gstreamer-1.0/encoding-profiles/online-services
#5 957.0 Installing /gstreamer/subprojects/gst-plugins-bad/data/targets/device/dvd.gep to /usr/share/gstreamer-1.0/encoding-profiles/device
#5 957.0 Installing /gstreamer/subprojects/gst-plugins-ugly/ext/amrnb/GstAmrnbEnc.prs to /usr/share/gstreamer-1.0/presets
#5 957.0 Installing /gstreamer/subprojects/gst-plugins-ugly/ext/x264/GstX264Enc.prs to /usr/share/gstreamer-1.0/presets
#5 957.0 Installing /gstreamer/build/meson-private/gstreamer-rtsp-server-1.0.pc to /usr/lib/aarch64-linux-gnu/pkgconfig
#5 957.0 Installing symlink pointing to liborc-0.4.so.0.33.0 to /usr/lib/aarch64-linux-gnu/liborc-0.4.so.0
#5 957.0 Installing symlink pointing to liborc-0.4.so.0 to /usr/lib/aarch64-linux-gnu/liborc-0.4.so
#5 957.0 Installing symlink pointing to liborc-test-0.4.so.0.33.0 to /usr/lib/aarch64-linux-gnu/liborc-test-0.4.so.0
#5 957.0 Installing symlink pointing to liborc-test-0.4.so.0 to /usr/lib/aarch64-linux-gnu/liborc-test-0.4.so
#5 957.0 Installing symlink pointing to libgstreamer-1.0.so.0.2200.0 to /usr/lib/aarch64-linux-gnu/libgstreamer-1.0.so.0
#5 957.0 Installing symlink pointing to libgstreamer-1.0.so.0 to /usr/lib/aarch64-linux-gnu/libgstreamer-1.0.so
#5 957.0 Installing symlink pointing to libgstbase-1.0.so.0.2200.0 to /usr/lib/aarch64-linux-gnu/libgstbase-1.0.so.0
#5 957.0 Installing symlink pointing to libgstbase-1.0.so.0 to /usr/lib/aarch64-linux-gnu/libgstbase-1.0.so
#5 957.0 Installing symlink pointing to libgstcontroller-1.0.so.0.2200.0 to /usr/lib/aarch64-linux-gnu/libgstcontroller-1.0.so.0
#5 957.0 Installing symlink pointing to libgstcontroller-1.0.so.0 to /usr/lib/aarch64-linux-gnu/libgstcontroller-1.0.so
#5 957.0 Installing symlink pointing to libgstnet-1.0.so.0.2200.0 to /usr/lib/aarch64-linux-gnu/libgstnet-1.0.so.0
#5 957.0 Installing symlink pointing to libgstnet-1.0.so.0 to /usr/lib/aarch64-linux-gnu/libgstnet-1.0.so
#5 957.0 Installing symlink pointing to libgstcheck-1.0.so.0.2200.0 to /usr/lib/aarch64-linux-gnu/libgstcheck-1.0.so.0
#5 957.0 Installing symlink pointing to libgstcheck-1.0.so.0 to /usr/lib/aarch64-linux-gnu/libgstcheck-1.0.so
#5 957.0 Installing symlink pointing to libgsttag-1.0.so.0.2200.0 to /usr/lib/aarch64-linux-gnu/libgsttag-1.0.so.0
#5 957.0 Installing symlink pointing to libgsttag-1.0.so.0 to /usr/lib/aarch64-linux-gnu/libgsttag-1.0.so
#5 957.0 Installing symlink pointing to libgstfft-1.0.so.0.2200.0 to /usr/lib/aarch64-linux-gnu/libgstfft-1.0.so.0
#5 957.0 Installing symlink pointing to libgstfft-1.0.so.0 to /usr/lib/aarch64-linux-gnu/libgstfft-1.0.so
#5 957.0 Installing symlink pointing to libgstvideo-1.0.so.0.2200.0 to /usr/lib/aarch64-linux-gnu/libgstvideo-1.0.so.0
#5 957.0 Installing symlink pointing to libgstvideo-1.0.so.0 to /usr/lib/aarch64-linux-gnu/libgstvideo-1.0.so
#5 957.0 Installing symlink pointing to libgstaudio-1.0.so.0.2200.0 to /usr/lib/aarch64-linux-gnu/libgstaudio-1.0.so.0
#5 957.0 Installing symlink pointing to libgstaudio-1.0.so.0 to /usr/lib/aarch64-linux-gnu/libgstaudio-1.0.so
#5 957.0 Installing symlink pointing to libgstrtp-1.0.so.0.2200.0 to /usr/lib/aarch64-linux-gnu/libgstrtp-1.0.so.0
#5 957.0 Installing symlink pointing to libgstrtp-1.0.so.0 to /usr/lib/aarch64-linux-gnu/libgstrtp-1.0.so
#5 957.0 Installing symlink pointing to libgstpbutils-1.0.so.0.2200.0 to /usr/lib/aarch64-linux-gnu/libgstpbutils-1.0.so.0
#5 957.0 Installing symlink pointing to libgstpbutils-1.0.so.0 to /usr/lib/aarch64-linux-gnu/libgstpbutils-1.0.so
#5 957.0 Installing symlink pointing to libgstsdp-1.0.so.0.2200.0 to /usr/lib/aarch64-linux-gnu/libgstsdp-1.0.so.0
#5 957.0 Installing symlink pointing to libgstsdp-1.0.so.0 to /usr/lib/aarch64-linux-gnu/libgstsdp-1.0.so
#5 957.0 Installing symlink pointing to libgstrtsp-1.0.so.0.2200.0 to /usr/lib/aarch64-linux-gnu/libgstrtsp-1.0.so.0
#5 957.0 Installing symlink pointing to libgstrtsp-1.0.so.0 to /usr/lib/aarch64-linux-gnu/libgstrtsp-1.0.so
#5 957.0 Installing symlink pointing to libgstriff-1.0.so.0.2200.0 to /usr/lib/aarch64-linux-gnu/libgstriff-1.0.so.0
#5 957.0 Installing symlink pointing to libgstriff-1.0.so.0 to /usr/lib/aarch64-linux-gnu/libgstriff-1.0.so
#5 957.0 Installing symlink pointing to libgstapp-1.0.so.0.2200.0 to /usr/lib/aarch64-linux-gnu/libgstapp-1.0.so.0
#5 957.0 Installing symlink pointing to libgstapp-1.0.so.0 to /usr/lib/aarch64-linux-gnu/libgstapp-1.0.so
#5 957.0 Installing symlink pointing to libgstallocators-1.0.so.0.2200.0 to /usr/lib/aarch64-linux-gnu/libgstallocators-1.0.so.0
#5 957.0 Installing symlink pointing to libgstallocators-1.0.so.0 to /usr/lib/aarch64-linux-gnu/libgstallocators-1.0.so
#5 957.0 Installing symlink pointing to libgstgl-1.0.so.0.2200.0 to /usr/lib/aarch64-linux-gnu/libgstgl-1.0.so.0
#5 957.0 Installing symlink pointing to libgstgl-1.0.so.0 to /usr/lib/aarch64-linux-gnu/libgstgl-1.0.so
#5 957.0 Installing symlink pointing to libnice.so.10.13.1 to /usr/lib/aarch64-linux-gnu/libnice.so.10
#5 957.0 Installing symlink pointing to libnice.so.10 to /usr/lib/aarch64-linux-gnu/libnice.so
#5 957.0 Installing symlink pointing to libgsturidownloader-1.0.so.0.2200.0 to /usr/lib/aarch64-linux-gnu/libgsturidownloader-1.0.so.0
#5 957.0 Installing symlink pointing to libgsturidownloader-1.0.so.0 to /usr/lib/aarch64-linux-gnu/libgsturidownloader-1.0.so
#5 957.0 Installing symlink pointing to libgstadaptivedemux-1.0.so.0.2200.0 to /usr/lib/aarch64-linux-gnu/libgstadaptivedemux-1.0.so.0
#5 957.0 Installing symlink pointing to libgstadaptivedemux-1.0.so.0 to /usr/lib/aarch64-linux-gnu/libgstadaptivedemux-1.0.so
#5 957.0 Installing symlink pointing to libgstbadaudio-1.0.so.0.2200.0 to /usr/lib/aarch64-linux-gnu/libgstbadaudio-1.0.so.0
#5 957.0 Installing symlink pointing to libgstbadaudio-1.0.so.0 to /usr/lib/aarch64-linux-gnu/libgstbadaudio-1.0.so
#5 957.0 Installing symlink pointing to libgstbasecamerabinsrc-1.0.so.0.2200.0 to /usr/lib/aarch64-linux-gnu/libgstbasecamerabinsrc-1.0.so.0
#5 957.0 Installing symlink pointing to libgstbasecamerabinsrc-1.0.so.0 to /usr/lib/aarch64-linux-gnu/libgstbasecamerabinsrc-1.0.so
#5 957.0 Installing symlink pointing to libgstcodecparsers-1.0.so.0.2200.0 to /usr/lib/aarch64-linux-gnu/libgstcodecparsers-1.0.so.0
#5 957.0 Installing symlink pointing to libgstcodecparsers-1.0.so.0 to /usr/lib/aarch64-linux-gnu/libgstcodecparsers-1.0.so
#5 957.0 Installing symlink pointing to libgstcodecs-1.0.so.0.2200.0 to /usr/lib/aarch64-linux-gnu/libgstcodecs-1.0.so.0
#5 957.0 Installing symlink pointing to libgstcodecs-1.0.so.0 to /usr/lib/aarch64-linux-gnu/libgstcodecs-1.0.so
#5 957.0 Installing symlink pointing to libgstcuda-1.0.so.0.2200.0 to /usr/lib/aarch64-linux-gnu/libgstcuda-1.0.so.0
#5 957.0 Installing symlink pointing to libgstcuda-1.0.so.0 to /usr/lib/aarch64-linux-gnu/libgstcuda-1.0.so
#5 957.0 Installing symlink pointing to libgstinsertbin-1.0.so.0.2200.0 to /usr/lib/aarch64-linux-gnu/libgstinsertbin-1.0.so.0
#5 957.0 Installing symlink pointing to libgstinsertbin-1.0.so.0 to /usr/lib/aarch64-linux-gnu/libgstinsertbin-1.0.so
#5 957.0 Installing symlink pointing to libgstphotography-1.0.so.0.2200.0 to /usr/lib/aarch64-linux-gnu/libgstphotography-1.0.so.0
#5 957.0 Installing symlink pointing to libgstphotography-1.0.so.0 to /usr/lib/aarch64-linux-gnu/libgstphotography-1.0.so
#5 957.0 Installing symlink pointing to libgstisoff-1.0.so.0.2200.0 to /usr/lib/aarch64-linux-gnu/libgstisoff-1.0.so.0
#5 957.0 Installing symlink pointing to libgstisoff-1.0.so.0 to /usr/lib/aarch64-linux-gnu/libgstisoff-1.0.so
#5 957.0 Installing symlink pointing to libgstmpegts-1.0.so.0.2200.0 to /usr/lib/aarch64-linux-gnu/libgstmpegts-1.0.so.0
#5 957.0 Installing symlink pointing to libgstmpegts-1.0.so.0 to /usr/lib/aarch64-linux-gnu/libgstmpegts-1.0.so
#5 957.0 Installing symlink pointing to libgstplay-1.0.so.0.2200.0 to /usr/lib/aarch64-linux-gnu/libgstplay-1.0.so.0
#5 957.0 Installing symlink pointing to libgstplay-1.0.so.0 to /usr/lib/aarch64-linux-gnu/libgstplay-1.0.so
#5 957.0 Installing symlink pointing to libgstplayer-1.0.so.0.2200.0 to /usr/lib/aarch64-linux-gnu/libgstplayer-1.0.so.0
#5 957.0 Installing symlink pointing to libgstplayer-1.0.so.0 to /usr/lib/aarch64-linux-gnu/libgstplayer-1.0.so
#5 957.0 Installing symlink pointing to libgstsctp-1.0.so.0.2200.0 to /usr/lib/aarch64-linux-gnu/libgstsctp-1.0.so.0
#5 957.0 Installing symlink pointing to libgstsctp-1.0.so.0 to /usr/lib/aarch64-linux-gnu/libgstsctp-1.0.so
#5 957.0 Installing symlink pointing to libgsttranscoder-1.0.so.0 to /usr/lib/aarch64-linux-gnu/libgsttranscoder-1.0.so
#5 957.0 Installing symlink pointing to libgstva-1.0.so.0.2200.0 to /usr/lib/aarch64-linux-gnu/libgstva-1.0.so.0
#5 957.0 Installing symlink pointing to libgstva-1.0.so.0 to /usr/lib/aarch64-linux-gnu/libgstva-1.0.so
#5 957.0 Installing symlink pointing to libgstwayland-1.0.so.0.2200.0 to /usr/lib/aarch64-linux-gnu/libgstwayland-1.0.so.0
#5 957.0 Installing symlink pointing to libgstwayland-1.0.so.0 to /usr/lib/aarch64-linux-gnu/libgstwayland-1.0.so
#5 957.0 Installing symlink pointing to libgstwebrtc-1.0.so.0.2200.0 to /usr/lib/aarch64-linux-gnu/libgstwebrtc-1.0.so.0
#5 957.0 Installing symlink pointing to libgstwebrtc-1.0.so.0 to /usr/lib/aarch64-linux-gnu/libgstwebrtc-1.0.so
#5 957.1 Installing symlink pointing to libgstwebrtcnice-1.0.so.0.2200.0 to /usr/lib/aarch64-linux-gnu/libgstwebrtcnice-1.0.so.0
#5 957.1 Installing symlink pointing to libgstwebrtcnice-1.0.so.0 to /usr/lib/aarch64-linux-gnu/libgstwebrtcnice-1.0.so
#5 957.1 Installing symlink pointing to libavtp.so.0.2.0 to /usr/lib/aarch64-linux-gnu/libavtp.so.0
#5 957.1 Installing symlink pointing to libavtp.so.0 to /usr/lib/aarch64-linux-gnu/libavtp.so
#5 957.1 Installing symlink pointing to libdssim-lib.so.1.1 to /usr/lib/aarch64-linux-gnu/libdssim-lib.so.1
#5 957.1 Installing symlink pointing to libdssim-lib.so.1 to /usr/lib/aarch64-linux-gnu/libdssim-lib.so
#5 957.1 Installing symlink pointing to libmicrodns.so.1.0.0 to /usr/lib/aarch64-linux-gnu/libmicrodns.so.1
#5 957.1 Installing symlink pointing to libmicrodns.so.1 to /usr/lib/aarch64-linux-gnu/libmicrodns.so
#5 957.1 Installing symlink pointing to libopenh264.so.2.3.1 to /usr/lib/aarch64-linux-gnu/libopenh264.so.7
#5 957.1 Installing symlink pointing to libopenh264.so.7 to /usr/lib/aarch64-linux-gnu/libopenh264.so
#5 957.1 Installing symlink pointing to libgstrtspserver-1.0.so.0.2200.0 to /usr/lib/aarch64-linux-gnu/libgstrtspserver-1.0.so.0
#5 957.1 Installing symlink pointing to libgstrtspserver-1.0.so.0 to /usr/lib/aarch64-linux-gnu/libgstrtspserver-1.0.so
#5 957.1 Running custom install script '/gstreamer/subprojects/gstreamer/libs/gst/helpers/ptp_helper_post_install.sh libexec/gstreamer-1.0 setuid-root '
#5 957.4 ninja: Entering directory `build'
#5 957.6 [0/1] Installing files.
#5 958.2 Installing subprojects/orc/orc/liborc-0.4.so.0.33.0 to /compiled-binaries/usr/lib/aarch64-linux-gnu
#5 958.2 Installing subprojects/orc/orc-test/liborc-test-0.4.so.0.33.0 to /compiled-binaries/usr/lib/aarch64-linux-gnu
#5 958.2 Installing subprojects/orc/orc-test/liborc-test-0.4.a to /compiled-binaries/usr/lib/aarch64-linux-gnu
#5 958.2 Installing subprojects/orc/tools/orcc to /compiled-binaries/usr/bin
#5 958.2 Installing subprojects/orc/tools/orc-bugreport to /compiled-binaries/usr/bin
#5 958.2 Installing subprojects/gstreamer/gst/gstenumtypes.h to /compiled-binaries/usr/include/gstreamer-1.0/gst
#5 958.2 Installing subprojects/gstreamer/gst/libgstreamer-1.0.so.0.2200.0 to /compiled-binaries/usr/lib/aarch64-linux-gnu
#5 958.2 Installing subprojects/gstreamer/libs/gst/base/libgstbase-1.0.so.0.2200.0 to /compiled-binaries/usr/lib/aarch64-linux-gnu
#5 958.2 Installing subprojects/gstreamer/libs/gst/controller/controller-enumtypes.h to /compiled-binaries/usr/include/gstreamer-1.0/gst/controller
#5 958.2 Installing subprojects/gstreamer/libs/gst/controller/libgstcontroller-1.0.so.0.2200.0 to /compiled-binaries/usr/lib/aarch64-linux-gnu
#5 958.2 Installing subprojects/gstreamer/libs/gst/net/libgstnet-1.0.so.0.2200.0 to /compiled-binaries/usr/lib/aarch64-linux-gnu
#5 958.2 Installing subprojects/gstreamer/libs/gst/helpers/gst-plugin-scanner to /compiled-binaries/usr/libexec/gstreamer-1.0
#5 958.2 Installing subprojects/gstreamer/libs/gst/helpers/gst-completion-helper to /compiled-binaries/usr/libexec/gstreamer-1.0
#5 958.2 Installing subprojects/gstreamer/libs/gst/helpers/gst-ptp-helper to /compiled-binaries/usr/libexec/gstreamer-1.0
#5 958.2 Installing subprojects/gstreamer/libs/gst/check/libgstcheck-1.0.so.0.2200.0 to /compiled-binaries/usr/lib/aarch64-linux-gnu
#5 958.2 Installing subprojects/gstreamer/plugins/elements/libgstcoreelements.so to /compiled-binaries/usr/lib/aarch64-linux-gnu/gstreamer-1.0
#5 958.2 Installing subprojects/gstreamer/plugins/tracers/libgstcoretracers.so to /compiled-binaries/usr/lib/aarch64-linux-gnu/gstreamer-1.0
#5 958.2 Installing subprojects/gstreamer/tools/gst-inspect-1.0 to /compiled-binaries/usr/bin
#5 958.2 Installing subprojects/gstreamer/tools/gst-stats-1.0 to /compiled-binaries/usr/bin
#5 958.2 Installing subprojects/gstreamer/tools/gst-typefind-1.0 to /compiled-binaries/usr/bin
#5 958.2 Installing subprojects/gstreamer/tools/gst-launch-1.0 to /compiled-binaries/usr/bin
#5 958.2 Installing subprojects/gstreamer/docs/gst-hotdoc-plugins-scanner to /compiled-binaries/usr/libexec/gstreamer-1.0
#5 958.2 Installing subprojects/gstreamer/po/af/LC_MESSAGES/gstreamer-1.0.mo to /compiled-binaries/usr/share/locale/af/LC_MESSAGES
#5 958.2 Installing subprojects/gstreamer/po/ast/LC_MESSAGES/gstreamer-1.0.mo to /compiled-binaries/usr/share/locale/ast/LC_MESSAGES
#5 958.2 Installing subprojects/gstreamer/po/az/LC_MESSAGES/gstreamer-1.0.mo to /compiled-binaries/usr/share/locale/az/LC_MESSAGES
#5 958.2 Installing subprojects/gstreamer/po/be/LC_MESSAGES/gstreamer-1.0.mo to /compiled-binaries/usr/share/locale/be/LC_MESSAGES
#5 958.2 Installing subprojects/gstreamer/po/bg/LC_MESSAGES/gstreamer-1.0.mo to /compiled-binaries/usr/share/locale/bg/LC_MESSAGES
#5 958.2 Installing subprojects/gstreamer/po/ca/LC_MESSAGES/gstreamer-1.0.mo to /compiled-binaries/usr/share/locale/ca/LC_MESSAGES
#5 958.2 Installing subprojects/gstreamer/po/cs/LC_MESSAGES/gstreamer-1.0.mo to /compiled-binaries/usr/share/locale/cs/LC_MESSAGES
#5 958.2 Installing subprojects/gstreamer/po/da/LC_MESSAGES/gstreamer-1.0.mo to /compiled-binaries/usr/share/locale/da/LC_MESSAGES
#5 958.2 Installing subprojects/gstreamer/po/de/LC_MESSAGES/gstreamer-1.0.mo to /compiled-binaries/usr/share/locale/de/LC_MESSAGES
#5 958.2 Installing subprojects/gstreamer/po/el/LC_MESSAGES/gstreamer-1.0.mo to /compiled-binaries/usr/share/locale/el/LC_MESSAGES
#5 958.2 Installing subprojects/gstreamer/po/en_GB/LC_MESSAGES/gstreamer-1.0.mo to /compiled-binaries/usr/share/locale/en_GB/LC_MESSAGES
#5 958.2 Installing subprojects/gstreamer/po/eo/LC_MESSAGES/gstreamer-1.0.mo to /compiled-binaries/usr/share/locale/eo/LC_MESSAGES
#5 958.2 Installing subprojects/gstreamer/po/es/LC_MESSAGES/gstreamer-1.0.mo to /compiled-binaries/usr/share/locale/es/LC_MESSAGES
#5 958.2 Installing subprojects/gstreamer/po/eu/LC_MESSAGES/gstreamer-1.0.mo to /compiled-binaries/usr/share/locale/eu/LC_MESSAGES
#5 958.2 Installing subprojects/gstreamer/po/fi/LC_MESSAGES/gstreamer-1.0.mo to /compiled-binaries/usr/share/locale/fi/LC_MESSAGES
#5 958.2 Installing subprojects/gstreamer/po/fr/LC_MESSAGES/gstreamer-1.0.mo to /compiled-binaries/usr/share/locale/fr/LC_MESSAGES
#5 958.2 Installing subprojects/gstreamer/po/fur/LC_MESSAGES/gstreamer-1.0.mo to /compiled-binaries/usr/share/locale/fur/LC_MESSAGES
#5 958.2 Installing subprojects/gstreamer/po/gl/LC_MESSAGES/gstreamer-1.0.mo to /compiled-binaries/usr/share/locale/gl/LC_MESSAGES
#5 958.2 Installing subprojects/gstreamer/po/hr/LC_MESSAGES/gstreamer-1.0.mo to /compiled-binaries/usr/share/locale/hr/LC_MESSAGES
#5 958.2 Installing subprojects/gstreamer/po/hu/LC_MESSAGES/gstreamer-1.0.mo to /compiled-binaries/usr/share/locale/hu/LC_MESSAGES
#5 958.2 Installing subprojects/gstreamer/po/id/LC_MESSAGES/gstreamer-1.0.mo to /compiled-binaries/usr/share/locale/id/LC_MESSAGES
#5 958.2 Installing subprojects/gstreamer/po/it/LC_MESSAGES/gstreamer-1.0.mo to /compiled-binaries/usr/share/locale/it/LC_MESSAGES
#5 958.2 Installing subprojects/gstreamer/po/ja/LC_MESSAGES/gstreamer-1.0.mo to /compiled-binaries/usr/share/locale/ja/LC_MESSAGES
#5 958.2 Installing subprojects/gstreamer/po/ka/LC_MESSAGES/gstreamer-1.0.mo to /compiled-binaries/usr/share/locale/ka/LC_MESSAGES
#5 958.2 Installing subprojects/gstreamer/po/ko/LC_MESSAGES/gstreamer-1.0.mo to /compiled-binaries/usr/share/locale/ko/LC_MESSAGES
#5 958.2 Installing subprojects/gstreamer/po/lt/LC_MESSAGES/gstreamer-1.0.mo to /compiled-binaries/usr/share/locale/lt/LC_MESSAGES
#5 958.2 Installing subprojects/gstreamer/po/nb/LC_MESSAGES/gstreamer-1.0.mo to /compiled-binaries/usr/share/locale/nb/LC_MESSAGES
#5 958.2 Installing subprojects/gstreamer/po/nl/LC_MESSAGES/gstreamer-1.0.mo to /compiled-binaries/usr/share/locale/nl/LC_MESSAGES
#5 958.2 Installing subprojects/gstreamer/po/pl/LC_MESSAGES/gstreamer-1.0.mo to /compiled-binaries/usr/share/locale/pl/LC_MESSAGES
#5 958.2 Installing subprojects/gstreamer/po/pt_BR/LC_MESSAGES/gstreamer-1.0.mo to /compiled-binaries/usr/share/locale/pt_BR/LC_MESSAGES
#5 958.2 Installing subprojects/gstreamer/po/ro/LC_MESSAGES/gstreamer-1.0.mo to /compiled-binaries/usr/share/locale/ro/LC_MESSAGES
#5 958.2 Installing subprojects/gstreamer/po/ru/LC_MESSAGES/gstreamer-1.0.mo to /compiled-binaries/usr/share/locale/ru/LC_MESSAGES
#5 958.2 Installing subprojects/gstreamer/po/rw/LC_MESSAGES/gstreamer-1.0.mo to /compiled-binaries/usr/share/locale/rw/LC_MESSAGES
#5 958.2 Installing subprojects/gstreamer/po/sk/LC_MESSAGES/gstreamer-1.0.mo to /compiled-binaries/usr/share/locale/sk/LC_MESSAGES
#5 958.2 Installing subprojects/gstreamer/po/sl/LC_MESSAGES/gstreamer-1.0.mo to /compiled-binaries/usr/share/locale/sl/LC_MESSAGES
#5 958.2 Installing subprojects/gstreamer/po/sq/LC_MESSAGES/gstreamer-1.0.mo to /compiled-binaries/usr/share/locale/sq/LC_MESSAGES
#5 958.2 Installing subprojects/gstreamer/po/sr/LC_MESSAGES/gstreamer-1.0.mo to /compiled-binaries/usr/share/locale/sr/LC_MESSAGES
#5 958.2 Installing subprojects/gstreamer/po/sv/LC_MESSAGES/gstreamer-1.0.mo to /compiled-binaries/usr/share/locale/sv/LC_MESSAGES
#5 958.2 Installing subprojects/gstreamer/po/tr/LC_MESSAGES/gstreamer-1.0.mo to /compiled-binaries/usr/share/locale/tr/LC_MESSAGES
#5 958.2 Installing subprojects/gstreamer/po/uk/LC_MESSAGES/gstreamer-1.0.mo to /compiled-binaries/usr/share/locale/uk/LC_MESSAGES
#5 958.2 Installing subprojects/gstreamer/po/vi/LC_MESSAGES/gstreamer-1.0.mo to /compiled-binaries/usr/share/locale/vi/LC_MESSAGES
#5 958.2 Installing subprojects/gstreamer/po/zh_CN/LC_MESSAGES/gstreamer-1.0.mo to /compiled-binaries/usr/share/locale/zh_CN/LC_MESSAGES
#5 958.2 Installing subprojects/gstreamer/po/zh_TW/LC_MESSAGES/gstreamer-1.0.mo to /compiled-binaries/usr/share/locale/zh_TW/LC_MESSAGES
#5 958.2 Installing subprojects/gst-plugins-base/gst-libs/gst/tag/tag-enumtypes.h to /compiled-binaries/usr/include/gstreamer-1.0/gst/tag
#5 958.2 Installing subprojects/gst-plugins-base/gst-libs/gst/tag/libgsttag-1.0.so.0.2200.0 to /compiled-binaries/usr/lib/aarch64-linux-gnu
#5 958.2 Installing subprojects/gst-plugins-base/gst-libs/gst/fft/libgstfft-1.0.so.0.2200.0 to /compiled-binaries/usr/lib/aarch64-linux-gnu
#5 958.2 Installing subprojects/gst-plugins-base/gst-libs/gst/video/video-enumtypes.h to /compiled-binaries/usr/include/gstreamer-1.0/gst/video
#5 958.4 Installing subprojects/gst-plugins-base/gst-libs/gst/video/libgstvideo-1.0.so.0.2200.0 to /compiled-binaries/usr/lib/aarch64-linux-gnu
#5 958.4 Installing subprojects/gst-plugins-base/gst-libs/gst/audio/audio-enumtypes.h to /compiled-binaries/usr/include/gstreamer-1.0/gst/audio
#5 958.4 Installing subprojects/gst-plugins-base/gst-libs/gst/audio/libgstaudio-1.0.so.0.2200.0 to /compiled-binaries/usr/lib/aarch64-linux-gnu
#5 958.4 Installing subprojects/gst-plugins-base/gst-libs/gst/rtp/gstrtp-enumtypes.h to /compiled-binaries/usr/include/gstreamer-1.0/gst/rtp
#5 958.4 Installing subprojects/gst-plugins-base/gst-libs/gst/rtp/libgstrtp-1.0.so.0.2200.0 to /compiled-binaries/usr/lib/aarch64-linux-gnu
#5 958.4 Installing subprojects/gst-plugins-base/gst-libs/gst/pbutils/pbutils-enumtypes.h to /compiled-binaries/usr/include/gstreamer-1.0/gst/pbutils
#5 958.4 Installing subprojects/gst-plugins-base/gst-libs/gst/pbutils/libgstpbutils-1.0.so.0.2200.0 to /compiled-binaries/usr/lib/aarch64-linux-gnu
#5 958.4 Installing subprojects/gst-plugins-base/gst-libs/gst/sdp/libgstsdp-1.0.so.0.2200.0 to /compiled-binaries/usr/lib/aarch64-linux-gnu
#5 958.4 Installing subprojects/gst-plugins-base/gst-libs/gst/rtsp/gstrtsp-enumtypes.h to /compiled-binaries/usr/include/gstreamer-1.0/gst/rtsp
#5 958.4 Installing subprojects/gst-plugins-base/gst-libs/gst/rtsp/libgstrtsp-1.0.so.0.2200.0 to /compiled-binaries/usr/lib/aarch64-linux-gnu
#5 958.4 Installing subprojects/gst-plugins-base/gst-libs/gst/riff/libgstriff-1.0.so.0.2200.0 to /compiled-binaries/usr/lib/aarch64-linux-gnu
#5 958.4 Installing subprojects/gst-plugins-base/gst-libs/gst/app/app-enumtypes.h to /compiled-binaries/usr/include/gstreamer-1.0/gst/app
#5 958.4 Installing subprojects/gst-plugins-base/gst-libs/gst/app/libgstapp-1.0.so.0.2200.0 to /compiled-binaries/usr/lib/aarch64-linux-gnu
#5 958.4 Installing subprojects/gst-plugins-base/gst-libs/gst/allocators/libgstallocators-1.0.so.0.2200.0 to /compiled-binaries/usr/lib/aarch64-linux-gnu
#5 958.4 Installing subprojects/gst-plugins-base/gst-libs/gst/gl/gl-enumtypes.h to /compiled-binaries/usr/include/gstreamer-1.0/gst/gl/
#5 958.4 Installing subprojects/gst-plugins-base/gst-libs/gst/gl/libgstgl-1.0.so.0.2200.0 to /compiled-binaries/usr/lib/aarch64-linux-gnu
#5 958.4 Installing subprojects/gst-plugins-base/gst/adder/libgstadder.so to /compiled-binaries/usr/lib/aarch64-linux-gnu/gstreamer-1.0
#5 958.4 Installing subprojects/gst-plugins-base/gst/app/libgstapp.so to /compiled-binaries/usr/lib/aarch64-linux-gnu/gstreamer-1.0
#5 958.4 Installing subprojects/gst-plugins-base/gst/audioconvert/libgstaudioconvert.so to /compiled-binaries/usr/lib/aarch64-linux-gnu/gstreamer-1.0
#5 958.4 Installing subprojects/gst-plugins-base/gst/audiomixer/libgstaudiomixer.so to /compiled-binaries/usr/lib/aarch64-linux-gnu/gstreamer-1.0
#5 958.4 Installing subprojects/gst-plugins-base/gst/audiorate/libgstaudiorate.so to /compiled-binaries/usr/lib/aarch64-linux-gnu/gstreamer-1.0
#5 958.4 Installing subprojects/gst-plugins-base/gst/audioresample/libgstaudioresample.so to /compiled-binaries/usr/lib/aarch64-linux-gnu/gstreamer-1.0
#5 958.4 Installing subprojects/gst-plugins-base/gst/audiotestsrc/libgstaudiotestsrc.so to /compiled-binaries/usr/lib/aarch64-linux-gnu/gstreamer-1.0
#5 958.4 Installing subprojects/gst-plugins-base/gst/compositor/libgstcompositor.so to /compiled-binaries/usr/lib/aarch64-linux-gnu/gstreamer-1.0
#5 958.4 Installing subprojects/gst-plugins-base/gst/encoding/libgstencoding.so to /compiled-binaries/usr/lib/aarch64-linux-gnu/gstreamer-1.0
#5 958.4 Installing subprojects/gst-plugins-base/gst/gio/libgstgio.so to /compiled-binaries/usr/lib/aarch64-linux-gnu/gstreamer-1.0
#5 958.4 Installing subprojects/gst-plugins-base/gst/overlaycomposition/libgstoverlaycomposition.so to /compiled-binaries/usr/lib/aarch64-linux-gnu/gstreamer-1.0
#5 958.4 Installing subprojects/gst-plugins-base/gst/pbtypes/libgstpbtypes.so to /compiled-binaries/usr/lib/aarch64-linux-gnu/gstreamer-1.0
#5 958.4 Installing subprojects/gst-plugins-base/gst/playback/libgstplayback.so to /compiled-binaries/usr/lib/aarch64-linux-gnu/gstreamer-1.0
#5 958.4 Installing subprojects/gst-plugins-base/gst/rawparse/libgstrawparse.so to /compiled-binaries/usr/lib/aarch64-linux-gnu/gstreamer-1.0
#5 958.4 Installing subprojects/gst-plugins-base/gst/subparse/libgstsubparse.so to /compiled-binaries/usr/lib/aarch64-linux-gnu/gstreamer-1.0
#5 958.4 Installing subprojects/gst-plugins-base/gst/tcp/libgsttcp.so to /compiled-binaries/usr/lib/aarch64-linux-gnu/gstreamer-1.0
#5 958.4 Installing subprojects/gst-plugins-base/gst/typefind/libgsttypefindfunctions.so to /compiled-binaries/usr/lib/aarch64-linux-gnu/gstreamer-1.0
#5 958.4 Installing subprojects/gst-plugins-base/gst/videoconvertscale/libgstvideoconvertscale.so to /compiled-binaries/usr/lib/aarch64-linux-gnu/gstreamer-1.0
#5 958.4 Installing subprojects/gst-plugins-base/gst/videorate/libgstvideorate.so to /compiled-binaries/usr/lib/aarch64-linux-gnu/gstreamer-1.0
#5 958.4 Installing subprojects/gst-plugins-base/gst/videotestsrc/libgstvideotestsrc.so to /compiled-binaries/usr/lib/aarch64-linux-gnu/gstreamer-1.0
#5 958.4 Installing subprojects/gst-plugins-base/gst/volume/libgstvolume.so to /compiled-binaries/usr/lib/aarch64-linux-gnu/gstreamer-1.0
#5 958.4 Installing subprojects/gst-plugins-base/ext/alsa/libgstalsa.so to /compiled-binaries/usr/lib/aarch64-linux-gnu/gstreamer-1.0
#5 958.4 Installing subprojects/gst-plugins-base/ext/cdparanoia/libgstcdparanoia.so to /compiled-binaries/usr/lib/aarch64-linux-gnu/gstreamer-1.0
#5 958.4 Installing subprojects/gst-plugins-base/ext/gl/libgstopengl.so to /compiled-binaries/usr/lib/aarch64-linux-gnu/gstreamer-1.0
#5 958.4 Installing subprojects/gst-plugins-base/ext/libvisual/libgstlibvisual.so to /compiled-binaries/usr/lib/aarch64-linux-gnu/gstreamer-1.0
#5 958.4 Installing subprojects/gst-plugins-base/ext/ogg/libgstogg.so to /compiled-binaries/usr/lib/aarch64-linux-gnu/gstreamer-1.0
#5 958.4 Installing subprojects/gst-plugins-base/ext/opus/libgstopus.so to /compiled-binaries/usr/lib/aarch64-linux-gnu/gstreamer-1.0
#5 958.4 Installing subprojects/gst-plugins-base/ext/pango/libgstpango.so to /compiled-binaries/usr/lib/aarch64-linux-gnu/gstreamer-1.0
#5 958.4 Installing subprojects/gst-plugins-base/ext/theora/libgsttheora.so to /compiled-binaries/usr/lib/aarch64-linux-gnu/gstreamer-1.0
#5 958.4 Installing subprojects/gst-plugins-base/ext/vorbis/libgstvorbis.so to /compiled-binaries/usr/lib/aarch64-linux-gnu/gstreamer-1.0
#5 958.4 Installing subprojects/gst-plugins-base/ext/vorbis/libgstivorbisdec.so to /compiled-binaries/usr/lib/aarch64-linux-gnu/gstreamer-1.0
#5 958.4 Installing subprojects/gst-plugins-base/sys/ximage/libgstximagesink.so to /compiled-binaries/usr/lib/aarch64-linux-gnu/gstreamer-1.0
#5 958.4 Installing subprojects/gst-plugins-base/sys/xvimage/libgstxvimagesink.so to /compiled-binaries/usr/lib/aarch64-linux-gnu/gstreamer-1.0
#5 958.4 Installing subprojects/gst-plugins-base/tools/gst-device-monitor-1.0 to /compiled-binaries/usr/bin
#5 958.4 Installing subprojects/gst-plugins-base/tools/gst-discoverer-1.0 to /compiled-binaries/usr/bin
#5 958.4 Installing subprojects/gst-plugins-base/tools/gst-play-1.0 to /compiled-binaries/usr/bin
#5 958.4 Installing subprojects/gst-plugins-base/po/af/LC_MESSAGES/gst-plugins-base-1.0.mo to /compiled-binaries/usr/share/locale/af/LC_MESSAGES
#5 958.4 Installing subprojects/gst-plugins-base/po/az/LC_MESSAGES/gst-plugins-base-1.0.mo to /compiled-binaries/usr/share/locale/az/LC_MESSAGES
#5 958.4 Installing subprojects/gst-plugins-base/po/bg/LC_MESSAGES/gst-plugins-base-1.0.mo to /compiled-binaries/usr/share/locale/bg/LC_MESSAGES
#5 958.4 Installing subprojects/gst-plugins-base/po/ca/LC_MESSAGES/gst-plugins-base-1.0.mo to /compiled-binaries/usr/share/locale/ca/LC_MESSAGES
#5 958.4 Installing subprojects/gst-plugins-base/po/cs/LC_MESSAGES/gst-plugins-base-1.0.mo to /compiled-binaries/usr/share/locale/cs/LC_MESSAGES
#5 958.4 Installing subprojects/gst-plugins-base/po/da/LC_MESSAGES/gst-plugins-base-1.0.mo to /compiled-binaries/usr/share/locale/da/LC_MESSAGES
#5 958.4 Installing subprojects/gst-plugins-base/po/de/LC_MESSAGES/gst-plugins-base-1.0.mo to /compiled-binaries/usr/share/locale/de/LC_MESSAGES
#5 958.4 Installing subprojects/gst-plugins-base/po/el/LC_MESSAGES/gst-plugins-base-1.0.mo to /compiled-binaries/usr/share/locale/el/LC_MESSAGES
#5 958.4 Installing subprojects/gst-plugins-base/po/en_GB/LC_MESSAGES/gst-plugins-base-1.0.mo to /compiled-binaries/usr/share/locale/en_GB/LC_MESSAGES
#5 958.4 Installing subprojects/gst-plugins-base/po/eo/LC_MESSAGES/gst-plugins-base-1.0.mo to /compiled-binaries/usr/share/locale/eo/LC_MESSAGES
#5 958.4 Installing subprojects/gst-plugins-base/po/es/LC_MESSAGES/gst-plugins-base-1.0.mo to /compiled-binaries/usr/share/locale/es/LC_MESSAGES
#5 958.4 Installing subprojects/gst-plugins-base/po/eu/LC_MESSAGES/gst-plugins-base-1.0.mo to /compiled-binaries/usr/share/locale/eu/LC_MESSAGES
#5 958.4 Installing subprojects/gst-plugins-base/po/fi/LC_MESSAGES/gst-plugins-base-1.0.mo to /compiled-binaries/usr/share/locale/fi/LC_MESSAGES
#5 958.4 Installing subprojects/gst-plugins-base/po/fr/LC_MESSAGES/gst-plugins-base-1.0.mo to /compiled-binaries/usr/share/locale/fr/LC_MESSAGES
#5 958.4 Installing subprojects/gst-plugins-base/po/fur/LC_MESSAGES/gst-plugins-base-1.0.mo to /compiled-binaries/usr/share/locale/fur/LC_MESSAGES
#5 958.4 Installing subprojects/gst-plugins-base/po/gl/LC_MESSAGES/gst-plugins-base-1.0.mo to /compiled-binaries/usr/share/locale/gl/LC_MESSAGES
#5 958.4 Installing subprojects/gst-plugins-base/po/hr/LC_MESSAGES/gst-plugins-base-1.0.mo to /compiled-binaries/usr/share/locale/hr/LC_MESSAGES
#5 958.4 Installing subprojects/gst-plugins-base/po/hu/LC_MESSAGES/gst-plugins-base-1.0.mo to /compiled-binaries/usr/share/locale/hu/LC_MESSAGES
#5 958.4 Installing subprojects/gst-plugins-base/po/id/LC_MESSAGES/gst-plugins-base-1.0.mo to /compiled-binaries/usr/share/locale/id/LC_MESSAGES
#5 958.4 Installing subprojects/gst-plugins-base/po/it/LC_MESSAGES/gst-plugins-base-1.0.mo to /compiled-binaries/usr/share/locale/it/LC_MESSAGES
#5 958.4 Installing subprojects/gst-plugins-base/po/ja/LC_MESSAGES/gst-plugins-base-1.0.mo to /compiled-binaries/usr/share/locale/ja/LC_MESSAGES
#5 958.4 Installing subprojects/gst-plugins-base/po/ka/LC_MESSAGES/gst-plugins-base-1.0.mo to /compiled-binaries/usr/share/locale/ka/LC_MESSAGES
#5 958.4 Installing subprojects/gst-plugins-base/po/lt/LC_MESSAGES/gst-plugins-base-1.0.mo to /compiled-binaries/usr/share/locale/lt/LC_MESSAGES
#5 958.4 Installing subprojects/gst-plugins-base/po/lv/LC_MESSAGES/gst-plugins-base-1.0.mo to /compiled-binaries/usr/share/locale/lv/LC_MESSAGES
#5 958.4 Installing subprojects/gst-plugins-base/po/nb/LC_MESSAGES/gst-plugins-base-1.0.mo to /compiled-binaries/usr/share/locale/nb/LC_MESSAGES
#5 958.4 Installing subprojects/gst-plugins-base/po/nl/LC_MESSAGES/gst-plugins-base-1.0.mo to /compiled-binaries/usr/share/locale/nl/LC_MESSAGES
#5 958.4 Installing subprojects/gst-plugins-base/po/or/LC_MESSAGES/gst-plugins-base-1.0.mo to /compiled-binaries/usr/share/locale/or/LC_MESSAGES
#5 958.4 Installing subprojects/gst-plugins-base/po/pl/LC_MESSAGES/gst-plugins-base-1.0.mo to /compiled-binaries/usr/share/locale/pl/LC_MESSAGES
#5 958.4 Installing subprojects/gst-plugins-base/po/pt_BR/LC_MESSAGES/gst-plugins-base-1.0.mo to /compiled-binaries/usr/share/locale/pt_BR/LC_MESSAGES
#5 958.4 Installing subprojects/gst-plugins-base/po/ro/LC_MESSAGES/gst-plugins-base-1.0.mo to /compiled-binaries/usr/share/locale/ro/LC_MESSAGES
#5 958.4 Installing subprojects/gst-plugins-base/po/ru/LC_MESSAGES/gst-plugins-base-1.0.mo to /compiled-binaries/usr/share/locale/ru/LC_MESSAGES
#5 958.4 Installing subprojects/gst-plugins-base/po/sk/LC_MESSAGES/gst-plugins-base-1.0.mo to /compiled-binaries/usr/share/locale/sk/LC_MESSAGES
#5 958.4 Installing subprojects/gst-plugins-base/po/sl/LC_MESSAGES/gst-plugins-base-1.0.mo to /compiled-binaries/usr/share/locale/sl/LC_MESSAGES
#5 958.4 Installing subprojects/gst-plugins-base/po/sq/LC_MESSAGES/gst-plugins-base-1.0.mo to /compiled-binaries/usr/share/locale/sq/LC_MESSAGES
#5 958.4 Installing subprojects/gst-plugins-base/po/sr/LC_MESSAGES/gst-plugins-base-1.0.mo to /compiled-binaries/usr/share/locale/sr/LC_MESSAGES
#5 958.4 Installing subprojects/gst-plugins-base/po/sv/LC_MESSAGES/gst-plugins-base-1.0.mo to /compiled-binaries/usr/share/locale/sv/LC_MESSAGES
#5 958.4 Installing subprojects/gst-plugins-base/po/tr/LC_MESSAGES/gst-plugins-base-1.0.mo to /compiled-binaries/usr/share/locale/tr/LC_MESSAGES
#5 958.4 Installing subprojects/gst-plugins-base/po/uk/LC_MESSAGES/gst-plugins-base-1.0.mo to /compiled-binaries/usr/share/locale/uk/LC_MESSAGES
#5 958.4 Installing subprojects/gst-plugins-base/po/vi/LC_MESSAGES/gst-plugins-base-1.0.mo to /compiled-binaries/usr/share/locale/vi/LC_MESSAGES
#5 958.4 Installing subprojects/gst-plugins-base/po/zh_CN/LC_MESSAGES/gst-plugins-base-1.0.mo to /compiled-binaries/usr/share/locale/zh_CN/LC_MESSAGES
#5 958.4 Installing subprojects/gst-plugins-good/gst/alpha/libgstalpha.so to /compiled-binaries/usr/lib/aarch64-linux-gnu/gstreamer-1.0
#5 958.4 Installing subprojects/gst-plugins-good/gst/alpha/libgstalphacolor.so to /compiled-binaries/usr/lib/aarch64-linux-gnu/gstreamer-1.0
#5 958.4 Installing subprojects/gst-plugins-good/gst/apetag/libgstapetag.so to /compiled-binaries/usr/lib/aarch64-linux-gnu/gstreamer-1.0
#5 958.4 Installing subprojects/gst-plugins-good/gst/audiofx/libgstaudiofx.so to /compiled-binaries/usr/lib/aarch64-linux-gnu/gstreamer-1.0
#5 958.4 Installing subprojects/gst-plugins-good/gst/audioparsers/libgstaudioparsers.so to /compiled-binaries/usr/lib/aarch64-linux-gnu/gstreamer-1.0
#5 958.4 Installing subprojects/gst-plugins-good/gst/auparse/libgstauparse.so to /compiled-binaries/usr/lib/aarch64-linux-gnu/gstreamer-1.0
#5 958.4 Installing subprojects/gst-plugins-good/gst/autodetect/libgstautodetect.so to /compiled-binaries/usr/lib/aarch64-linux-gnu/gstreamer-1.0
#5 958.4 Installing subprojects/gst-plugins-good/gst/avi/libgstavi.so to /compiled-binaries/usr/lib/aarch64-linux-gnu/gstreamer-1.0
#5 958.4 Installing subprojects/gst-plugins-good/gst/cutter/libgstcutter.so to /compiled-binaries/usr/lib/aarch64-linux-gnu/gstreamer-1.0
#5 958.4 Installing subprojects/gst-plugins-good/gst/debugutils/libgstnavigationtest.so to /compiled-binaries/usr/lib/aarch64-linux-gnu/gstreamer-1.0
#5 958.4 Installing subprojects/gst-plugins-good/gst/debugutils/libgstdebug.so to /compiled-binaries/usr/lib/aarch64-linux-gnu/gstreamer-1.0
#5 958.4 Installing subprojects/gst-plugins-good/gst/deinterlace/libgstdeinterlace.so to /compiled-binaries/usr/lib/aarch64-linux-gnu/gstreamer-1.0
#5 958.4 Installing subprojects/gst-plugins-good/gst/dtmf/libgstdtmf.so to /compiled-binaries/usr/lib/aarch64-linux-gnu/gstreamer-1.0
#5 958.4 Installing subprojects/gst-plugins-good/gst/effectv/libgsteffectv.so to /compiled-binaries/usr/lib/aarch64-linux-gnu/gstreamer-1.0
#5 958.4 Installing subprojects/gst-plugins-good/gst/equalizer/libgstequalizer.so to /compiled-binaries/usr/lib/aarch64-linux-gnu/gstreamer-1.0
#5 958.4 Installing subprojects/gst-plugins-good/gst/flv/libgstflv.so to /compiled-binaries/usr/lib/aarch64-linux-gnu/gstreamer-1.0
#5 958.4 Installing subprojects/gst-plugins-good/gst/flx/libgstflxdec.so to /compiled-binaries/usr/lib/aarch64-linux-gnu/gstreamer-1.0
#5 958.4 Installing subprojects/gst-plugins-good/gst/goom/libgstgoom.so to /compiled-binaries/usr/lib/aarch64-linux-gnu/gstreamer-1.0
#5 958.4 Installing subprojects/gst-plugins-good/gst/goom2k1/libgstgoom2k1.so to /compiled-binaries/usr/lib/aarch64-linux-gnu/gstreamer-1.0
#5 958.4 Installing subprojects/gst-plugins-good/gst/icydemux/libgsticydemux.so to /compiled-binaries/usr/lib/aarch64-linux-gnu/gstreamer-1.0
#5 958.4 Installing subprojects/gst-plugins-good/gst/id3demux/libgstid3demux.so to /compiled-binaries/usr/lib/aarch64-linux-gnu/gstreamer-1.0
#5 958.4 Installing subprojects/gst-plugins-good/gst/imagefreeze/libgstimagefreeze.so to /compiled-binaries/usr/lib/aarch64-linux-gnu/gstreamer-1.0
#5 958.4 Installing subprojects/gst-plugins-good/gst/interleave/libgstinterleave.so to /compiled-binaries/usr/lib/aarch64-linux-gnu/gstreamer-1.0
#5 958.4 Installing subprojects/gst-plugins-good/gst/isomp4/libgstisomp4.so to /compiled-binaries/usr/lib/aarch64-linux-gnu/gstreamer-1.0
#5 958.4 Installing subprojects/gst-plugins-good/gst/law/libgstalaw.so to /compiled-binaries/usr/lib/aarch64-linux-gnu/gstreamer-1.0
#5 958.4 Installing subprojects/gst-plugins-good/gst/law/libgstmulaw.so to /compiled-binaries/usr/lib/aarch64-linux-gnu/gstreamer-1.0
#5 958.4 Installing subprojects/gst-plugins-good/gst/level/libgstlevel.so to /compiled-binaries/usr/lib/aarch64-linux-gnu/gstreamer-1.0
#5 958.4 Installing subprojects/gst-plugins-good/gst/matroska/libgstmatroska.so to /compiled-binaries/usr/lib/aarch64-linux-gnu/gstreamer-1.0
#5 958.4 Installing subprojects/gst-plugins-good/gst/monoscope/libgstmonoscope.so to /compiled-binaries/usr/lib/aarch64-linux-gnu/gstreamer-1.0
#5 958.4 Installing subprojects/gst-plugins-good/gst/multifile/libgstmultifile.so to /compiled-binaries/usr/lib/aarch64-linux-gnu/gstreamer-1.0
#5 958.4 Installing subprojects/gst-plugins-good/gst/multipart/libgstmultipart.so to /compiled-binaries/usr/lib/aarch64-linux-gnu/gstreamer-1.0
#5 958.5 Installing subprojects/gst-plugins-good/gst/replaygain/libgstreplaygain.so to /compiled-binaries/usr/lib/aarch64-linux-gnu/gstreamer-1.0
#5 958.5 Installing subprojects/gst-plugins-good/gst/rtp/libgstrtp.so to /compiled-binaries/usr/lib/aarch64-linux-gnu/gstreamer-1.0
#5 958.5 Installing subprojects/gst-plugins-good/gst/rtpmanager/libgstrtpmanager.so to /compiled-binaries/usr/lib/aarch64-linux-gnu/gstreamer-1.0
#5 958.5 Installing subprojects/gst-plugins-good/gst/rtsp/libgstrtsp.so to /compiled-binaries/usr/lib/aarch64-linux-gnu/gstreamer-1.0
#5 958.5 Installing subprojects/gst-plugins-good/gst/shapewipe/libgstshapewipe.so to /compiled-binaries/usr/lib/aarch64-linux-gnu/gstreamer-1.0
#5 958.5 Installing subprojects/gst-plugins-good/gst/smpte/libgstsmpte.so to /compiled-binaries/usr/lib/aarch64-linux-gnu/gstreamer-1.0
#5 958.5 Installing subprojects/gst-plugins-good/gst/spectrum/libgstspectrum.so to /compiled-binaries/usr/lib/aarch64-linux-gnu/gstreamer-1.0
#5 958.5 Installing subprojects/gst-plugins-good/gst/udp/libgstudp.so to /compiled-binaries/usr/lib/aarch64-linux-gnu/gstreamer-1.0
#5 958.5 Installing subprojects/gst-plugins-good/gst/videobox/libgstvideobox.so to /compiled-binaries/usr/lib/aarch64-linux-gnu/gstreamer-1.0
#5 958.5 Installing subprojects/gst-plugins-good/gst/videocrop/libgstvideocrop.so to /compiled-binaries/usr/lib/aarch64-linux-gnu/gstreamer-1.0
#5 958.5 Installing subprojects/gst-plugins-good/gst/videofilter/libgstvideofilter.so to /compiled-binaries/usr/lib/aarch64-linux-gnu/gstreamer-1.0
#5 958.5 Installing subprojects/gst-plugins-good/gst/videomixer/libgstvideomixer.so to /compiled-binaries/usr/lib/aarch64-linux-gnu/gstreamer-1.0
#5 958.5 Installing subprojects/gst-plugins-good/gst/wavenc/libgstwavenc.so to /compiled-binaries/usr/lib/aarch64-linux-gnu/gstreamer-1.0
#5 958.5 Installing subprojects/gst-plugins-good/gst/wavparse/libgstwavparse.so to /compiled-binaries/usr/lib/aarch64-linux-gnu/gstreamer-1.0
#5 958.5 Installing subprojects/gst-plugins-good/gst/xingmux/libgstxingmux.so to /compiled-binaries/usr/lib/aarch64-linux-gnu/gstreamer-1.0
#5 958.5 Installing subprojects/gst-plugins-good/gst/y4m/libgsty4menc.so to /compiled-binaries/usr/lib/aarch64-linux-gnu/gstreamer-1.0
#5 958.5 Installing subprojects/gst-plugins-good/sys/oss/libgstossaudio.so to /compiled-binaries/usr/lib/aarch64-linux-gnu/gstreamer-1.0
#5 958.5 Installing subprojects/gst-plugins-good/sys/oss4/libgstoss4.so to /compiled-binaries/usr/lib/aarch64-linux-gnu/gstreamer-1.0
#5 958.5 Installing subprojects/gst-plugins-good/sys/v4l2/libgstvideo4linux2.so to /compiled-binaries/usr/lib/aarch64-linux-gnu/gstreamer-1.0
#5 958.5 Installing subprojects/gst-plugins-good/sys/ximage/libgstximagesrc.so to /compiled-binaries/usr/lib/aarch64-linux-gnu/gstreamer-1.0
#5 958.5 Installing subprojects/gst-plugins-good/ext/aalib/libgstaasink.so to /compiled-binaries/usr/lib/aarch64-linux-gnu/gstreamer-1.0
#5 958.5 Installing subprojects/gst-plugins-good/ext/adaptivedemux2/libgstadaptivedemux2.so to /compiled-binaries/usr/lib/aarch64-linux-gnu/gstreamer-1.0
#5 958.5 Installing subprojects/gst-plugins-good/ext/cairo/libgstcairo.so to /compiled-binaries/usr/lib/aarch64-linux-gnu/gstreamer-1.0
#5 958.5 Installing subprojects/gst-plugins-good/ext/flac/libgstflac.so to /compiled-binaries/usr/lib/aarch64-linux-gnu/gstreamer-1.0
#5 958.5 Installing subprojects/gst-plugins-good/ext/gdk_pixbuf/libgstgdkpixbuf.so to /compiled-binaries/usr/lib/aarch64-linux-gnu/gstreamer-1.0
#5 958.5 Installing subprojects/gst-plugins-good/ext/jpeg/libgstjpeg.so to /compiled-binaries/usr/lib/aarch64-linux-gnu/gstreamer-1.0
#5 958.5 Installing subprojects/gst-plugins-good/ext/lame/libgstlame.so to /compiled-binaries/usr/lib/aarch64-linux-gnu/gstreamer-1.0
#5 958.5 Installing subprojects/gst-plugins-good/ext/libcaca/libgstcacasink.so to /compiled-binaries/usr/lib/aarch64-linux-gnu/gstreamer-1.0
#5 958.5 Installing subprojects/gst-plugins-good/ext/dv/libgstdv.so to /compiled-binaries/usr/lib/aarch64-linux-gnu/gstreamer-1.0
#5 958.5 Installing subprojects/gst-plugins-good/ext/libpng/libgstpng.so to /compiled-binaries/usr/lib/aarch64-linux-gnu/gstreamer-1.0
#5 958.5 Installing subprojects/gst-plugins-good/ext/mpg123/libgstmpg123.so to /compiled-binaries/usr/lib/aarch64-linux-gnu/gstreamer-1.0
#5 958.5 Installing subprojects/gst-plugins-good/ext/pulse/libgstpulseaudio.so to /compiled-binaries/usr/lib/aarch64-linux-gnu/gstreamer-1.0
#5 958.5 Installing subprojects/gst-plugins-good/ext/shout2/libgstshout2.so to /compiled-binaries/usr/lib/aarch64-linux-gnu/gstreamer-1.0
#5 958.5 Installing subprojects/gst-plugins-good/ext/soup/libgstsoup.so to /compiled-binaries/usr/lib/aarch64-linux-gnu/gstreamer-1.0
#5 958.5 Installing subprojects/gst-plugins-good/ext/speex/libgstspeex.so to /compiled-binaries/usr/lib/aarch64-linux-gnu/gstreamer-1.0
#5 958.5 Installing subprojects/gst-plugins-good/ext/taglib/libgsttaglib.so to /compiled-binaries/usr/lib/aarch64-linux-gnu/gstreamer-1.0
#5 958.5 Installing subprojects/gst-plugins-good/ext/twolame/libgsttwolame.so to /compiled-binaries/usr/lib/aarch64-linux-gnu/gstreamer-1.0
#5 958.5 Installing subprojects/gst-plugins-good/ext/vpx/libgstvpx.so to /compiled-binaries/usr/lib/aarch64-linux-gnu/gstreamer-1.0
#5 958.5 Installing subprojects/gst-plugins-good/ext/wavpack/libgstwavpack.so to /compiled-binaries/usr/lib/aarch64-linux-gnu/gstreamer-1.0
#5 958.5 Installing subprojects/gst-plugins-good/po/af/LC_MESSAGES/gst-plugins-good-1.0.mo to /compiled-binaries/usr/share/locale/af/LC_MESSAGES
#5 958.5 Installing subprojects/gst-plugins-good/po/az/LC_MESSAGES/gst-plugins-good-1.0.mo to /compiled-binaries/usr/share/locale/az/LC_MESSAGES
#5 958.5 Installing subprojects/gst-plugins-good/po/bg/LC_MESSAGES/gst-plugins-good-1.0.mo to /compiled-binaries/usr/share/locale/bg/LC_MESSAGES
#5 958.5 Installing subprojects/gst-plugins-good/po/ca/LC_MESSAGES/gst-plugins-good-1.0.mo to /compiled-binaries/usr/share/locale/ca/LC_MESSAGES
#5 958.5 Installing subprojects/gst-plugins-good/po/cs/LC_MESSAGES/gst-plugins-good-1.0.mo to /compiled-binaries/usr/share/locale/cs/LC_MESSAGES
#5 958.5 Installing subprojects/gst-plugins-good/po/da/LC_MESSAGES/gst-plugins-good-1.0.mo to /compiled-binaries/usr/share/locale/da/LC_MESSAGES
#5 958.5 Installing subprojects/gst-plugins-good/po/de/LC_MESSAGES/gst-plugins-good-1.0.mo to /compiled-binaries/usr/share/locale/de/LC_MESSAGES
#5 958.5 Installing subprojects/gst-plugins-good/po/el/LC_MESSAGES/gst-plugins-good-1.0.mo to /compiled-binaries/usr/share/locale/el/LC_MESSAGES
#5 958.5 Installing subprojects/gst-plugins-good/po/en_GB/LC_MESSAGES/gst-plugins-good-1.0.mo to /compiled-binaries/usr/share/locale/en_GB/LC_MESSAGES
#5 958.5 Installing subprojects/gst-plugins-good/po/eo/LC_MESSAGES/gst-plugins-good-1.0.mo to /compiled-binaries/usr/share/locale/eo/LC_MESSAGES
#5 958.5 Installing subprojects/gst-plugins-good/po/es/LC_MESSAGES/gst-plugins-good-1.0.mo to /compiled-binaries/usr/share/locale/es/LC_MESSAGES
#5 958.5 Installing subprojects/gst-plugins-good/po/eu/LC_MESSAGES/gst-plugins-good-1.0.mo to /compiled-binaries/usr/share/locale/eu/LC_MESSAGES
#5 958.5 Installing subprojects/gst-plugins-good/po/fi/LC_MESSAGES/gst-plugins-good-1.0.mo to /compiled-binaries/usr/share/locale/fi/LC_MESSAGES
#5 958.5 Installing subprojects/gst-plugins-good/po/fr/LC_MESSAGES/gst-plugins-good-1.0.mo to /compiled-binaries/usr/share/locale/fr/LC_MESSAGES
#5 958.5 Installing subprojects/gst-plugins-good/po/fur/LC_MESSAGES/gst-plugins-good-1.0.mo to /compiled-binaries/usr/share/locale/fur/LC_MESSAGES
#5 958.5 Installing subprojects/gst-plugins-good/po/gl/LC_MESSAGES/gst-plugins-good-1.0.mo to /compiled-binaries/usr/share/locale/gl/LC_MESSAGES
#5 958.5 Installing subprojects/gst-plugins-good/po/hr/LC_MESSAGES/gst-plugins-good-1.0.mo to /compiled-binaries/usr/share/locale/hr/LC_MESSAGES
#5 958.5 Installing subprojects/gst-plugins-good/po/hu/LC_MESSAGES/gst-plugins-good-1.0.mo to /compiled-binaries/usr/share/locale/hu/LC_MESSAGES
#5 958.5 Installing subprojects/gst-plugins-good/po/id/LC_MESSAGES/gst-plugins-good-1.0.mo to /compiled-binaries/usr/share/locale/id/LC_MESSAGES
#5 958.5 Installing subprojects/gst-plugins-good/po/it/LC_MESSAGES/gst-plugins-good-1.0.mo to /compiled-binaries/usr/share/locale/it/LC_MESSAGES
#5 958.5 Installing subprojects/gst-plugins-good/po/ja/LC_MESSAGES/gst-plugins-good-1.0.mo to /compiled-binaries/usr/share/locale/ja/LC_MESSAGES
#5 958.5 Installing subprojects/gst-plugins-good/po/ka/LC_MESSAGES/gst-plugins-good-1.0.mo to /compiled-binaries/usr/share/locale/ka/LC_MESSAGES
#5 958.6 Installing subprojects/gst-plugins-good/po/ky/LC_MESSAGES/gst-plugins-good-1.0.mo to /compiled-binaries/usr/share/locale/ky/LC_MESSAGES
#5 958.6 Installing subprojects/gst-plugins-good/po/lt/LC_MESSAGES/gst-plugins-good-1.0.mo to /compiled-binaries/usr/share/locale/lt/LC_MESSAGES
#5 958.6 Installing subprojects/gst-plugins-good/po/lv/LC_MESSAGES/gst-plugins-good-1.0.mo to /compiled-binaries/usr/share/locale/lv/LC_MESSAGES
#5 958.6 Installing subprojects/gst-plugins-good/po/mt/LC_MESSAGES/gst-plugins-good-1.0.mo to /compiled-binaries/usr/share/locale/mt/LC_MESSAGES
#5 958.6 Installing subprojects/gst-plugins-good/po/nb/LC_MESSAGES/gst-plugins-good-1.0.mo to /compiled-binaries/usr/share/locale/nb/LC_MESSAGES
#5 958.6 Installing subprojects/gst-plugins-good/po/nl/LC_MESSAGES/gst-plugins-good-1.0.mo to /compiled-binaries/usr/share/locale/nl/LC_MESSAGES
#5 958.6 Installing subprojects/gst-plugins-good/po/or/LC_MESSAGES/gst-plugins-good-1.0.mo to /compiled-binaries/usr/share/locale/or/LC_MESSAGES
#5 958.6 Installing subprojects/gst-plugins-good/po/pl/LC_MESSAGES/gst-plugins-good-1.0.mo to /compiled-binaries/usr/share/locale/pl/LC_MESSAGES
#5 958.6 Installing subprojects/gst-plugins-good/po/pt_BR/LC_MESSAGES/gst-plugins-good-1.0.mo to /compiled-binaries/usr/share/locale/pt_BR/LC_MESSAGES
#5 958.6 Installing subprojects/gst-plugins-good/po/ro/LC_MESSAGES/gst-plugins-good-1.0.mo to /compiled-binaries/usr/share/locale/ro/LC_MESSAGES
#5 958.6 Installing subprojects/gst-plugins-good/po/ru/LC_MESSAGES/gst-plugins-good-1.0.mo to /compiled-binaries/usr/share/locale/ru/LC_MESSAGES
#5 958.6 Installing subprojects/gst-plugins-good/po/sk/LC_MESSAGES/gst-plugins-good-1.0.mo to /compiled-binaries/usr/share/locale/sk/LC_MESSAGES
#5 958.6 Installing subprojects/gst-plugins-good/po/sl/LC_MESSAGES/gst-plugins-good-1.0.mo to /compiled-binaries/usr/share/locale/sl/LC_MESSAGES
#5 958.6 Installing subprojects/gst-plugins-good/po/sq/LC_MESSAGES/gst-plugins-good-1.0.mo to /compiled-binaries/usr/share/locale/sq/LC_MESSAGES
#5 958.6 Installing subprojects/gst-plugins-good/po/sr/LC_MESSAGES/gst-plugins-good-1.0.mo to /compiled-binaries/usr/share/locale/sr/LC_MESSAGES
#5 958.6 Installing subprojects/gst-plugins-good/po/sv/LC_MESSAGES/gst-plugins-good-1.0.mo to /compiled-binaries/usr/share/locale/sv/LC_MESSAGES
#5 958.6 Installing subprojects/gst-plugins-good/po/tr/LC_MESSAGES/gst-plugins-good-1.0.mo to /compiled-binaries/usr/share/locale/tr/LC_MESSAGES
#5 958.6 Installing subprojects/gst-plugins-good/po/uk/LC_MESSAGES/gst-plugins-good-1.0.mo to /compiled-binaries/usr/share/locale/uk/LC_MESSAGES
#5 958.6 Installing subprojects/gst-plugins-good/po/vi/LC_MESSAGES/gst-plugins-good-1.0.mo to /compiled-binaries/usr/share/locale/vi/LC_MESSAGES
#5 958.6 Installing subprojects/gst-plugins-good/po/zh_CN/LC_MESSAGES/gst-plugins-good-1.0.mo to /compiled-binaries/usr/share/locale/zh_CN/LC_MESSAGES
#5 958.6 Installing subprojects/gst-plugins-good/po/zh_HK/LC_MESSAGES/gst-plugins-good-1.0.mo to /compiled-binaries/usr/share/locale/zh_HK/LC_MESSAGES
#5 958.6 Installing subprojects/gst-plugins-good/po/zh_TW/LC_MESSAGES/gst-plugins-good-1.0.mo to /compiled-binaries/usr/share/locale/zh_TW/LC_MESSAGES
#5 958.6 Installing subprojects/libnice/stun/tools/stund to /compiled-binaries/usr/bin
#5 958.6 Installing subprojects/libnice/stun/tools/stunbdc to /compiled-binaries/usr/bin
#5 958.6 Installing subprojects/libnice/nice/libnice.so.10.13.1 to /compiled-binaries/usr/lib/aarch64-linux-gnu
#5 958.6 Installing subprojects/libnice/gst/libgstnice.so to /compiled-binaries/usr/lib/aarch64-linux-gnu/gstreamer-1.0
#5 958.6 Installing subprojects/gst-plugins-bad/gst-libs/gst/uridownloader/libgsturidownloader-1.0.so.0.2200.0 to /compiled-binaries/usr/lib/aarch64-linux-gnu
#5 958.6 Installing subprojects/gst-plugins-bad/gst-libs/gst/adaptivedemux/libgstadaptivedemux-1.0.so.0.2200.0 to /compiled-binaries/usr/lib/aarch64-linux-gnu
#5 958.6 Installing subprojects/gst-plugins-bad/gst-libs/gst/audio/libgstbadaudio-1.0.so.0.2200.0 to /compiled-binaries/usr/lib/aarch64-linux-gnu
#5 958.6 Installing subprojects/gst-plugins-bad/gst-libs/gst/basecamerabinsrc/libgstbasecamerabinsrc-1.0.so.0.2200.0 to /compiled-binaries/usr/lib/aarch64-linux-gnu
#5 958.6 Installing subprojects/gst-plugins-bad/gst-libs/gst/codecparsers/libgstcodecparsers-1.0.so.0.2200.0 to /compiled-binaries/usr/lib/aarch64-linux-gnu
#5 958.6 Installing subprojects/gst-plugins-bad/gst-libs/gst/codecs/libgstcodecs-1.0.so.0.2200.0 to /compiled-binaries/usr/lib/aarch64-linux-gnu
#5 958.6 Installing subprojects/gst-plugins-bad/gst-libs/gst/cuda/libgstcuda-1.0.so.0.2200.0 to /compiled-binaries/usr/lib/aarch64-linux-gnu
#5 958.6 Installing subprojects/gst-plugins-bad/gst-libs/gst/insertbin/libgstinsertbin-1.0.so.0.2200.0 to /compiled-binaries/usr/lib/aarch64-linux-gnu
#5 958.6 Installing subprojects/gst-plugins-bad/gst-libs/gst/interfaces/photography-enumtypes.h to /compiled-binaries/usr/include/gstreamer-1.0/gst/interfaces
#5 958.6 Installing subprojects/gst-plugins-bad/gst-libs/gst/interfaces/libgstphotography-1.0.so.0.2200.0 to /compiled-binaries/usr/lib/aarch64-linux-gnu
#5 958.6 Installing subprojects/gst-plugins-bad/gst-libs/gst/isoff/libgstisoff-1.0.so.0.2200.0 to /compiled-binaries/usr/lib/aarch64-linux-gnu
#5 958.6 Installing subprojects/gst-plugins-bad/gst-libs/gst/mpegts/gstmpegts-enumtypes.h to /compiled-binaries/usr/include/gstreamer-1.0/gst/mpegts
#5 958.6 Installing subprojects/gst-plugins-bad/gst-libs/gst/mpegts/libgstmpegts-1.0.so.0.2200.0 to /compiled-binaries/usr/lib/aarch64-linux-gnu
#5 958.6 Installing subprojects/gst-plugins-bad/gst-libs/gst/play/libgstplay-1.0.so.0.2200.0 to /compiled-binaries/usr/lib/aarch64-linux-gnu
#5 958.6 Installing subprojects/gst-plugins-bad/gst-libs/gst/player/libgstplayer-1.0.so.0.2200.0 to /compiled-binaries/usr/lib/aarch64-linux-gnu
#5 958.6 Installing subprojects/gst-plugins-bad/gst-libs/gst/sctp/libgstsctp-1.0.so.0.2200.0 to /compiled-binaries/usr/lib/aarch64-linux-gnu
#5 958.6 Installing subprojects/gst-plugins-bad/gst-libs/gst/transcoder/transcoder-enumtypes.h to /compiled-binaries/usr/include/gstreamer-1.0/gst/transcoder
#5 958.6 Installing subprojects/gst-plugins-bad/gst-libs/gst/transcoder/libgsttranscoder-1.0.so.0 to /compiled-binaries/usr/lib/aarch64-linux-gnu
#5 958.6 Installing subprojects/gst-plugins-bad/gst-libs/gst/va/va-enumtypes.h to /compiled-binaries/usr/include/gstreamer-1.0/gst/va
#5 958.6 Installing subprojects/gst-plugins-bad/gst-libs/gst/va/libgstva-1.0.so.0.2200.0 to /compiled-binaries/usr/lib/aarch64-linux-gnu
#5 958.6 Installing subprojects/gst-plugins-bad/gst-libs/gst/wayland/libgstwayland-1.0.so.0.2200.0 to /compiled-binaries/usr/lib/aarch64-linux-gnu
#5 958.6 Installing subprojects/gst-plugins-bad/gst-libs/gst/webrtc/webrtc-enumtypes.h to /compiled-binaries/usr/include/gstreamer-1.0/gst/webrtc/
#5 958.6 Installing subprojects/gst-plugins-bad/gst-libs/gst/webrtc/libgstwebrtc-1.0.so.0.2200.0 to /compiled-binaries/usr/lib/aarch64-linux-gnu
#5 958.6 Installing subprojects/gst-plugins-bad/gst-libs/gst/webrtc/nice/libgstwebrtcnice-1.0.so.0.2200.0 to /compiled-binaries/usr/lib/aarch64-linux-gnu
#5 958.6 Installing subprojects/gst-plugins-bad/gst/accurip/libgstaccurip.so to /compiled-binaries/usr/lib/aarch64-linux-gnu/gstreamer-1.0
#5 958.6 Installing subprojects/gst-plugins-bad/gst/adpcmdec/libgstadpcmdec.so to /compiled-binaries/usr/lib/aarch64-linux-gnu/gstreamer-1.0
#5 958.6 Installing subprojects/gst-plugins-bad/gst/adpcmenc/libgstadpcmenc.so to /compiled-binaries/usr/lib/aarch64-linux-gnu/gstreamer-1.0
#5 958.6 Installing subprojects/gst-plugins-bad/gst/aiff/libgstaiff.so to /compiled-binaries/usr/lib/aarch64-linux-gnu/gstreamer-1.0
#5 958.6 Installing subprojects/gst-plugins-bad/gst/asfmux/libgstasfmux.so to /compiled-binaries/usr/lib/aarch64-linux-gnu/gstreamer-1.0
#5 958.6 Installing subprojects/gst-plugins-bad/gst/audiobuffersplit/libgstaudiobuffersplit.so to /compiled-binaries/usr/lib/aarch64-linux-gnu/gstreamer-1.0
#5 958.6 Installing subprojects/gst-plugins-bad/gst/audiofxbad/libgstaudiofxbad.so to /compiled-binaries/usr/lib/aarch64-linux-gnu/gstreamer-1.0
#5 958.6 Installing subprojects/gst-plugins-bad/gst/audiomixmatrix/libgstaudiomixmatrix.so to /compiled-binaries/usr/lib/aarch64-linux-gnu/gstreamer-1.0
#5 958.6 Installing subprojects/gst-plugins-bad/gst/audiolatency/libgstaudiolatency.so to /compiled-binaries/usr/lib/aarch64-linux-gnu/gstreamer-1.0
#5 958.6 Installing subprojects/gst-plugins-bad/gst/audiovisualizers/libgstaudiovisualizers.so to /compiled-binaries/usr/lib/aarch64-linux-gnu/gstreamer-1.0
#5 958.8 Installing subprojects/gst-plugins-bad/gst/autoconvert/libgstautoconvert.so to /compiled-binaries/usr/lib/aarch64-linux-gnu/gstreamer-1.0
#5 958.8 Installing subprojects/gst-plugins-bad/gst/bayer/libgstbayer.so to /compiled-binaries/usr/lib/aarch64-linux-gnu/gstreamer-1.0
#5 958.8 Installing subprojects/gst-plugins-bad/gst/camerabin2/libgstcamerabin.so to /compiled-binaries/usr/lib/aarch64-linux-gnu/gstreamer-1.0
#5 958.8 Installing subprojects/gst-plugins-bad/gst/codecalpha/libgstcodecalpha.so to /compiled-binaries/usr/lib/aarch64-linux-gnu/gstreamer-1.0
#5 958.8 Installing subprojects/gst-plugins-bad/gst/codectimestamper/libgstcodectimestamper.so to /compiled-binaries/usr/lib/aarch64-linux-gnu/gstreamer-1.0
#5 958.8 Installing subprojects/gst-plugins-bad/gst/coloreffects/libgstcoloreffects.so to /compiled-binaries/usr/lib/aarch64-linux-gnu/gstreamer-1.0
#5 958.8 Installing subprojects/gst-plugins-bad/gst/debugutils/libgstdebugutilsbad.so to /compiled-binaries/usr/lib/aarch64-linux-gnu/gstreamer-1.0
#5 958.8 Installing subprojects/gst-plugins-bad/gst/dvbsubenc/libgstdvbsubenc.so to /compiled-binaries/usr/lib/aarch64-linux-gnu/gstreamer-1.0
#5 958.8 Installing subprojects/gst-plugins-bad/gst/dvbsuboverlay/libgstdvbsuboverlay.so to /compiled-binaries/usr/lib/aarch64-linux-gnu/gstreamer-1.0
#5 958.8 Installing subprojects/gst-plugins-bad/gst/dvdspu/libgstdvdspu.so to /compiled-binaries/usr/lib/aarch64-linux-gnu/gstreamer-1.0
#5 958.8 Installing subprojects/gst-plugins-bad/gst/faceoverlay/libgstfaceoverlay.so to /compiled-binaries/usr/lib/aarch64-linux-gnu/gstreamer-1.0
#5 958.8 Installing subprojects/gst-plugins-bad/gst/festival/libgstfestival.so to /compiled-binaries/usr/lib/aarch64-linux-gnu/gstreamer-1.0
#5 958.8 Installing subprojects/gst-plugins-bad/gst/fieldanalysis/libgstfieldanalysis.so to /compiled-binaries/usr/lib/aarch64-linux-gnu/gstreamer-1.0
#5 958.8 Installing subprojects/gst-plugins-bad/gst/freeverb/libgstfreeverb.so to /compiled-binaries/usr/lib/aarch64-linux-gnu/gstreamer-1.0
#5 958.8 Installing subprojects/gst-plugins-bad/gst/frei0r/libgstfrei0r.so to /compiled-binaries/usr/lib/aarch64-linux-gnu/gstreamer-1.0
#5 958.8 Installing subprojects/gst-plugins-bad/gst/gaudieffects/libgstgaudieffects.so to /compiled-binaries/usr/lib/aarch64-linux-gnu/gstreamer-1.0
#5 958.8 Installing subprojects/gst-plugins-bad/gst/gdp/libgstgdp.so to /compiled-binaries/usr/lib/aarch64-linux-gnu/gstreamer-1.0
#5 958.8 Installing subprojects/gst-plugins-bad/gst/geometrictransform/libgstgeometrictransform.so to /compiled-binaries/usr/lib/aarch64-linux-gnu/gstreamer-1.0
#5 958.8 Installing subprojects/gst-plugins-bad/gst/id3tag/libgstid3tag.so to /compiled-binaries/usr/lib/aarch64-linux-gnu/gstreamer-1.0
#5 958.8 Installing subprojects/gst-plugins-bad/gst/inter/libgstinter.so to /compiled-binaries/usr/lib/aarch64-linux-gnu/gstreamer-1.0
#5 958.8 Installing subprojects/gst-plugins-bad/gst/interlace/libgstinterlace.so to /compiled-binaries/usr/lib/aarch64-linux-gnu/gstreamer-1.0
#5 958.8 Installing subprojects/gst-plugins-bad/gst/ivfparse/libgstivfparse.so to /compiled-binaries/usr/lib/aarch64-linux-gnu/gstreamer-1.0
#5 958.8 Installing subprojects/gst-plugins-bad/gst/ivtc/libgstivtc.so to /compiled-binaries/usr/lib/aarch64-linux-gnu/gstreamer-1.0
#5 958.8 Installing subprojects/gst-plugins-bad/gst/jp2kdecimator/libgstjp2kdecimator.so to /compiled-binaries/usr/lib/aarch64-linux-gnu/gstreamer-1.0
#5 958.8 Installing subprojects/gst-plugins-bad/gst/jpegformat/libgstjpegformat.so to /compiled-binaries/usr/lib/aarch64-linux-gnu/gstreamer-1.0
#5 958.8 Installing subprojects/gst-plugins-bad/gst/librfb/libgstrfbsrc.so to /compiled-binaries/usr/lib/aarch64-linux-gnu/gstreamer-1.0
#5 958.8 Installing subprojects/gst-plugins-bad/gst/midi/libgstmidi.so to /compiled-binaries/usr/lib/aarch64-linux-gnu/gstreamer-1.0
#5 958.8 Installing subprojects/gst-plugins-bad/gst/mpegdemux/libgstmpegpsdemux.so to /compiled-binaries/usr/lib/aarch64-linux-gnu/gstreamer-1.0
#5 958.8 Installing subprojects/gst-plugins-bad/gst/mpegpsmux/libgstmpegpsmux.so to /compiled-binaries/usr/lib/aarch64-linux-gnu/gstreamer-1.0
#5 958.8 Installing subprojects/gst-plugins-bad/gst/mpegtsdemux/libgstmpegtsdemux.so to /compiled-binaries/usr/lib/aarch64-linux-gnu/gstreamer-1.0
#5 958.8 Installing subprojects/gst-plugins-bad/gst/mpegtsmux/libgstmpegtsmux.so to /compiled-binaries/usr/lib/aarch64-linux-gnu/gstreamer-1.0
#5 958.8 Installing subprojects/gst-plugins-bad/gst/mxf/libgstmxf.so to /compiled-binaries/usr/lib/aarch64-linux-gnu/gstreamer-1.0
#5 958.8 Installing subprojects/gst-plugins-bad/gst/netsim/libgstnetsim.so to /compiled-binaries/usr/lib/aarch64-linux-gnu/gstreamer-1.0
#5 958.8 Installing subprojects/gst-plugins-bad/gst/onvif/libgstrtponvif.so to /compiled-binaries/usr/lib/aarch64-linux-gnu/gstreamer-1.0
#5 958.8 Installing subprojects/gst-plugins-bad/gst/pcapparse/libgstpcapparse.so to /compiled-binaries/usr/lib/aarch64-linux-gnu/gstreamer-1.0
#5 958.8 Installing subprojects/gst-plugins-bad/gst/pnm/libgstpnm.so to /compiled-binaries/usr/lib/aarch64-linux-gnu/gstreamer-1.0
#5 958.8 Installing subprojects/gst-plugins-bad/gst/proxy/libgstproxy.so to /compiled-binaries/usr/lib/aarch64-linux-gnu/gstreamer-1.0
#5 958.8 Installing subprojects/gst-plugins-bad/gst/rawparse/libgstlegacyrawparse.so to /compiled-binaries/usr/lib/aarch64-linux-gnu/gstreamer-1.0
#5 958.8 Installing subprojects/gst-plugins-bad/gst/removesilence/libgstremovesilence.so to /compiled-binaries/usr/lib/aarch64-linux-gnu/gstreamer-1.0
#5 958.8 Installing subprojects/gst-plugins-bad/gst/rist/libgstrist.so to /compiled-binaries/usr/lib/aarch64-linux-gnu/gstreamer-1.0
#5 958.8 Installing subprojects/gst-plugins-bad/gst/rtmp2/libgstrtmp2.so to /compiled-binaries/usr/lib/aarch64-linux-gnu/gstreamer-1.0
#5 958.8 Installing subprojects/gst-plugins-bad/gst/rtp/libgstrtpmanagerbad.so to /compiled-binaries/usr/lib/aarch64-linux-gnu/gstreamer-1.0
#5 958.8 Installing subprojects/gst-plugins-bad/gst/sdp/libgstsdpelem.so to /compiled-binaries/usr/lib/aarch64-linux-gnu/gstreamer-1.0
#5 958.8 Installing subprojects/gst-plugins-bad/gst/segmentclip/libgstsegmentclip.so to /compiled-binaries/usr/lib/aarch64-linux-gnu/gstreamer-1.0
#5 958.8 Installing subprojects/gst-plugins-bad/gst/siren/libgstsiren.so to /compiled-binaries/usr/lib/aarch64-linux-gnu/gstreamer-1.0
#5 958.8 Installing subprojects/gst-plugins-bad/gst/smooth/libgstsmooth.so to /compiled-binaries/usr/lib/aarch64-linux-gnu/gstreamer-1.0
#5 958.8 Installing subprojects/gst-plugins-bad/gst/speed/libgstspeed.so to /compiled-binaries/usr/lib/aarch64-linux-gnu/gstreamer-1.0
#5 958.8 Installing subprojects/gst-plugins-bad/gst/subenc/libgstsubenc.so to /compiled-binaries/usr/lib/aarch64-linux-gnu/gstreamer-1.0
#5 958.8 Installing subprojects/gst-plugins-bad/gst/switchbin/libgstswitchbin.so to /compiled-binaries/usr/lib/aarch64-linux-gnu/gstreamer-1.0
#5 958.8 Installing subprojects/gst-plugins-bad/gst/timecode/libgsttimecode.so to /compiled-binaries/usr/lib/aarch64-linux-gnu/gstreamer-1.0
#5 958.8 Installing subprojects/gst-plugins-bad/gst/transcode/libgsttranscode.so to /compiled-binaries/usr/lib/aarch64-linux-gnu/gstreamer-1.0
#5 958.8 Installing subprojects/gst-plugins-bad/gst/videofilters/libgstvideofiltersbad.so to /compiled-binaries/usr/lib/aarch64-linux-gnu/gstreamer-1.0
#5 958.8 Installing subprojects/gst-plugins-bad/gst/videoframe_audiolevel/libgstvideoframe_audiolevel.so to /compiled-binaries/usr/lib/aarch64-linux-gnu/gstreamer-1.0
#5 958.8 Installing subprojects/gst-plugins-bad/gst/videoparsers/libgstvideoparsersbad.so to /compiled-binaries/usr/lib/aarch64-linux-gnu/gstreamer-1.0
#5 958.8 Installing subprojects/gst-plugins-bad/gst/videosignal/libgstvideosignal.so to /compiled-binaries/usr/lib/aarch64-linux-gnu/gstreamer-1.0
#5 958.8 Installing subprojects/gst-plugins-bad/gst/vmnc/libgstvmnc.so to /compiled-binaries/usr/lib/aarch64-linux-gnu/gstreamer-1.0
#5 958.8 Installing subprojects/gst-plugins-bad/gst/y4m/libgsty4mdec.so to /compiled-binaries/usr/lib/aarch64-linux-gnu/gstreamer-1.0
#5 958.8 Installing subprojects/gst-plugins-bad/sys/decklink/libgstdecklink.so to /compiled-binaries/usr/lib/aarch64-linux-gnu/gstreamer-1.0
#5 958.8 Installing subprojects/gst-plugins-bad/sys/dvb/libgstdvb.so to /compiled-binaries/usr/lib/aarch64-linux-gnu/gstreamer-1.0
#5 958.8 Installing subprojects/gst-plugins-bad/sys/fbdev/libgstfbdevsink.so to /compiled-binaries/usr/lib/aarch64-linux-gnu/gstreamer-1.0
#5 958.8 Installing subprojects/gst-plugins-bad/sys/ipcpipeline/libgstipcpipeline.so to /compiled-binaries/usr/lib/aarch64-linux-gnu/gstreamer-1.0
#5 958.9 Installing subprojects/gst-plugins-bad/sys/kms/libgstkms.so to /compiled-binaries/usr/lib/aarch64-linux-gnu/gstreamer-1.0
#5 958.9 Installing subprojects/gst-plugins-bad/sys/nvcodec/libgstnvcodec.so to /compiled-binaries/usr/lib/aarch64-linux-gnu/gstreamer-1.0
#5 958.9 Installing subprojects/gst-plugins-bad/sys/shm/libgstshm.so to /compiled-binaries/usr/lib/aarch64-linux-gnu/gstreamer-1.0
#5 958.9 Installing subprojects/gst-plugins-bad/sys/v4l2codecs/libgstv4l2codecs.so to /compiled-binaries/usr/lib/aarch64-linux-gnu/gstreamer-1.0
#5 958.9 Installing subprojects/gst-plugins-bad/sys/va/libgstva.so to /compiled-binaries/usr/lib/aarch64-linux-gnu/gstreamer-1.0
#5 958.9 Installing subprojects/gst-plugins-bad/ext/aes/libgstaes.so to /compiled-binaries/usr/lib/aarch64-linux-gnu/gstreamer-1.0
#5 958.9 Installing subprojects/gst-plugins-bad/ext/assrender/libgstassrender.so to /compiled-binaries/usr/lib/aarch64-linux-gnu/gstreamer-1.0
#5 958.9 Installing subprojects/gst-plugins-bad/ext/aom/libgstaom.so to /compiled-binaries/usr/lib/aarch64-linux-gnu/gstreamer-1.0
#5 958.9 Installing subprojects/libavtp/libavtp.so.0.2.0 to /compiled-binaries/usr/lib/aarch64-linux-gnu
#5 958.9 Installing subprojects/gst-plugins-bad/ext/avtp/libgstavtp.so to /compiled-binaries/usr/lib/aarch64-linux-gnu/gstreamer-1.0
#5 958.9 Installing subprojects/gst-plugins-bad/ext/bs2b/libgstbs2b.so to /compiled-binaries/usr/lib/aarch64-linux-gnu/gstreamer-1.0
#5 958.9 Installing subprojects/gst-plugins-bad/ext/bz2/libgstbz2.so to /compiled-binaries/usr/lib/aarch64-linux-gnu/gstreamer-1.0
#5 958.9 Installing subprojects/gst-plugins-bad/ext/chromaprint/libgstchromaprint.so to /compiled-binaries/usr/lib/aarch64-linux-gnu/gstreamer-1.0
#5 958.9 Installing subprojects/gst-plugins-bad/ext/closedcaption/libgstclosedcaption.so to /compiled-binaries/usr/lib/aarch64-linux-gnu/gstreamer-1.0
#5 958.9 Installing subprojects/gst-plugins-bad/ext/colormanagement/libgstcolormanagement.so to /compiled-binaries/usr/lib/aarch64-linux-gnu/gstreamer-1.0
#5 958.9 Installing subprojects/gst-plugins-bad/ext/curl/libgstcurl.so to /compiled-binaries/usr/lib/aarch64-linux-gnu/gstreamer-1.0
#5 958.9 Installing subprojects/gst-plugins-bad/ext/dash/libgstdash.so to /compiled-binaries/usr/lib/aarch64-linux-gnu/gstreamer-1.0
#5 958.9 Installing subprojects/gst-plugins-bad/ext/dtls/libgstdtls.so to /compiled-binaries/usr/lib/aarch64-linux-gnu/gstreamer-1.0
#5 958.9 Installing subprojects/gst-plugins-bad/ext/dts/libgstdtsdec.so to /compiled-binaries/usr/lib/aarch64-linux-gnu/gstreamer-1.0
#5 958.9 Installing subprojects/gst-plugins-bad/ext/faac/libgstfaac.so to /compiled-binaries/usr/lib/aarch64-linux-gnu/gstreamer-1.0
#5 958.9 Installing subprojects/gst-plugins-bad/ext/faad/libgstfaad.so to /compiled-binaries/usr/lib/aarch64-linux-gnu/gstreamer-1.0
#5 958.9 Installing subprojects/gst-plugins-bad/ext/fdkaac/libgstfdkaac.so to /compiled-binaries/usr/lib/aarch64-linux-gnu/gstreamer-1.0
#5 958.9 Installing subprojects/gst-plugins-bad/ext/flite/libgstflite.so to /compiled-binaries/usr/lib/aarch64-linux-gnu/gstreamer-1.0
#5 958.9 Installing subprojects/gst-plugins-bad/ext/fluidsynth/libgstfluidsynthmidi.so to /compiled-binaries/usr/lib/aarch64-linux-gnu/gstreamer-1.0
#5 958.9 Installing subprojects/gst-plugins-bad/ext/gme/libgstgme.so to /compiled-binaries/usr/lib/aarch64-linux-gnu/gstreamer-1.0
#5 958.9 Installing subprojects/gst-plugins-bad/ext/gsm/libgstgsm.so to /compiled-binaries/usr/lib/aarch64-linux-gnu/gstreamer-1.0
#5 958.9 Installing subprojects/gst-plugins-bad/ext/hls/libgsthls.so to /compiled-binaries/usr/lib/aarch64-linux-gnu/gstreamer-1.0
#5 958.9 Installing subprojects/dssim/libdssim-lib.so.1.1 to /compiled-binaries/usr/lib/aarch64-linux-gnu
#5 958.9 Installing subprojects/dssim/dssim to /compiled-binaries/usr/bin
#5 958.9 Installing subprojects/gst-plugins-bad/ext/iqa/libgstiqa.so to /compiled-binaries/usr/lib/aarch64-linux-gnu/gstreamer-1.0
#5 958.9 Installing subprojects/gst-plugins-bad/ext/kate/libgstkate.so to /compiled-binaries/usr/lib/aarch64-linux-gnu/gstreamer-1.0
#5 958.9 Installing subprojects/gst-plugins-bad/ext/libde265/libgstde265.so to /compiled-binaries/usr/lib/aarch64-linux-gnu/gstreamer-1.0
#5 958.9 Installing subprojects/gst-plugins-bad/ext/lv2/libgstlv2.so to /compiled-binaries/usr/lib/aarch64-linux-gnu/gstreamer-1.0
#5 958.9 Installing subprojects/libmicrodns/src/libmicrodns.so.1.0.0 to /compiled-binaries/usr/lib/aarch64-linux-gnu
#5 958.9 Installing subprojects/gst-plugins-bad/ext/mdns/libgstmicrodns.so to /compiled-binaries/usr/lib/aarch64-linux-gnu/gstreamer-1.0
#5 958.9 Installing subprojects/gst-plugins-bad/ext/modplug/libgstmodplug.so to /compiled-binaries/usr/lib/aarch64-linux-gnu/gstreamer-1.0
#5 958.9 Installing subprojects/gst-plugins-bad/ext/mpeg2enc/libgstmpeg2enc.so to /compiled-binaries/usr/lib/aarch64-linux-gnu/gstreamer-1.0
#5 958.9 Installing subprojects/gst-plugins-bad/ext/mplex/libgstmplex.so to /compiled-binaries/usr/lib/aarch64-linux-gnu/gstreamer-1.0
#5 958.9 Installing subprojects/gst-plugins-bad/ext/musepack/libgstmusepack.so to /compiled-binaries/usr/lib/aarch64-linux-gnu/gstreamer-1.0
#5 958.9 Installing subprojects/gst-plugins-bad/ext/openexr/libgstopenexr.so to /compiled-binaries/usr/lib/aarch64-linux-gnu/gstreamer-1.0
#5 958.9 Installing subprojects/openh264-2.3.1/libopenh264.so.2.3.1 to /compiled-binaries/usr/lib/aarch64-linux-gnu
#5 958.9 Installing subprojects/gst-plugins-bad/ext/openh264/libgstopenh264.so to /compiled-binaries/usr/lib/aarch64-linux-gnu/gstreamer-1.0
#5 958.9 Installing subprojects/gst-plugins-bad/ext/openjpeg/libgstopenjpeg.so to /compiled-binaries/usr/lib/aarch64-linux-gnu/gstreamer-1.0
#5 958.9 Installing subprojects/gst-plugins-bad/ext/opus/libgstopusparse.so to /compiled-binaries/usr/lib/aarch64-linux-gnu/gstreamer-1.0
#5 958.9 Installing subprojects/gst-plugins-bad/ext/qroverlay/libgstqroverlay.so to /compiled-binaries/usr/lib/aarch64-linux-gnu/gstreamer-1.0
#5 958.9 Installing subprojects/gst-plugins-bad/ext/resindvd/libgstresindvd.so to /compiled-binaries/usr/lib/aarch64-linux-gnu/gstreamer-1.0
#5 958.9 Installing subprojects/gst-plugins-bad/ext/rsvg/libgstrsvg.so to /compiled-binaries/usr/lib/aarch64-linux-gnu/gstreamer-1.0
#5 958.9 Installing subprojects/gst-plugins-bad/ext/rtmp/libgstrtmp.so to /compiled-binaries/usr/lib/aarch64-linux-gnu/gstreamer-1.0
#5 958.9 Installing subprojects/gst-plugins-bad/ext/sbc/libgstsbc.so to /compiled-binaries/usr/lib/aarch64-linux-gnu/gstreamer-1.0
#5 958.9 Installing subprojects/gst-plugins-bad/ext/sctp/libgstsctp.so to /compiled-binaries/usr/lib/aarch64-linux-gnu/gstreamer-1.0
#5 958.9 Installing subprojects/gst-plugins-bad/ext/smoothstreaming/libgstsmoothstreaming.so to /compiled-binaries/usr/lib/aarch64-linux-gnu/gstreamer-1.0
#5 958.9 Installing subprojects/gst-plugins-bad/ext/sndfile/libgstsndfile.so to /compiled-binaries/usr/lib/aarch64-linux-gnu/gstreamer-1.0
#5 958.9 Installing subprojects/gst-plugins-bad/ext/soundtouch/libgstsoundtouch.so to /compiled-binaries/usr/lib/aarch64-linux-gnu/gstreamer-1.0
#5 958.9 Installing subprojects/gst-plugins-bad/ext/spandsp/libgstspandsp.so to /compiled-binaries/usr/lib/aarch64-linux-gnu/gstreamer-1.0
#5 958.9 Installing subprojects/gst-plugins-bad/ext/srt/libgstsrt.so to /compiled-binaries/usr/lib/aarch64-linux-gnu/gstreamer-1.0
#5 958.9 Installing subprojects/gst-plugins-bad/ext/srtp/libgstsrtp.so to /compiled-binaries/usr/lib/aarch64-linux-gnu/gstreamer-1.0
#5 958.9 Installing subprojects/gst-plugins-bad/ext/teletextdec/libgstteletext.so to /compiled-binaries/usr/lib/aarch64-linux-gnu/gstreamer-1.0
#5 958.9 Installing subprojects/gst-plugins-bad/ext/ttml/libgstttmlsubs.so to /compiled-binaries/usr/lib/aarch64-linux-gnu/gstreamer-1.0
#5 958.9 Installing subprojects/gst-plugins-bad/ext/voaacenc/libgstvoaacenc.so to /compiled-binaries/usr/lib/aarch64-linux-gnu/gstreamer-1.0
#5 958.9 Installing subprojects/gst-plugins-bad/ext/voamrwbenc/libgstvoamrwbenc.so to /compiled-binaries/usr/lib/aarch64-linux-gnu/gstreamer-1.0
#5 958.9 Installing subprojects/gst-plugins-bad/ext/wayland/libgstwaylandsink.so to /compiled-binaries/usr/lib/aarch64-linux-gnu/gstreamer-1.0
#5 958.9 Installing subprojects/gst-plugins-bad/ext/webrtc/libgstwebrtc.so to /compiled-binaries/usr/lib/aarch64-linux-gnu/gstreamer-1.0
#5 958.9 Installing subprojects/gst-plugins-bad/ext/webrtcdsp/libgstwebrtcdsp.so to /compiled-binaries/usr/lib/aarch64-linux-gnu/gstreamer-1.0
#5 958.9 Installing subprojects/gst-plugins-bad/ext/webp/libgstwebp.so to /compiled-binaries/usr/lib/aarch64-linux-gnu/gstreamer-1.0
#5 958.9 Installing subprojects/gst-plugins-bad/ext/wildmidi/libgstwildmidi.so to /compiled-binaries/usr/lib/aarch64-linux-gnu/gstreamer-1.0
#5 959.0 Installing subprojects/gst-plugins-bad/ext/x265/libgstx265.so to /compiled-binaries/usr/lib/aarch64-linux-gnu/gstreamer-1.0
#5 959.0 Installing subprojects/gst-plugins-bad/ext/zbar/libgstzbar.so to /compiled-binaries/usr/lib/aarch64-linux-gnu/gstreamer-1.0
#5 959.0 Installing subprojects/gst-plugins-bad/tools/gst-transcoder-1.0 to /compiled-binaries/usr/bin
#5 959.0 Installing subprojects/gst-plugins-bad/po/af/LC_MESSAGES/gst-plugins-bad-1.0.mo to /compiled-binaries/usr/share/locale/af/LC_MESSAGES
#5 959.0 Installing subprojects/gst-plugins-bad/po/ast/LC_MESSAGES/gst-plugins-bad-1.0.mo to /compiled-binaries/usr/share/locale/ast/LC_MESSAGES
#5 959.0 Installing subprojects/gst-plugins-bad/po/az/LC_MESSAGES/gst-plugins-bad-1.0.mo to /compiled-binaries/usr/share/locale/az/LC_MESSAGES
#5 959.0 Installing subprojects/gst-plugins-bad/po/bg/LC_MESSAGES/gst-plugins-bad-1.0.mo to /compiled-binaries/usr/share/locale/bg/LC_MESSAGES
#5 959.0 Installing subprojects/gst-plugins-bad/po/ca/LC_MESSAGES/gst-plugins-bad-1.0.mo to /compiled-binaries/usr/share/locale/ca/LC_MESSAGES
#5 959.0 Installing subprojects/gst-plugins-bad/po/cs/LC_MESSAGES/gst-plugins-bad-1.0.mo to /compiled-binaries/usr/share/locale/cs/LC_MESSAGES
#5 959.0 Installing subprojects/gst-plugins-bad/po/da/LC_MESSAGES/gst-plugins-bad-1.0.mo to /compiled-binaries/usr/share/locale/da/LC_MESSAGES
#5 959.0 Installing subprojects/gst-plugins-bad/po/de/LC_MESSAGES/gst-plugins-bad-1.0.mo to /compiled-binaries/usr/share/locale/de/LC_MESSAGES
#5 959.0 Installing subprojects/gst-plugins-bad/po/el/LC_MESSAGES/gst-plugins-bad-1.0.mo to /compiled-binaries/usr/share/locale/el/LC_MESSAGES
#5 959.0 Installing subprojects/gst-plugins-bad/po/en_GB/LC_MESSAGES/gst-plugins-bad-1.0.mo to /compiled-binaries/usr/share/locale/en_GB/LC_MESSAGES
#5 959.0 Installing subprojects/gst-plugins-bad/po/eo/LC_MESSAGES/gst-plugins-bad-1.0.mo to /compiled-binaries/usr/share/locale/eo/LC_MESSAGES
#5 959.0 Installing subprojects/gst-plugins-bad/po/es/LC_MESSAGES/gst-plugins-bad-1.0.mo to /compiled-binaries/usr/share/locale/es/LC_MESSAGES
#5 959.0 Installing subprojects/gst-plugins-bad/po/eu/LC_MESSAGES/gst-plugins-bad-1.0.mo to /compiled-binaries/usr/share/locale/eu/LC_MESSAGES
#5 959.0 Installing subprojects/gst-plugins-bad/po/fi/LC_MESSAGES/gst-plugins-bad-1.0.mo to /compiled-binaries/usr/share/locale/fi/LC_MESSAGES
#5 959.0 Installing subprojects/gst-plugins-bad/po/fr/LC_MESSAGES/gst-plugins-bad-1.0.mo to /compiled-binaries/usr/share/locale/fr/LC_MESSAGES
#5 959.0 Installing subprojects/gst-plugins-bad/po/fur/LC_MESSAGES/gst-plugins-bad-1.0.mo to /compiled-binaries/usr/share/locale/fur/LC_MESSAGES
#5 959.0 Installing subprojects/gst-plugins-bad/po/gl/LC_MESSAGES/gst-plugins-bad-1.0.mo to /compiled-binaries/usr/share/locale/gl/LC_MESSAGES
#5 959.0 Installing subprojects/gst-plugins-bad/po/hr/LC_MESSAGES/gst-plugins-bad-1.0.mo to /compiled-binaries/usr/share/locale/hr/LC_MESSAGES
#5 959.0 Installing subprojects/gst-plugins-bad/po/hu/LC_MESSAGES/gst-plugins-bad-1.0.mo to /compiled-binaries/usr/share/locale/hu/LC_MESSAGES
#5 959.0 Installing subprojects/gst-plugins-bad/po/id/LC_MESSAGES/gst-plugins-bad-1.0.mo to /compiled-binaries/usr/share/locale/id/LC_MESSAGES
#5 959.0 Installing subprojects/gst-plugins-bad/po/it/LC_MESSAGES/gst-plugins-bad-1.0.mo to /compiled-binaries/usr/share/locale/it/LC_MESSAGES
#5 959.0 Installing subprojects/gst-plugins-bad/po/ja/LC_MESSAGES/gst-plugins-bad-1.0.mo to /compiled-binaries/usr/share/locale/ja/LC_MESSAGES
#5 959.0 Installing subprojects/gst-plugins-bad/po/ka/LC_MESSAGES/gst-plugins-bad-1.0.mo to /compiled-binaries/usr/share/locale/ka/LC_MESSAGES
#5 959.0 Installing subprojects/gst-plugins-bad/po/ky/LC_MESSAGES/gst-plugins-bad-1.0.mo to /compiled-binaries/usr/share/locale/ky/LC_MESSAGES
#5 959.0 Installing subprojects/gst-plugins-bad/po/lt/LC_MESSAGES/gst-plugins-bad-1.0.mo to /compiled-binaries/usr/share/locale/lt/LC_MESSAGES
#5 959.0 Installing subprojects/gst-plugins-bad/po/lv/LC_MESSAGES/gst-plugins-bad-1.0.mo to /compiled-binaries/usr/share/locale/lv/LC_MESSAGES
#5 959.0 Installing subprojects/gst-plugins-bad/po/mt/LC_MESSAGES/gst-plugins-bad-1.0.mo to /compiled-binaries/usr/share/locale/mt/LC_MESSAGES
#5 959.0 Installing subprojects/gst-plugins-bad/po/nb/LC_MESSAGES/gst-plugins-bad-1.0.mo to /compiled-binaries/usr/share/locale/nb/LC_MESSAGES
#5 959.0 Installing subprojects/gst-plugins-bad/po/nl/LC_MESSAGES/gst-plugins-bad-1.0.mo to /compiled-binaries/usr/share/locale/nl/LC_MESSAGES
#5 959.0 Installing subprojects/gst-plugins-bad/po/or/LC_MESSAGES/gst-plugins-bad-1.0.mo to /compiled-binaries/usr/share/locale/or/LC_MESSAGES
#5 959.0 Installing subprojects/gst-plugins-bad/po/pl/LC_MESSAGES/gst-plugins-bad-1.0.mo to /compiled-binaries/usr/share/locale/pl/LC_MESSAGES
#5 959.0 Installing subprojects/gst-plugins-bad/po/pt_BR/LC_MESSAGES/gst-plugins-bad-1.0.mo to /compiled-binaries/usr/share/locale/pt_BR/LC_MESSAGES
#5 959.0 Installing subprojects/gst-plugins-bad/po/ro/LC_MESSAGES/gst-plugins-bad-1.0.mo to /compiled-binaries/usr/share/locale/ro/LC_MESSAGES
#5 959.0 Installing subprojects/gst-plugins-bad/po/ru/LC_MESSAGES/gst-plugins-bad-1.0.mo to /compiled-binaries/usr/share/locale/ru/LC_MESSAGES
#5 959.0 Installing subprojects/gst-plugins-bad/po/sk/LC_MESSAGES/gst-plugins-bad-1.0.mo to /compiled-binaries/usr/share/locale/sk/LC_MESSAGES
#5 959.0 Installing subprojects/gst-plugins-bad/po/sl/LC_MESSAGES/gst-plugins-bad-1.0.mo to /compiled-binaries/usr/share/locale/sl/LC_MESSAGES
#5 959.0 Installing subprojects/gst-plugins-bad/po/sq/LC_MESSAGES/gst-plugins-bad-1.0.mo to /compiled-binaries/usr/share/locale/sq/LC_MESSAGES
#5 959.0 Installing subprojects/gst-plugins-bad/po/sr/LC_MESSAGES/gst-plugins-bad-1.0.mo to /compiled-binaries/usr/share/locale/sr/LC_MESSAGES
#5 959.0 Installing subprojects/gst-plugins-bad/po/sv/LC_MESSAGES/gst-plugins-bad-1.0.mo to /compiled-binaries/usr/share/locale/sv/LC_MESSAGES
#5 959.0 Installing subprojects/gst-plugins-bad/po/tr/LC_MESSAGES/gst-plugins-bad-1.0.mo to /compiled-binaries/usr/share/locale/tr/LC_MESSAGES
#5 959.0 Installing subprojects/gst-plugins-bad/po/uk/LC_MESSAGES/gst-plugins-bad-1.0.mo to /compiled-binaries/usr/share/locale/uk/LC_MESSAGES
#5 959.0 Installing subprojects/gst-plugins-bad/po/vi/LC_MESSAGES/gst-plugins-bad-1.0.mo to /compiled-binaries/usr/share/locale/vi/LC_MESSAGES
#5 959.0 Installing subprojects/gst-plugins-bad/po/zh_CN/LC_MESSAGES/gst-plugins-bad-1.0.mo to /compiled-binaries/usr/share/locale/zh_CN/LC_MESSAGES
#5 959.0 Installing subprojects/gst-plugins-bad/po/zh_TW/LC_MESSAGES/gst-plugins-bad-1.0.mo to /compiled-binaries/usr/share/locale/zh_TW/LC_MESSAGES
#5 959.0 Installing subprojects/gst-plugins-ugly/gst/asfdemux/libgstasf.so to /compiled-binaries/usr/lib/aarch64-linux-gnu/gstreamer-1.0
#5 959.0 Installing subprojects/gst-plugins-ugly/gst/dvdlpcmdec/libgstdvdlpcmdec.so to /compiled-binaries/usr/lib/aarch64-linux-gnu/gstreamer-1.0
#5 959.0 Installing subprojects/gst-plugins-ugly/gst/dvdsub/libgstdvdsub.so to /compiled-binaries/usr/lib/aarch64-linux-gnu/gstreamer-1.0
#5 959.0 Installing subprojects/gst-plugins-ugly/gst/realmedia/libgstrealmedia.so to /compiled-binaries/usr/lib/aarch64-linux-gnu/gstreamer-1.0
#5 959.0 Installing subprojects/gst-plugins-ugly/ext/a52dec/libgsta52dec.so to /compiled-binaries/usr/lib/aarch64-linux-gnu/gstreamer-1.0
#5 959.0 Installing subprojects/gst-plugins-ugly/ext/amrnb/libgstamrnb.so to /compiled-binaries/usr/lib/aarch64-linux-gnu/gstreamer-1.0
#5 959.0 Installing subprojects/gst-plugins-ugly/ext/amrwbdec/libgstamrwbdec.so to /compiled-binaries/usr/lib/aarch64-linux-gnu/gstreamer-1.0
#5 959.0 Installing subprojects/gst-plugins-ugly/ext/dvdread/libgstdvdread.so to /compiled-binaries/usr/lib/aarch64-linux-gnu/gstreamer-1.0
#5 959.0 Installing subprojects/gst-plugins-ugly/ext/mpeg2dec/libgstmpeg2dec.so to /compiled-binaries/usr/lib/aarch64-linux-gnu/gstreamer-1.0
#5 959.0 Installing subprojects/gst-plugins-ugly/ext/x264/libgstx264.so to /compiled-binaries/usr/lib/aarch64-linux-gnu/gstreamer-1.0
#5 959.0 Installing subprojects/gst-plugins-ugly/po/af/LC_MESSAGES/gst-plugins-ugly-1.0.mo to /compiled-binaries/usr/share/locale/af/LC_MESSAGES
#5 959.0 Installing subprojects/gst-plugins-ugly/po/ast/LC_MESSAGES/gst-plugins-ugly-1.0.mo to /compiled-binaries/usr/share/locale/ast/LC_MESSAGES
#5 959.0 Installing subprojects/gst-plugins-ugly/po/az/LC_MESSAGES/gst-plugins-ugly-1.0.mo to /compiled-binaries/usr/share/locale/az/LC_MESSAGES
#5 959.0 Installing subprojects/gst-plugins-ugly/po/bg/LC_MESSAGES/gst-plugins-ugly-1.0.mo to /compiled-binaries/usr/share/locale/bg/LC_MESSAGES
#5 959.0 Installing subprojects/gst-plugins-ugly/po/ca/LC_MESSAGES/gst-plugins-ugly-1.0.mo to /compiled-binaries/usr/share/locale/ca/LC_MESSAGES
#5 959.0 Installing subprojects/gst-plugins-ugly/po/cs/LC_MESSAGES/gst-plugins-ugly-1.0.mo to /compiled-binaries/usr/share/locale/cs/LC_MESSAGES
#5 959.0 Installing subprojects/gst-plugins-ugly/po/da/LC_MESSAGES/gst-plugins-ugly-1.0.mo to /compiled-binaries/usr/share/locale/da/LC_MESSAGES
#5 959.0 Installing subprojects/gst-plugins-ugly/po/de/LC_MESSAGES/gst-plugins-ugly-1.0.mo to /compiled-binaries/usr/share/locale/de/LC_MESSAGES
#5 959.0 Installing subprojects/gst-plugins-ugly/po/el/LC_MESSAGES/gst-plugins-ugly-1.0.mo to /compiled-binaries/usr/share/locale/el/LC_MESSAGES
#5 959.0 Installing subprojects/gst-plugins-ugly/po/en_GB/LC_MESSAGES/gst-plugins-ugly-1.0.mo to /compiled-binaries/usr/share/locale/en_GB/LC_MESSAGES
#5 959.0 Installing subprojects/gst-plugins-ugly/po/eo/LC_MESSAGES/gst-plugins-ugly-1.0.mo to /compiled-binaries/usr/share/locale/eo/LC_MESSAGES
#5 959.0 Installing subprojects/gst-plugins-ugly/po/es/LC_MESSAGES/gst-plugins-ugly-1.0.mo to /compiled-binaries/usr/share/locale/es/LC_MESSAGES
#5 959.0 Installing subprojects/gst-plugins-ugly/po/eu/LC_MESSAGES/gst-plugins-ugly-1.0.mo to /compiled-binaries/usr/share/locale/eu/LC_MESSAGES
#5 959.0 Installing subprojects/gst-plugins-ugly/po/fi/LC_MESSAGES/gst-plugins-ugly-1.0.mo to /compiled-binaries/usr/share/locale/fi/LC_MESSAGES
#5 959.0 Installing subprojects/gst-plugins-ugly/po/fr/LC_MESSAGES/gst-plugins-ugly-1.0.mo to /compiled-binaries/usr/share/locale/fr/LC_MESSAGES
#5 959.0 Installing subprojects/gst-plugins-ugly/po/fur/LC_MESSAGES/gst-plugins-ugly-1.0.mo to /compiled-binaries/usr/share/locale/fur/LC_MESSAGES
#5 959.0 Installing subprojects/gst-plugins-ugly/po/gl/LC_MESSAGES/gst-plugins-ugly-1.0.mo to /compiled-binaries/usr/share/locale/gl/LC_MESSAGES
#5 959.0 Installing subprojects/gst-plugins-ugly/po/hr/LC_MESSAGES/gst-plugins-ugly-1.0.mo to /compiled-binaries/usr/share/locale/hr/LC_MESSAGES
#5 959.0 Installing subprojects/gst-plugins-ugly/po/hu/LC_MESSAGES/gst-plugins-ugly-1.0.mo to /compiled-binaries/usr/share/locale/hu/LC_MESSAGES
#5 959.0 Installing subprojects/gst-plugins-ugly/po/id/LC_MESSAGES/gst-plugins-ugly-1.0.mo to /compiled-binaries/usr/share/locale/id/LC_MESSAGES
#5 959.0 Installing subprojects/gst-plugins-ugly/po/it/LC_MESSAGES/gst-plugins-ugly-1.0.mo to /compiled-binaries/usr/share/locale/it/LC_MESSAGES
#5 959.0 Installing subprojects/gst-plugins-ugly/po/ja/LC_MESSAGES/gst-plugins-ugly-1.0.mo to /compiled-binaries/usr/share/locale/ja/LC_MESSAGES
#5 959.0 Installing subprojects/gst-plugins-ugly/po/ka/LC_MESSAGES/gst-plugins-ugly-1.0.mo to /compiled-binaries/usr/share/locale/ka/LC_MESSAGES
#5 959.0 Installing subprojects/gst-plugins-ugly/po/lt/LC_MESSAGES/gst-plugins-ugly-1.0.mo to /compiled-binaries/usr/share/locale/lt/LC_MESSAGES
#5 959.0 Installing subprojects/gst-plugins-ugly/po/lv/LC_MESSAGES/gst-plugins-ugly-1.0.mo to /compiled-binaries/usr/share/locale/lv/LC_MESSAGES
#5 959.0 Installing subprojects/gst-plugins-ugly/po/ms/LC_MESSAGES/gst-plugins-ugly-1.0.mo to /compiled-binaries/usr/share/locale/ms/LC_MESSAGES
#5 959.0 Installing subprojects/gst-plugins-ugly/po/mt/LC_MESSAGES/gst-plugins-ugly-1.0.mo to /compiled-binaries/usr/share/locale/mt/LC_MESSAGES
#5 959.0 Installing subprojects/gst-plugins-ugly/po/nb/LC_MESSAGES/gst-plugins-ugly-1.0.mo to /compiled-binaries/usr/share/locale/nb/LC_MESSAGES
#5 959.0 Installing subprojects/gst-plugins-ugly/po/nl/LC_MESSAGES/gst-plugins-ugly-1.0.mo to /compiled-binaries/usr/share/locale/nl/LC_MESSAGES
#5 959.0 Installing subprojects/gst-plugins-ugly/po/or/LC_MESSAGES/gst-plugins-ugly-1.0.mo to /compiled-binaries/usr/share/locale/or/LC_MESSAGES
#5 959.0 Installing subprojects/gst-plugins-ugly/po/pl/LC_MESSAGES/gst-plugins-ugly-1.0.mo to /compiled-binaries/usr/share/locale/pl/LC_MESSAGES
#5 959.0 Installing subprojects/gst-plugins-ugly/po/pt_BR/LC_MESSAGES/gst-plugins-ugly-1.0.mo to /compiled-binaries/usr/share/locale/pt_BR/LC_MESSAGES
#5 959.0 Installing subprojects/gst-plugins-ugly/po/ro/LC_MESSAGES/gst-plugins-ugly-1.0.mo to /compiled-binaries/usr/share/locale/ro/LC_MESSAGES
#5 959.0 Installing subprojects/gst-plugins-ugly/po/ru/LC_MESSAGES/gst-plugins-ugly-1.0.mo to /compiled-binaries/usr/share/locale/ru/LC_MESSAGES
#5 959.0 Installing subprojects/gst-plugins-ugly/po/sk/LC_MESSAGES/gst-plugins-ugly-1.0.mo to /compiled-binaries/usr/share/locale/sk/LC_MESSAGES
#5 959.0 Installing subprojects/gst-plugins-ugly/po/sl/LC_MESSAGES/gst-plugins-ugly-1.0.mo to /compiled-binaries/usr/share/locale/sl/LC_MESSAGES
#5 959.0 Installing subprojects/gst-plugins-ugly/po/sq/LC_MESSAGES/gst-plugins-ugly-1.0.mo to /compiled-binaries/usr/share/locale/sq/LC_MESSAGES
#5 959.0 Installing subprojects/gst-plugins-ugly/po/sr/LC_MESSAGES/gst-plugins-ugly-1.0.mo to /compiled-binaries/usr/share/locale/sr/LC_MESSAGES
#5 959.0 Installing subprojects/gst-plugins-ugly/po/sv/LC_MESSAGES/gst-plugins-ugly-1.0.mo to /compiled-binaries/usr/share/locale/sv/LC_MESSAGES
#5 959.0 Installing subprojects/gst-plugins-ugly/po/ta/LC_MESSAGES/gst-plugins-ugly-1.0.mo to /compiled-binaries/usr/share/locale/ta/LC_MESSAGES
#5 959.0 Installing subprojects/gst-plugins-ugly/po/tr/LC_MESSAGES/gst-plugins-ugly-1.0.mo to /compiled-binaries/usr/share/locale/tr/LC_MESSAGES
#5 959.0 Installing subprojects/gst-plugins-ugly/po/uk/LC_MESSAGES/gst-plugins-ugly-1.0.mo to /compiled-binaries/usr/share/locale/uk/LC_MESSAGES
#5 959.0 Installing subprojects/gst-plugins-ugly/po/vi/LC_MESSAGES/gst-plugins-ugly-1.0.mo to /compiled-binaries/usr/share/locale/vi/LC_MESSAGES
#5 959.0 Installing subprojects/gst-plugins-ugly/po/zh_CN/LC_MESSAGES/gst-plugins-ugly-1.0.mo to /compiled-binaries/usr/share/locale/zh_CN/LC_MESSAGES
#5 959.0 Installing subprojects/gst-plugins-ugly/po/zh_TW/LC_MESSAGES/gst-plugins-ugly-1.0.mo to /compiled-binaries/usr/share/locale/zh_TW/LC_MESSAGES
#5 959.0 Installing subprojects/gst-libav/ext/libav/libgstlibav.so to /compiled-binaries/usr/lib/aarch64-linux-gnu/gstreamer-1.0
#5 959.0 Installing subprojects/gst-rtsp-server/gst/rtsp-server/libgstrtspserver-1.0.so.0.2200.0 to /compiled-binaries/usr/lib/aarch64-linux-gnu
#5 959.0 Installing subprojects/gst-rtsp-server/gst/rtsp-sink/libgstrtspclientsink.so to /compiled-binaries/usr/lib/aarch64-linux-gnu/gstreamer-1.0
#5 959.0 Installing subprojects/gstreamer-vaapi/gst/vaapi/libgstvaapi.so to /compiled-binaries/usr/lib/aarch64-linux-gnu/gstreamer-1.0
#5 959.0 Installing /gstreamer/subprojects/orc/orc/orc.h to /compiled-binaries/usr/include/orc-0.4/orc/
#5 959.0 Installing /gstreamer/subprojects/orc/orc/orcarm.h to /compiled-binaries/usr/include/orc-0.4/orc/
#5 959.0 Installing /gstreamer/subprojects/orc/orc/orcbytecode.h to /compiled-binaries/usr/include/orc-0.4/orc/
#5 959.0 Installing /gstreamer/subprojects/orc/orc/orcbytecodes.h to /compiled-binaries/usr/include/orc-0.4/orc/
#5 959.0 Installing /gstreamer/subprojects/orc/orc/orccode.h to /compiled-binaries/usr/include/orc-0.4/orc/
#5 959.0 Installing /gstreamer/subprojects/orc/orc/orccompiler.h to /compiled-binaries/usr/include/orc-0.4/orc/
#5 959.0 Installing /gstreamer/subprojects/orc/orc/orcconstant.h to /compiled-binaries/usr/include/orc-0.4/orc/
#5 959.0 Installing /gstreamer/subprojects/orc/orc/orccpu.h to /compiled-binaries/usr/include/orc-0.4/orc/
#5 959.0 Installing /gstreamer/subprojects/orc/orc/orccpuinsn.h to /compiled-binaries/usr/include/orc-0.4/orc/
#5 959.0 Installing /gstreamer/subprojects/orc/orc/orcdebug.h to /compiled-binaries/usr/include/orc-0.4/orc/
#5 959.0 Installing /gstreamer/subprojects/orc/orc/orcemulateopcodes.h to /compiled-binaries/usr/include/orc-0.4/orc/
#5 959.0 Installing /gstreamer/subprojects/orc/orc/orcexecutor.h to /compiled-binaries/usr/include/orc-0.4/orc/
#5 959.0 Installing /gstreamer/subprojects/orc/orc/orcfunctions.h to /compiled-binaries/usr/include/orc-0.4/orc/
#5 959.0 Installing /gstreamer/subprojects/orc/orc/orcinstruction.h to /compiled-binaries/usr/include/orc-0.4/orc/
#5 959.0 Installing /gstreamer/subprojects/orc/orc/orcinternal.h to /compiled-binaries/usr/include/orc-0.4/orc/
#5 959.0 Installing /gstreamer/subprojects/orc/orc/orclimits.h to /compiled-binaries/usr/include/orc-0.4/orc/
#5 959.0 Installing /gstreamer/subprojects/orc/orc/orcmmx.h to /compiled-binaries/usr/include/orc-0.4/orc/
#5 959.0 Installing /gstreamer/subprojects/orc/orc/orcneon.h to /compiled-binaries/usr/include/orc-0.4/orc/
#5 959.0 Installing /gstreamer/subprojects/orc/orc/orconce.h to /compiled-binaries/usr/include/orc-0.4/orc/
#5 959.0 Installing /gstreamer/subprojects/orc/orc/orcopcode.h to /compiled-binaries/usr/include/orc-0.4/orc/
#5 959.1 Installing /gstreamer/subprojects/orc/orc/orcparse.h to /compiled-binaries/usr/include/orc-0.4/orc/
#5 959.1 Installing /gstreamer/subprojects/orc/orc/orcpowerpc.h to /compiled-binaries/usr/include/orc-0.4/orc/
#5 959.1 Installing /gstreamer/subprojects/orc/orc/orcprogram.h to /compiled-binaries/usr/include/orc-0.4/orc/
#5 959.1 Installing /gstreamer/subprojects/orc/orc/orcrule.h to /compiled-binaries/usr/include/orc-0.4/orc/
#5 959.1 Installing /gstreamer/subprojects/orc/orc/orcsse.h to /compiled-binaries/usr/include/orc-0.4/orc/
#5 959.1 Installing /gstreamer/subprojects/orc/orc/orctarget.h to /compiled-binaries/usr/include/orc-0.4/orc/
#5 959.1 Installing /gstreamer/subprojects/orc/orc/orcutils.h to /compiled-binaries/usr/include/orc-0.4/orc/
#5 959.1 Installing /gstreamer/subprojects/orc/orc/orcvariable.h to /compiled-binaries/usr/include/orc-0.4/orc/
#5 959.1 Installing /gstreamer/subprojects/orc/orc/orcx86.h to /compiled-binaries/usr/include/orc-0.4/orc/
#5 959.1 Installing /gstreamer/subprojects/orc/orc/orcx86insn.h to /compiled-binaries/usr/include/orc-0.4/orc/
#5 959.1 Installing /gstreamer/subprojects/orc/orc/orcmips.h to /compiled-binaries/usr/include/orc-0.4/orc/
#5 959.1 Installing /gstreamer/subprojects/orc/orc/orc-stdint.h to /compiled-binaries/usr/include/orc-0.4/orc/
#5 959.1 Installing /gstreamer/subprojects/orc/orc-test/orctest.h to /compiled-binaries/usr/include/orc-0.4/orc-test/
#5 959.1 Installing /gstreamer/subprojects/orc/orc-test/orcarray.h to /compiled-binaries/usr/include/orc-0.4/orc-test/
#5 959.1 Installing /gstreamer/subprojects/orc/orc-test/orcrandom.h to /compiled-binaries/usr/include/orc-0.4/orc-test/
#5 959.1 Installing /gstreamer/subprojects/orc/orc-test/orcprofile.h to /compiled-binaries/usr/include/orc-0.4/orc-test/
#5 959.1 Installing /gstreamer/subprojects/gstreamer/gst/gst.h to /compiled-binaries/usr/include/gstreamer-1.0/gst/
#5 959.1 Installing /gstreamer/subprojects/gstreamer/gst/glib-compat.h to /compiled-binaries/usr/include/gstreamer-1.0/gst/
#5 959.1 Installing /gstreamer/subprojects/gstreamer/gst/gstobject.h to /compiled-binaries/usr/include/gstreamer-1.0/gst/
#5 959.1 Installing /gstreamer/subprojects/gstreamer/gst/gstallocator.h to /compiled-binaries/usr/include/gstreamer-1.0/gst/
#5 959.1 Installing /gstreamer/subprojects/gstreamer/gst/gstbin.h to /compiled-binaries/usr/include/gstreamer-1.0/gst/
#5 959.1 Installing /gstreamer/subprojects/gstreamer/gst/gstbuffer.h to /compiled-binaries/usr/include/gstreamer-1.0/gst/
#5 959.1 Installing /gstreamer/subprojects/gstreamer/gst/gstbufferlist.h to /compiled-binaries/usr/include/gstreamer-1.0/gst/
#5 959.1 Installing /gstreamer/subprojects/gstreamer/gst/gstbufferpool.h to /compiled-binaries/usr/include/gstreamer-1.0/gst/
#5 959.1 Installing /gstreamer/subprojects/gstreamer/gst/gstbus.h to /compiled-binaries/usr/include/gstreamer-1.0/gst/
#5 959.1 Installing /gstreamer/subprojects/gstreamer/gst/gstcaps.h to /compiled-binaries/usr/include/gstreamer-1.0/gst/
#5 959.1 Installing /gstreamer/subprojects/gstreamer/gst/gstcapsfeatures.h to /compiled-binaries/usr/include/gstreamer-1.0/gst/
#5 959.1 Installing /gstreamer/subprojects/gstreamer/gst/gstchildproxy.h to /compiled-binaries/usr/include/gstreamer-1.0/gst/
#5 959.1 Installing /gstreamer/subprojects/gstreamer/gst/gstclock.h to /compiled-binaries/usr/include/gstreamer-1.0/gst/
#5 959.1 Installing /gstreamer/subprojects/gstreamer/gst/gstcompat.h to /compiled-binaries/usr/include/gstreamer-1.0/gst/
#5 959.1 Installing /gstreamer/subprojects/gstreamer/gst/gstcontext.h to /compiled-binaries/usr/include/gstreamer-1.0/gst/
#5 959.1 Installing /gstreamer/subprojects/gstreamer/gst/gstcontrolbinding.h to /compiled-binaries/usr/include/gstreamer-1.0/gst/
#5 959.1 Installing /gstreamer/subprojects/gstreamer/gst/gstcontrolsource.h to /compiled-binaries/usr/include/gstreamer-1.0/gst/
#5 959.1 Installing /gstreamer/subprojects/gstreamer/gst/gstdatetime.h to /compiled-binaries/usr/include/gstreamer-1.0/gst/
#5 959.1 Installing /gstreamer/subprojects/gstreamer/gst/gstdebugutils.h to /compiled-binaries/usr/include/gstreamer-1.0/gst/
#5 959.1 Installing /gstreamer/subprojects/gstreamer/gst/gstelement.h to /compiled-binaries/usr/include/gstreamer-1.0/gst/
#5 959.1 Installing /gstreamer/subprojects/gstreamer/gst/gstelementmetadata.h to /compiled-binaries/usr/include/gstreamer-1.0/gst/
#5 959.1 Installing /gstreamer/subprojects/gstreamer/gst/gstdevice.h to /compiled-binaries/usr/include/gstreamer-1.0/gst/
#5 959.1 Installing /gstreamer/subprojects/gstreamer/gst/gstdeviceprovider.h to /compiled-binaries/usr/include/gstreamer-1.0/gst/
#5 959.1 Installing /gstreamer/subprojects/gstreamer/gst/gstdeviceproviderfactory.h to /compiled-binaries/usr/include/gstreamer-1.0/gst/
#5 959.1 Installing /gstreamer/subprojects/gstreamer/gst/gstdynamictypefactory.h to /compiled-binaries/usr/include/gstreamer-1.0/gst/
#5 959.1 Installing /gstreamer/subprojects/gstreamer/gst/gstelementfactory.h to /compiled-binaries/usr/include/gstreamer-1.0/gst/
#5 959.1 Installing /gstreamer/subprojects/gstreamer/gst/gsterror.h to /compiled-binaries/usr/include/gstreamer-1.0/gst/
#5 959.1 Installing /gstreamer/subprojects/gstreamer/gst/gstevent.h to /compiled-binaries/usr/include/gstreamer-1.0/gst/
#5 959.1 Installing /gstreamer/subprojects/gstreamer/gst/gstformat.h to /compiled-binaries/usr/include/gstreamer-1.0/gst/
#5 959.1 Installing /gstreamer/subprojects/gstreamer/gst/gstghostpad.h to /compiled-binaries/usr/include/gstreamer-1.0/gst/
#5 959.1 Installing /gstreamer/subprojects/gstreamer/gst/gstdevicemonitor.h to /compiled-binaries/usr/include/gstreamer-1.0/gst/
#5 959.1 Installing /gstreamer/subprojects/gstreamer/gst/gstinfo.h to /compiled-binaries/usr/include/gstreamer-1.0/gst/
#5 959.1 Installing /gstreamer/subprojects/gstreamer/gst/gstiterator.h to /compiled-binaries/usr/include/gstreamer-1.0/gst/
#5 959.1 Installing /gstreamer/subprojects/gstreamer/gst/gstatomicqueue.h to /compiled-binaries/usr/include/gstreamer-1.0/gst/
#5 959.1 Installing /gstreamer/subprojects/gstreamer/gst/gstmacros.h to /compiled-binaries/usr/include/gstreamer-1.0/gst/
#5 959.1 Installing /gstreamer/subprojects/gstreamer/gst/gstmessage.h to /compiled-binaries/usr/include/gstreamer-1.0/gst/
#5 959.1 Installing /gstreamer/subprojects/gstreamer/gst/gstmeta.h to /compiled-binaries/usr/include/gstreamer-1.0/gst/
#5 959.1 Installing /gstreamer/subprojects/gstreamer/gst/gstmemory.h to /compiled-binaries/usr/include/gstreamer-1.0/gst/
#5 959.1 Installing /gstreamer/subprojects/gstreamer/gst/gstminiobject.h to /compiled-binaries/usr/include/gstreamer-1.0/gst/
#5 959.1 Installing /gstreamer/subprojects/gstreamer/gst/gstpad.h to /compiled-binaries/usr/include/gstreamer-1.0/gst/
#5 959.1 Installing /gstreamer/subprojects/gstreamer/gst/gstpadtemplate.h to /compiled-binaries/usr/include/gstreamer-1.0/gst/
#5 959.1 Installing /gstreamer/subprojects/gstreamer/gst/gstparamspecs.h to /compiled-binaries/usr/include/gstreamer-1.0/gst/
#5 959.1 Installing /gstreamer/subprojects/gstreamer/gst/gstpipeline.h to /compiled-binaries/usr/include/gstreamer-1.0/gst/
#5 959.1 Installing /gstreamer/subprojects/gstreamer/gst/gstplugin.h to /compiled-binaries/usr/include/gstreamer-1.0/gst/
#5 959.1 Installing /gstreamer/subprojects/gstreamer/gst/gstpluginfeature.h to /compiled-binaries/usr/include/gstreamer-1.0/gst/
#5 959.1 Installing /gstreamer/subprojects/gstreamer/gst/gstpoll.h to /compiled-binaries/usr/include/gstreamer-1.0/gst/
#5 959.1 Installing /gstreamer/subprojects/gstreamer/gst/gstpreset.h to /compiled-binaries/usr/include/gstreamer-1.0/gst/
#5 959.1 Installing /gstreamer/subprojects/gstreamer/gst/gstprotection.h to /compiled-binaries/usr/include/gstreamer-1.0/gst/
#5 959.1 Installing /gstreamer/subprojects/gstreamer/gst/gstquery.h to /compiled-binaries/usr/include/gstreamer-1.0/gst/
#5 959.1 Installing /gstreamer/subprojects/gstreamer/gst/gstpromise.h to /compiled-binaries/usr/include/gstreamer-1.0/gst/
#5 959.1 Installing /gstreamer/subprojects/gstreamer/gst/gstsample.h to /compiled-binaries/usr/include/gstreamer-1.0/gst/
#5 959.1 Installing /gstreamer/subprojects/gstreamer/gst/gstsegment.h to /compiled-binaries/usr/include/gstreamer-1.0/gst/
#5 959.1 Installing /gstreamer/subprojects/gstreamer/gst/gststreamcollection.h to /compiled-binaries/usr/include/gstreamer-1.0/gst/
#5 959.1 Installing /gstreamer/subprojects/gstreamer/gst/gststreams.h to /compiled-binaries/usr/include/gstreamer-1.0/gst/
#5 959.1 Installing /gstreamer/subprojects/gstreamer/gst/gststructure.h to /compiled-binaries/usr/include/gstreamer-1.0/gst/
#5 959.1 Installing /gstreamer/subprojects/gstreamer/gst/gstsystemclock.h to /compiled-binaries/usr/include/gstreamer-1.0/gst/
#5 959.1 Installing /gstreamer/subprojects/gstreamer/gst/gsttaglist.h to /compiled-binaries/usr/include/gstreamer-1.0/gst/
#5 959.1 Installing /gstreamer/subprojects/gstreamer/gst/gsttagsetter.h to /compiled-binaries/usr/include/gstreamer-1.0/gst/
#5 959.1 Installing /gstreamer/subprojects/gstreamer/gst/gsttask.h to /compiled-binaries/usr/include/gstreamer-1.0/gst/
#5 959.1 Installing /gstreamer/subprojects/gstreamer/gst/gsttaskpool.h to /compiled-binaries/usr/include/gstreamer-1.0/gst/
#5 959.1 Installing /gstreamer/subprojects/gstreamer/gst/gsttoc.h to /compiled-binaries/usr/include/gstreamer-1.0/gst/
#5 959.1 Installing /gstreamer/subprojects/gstreamer/gst/gsttocsetter.h to /compiled-binaries/usr/include/gstreamer-1.0/gst/
#5 959.1 Installing /gstreamer/subprojects/gstreamer/gst/gsttracer.h to /compiled-binaries/usr/include/gstreamer-1.0/gst/
#5 959.1 Installing /gstreamer/subprojects/gstreamer/gst/gsttracerfactory.h to /compiled-binaries/usr/include/gstreamer-1.0/gst/
#5 959.1 Installing /gstreamer/subprojects/gstreamer/gst/gsttracerrecord.h to /compiled-binaries/usr/include/gstreamer-1.0/gst/
#5 959.1 Installing /gstreamer/subprojects/gstreamer/gst/gsttypefind.h to /compiled-binaries/usr/include/gstreamer-1.0/gst/
#5 959.1 Installing /gstreamer/subprojects/gstreamer/gst/gsttypefindfactory.h to /compiled-binaries/usr/include/gstreamer-1.0/gst/
#5 959.1 Installing /gstreamer/subprojects/gstreamer/gst/gsturi.h to /compiled-binaries/usr/include/gstreamer-1.0/gst/
#5 959.1 Installing /gstreamer/subprojects/gstreamer/gst/gstutils.h to /compiled-binaries/usr/include/gstreamer-1.0/gst/
#5 959.1 Installing /gstreamer/subprojects/gstreamer/gst/gstvalue.h to /compiled-binaries/usr/include/gstreamer-1.0/gst/
#5 959.1 Installing /gstreamer/subprojects/gstreamer/gst/gstregistry.h to /compiled-binaries/usr/include/gstreamer-1.0/gst/
#5 959.1 Installing /gstreamer/subprojects/gstreamer/gst/gstparse.h to /compiled-binaries/usr/include/gstreamer-1.0/gst/
#5 959.1 Installing /gstreamer/subprojects/gstreamer/gst/math-compat.h to /compiled-binaries/usr/include/gstreamer-1.0/gst/
#5 959.1 Installing /gstreamer/subprojects/gstreamer/libs/gst/base/base.h to /compiled-binaries/usr/include/gstreamer-1.0/gst/base/
#5 959.1 Installing /gstreamer/subprojects/gstreamer/libs/gst/base/base-prelude.h to /compiled-binaries/usr/include/gstreamer-1.0/gst/base/
#5 959.1 Installing /gstreamer/subprojects/gstreamer/libs/gst/base/gstadapter.h to /compiled-binaries/usr/include/gstreamer-1.0/gst/base/
#5 959.1 Installing /gstreamer/subprojects/gstreamer/libs/gst/base/gstaggregator.h to /compiled-binaries/usr/include/gstreamer-1.0/gst/base/
#5 959.1 Installing /gstreamer/subprojects/gstreamer/libs/gst/base/gstbaseparse.h to /compiled-binaries/usr/include/gstreamer-1.0/gst/base/
#5 959.1 Installing /gstreamer/subprojects/gstreamer/libs/gst/base/gstbasesink.h to /compiled-binaries/usr/include/gstreamer-1.0/gst/base/
#5 959.1 Installing /gstreamer/subprojects/gstreamer/libs/gst/base/gstbasesrc.h to /compiled-binaries/usr/include/gstreamer-1.0/gst/base/
#5 959.1 Installing /gstreamer/subprojects/gstreamer/libs/gst/base/gstbasetransform.h to /compiled-binaries/usr/include/gstreamer-1.0/gst/base/
#5 959.1 Installing /gstreamer/subprojects/gstreamer/libs/gst/base/gstbitreader.h to /compiled-binaries/usr/include/gstreamer-1.0/gst/base/
#5 959.1 Installing /gstreamer/subprojects/gstreamer/libs/gst/base/gstbitwriter.h to /compiled-binaries/usr/include/gstreamer-1.0/gst/base/
#5 959.1 Installing /gstreamer/subprojects/gstreamer/libs/gst/base/gstbytereader.h to /compiled-binaries/usr/include/gstreamer-1.0/gst/base/
#5 959.1 Installing /gstreamer/subprojects/gstreamer/libs/gst/base/gstbytewriter.h to /compiled-binaries/usr/include/gstreamer-1.0/gst/base/
#5 959.1 Installing /gstreamer/subprojects/gstreamer/libs/gst/base/gstcollectpads.h to /compiled-binaries/usr/include/gstreamer-1.0/gst/base/
#5 959.1 Installing /gstreamer/subprojects/gstreamer/libs/gst/base/gstdataqueue.h to /compiled-binaries/usr/include/gstreamer-1.0/gst/base/
#5 959.1 Installing /gstreamer/subprojects/gstreamer/libs/gst/base/gstflowcombiner.h to /compiled-binaries/usr/include/gstreamer-1.0/gst/base/
#5 959.1 Installing /gstreamer/subprojects/gstreamer/libs/gst/base/gstpushsrc.h to /compiled-binaries/usr/include/gstreamer-1.0/gst/base/
#5 959.1 Installing /gstreamer/subprojects/gstreamer/libs/gst/base/gstqueuearray.h to /compiled-binaries/usr/include/gstreamer-1.0/gst/base/
#5 959.1 Installing /gstreamer/subprojects/gstreamer/libs/gst/base/gsttypefindhelper.h to /compiled-binaries/usr/include/gstreamer-1.0/gst/base/
#5 959.1 Installing /gstreamer/subprojects/gstreamer/libs/gst/controller/gstinterpolationcontrolsource.h to /compiled-binaries/usr/include/gstreamer-1.0/gst/controller/
#5 959.1 Installing /gstreamer/subprojects/gstreamer/libs/gst/controller/gstlfocontrolsource.h to /compiled-binaries/usr/include/gstreamer-1.0/gst/controller/
#5 959.1 Installing /gstreamer/subprojects/gstreamer/libs/gst/controller/gstargbcontrolbinding.h to /compiled-binaries/usr/include/gstreamer-1.0/gst/controller/
#5 959.1 Installing /gstreamer/subprojects/gstreamer/libs/gst/controller/gstdirectcontrolbinding.h to /compiled-binaries/usr/include/gstreamer-1.0/gst/controller/
#5 959.1 Installing /gstreamer/subprojects/gstreamer/libs/gst/controller/gsttimedvaluecontrolsource.h to /compiled-binaries/usr/include/gstreamer-1.0/gst/controller/
#5 959.1 Installing /gstreamer/subprojects/gstreamer/libs/gst/controller/gstinterpolationcontrolsource.h to /compiled-binaries/usr/include/gstreamer-1.0/gst/controller
#5 959.1 Installing /gstreamer/subprojects/gstreamer/libs/gst/controller/gstproxycontrolbinding.h to /compiled-binaries/usr/include/gstreamer-1.0/gst/controller/
#5 959.1 Installing /gstreamer/subprojects/gstreamer/libs/gst/controller/gsttriggercontrolsource.h to /compiled-binaries/usr/include/gstreamer-1.0/gst/controller/
#5 959.1 Installing /gstreamer/subprojects/gstreamer/libs/gst/controller/gstlfocontrolsource.h to /compiled-binaries/usr/include/gstreamer-1.0/gst/controller
#5 959.1 Installing /gstreamer/subprojects/gstreamer/libs/gst/controller/controller-prelude.h to /compiled-binaries/usr/include/gstreamer-1.0/gst/controller/
#5 959.1 Installing /gstreamer/subprojects/gstreamer/libs/gst/controller/controller.h to /compiled-binaries/usr/include/gstreamer-1.0/gst/controller/
#5 959.1 Installing /gstreamer/subprojects/gstreamer/libs/gst/net/gstnet.h to /compiled-binaries/usr/include/gstreamer-1.0/gst/net/
#5 959.1 Installing /gstreamer/subprojects/gstreamer/libs/gst/net/gstnetaddressmeta.h to /compiled-binaries/usr/include/gstreamer-1.0/gst/net/
#5 959.1 Installing /gstreamer/subprojects/gstreamer/libs/gst/net/gstnetclientclock.h to /compiled-binaries/usr/include/gstreamer-1.0/gst/net/
#5 959.1 Installing /gstreamer/subprojects/gstreamer/libs/gst/net/gstnetcontrolmessagemeta.h to /compiled-binaries/usr/include/gstreamer-1.0/gst/net/
#5 959.1 Installing /gstreamer/subprojects/gstreamer/libs/gst/net/gstnettimepacket.h to /compiled-binaries/usr/include/gstreamer-1.0/gst/net/
#5 959.1 Installing /gstreamer/subprojects/gstreamer/libs/gst/net/gstnettimeprovider.h to /compiled-binaries/usr/include/gstreamer-1.0/gst/net/
#5 959.1 Installing /gstreamer/subprojects/gstreamer/libs/gst/net/gstnetutils.h to /compiled-binaries/usr/include/gstreamer-1.0/gst/net/
#5 959.1 Installing /gstreamer/subprojects/gstreamer/libs/gst/net/gstptpclock.h to /compiled-binaries/usr/include/gstreamer-1.0/gst/net/
#5 959.1 Installing /gstreamer/subprojects/gstreamer/libs/gst/net/net-prelude.h to /compiled-binaries/usr/include/gstreamer-1.0/gst/net/
#5 959.1 Installing /gstreamer/subprojects/gstreamer/libs/gst/net/net.h to /compiled-binaries/usr/include/gstreamer-1.0/gst/net/
#5 959.1 Installing /gstreamer/subprojects/gstreamer/libs/gst/check/check.h to /compiled-binaries/usr/include/gstreamer-1.0/gst/check/
#5 959.1 Installing /gstreamer/subprojects/gstreamer/libs/gst/check/check-prelude.h to /compiled-binaries/usr/include/gstreamer-1.0/gst/check/
#5 959.1 Installing /gstreamer/subprojects/gstreamer/libs/gst/check/gstbufferstraw.h to /compiled-binaries/usr/include/gstreamer-1.0/gst/check/
#5 959.1 Installing /gstreamer/subprojects/gstreamer/libs/gst/check/gstcheck.h to /compiled-binaries/usr/include/gstreamer-1.0/gst/check/
#5 959.1 Installing /gstreamer/subprojects/gstreamer/libs/gst/check/gstconsistencychecker.h to /compiled-binaries/usr/include/gstreamer-1.0/gst/check/
#5 959.1 Installing /gstreamer/subprojects/gstreamer/libs/gst/check/gstharness.h to /compiled-binaries/usr/include/gstreamer-1.0/gst/check/
#5 959.1 Installing /gstreamer/subprojects/gstreamer/libs/gst/check/gsttestclock.h to /compiled-binaries/usr/include/gstreamer-1.0/gst/check/
#5 959.1 Installing /gstreamer/subprojects/gst-plugins-base/gst-libs/gst/tag/gsttagdemux.h to /compiled-binaries/usr/include/gstreamer-1.0/gst/tag/
#5 959.1 Installing /gstreamer/subprojects/gst-plugins-base/gst-libs/gst/tag/tag.h to /compiled-binaries/usr/include/gstreamer-1.0/gst/tag/
#5 959.1 Installing /gstreamer/subprojects/gst-plugins-base/gst-libs/gst/tag/gsttagmux.h to /compiled-binaries/usr/include/gstreamer-1.0/gst/tag/
#5 959.1 Installing /gstreamer/subprojects/gst-plugins-base/gst-libs/gst/tag/xmpwriter.h to /compiled-binaries/usr/include/gstreamer-1.0/gst/tag/
#5 959.1 Installing /gstreamer/subprojects/gst-plugins-base/gst-libs/gst/tag/tag-prelude.h to /compiled-binaries/usr/include/gstreamer-1.0/gst/tag/
#5 959.1 Installing /gstreamer/subprojects/gst-plugins-base/gst-libs/gst/fft/fft.h to /compiled-binaries/usr/include/gstreamer-1.0/gst/fft/
#5 959.1 Installing /gstreamer/subprojects/gst-plugins-base/gst-libs/gst/fft/fft-prelude.h to /compiled-binaries/usr/include/gstreamer-1.0/gst/fft/
#5 959.1 Installing /gstreamer/subprojects/gst-plugins-base/gst-libs/gst/fft/gstfftf32.h to /compiled-binaries/usr/include/gstreamer-1.0/gst/fft/
#5 959.1 Installing /gstreamer/subprojects/gst-plugins-base/gst-libs/gst/fft/gstfftf64.h to /compiled-binaries/usr/include/gstreamer-1.0/gst/fft/
#5 959.1 Installing /gstreamer/subprojects/gst-plugins-base/gst-libs/gst/fft/gstfft.h to /compiled-binaries/usr/include/gstreamer-1.0/gst/fft/
#5 959.1 Installing /gstreamer/subprojects/gst-plugins-base/gst-libs/gst/fft/gstffts16.h to /compiled-binaries/usr/include/gstreamer-1.0/gst/fft/
#5 959.1 Installing /gstreamer/subprojects/gst-plugins-base/gst-libs/gst/fft/gstffts32.h to /compiled-binaries/usr/include/gstreamer-1.0/gst/fft/
#5 959.1 Installing /gstreamer/subprojects/gst-plugins-base/gst-libs/gst/video/colorbalance.h to /compiled-binaries/usr/include/gstreamer-1.0/gst/video/
#5 959.1 Installing /gstreamer/subprojects/gst-plugins-base/gst-libs/gst/video/colorbalancechannel.h to /compiled-binaries/usr/include/gstreamer-1.0/gst/video/
#5 959.1 Installing /gstreamer/subprojects/gst-plugins-base/gst-libs/gst/video/gstvideoaffinetransformationmeta.h to /compiled-binaries/usr/include/gstreamer-1.0/gst/video/
#5 959.1 Installing /gstreamer/subprojects/gst-plugins-base/gst-libs/gst/video/gstvideocodecalphameta.h to /compiled-binaries/usr/include/gstreamer-1.0/gst/video/
#5 959.1 Installing /gstreamer/subprojects/gst-plugins-base/gst-libs/gst/video/gstvideoaggregator.h to /compiled-binaries/usr/include/gstreamer-1.0/gst/video/
#5 959.1 Installing /gstreamer/subprojects/gst-plugins-base/gst-libs/gst/video/gstvideodecoder.h to /compiled-binaries/usr/include/gstreamer-1.0/gst/video/
#5 959.1 Installing /gstreamer/subprojects/gst-plugins-base/gst-libs/gst/video/gstvideoencoder.h to /compiled-binaries/usr/include/gstreamer-1.0/gst/video/
#5 959.1 Installing /gstreamer/subprojects/gst-plugins-base/gst-libs/gst/video/gstvideofilter.h to /compiled-binaries/usr/include/gstreamer-1.0/gst/video/
#5 959.1 Installing /gstreamer/subprojects/gst-plugins-base/gst-libs/gst/video/gstvideometa.h to /compiled-binaries/usr/include/gstreamer-1.0/gst/video/
#5 959.1 Installing /gstreamer/subprojects/gst-plugins-base/gst-libs/gst/video/gstvideopool.h to /compiled-binaries/usr/include/gstreamer-1.0/gst/video/
#5 959.1 Installing /gstreamer/subprojects/gst-plugins-base/gst-libs/gst/video/gstvideosink.h to /compiled-binaries/usr/include/gstreamer-1.0/gst/video/
#5 959.1 Installing /gstreamer/subprojects/gst-plugins-base/gst-libs/gst/video/gstvideotimecode.h to /compiled-binaries/usr/include/gstreamer-1.0/gst/video/
#5 959.1 Installing /gstreamer/subprojects/gst-plugins-base/gst-libs/gst/video/gstvideoutils.h to /compiled-binaries/usr/include/gstreamer-1.0/gst/video/
#5 959.1 Installing /gstreamer/subprojects/gst-plugins-base/gst-libs/gst/video/navigation.h to /compiled-binaries/usr/include/gstreamer-1.0/gst/video/
#5 959.1 Installing /gstreamer/subprojects/gst-plugins-base/gst-libs/gst/video/video.h to /compiled-binaries/usr/include/gstreamer-1.0/gst/video/
#5 959.1 Installing /gstreamer/subprojects/gst-plugins-base/gst-libs/gst/video/video-anc.h to /compiled-binaries/usr/include/gstreamer-1.0/gst/video/
#5 959.1 Installing /gstreamer/subprojects/gst-plugins-base/gst-libs/gst/video/video-event.h to /compiled-binaries/usr/include/gstreamer-1.0/gst/video/
#5 959.1 Installing /gstreamer/subprojects/gst-plugins-base/gst-libs/gst/video/video-format.h to /compiled-binaries/usr/include/gstreamer-1.0/gst/video/
#5 959.1 Installing /gstreamer/subprojects/gst-plugins-base/gst-libs/gst/video/video-chroma.h to /compiled-binaries/usr/include/gstreamer-1.0/gst/video/
#5 959.1 Installing /gstreamer/subprojects/gst-plugins-base/gst-libs/gst/video/video-color.h to /compiled-binaries/usr/include/gstreamer-1.0/gst/video/
#5 959.1 Installing /gstreamer/subprojects/gst-plugins-base/gst-libs/gst/video/video-converter.h to /compiled-binaries/usr/include/gstreamer-1.0/gst/video/
#5 959.1 Installing /gstreamer/subprojects/gst-plugins-base/gst-libs/gst/video/video-dither.h to /compiled-binaries/usr/include/gstreamer-1.0/gst/video/
#5 959.1 Installing /gstreamer/subprojects/gst-plugins-base/gst-libs/gst/video/video-hdr.h to /compiled-binaries/usr/include/gstreamer-1.0/gst/video/
#5 959.1 Installing /gstreamer/subprojects/gst-plugins-base/gst-libs/gst/video/video-info.h to /compiled-binaries/usr/include/gstreamer-1.0/gst/video/
#5 959.1 Installing /gstreamer/subprojects/gst-plugins-base/gst-libs/gst/video/video-frame.h to /compiled-binaries/usr/include/gstreamer-1.0/gst/video/
#5 959.1 Installing /gstreamer/subprojects/gst-plugins-base/gst-libs/gst/video/video-prelude.h to /compiled-binaries/usr/include/gstreamer-1.0/gst/video/
#5 959.1 Installing /gstreamer/subprojects/gst-plugins-base/gst-libs/gst/video/video-scaler.h to /compiled-binaries/usr/include/gstreamer-1.0/gst/video/
#5 959.1 Installing /gstreamer/subprojects/gst-plugins-base/gst-libs/gst/video/video-tile.h to /compiled-binaries/usr/include/gstreamer-1.0/gst/video/
#5 959.1 Installing /gstreamer/subprojects/gst-plugins-base/gst-libs/gst/video/videodirection.h to /compiled-binaries/usr/include/gstreamer-1.0/gst/video/
#5 959.1 Installing /gstreamer/subprojects/gst-plugins-base/gst-libs/gst/video/videoorientation.h to /compiled-binaries/usr/include/gstreamer-1.0/gst/video/
#5 959.1 Installing /gstreamer/subprojects/gst-plugins-base/gst-libs/gst/video/videooverlay.h to /compiled-binaries/usr/include/gstreamer-1.0/gst/video/
#5 959.1 Installing /gstreamer/subprojects/gst-plugins-base/gst-libs/gst/video/video-resampler.h to /compiled-binaries/usr/include/gstreamer-1.0/gst/video/
#5 959.1 Installing /gstreamer/subprojects/gst-plugins-base/gst-libs/gst/video/video-blend.h to /compiled-binaries/usr/include/gstreamer-1.0/gst/video/
#5 959.1 Installing /gstreamer/subprojects/gst-plugins-base/gst-libs/gst/video/video-overlay-composition.h to /compiled-binaries/usr/include/gstreamer-1.0/gst/video/
#5 959.1 Installing /gstreamer/subprojects/gst-plugins-base/gst-libs/gst/video/video-multiview.h to /compiled-binaries/usr/include/gstreamer-1.0/gst/video/
#5 959.1 Installing /gstreamer/subprojects/gst-plugins-base/gst-libs/gst/video/video-sei.h to /compiled-binaries/usr/include/gstreamer-1.0/gst/video/
#5 959.1 Installing /gstreamer/subprojects/gst-plugins-base/gst-libs/gst/audio/audio.h to /compiled-binaries/usr/include/gstreamer-1.0/gst/audio/
#5 959.1 Installing /gstreamer/subprojects/gst-plugins-base/gst-libs/gst/audio/audio-format.h to /compiled-binaries/usr/include/gstreamer-1.0/gst/audio/
#5 959.1 Installing /gstreamer/subprojects/gst-plugins-base/gst-libs/gst/audio/audio-channels.h to /compiled-binaries/usr/include/gstreamer-1.0/gst/audio/
#5 959.1 Installing /gstreamer/subprojects/gst-plugins-base/gst-libs/gst/audio/audio-channel-mixer.h to /compiled-binaries/usr/include/gstreamer-1.0/gst/audio/
#5 959.1 Installing /gstreamer/subprojects/gst-plugins-base/gst-libs/gst/audio/audio-converter.h to /compiled-binaries/usr/include/gstreamer-1.0/gst/audio/
#5 959.1 Installing /gstreamer/subprojects/gst-plugins-base/gst-libs/gst/audio/audio-info.h to /compiled-binaries/usr/include/gstreamer-1.0/gst/audio/
#5 959.1 Installing /gstreamer/subprojects/gst-plugins-base/gst-libs/gst/audio/audio-quantize.h to /compiled-binaries/usr/include/gstreamer-1.0/gst/audio/
#5 959.1 Installing /gstreamer/subprojects/gst-plugins-base/gst-libs/gst/audio/audio-resampler.h to /compiled-binaries/usr/include/gstreamer-1.0/gst/audio/
#5 959.1 Installing /gstreamer/subprojects/gst-plugins-base/gst-libs/gst/audio/gstaudioaggregator.h to /compiled-binaries/usr/include/gstreamer-1.0/gst/audio/
#5 959.1 Installing /gstreamer/subprojects/gst-plugins-base/gst-libs/gst/audio/gstaudioringbuffer.h to /compiled-binaries/usr/include/gstreamer-1.0/gst/audio/
#5 959.1 Installing /gstreamer/subprojects/gst-plugins-base/gst-libs/gst/audio/gstaudiobasesrc.h to /compiled-binaries/usr/include/gstreamer-1.0/gst/audio/
#5 959.1 Installing /gstreamer/subprojects/gst-plugins-base/gst-libs/gst/audio/gstaudiocdsrc.h to /compiled-binaries/usr/include/gstreamer-1.0/gst/audio/
#5 959.1 Installing /gstreamer/subprojects/gst-plugins-base/gst-libs/gst/audio/gstaudiobasesink.h to /compiled-binaries/usr/include/gstreamer-1.0/gst/audio/
#5 959.1 Installing /gstreamer/subprojects/gst-plugins-base/gst-libs/gst/audio/gstaudiostreamalign.h to /compiled-binaries/usr/include/gstreamer-1.0/gst/audio/
#5 959.1 Installing /gstreamer/subprojects/gst-plugins-base/gst-libs/gst/audio/audio-prelude.h to /compiled-binaries/usr/include/gstreamer-1.0/gst/audio/
#5 959.1 Installing /gstreamer/subprojects/gst-plugins-base/gst-libs/gst/audio/audio-buffer.h to /compiled-binaries/usr/include/gstreamer-1.0/gst/audio/
#5 959.1 Installing /gstreamer/subprojects/gst-plugins-base/gst-libs/gst/audio/gstaudiobasesink.h to /compiled-binaries/usr/include/gstreamer-1.0/gst/audio
#5 959.1 Installing /gstreamer/subprojects/gst-plugins-base/gst-libs/gst/audio/gstaudiobasesrc.h to /compiled-binaries/usr/include/gstreamer-1.0/gst/audio
#5 959.1 Installing /gstreamer/subprojects/gst-plugins-base/gst-libs/gst/audio/gstaudiocdsrc.h to /compiled-binaries/usr/include/gstreamer-1.0/gst/audio
#5 959.1 Installing /gstreamer/subprojects/gst-plugins-base/gst-libs/gst/audio/gstaudioclock.h to /compiled-binaries/usr/include/gstreamer-1.0/gst/audio/
#5 959.1 Installing /gstreamer/subprojects/gst-plugins-base/gst-libs/gst/audio/gstaudiodecoder.h to /compiled-binaries/usr/include/gstreamer-1.0/gst/audio/
#5 959.1 Installing /gstreamer/subprojects/gst-plugins-base/gst-libs/gst/audio/gstaudioencoder.h to /compiled-binaries/usr/include/gstreamer-1.0/gst/audio/
#5 959.1 Installing /gstreamer/subprojects/gst-plugins-base/gst-libs/gst/audio/gstaudiofilter.h to /compiled-binaries/usr/include/gstreamer-1.0/gst/audio/
#5 959.1 Installing /gstreamer/subprojects/gst-plugins-base/gst-libs/gst/audio/gstaudioiec61937.h to /compiled-binaries/usr/include/gstreamer-1.0/gst/audio/
#5 959.1 Installing /gstreamer/subprojects/gst-plugins-base/gst-libs/gst/audio/gstaudiometa.h to /compiled-binaries/usr/include/gstreamer-1.0/gst/audio/
#5 959.1 Installing /gstreamer/subprojects/gst-plugins-base/gst-libs/gst/audio/gstaudiosink.h to /compiled-binaries/usr/include/gstreamer-1.0/gst/audio/
#5 959.1 Installing /gstreamer/subprojects/gst-plugins-base/gst-libs/gst/audio/gstaudiosrc.h to /compiled-binaries/usr/include/gstreamer-1.0/gst/audio/
#5 959.1 Installing /gstreamer/subprojects/gst-plugins-base/gst-libs/gst/audio/streamvolume.h to /compiled-binaries/usr/include/gstreamer-1.0/gst/audio/
#5 959.1 Installing /gstreamer/subprojects/gst-plugins-base/gst-libs/gst/rtp/gstrtcpbuffer.h to /compiled-binaries/usr/include/gstreamer-1.0/gst/rtp/
#5 959.1 Installing /gstreamer/subprojects/gst-plugins-base/gst-libs/gst/rtp/gstrtpbaseaudiopayload.h to /compiled-binaries/usr/include/gstreamer-1.0/gst/rtp/
#5 959.1 Installing /gstreamer/subprojects/gst-plugins-base/gst-libs/gst/rtp/gstrtpbasedepayload.h to /compiled-binaries/usr/include/gstreamer-1.0/gst/rtp/
#5 959.1 Installing /gstreamer/subprojects/gst-plugins-base/gst-libs/gst/rtp/gstrtpbasepayload.h to /compiled-binaries/usr/include/gstreamer-1.0/gst/rtp/
#5 959.1 Installing /gstreamer/subprojects/gst-plugins-base/gst-libs/gst/rtp/gstrtpbuffer.h to /compiled-binaries/usr/include/gstreamer-1.0/gst/rtp/
#5 959.1 Installing /gstreamer/subprojects/gst-plugins-base/gst-libs/gst/rtp/gstrtpdefs.h to /compiled-binaries/usr/include/gstreamer-1.0/gst/rtp/
#5 959.1 Installing /gstreamer/subprojects/gst-plugins-base/gst-libs/gst/rtp/gstrtphdrext.h to /compiled-binaries/usr/include/gstreamer-1.0/gst/rtp/
#5 959.1 Installing /gstreamer/subprojects/gst-plugins-base/gst-libs/gst/rtp/gstrtpmeta.h to /compiled-binaries/usr/include/gstreamer-1.0/gst/rtp/
#5 959.1 Installing /gstreamer/subprojects/gst-plugins-base/gst-libs/gst/rtp/gstrtppayloads.h to /compiled-binaries/usr/include/gstreamer-1.0/gst/rtp/
#5 959.1 Installing /gstreamer/subprojects/gst-plugins-base/gst-libs/gst/rtp/rtp-prelude.h to /compiled-binaries/usr/include/gstreamer-1.0/gst/rtp/
#5 959.1 Installing /gstreamer/subprojects/gst-plugins-base/gst-libs/gst/rtp/rtp.h to /compiled-binaries/usr/include/gstreamer-1.0/gst/rtp/
#5 959.1 Installing /gstreamer/subprojects/gst-plugins-base/gst-libs/gst/pbutils/pbutils.h to /compiled-binaries/usr/include/gstreamer-1.0/gst/pbutils/
#5 959.1 Installing /gstreamer/subprojects/gst-plugins-base/gst-libs/gst/pbutils/pbutils-prelude.h to /compiled-binaries/usr/include/gstreamer-1.0/gst/pbutils/
#5 959.1 Installing /gstreamer/subprojects/gst-plugins-base/gst-libs/gst/pbutils/codec-utils.h to /compiled-binaries/usr/include/gstreamer-1.0/gst/pbutils/
#5 959.1 Installing /gstreamer/subprojects/gst-plugins-base/gst-libs/gst/pbutils/descriptions.h to /compiled-binaries/usr/include/gstreamer-1.0/gst/pbutils/
#5 959.1 Installing /gstreamer/subprojects/gst-plugins-base/gst-libs/gst/pbutils/encoding-profile.h to /compiled-binaries/usr/include/gstreamer-1.0/gst/pbutils/
#5 959.1 Installing /gstreamer/subprojects/gst-plugins-base/gst-libs/gst/pbutils/encoding-target.h to /compiled-binaries/usr/include/gstreamer-1.0/gst/pbutils/
#5 959.1 Installing /gstreamer/subprojects/gst-plugins-base/gst-libs/gst/pbutils/install-plugins.h to /compiled-binaries/usr/include/gstreamer-1.0/gst/pbutils/
#5 959.1 Installing /gstreamer/subprojects/gst-plugins-base/gst-libs/gst/pbutils/missing-plugins.h to /compiled-binaries/usr/include/gstreamer-1.0/gst/pbutils/
#5 959.1 Installing /gstreamer/subprojects/gst-plugins-base/gst-libs/gst/pbutils/gstdiscoverer.h to /compiled-binaries/usr/include/gstreamer-1.0/gst/pbutils/
#5 959.1 Installing /gstreamer/subprojects/gst-plugins-base/gst-libs/gst/pbutils/gstaudiovisualizer.h to /compiled-binaries/usr/include/gstreamer-1.0/gst/pbutils/
#5 959.1 Installing /gstreamer/subprojects/gst-plugins-base/gst-libs/gst/sdp/sdp.h to /compiled-binaries/usr/include/gstreamer-1.0/gst/sdp/
#5 959.1 Installing /gstreamer/subprojects/gst-plugins-base/gst-libs/gst/sdp/sdp-prelude.h to /compiled-binaries/usr/include/gstreamer-1.0/gst/sdp/
#5 959.1 Installing /gstreamer/subprojects/gst-plugins-base/gst-libs/gst/sdp/gstsdp.h to /compiled-binaries/usr/include/gstreamer-1.0/gst/sdp/
#5 959.1 Installing /gstreamer/subprojects/gst-plugins-base/gst-libs/gst/sdp/gstmikey.h to /compiled-binaries/usr/include/gstreamer-1.0/gst/sdp/
#5 959.1 Installing /gstreamer/subprojects/gst-plugins-base/gst-libs/gst/sdp/gstsdpmessage.h to /compiled-binaries/usr/include/gstreamer-1.0/gst/sdp/
#5 959.1 Installing /gstreamer/subprojects/gst-plugins-base/gst-libs/gst/rtsp/gstrtspconnection.h to /compiled-binaries/usr/include/gstreamer-1.0/gst/rtsp/
#5 959.1 Installing /gstreamer/subprojects/gst-plugins-base/gst-libs/gst/rtsp/gstrtspdefs.h to /compiled-binaries/usr/include/gstreamer-1.0/gst/rtsp/
#5 959.1 Installing /gstreamer/subprojects/gst-plugins-base/gst-libs/gst/rtsp/gstrtspextension.h to /compiled-binaries/usr/include/gstreamer-1.0/gst/rtsp/
#5 959.1 Installing /gstreamer/subprojects/gst-plugins-base/gst-libs/gst/rtsp/gstrtsp.h to /compiled-binaries/usr/include/gstreamer-1.0/gst/rtsp/
#5 959.1 Installing /gstreamer/subprojects/gst-plugins-base/gst-libs/gst/rtsp/gstrtspmessage.h to /compiled-binaries/usr/include/gstreamer-1.0/gst/rtsp/
#5 959.1 Installing /gstreamer/subprojects/gst-plugins-base/gst-libs/gst/rtsp/gstrtsprange.h to /compiled-binaries/usr/include/gstreamer-1.0/gst/rtsp/
#5 959.1 Installing /gstreamer/subprojects/gst-plugins-base/gst-libs/gst/rtsp/gstrtsptransport.h to /compiled-binaries/usr/include/gstreamer-1.0/gst/rtsp/
#5 959.1 Installing /gstreamer/subprojects/gst-plugins-base/gst-libs/gst/rtsp/gstrtspurl.h to /compiled-binaries/usr/include/gstreamer-1.0/gst/rtsp/
#5 959.1 Installing /gstreamer/subprojects/gst-plugins-base/gst-libs/gst/rtsp/rtsp-prelude.h to /compiled-binaries/usr/include/gstreamer-1.0/gst/rtsp/
#5 959.1 Installing /gstreamer/subprojects/gst-plugins-base/gst-libs/gst/rtsp/rtsp.h to /compiled-binaries/usr/include/gstreamer-1.0/gst/rtsp/
#5 959.2 Installing /gstreamer/subprojects/gst-plugins-base/gst-libs/gst/riff/riff.h to /compiled-binaries/usr/include/gstreamer-1.0/gst/riff/
#5 959.2 Installing /gstreamer/subprojects/gst-plugins-base/gst-libs/gst/riff/riff-prelude.h to /compiled-binaries/usr/include/gstreamer-1.0/gst/riff/
#5 959.2 Installing /gstreamer/subprojects/gst-plugins-base/gst-libs/gst/riff/riff-ids.h to /compiled-binaries/usr/include/gstreamer-1.0/gst/riff/
#5 959.2 Installing /gstreamer/subprojects/gst-plugins-base/gst-libs/gst/riff/riff-media.h to /compiled-binaries/usr/include/gstreamer-1.0/gst/riff/
#5 959.2 Installing /gstreamer/subprojects/gst-plugins-base/gst-libs/gst/riff/riff-read.h to /compiled-binaries/usr/include/gstreamer-1.0/gst/riff/
#5 959.2 Installing /gstreamer/subprojects/gst-plugins-base/gst-libs/gst/app/gstappsrc.h to /compiled-binaries/usr/include/gstreamer-1.0/gst/app/
#5 959.2 Installing /gstreamer/subprojects/gst-plugins-base/gst-libs/gst/app/app.h to /compiled-binaries/usr/include/gstreamer-1.0/gst/app/
#5 959.2 Installing /gstreamer/subprojects/gst-plugins-base/gst-libs/gst/app/app-prelude.h to /compiled-binaries/usr/include/gstreamer-1.0/gst/app/
#5 959.2 Installing /gstreamer/subprojects/gst-plugins-base/gst-libs/gst/app/gstappsrc.h to /compiled-binaries/usr/include/gstreamer-1.0/gst/app
#5 959.2 Installing /gstreamer/subprojects/gst-plugins-base/gst-libs/gst/app/gstappsink.h to /compiled-binaries/usr/include/gstreamer-1.0/gst/app/
#5 959.2 Installing /gstreamer/subprojects/gst-plugins-base/gst-libs/gst/allocators/allocators.h to /compiled-binaries/usr/include/gstreamer-1.0/gst/allocators/
#5 959.2 Installing /gstreamer/subprojects/gst-plugins-base/gst-libs/gst/allocators/allocators-prelude.h to /compiled-binaries/usr/include/gstreamer-1.0/gst/allocators/
#5 959.2 Installing /gstreamer/subprojects/gst-plugins-base/gst-libs/gst/allocators/gstfdmemory.h to /compiled-binaries/usr/include/gstreamer-1.0/gst/allocators/
#5 959.2 Installing /gstreamer/subprojects/gst-plugins-base/gst-libs/gst/allocators/gstphysmemory.h to /compiled-binaries/usr/include/gstreamer-1.0/gst/allocators/
#5 959.2 Installing /gstreamer/subprojects/gst-plugins-base/gst-libs/gst/allocators/gstdmabuf.h to /compiled-binaries/usr/include/gstreamer-1.0/gst/allocators/
#5 959.2 Installing /gstreamer/subprojects/gl-headers/wglext/GL/wglext.h to /compiled-binaries/usr/include/GL/
#5 959.2 Installing /gstreamer/subprojects/gst-plugins-base/gst-libs/gst/gl/gl.h to /compiled-binaries/usr/include/gstreamer-1.0/gst/gl/
#5 959.2 Installing /gstreamer/subprojects/gst-plugins-base/gst-libs/gst/gl/gl-prelude.h to /compiled-binaries/usr/include/gstreamer-1.0/gst/gl/
#5 959.2 Installing /gstreamer/subprojects/gst-plugins-base/gst-libs/gst/gl/gstgl_enums.h to /compiled-binaries/usr/include/gstreamer-1.0/gst/gl/
#5 959.2 Installing /gstreamer/subprojects/gst-plugins-base/gst-libs/gst/gl/gstgl_fwd.h to /compiled-binaries/usr/include/gstreamer-1.0/gst/gl/
#5 959.2 Installing /gstreamer/subprojects/gst-plugins-base/gst-libs/gst/gl/gstglapi.h to /compiled-binaries/usr/include/gstreamer-1.0/gst/gl/
#5 959.2 Installing /gstreamer/subprojects/gst-plugins-base/gst-libs/gst/gl/gstglbasefilter.h to /compiled-binaries/usr/include/gstreamer-1.0/gst/gl/
#5 959.2 Installing /gstreamer/subprojects/gst-plugins-base/gst-libs/gst/gl/gstglbasememory.h to /compiled-binaries/usr/include/gstreamer-1.0/gst/gl/
#5 959.2 Installing /gstreamer/subprojects/gst-plugins-base/gst-libs/gst/gl/gstglbasesrc.h to /compiled-binaries/usr/include/gstreamer-1.0/gst/gl/
#5 959.2 Installing /gstreamer/subprojects/gst-plugins-base/gst-libs/gst/gl/gstglbuffer.h to /compiled-binaries/usr/include/gstreamer-1.0/gst/gl/
#5 959.2 Installing /gstreamer/subprojects/gst-plugins-base/gst-libs/gst/gl/gstglbufferpool.h to /compiled-binaries/usr/include/gstreamer-1.0/gst/gl/
#5 959.2 Installing /gstreamer/subprojects/gst-plugins-base/gst-libs/gst/gl/gstglcolorconvert.h to /compiled-binaries/usr/include/gstreamer-1.0/gst/gl/
#5 959.2 Installing /gstreamer/subprojects/gst-plugins-base/gst-libs/gst/gl/gstglcontext.h to /compiled-binaries/usr/include/gstreamer-1.0/gst/gl/
#5 959.2 Installing /gstreamer/subprojects/gst-plugins-base/gst-libs/gst/gl/gstglcontextconfig.h to /compiled-binaries/usr/include/gstreamer-1.0/gst/gl/
#5 959.2 Installing /gstreamer/subprojects/gst-plugins-base/gst-libs/gst/gl/gstgldebug.h to /compiled-binaries/usr/include/gstreamer-1.0/gst/gl/
#5 959.2 Installing /gstreamer/subprojects/gst-plugins-base/gst-libs/gst/gl/gstgldisplay.h to /compiled-binaries/usr/include/gstreamer-1.0/gst/gl/
#5 959.2 Installing /gstreamer/subprojects/gst-plugins-base/gst-libs/gst/gl/gstglfeature.h to /compiled-binaries/usr/include/gstreamer-1.0/gst/gl/
#5 959.2 Installing /gstreamer/subprojects/gst-plugins-base/gst-libs/gst/gl/gstglfilter.h to /compiled-binaries/usr/include/gstreamer-1.0/gst/gl/
#5 959.2 Installing /gstreamer/subprojects/gst-plugins-base/gst-libs/gst/gl/gstglformat.h to /compiled-binaries/usr/include/gstreamer-1.0/gst/gl/
#5 959.2 Installing /gstreamer/subprojects/gst-plugins-base/gst-libs/gst/gl/gstglframebuffer.h to /compiled-binaries/usr/include/gstreamer-1.0/gst/gl/
#5 959.2 Installing /gstreamer/subprojects/gst-plugins-base/gst-libs/gst/gl/gstglmemory.h to /compiled-binaries/usr/include/gstreamer-1.0/gst/gl/
#5 959.2 Installing /gstreamer/subprojects/gst-plugins-base/gst-libs/gst/gl/gstglmemorypbo.h to /compiled-binaries/usr/include/gstreamer-1.0/gst/gl/
#5 959.2 Installing /gstreamer/subprojects/gst-plugins-base/gst-libs/gst/gl/gstgloverlaycompositor.h to /compiled-binaries/usr/include/gstreamer-1.0/gst/gl/
#5 959.2 Installing /gstreamer/subprojects/gst-plugins-base/gst-libs/gst/gl/gstglquery.h to /compiled-binaries/usr/include/gstreamer-1.0/gst/gl/
#5 959.2 Installing /gstreamer/subprojects/gst-plugins-base/gst-libs/gst/gl/gstglrenderbuffer.h to /compiled-binaries/usr/include/gstreamer-1.0/gst/gl/
#5 959.2 Installing /gstreamer/subprojects/gst-plugins-base/gst-libs/gst/gl/gstglshader.h to /compiled-binaries/usr/include/gstreamer-1.0/gst/gl/
#5 959.2 Installing /gstreamer/subprojects/gst-plugins-base/gst-libs/gst/gl/gstglshaderstrings.h to /compiled-binaries/usr/include/gstreamer-1.0/gst/gl/
#5 959.2 Installing /gstreamer/subprojects/gst-plugins-base/gst-libs/gst/gl/gstglsl.h to /compiled-binaries/usr/include/gstreamer-1.0/gst/gl/
#5 959.2 Installing /gstreamer/subprojects/gst-plugins-base/gst-libs/gst/gl/gstglslstage.h to /compiled-binaries/usr/include/gstreamer-1.0/gst/gl/
#5 959.2 Installing /gstreamer/subprojects/gst-plugins-base/gst-libs/gst/gl/gstglsyncmeta.h to /compiled-binaries/usr/include/gstreamer-1.0/gst/gl/
#5 959.2 Installing /gstreamer/subprojects/gst-plugins-base/gst-libs/gst/gl/gstglupload.h to /compiled-binaries/usr/include/gstreamer-1.0/gst/gl/
#5 959.2 Installing /gstreamer/subprojects/gst-plugins-base/gst-libs/gst/gl/gstglutils.h to /compiled-binaries/usr/include/gstreamer-1.0/gst/gl/
#5 959.2 Installing /gstreamer/subprojects/gst-plugins-base/gst-libs/gst/gl/gstglviewconvert.h to /compiled-binaries/usr/include/gstreamer-1.0/gst/gl/
#5 959.2 Installing /gstreamer/subprojects/gst-plugins-base/gst-libs/gst/gl/gstglwindow.h to /compiled-binaries/usr/include/gstreamer-1.0/gst/gl/
#5 959.2 Installing /gstreamer/subprojects/gst-plugins-base/gst-libs/gst/gl/gstglfuncs.h to /compiled-binaries/usr/include/gstreamer-1.0/gst/gl/
#5 959.2 Installing /gstreamer/subprojects/gst-plugins-base/gst-libs/gst/gl/glprototypes/all_functions.h to /compiled-binaries/usr/include/gstreamer-1.0/gst/gl/glprototypes/
#5 959.2 Installing /gstreamer/subprojects/gst-plugins-base/gst-libs/gst/gl/glprototypes/base.h to /compiled-binaries/usr/include/gstreamer-1.0/gst/gl/glprototypes/
#5 959.2 Installing /gstreamer/subprojects/gst-plugins-base/gst-libs/gst/gl/glprototypes/buffer_storage.h to /compiled-binaries/usr/include/gstreamer-1.0/gst/gl/glprototypes/
#5 959.2 Installing /gstreamer/subprojects/gst-plugins-base/gst-libs/gst/gl/glprototypes/blending.h to /compiled-binaries/usr/include/gstreamer-1.0/gst/gl/glprototypes/
#5 959.2 Installing /gstreamer/subprojects/gst-plugins-base/gst-libs/gst/gl/glprototypes/buffers.h to /compiled-binaries/usr/include/gstreamer-1.0/gst/gl/glprototypes/
#5 959.2 Installing /gstreamer/subprojects/gst-plugins-base/gst-libs/gst/gl/glprototypes/debug.h to /compiled-binaries/usr/include/gstreamer-1.0/gst/gl/glprototypes/
#5 959.2 Installing /gstreamer/subprojects/gst-plugins-base/gst-libs/gst/gl/glprototypes/eglimage.h to /compiled-binaries/usr/include/gstreamer-1.0/gst/gl/glprototypes/
#5 959.2 Installing /gstreamer/subprojects/gst-plugins-base/gst-libs/gst/gl/glprototypes/fbo.h to /compiled-binaries/usr/include/gstreamer-1.0/gst/gl/glprototypes/
#5 959.2 Installing /gstreamer/subprojects/gst-plugins-base/gst-libs/gst/gl/glprototypes/fixedfunction.h to /compiled-binaries/usr/include/gstreamer-1.0/gst/gl/glprototypes/
#5 959.2 Installing /gstreamer/subprojects/gst-plugins-base/gst-libs/gst/gl/glprototypes/gles.h to /compiled-binaries/usr/include/gstreamer-1.0/gst/gl/glprototypes/
#5 959.2 Installing /gstreamer/subprojects/gst-plugins-base/gst-libs/gst/gl/glprototypes/gstgl_compat.h to /compiled-binaries/usr/include/gstreamer-1.0/gst/gl/glprototypes/
#5 959.2 Installing /gstreamer/subprojects/gst-plugins-base/gst-libs/gst/gl/glprototypes/gstgl_gles2compat.h to /compiled-binaries/usr/include/gstreamer-1.0/gst/gl/glprototypes/
#5 959.2 Installing /gstreamer/subprojects/gst-plugins-base/gst-libs/gst/gl/glprototypes/opengl.h to /compiled-binaries/usr/include/gstreamer-1.0/gst/gl/glprototypes/
#5 959.2 Installing /gstreamer/subprojects/gst-plugins-base/gst-libs/gst/gl/glprototypes/query.h to /compiled-binaries/usr/include/gstreamer-1.0/gst/gl/glprototypes/
#5 959.2 Installing /gstreamer/subprojects/gst-plugins-base/gst-libs/gst/gl/glprototypes/shaders.h to /compiled-binaries/usr/include/gstreamer-1.0/gst/gl/glprototypes/
#5 959.2 Installing /gstreamer/subprojects/gst-plugins-base/gst-libs/gst/gl/glprototypes/sync.h to /compiled-binaries/usr/include/gstreamer-1.0/gst/gl/glprototypes/
#5 959.2 Installing /gstreamer/subprojects/gst-plugins-base/gst-libs/gst/gl/glprototypes/vao.h to /compiled-binaries/usr/include/gstreamer-1.0/gst/gl/glprototypes/
#5 959.2 Installing /gstreamer/subprojects/gst-plugins-base/gst-libs/gst/gl/wayland/wayland.h to /compiled-binaries/usr/include/gstreamer-1.0/gst/gl/wayland/
#5 959.2 Installing /gstreamer/subprojects/gst-plugins-base/gst-libs/gst/gl/wayland/gstgldisplay_wayland.h to /compiled-binaries/usr/include/gstreamer-1.0/gst/gl/wayland/
#5 959.2 Installing /gstreamer/subprojects/gst-plugins-base/gst-libs/gst/gl/egl/egl.h to /compiled-binaries/usr/include/gstreamer-1.0/gst/gl/egl/
#5 959.2 Installing /gstreamer/subprojects/gst-plugins-base/gst-libs/gst/gl/egl/gstegl.h to /compiled-binaries/usr/include/gstreamer-1.0/gst/gl/egl/
#5 959.2 Installing /gstreamer/subprojects/gst-plugins-base/gst-libs/gst/gl/egl/gsteglimage.h to /compiled-binaries/usr/include/gstreamer-1.0/gst/gl/egl/
#5 959.2 Installing /gstreamer/subprojects/gst-plugins-base/gst-libs/gst/gl/egl/gstgldisplay_egl.h to /compiled-binaries/usr/include/gstreamer-1.0/gst/gl/egl/
#5 959.2 Installing /gstreamer/subprojects/gst-plugins-base/gst-libs/gst/gl/egl/gstglmemoryegl.h to /compiled-binaries/usr/include/gstreamer-1.0/gst/gl/egl/
#5 959.2 Installing /gstreamer/subprojects/gst-plugins-base/gst-libs/gst/gl/egl/gstgldisplay_egl_device.h to /compiled-binaries/usr/include/gstreamer-1.0/gst/gl/egl/
#5 959.2 Installing /gstreamer/subprojects/libnice/agent/address.h to /compiled-binaries/usr/include/nice/
#5 959.2 Installing /gstreamer/subprojects/libnice/agent/agent.h to /compiled-binaries/usr/include/nice/
#5 959.2 Installing /gstreamer/subprojects/libnice/agent/candidate.h to /compiled-binaries/usr/include/nice/
#5 959.2 Installing /gstreamer/subprojects/libnice/agent/debug.h to /compiled-binaries/usr/include/nice/
#5 959.2 Installing /gstreamer/subprojects/libnice/agent/interfaces.h to /compiled-binaries/usr/include/nice/
#5 959.2 Installing /gstreamer/subprojects/libnice/agent/pseudotcp.h to /compiled-binaries/usr/include/nice/
#5 959.2 Installing /gstreamer/subprojects/libnice/stun/stunagent.h to /compiled-binaries/usr/include/stun/
#5 959.2 Installing /gstreamer/subprojects/libnice/stun/stunmessage.h to /compiled-binaries/usr/include/stun/
#5 959.2 Installing /gstreamer/subprojects/libnice/stun/win32_common.h to /compiled-binaries/usr/include/stun/
#5 959.2 Installing /gstreamer/subprojects/libnice/stun/debug.h to /compiled-binaries/usr/include/stun/
#5 959.2 Installing /gstreamer/subprojects/libnice/stun/constants.h to /compiled-binaries/usr/include/stun/
#5 959.2 Installing /gstreamer/subprojects/libnice/stun/usages/bind.h to /compiled-binaries/usr/include/stun/usages/
#5 959.2 Installing /gstreamer/subprojects/libnice/stun/usages/ice.h to /compiled-binaries/usr/include/stun/usages/
#5 959.2 Installing /gstreamer/subprojects/libnice/stun/usages/turn.h to /compiled-binaries/usr/include/stun/usages/
#5 959.2 Installing /gstreamer/subprojects/libnice/stun/usages/timer.h to /compiled-binaries/usr/include/stun/usages/
#5 959.2 Installing /gstreamer/subprojects/libnice/nice/nice.h to /compiled-binaries/usr/include/nice/
#5 959.2 Installing /gstreamer/subprojects/gst-plugins-bad/gst-libs/gst/uridownloader/uridownloader-prelude.h to /compiled-binaries/usr/include/gstreamer-1.0/gst/uridownloader/
#5 959.2 Installing /gstreamer/subprojects/gst-plugins-bad/gst-libs/gst/uridownloader/gstfragment.h to /compiled-binaries/usr/include/gstreamer-1.0/gst/uridownloader/
#5 959.2 Installing /gstreamer/subprojects/gst-plugins-bad/gst-libs/gst/uridownloader/gsturidownloader.h to /compiled-binaries/usr/include/gstreamer-1.0/gst/uridownloader/
#5 959.2 Installing /gstreamer/subprojects/gst-plugins-bad/gst-libs/gst/uridownloader/gsturidownloader_debug.h to /compiled-binaries/usr/include/gstreamer-1.0/gst/uridownloader/
#5 959.2 Installing /gstreamer/subprojects/gst-plugins-bad/gst-libs/gst/audio/gstnonstreamaudiodecoder.h to /compiled-binaries/usr/include/gstreamer-1.0/gst/audio/
#5 959.2 Installing /gstreamer/subprojects/gst-plugins-bad/gst-libs/gst/audio/audio-bad-prelude.h to /compiled-binaries/usr/include/gstreamer-1.0/gst/audio/
#5 959.2 Installing /gstreamer/subprojects/gst-plugins-bad/gst-libs/gst/audio/gstplanaraudioadapter.h to /compiled-binaries/usr/include/gstreamer-1.0/gst/audio/
#5 959.2 Installing /gstreamer/subprojects/gst-plugins-bad/gst-libs/gst/basecamerabinsrc/basecamerabinsrc-prelude.h to /compiled-binaries/usr/include/gstreamer-1.0/gst/basecamerabinsrc/
#5 959.2 Installing /gstreamer/subprojects/gst-plugins-bad/gst-libs/gst/basecamerabinsrc/gstcamerabin-enum.h to /compiled-binaries/usr/include/gstreamer-1.0/gst/basecamerabinsrc/
#5 959.2 Installing /gstreamer/subprojects/gst-plugins-bad/gst-libs/gst/basecamerabinsrc/gstcamerabinpreview.h to /compiled-binaries/usr/include/gstreamer-1.0/gst/basecamerabinsrc/
#5 959.2 Installing /gstreamer/subprojects/gst-plugins-bad/gst-libs/gst/basecamerabinsrc/gstbasecamerasrc.h to /compiled-binaries/usr/include/gstreamer-1.0/gst/basecamerabinsrc/
#5 959.2 Installing /gstreamer/subprojects/gst-plugins-bad/gst-libs/gst/codecparsers/codecparsers-prelude.h to /compiled-binaries/usr/include/gstreamer-1.0/gst/codecparsers/
#5 959.2 Installing /gstreamer/subprojects/gst-plugins-bad/gst-libs/gst/codecparsers/gstmpegvideoparser.h to /compiled-binaries/usr/include/gstreamer-1.0/gst/codecparsers/
#5 959.2 Installing /gstreamer/subprojects/gst-plugins-bad/gst-libs/gst/codecparsers/gsth264parser.h to /compiled-binaries/usr/include/gstreamer-1.0/gst/codecparsers/
#5 959.2 Installing /gstreamer/subprojects/gst-plugins-bad/gst-libs/gst/codecparsers/gstvc1parser.h to /compiled-binaries/usr/include/gstreamer-1.0/gst/codecparsers/
#5 959.2 Installing /gstreamer/subprojects/gst-plugins-bad/gst-libs/gst/codecparsers/gstmpeg4parser.h to /compiled-binaries/usr/include/gstreamer-1.0/gst/codecparsers/
#5 959.2 Installing /gstreamer/subprojects/gst-plugins-bad/gst-libs/gst/codecparsers/gsth265parser.h to /compiled-binaries/usr/include/gstreamer-1.0/gst/codecparsers/
#5 959.2 Installing /gstreamer/subprojects/gst-plugins-bad/gst-libs/gst/codecparsers/gstvp8parser.h to /compiled-binaries/usr/include/gstreamer-1.0/gst/codecparsers/
#5 959.2 Installing /gstreamer/subprojects/gst-plugins-bad/gst-libs/gst/codecparsers/gstvp8rangedecoder.h to /compiled-binaries/usr/include/gstreamer-1.0/gst/codecparsers/
#5 959.2 Installing /gstreamer/subprojects/gst-plugins-bad/gst-libs/gst/codecparsers/gstjpeg2000sampling.h to /compiled-binaries/usr/include/gstreamer-1.0/gst/codecparsers/
#5 959.2 Installing /gstreamer/subprojects/gst-plugins-bad/gst-libs/gst/codecparsers/gstjpegparser.h to /compiled-binaries/usr/include/gstreamer-1.0/gst/codecparsers/
#5 959.2 Installing /gstreamer/subprojects/gst-plugins-bad/gst-libs/gst/codecparsers/gstmpegvideometa.h to /compiled-binaries/usr/include/gstreamer-1.0/gst/codecparsers/
#5 959.2 Installing /gstreamer/subprojects/gst-plugins-bad/gst-libs/gst/codecparsers/gstvp9parser.h to /compiled-binaries/usr/include/gstreamer-1.0/gst/codecparsers/
#5 959.2 Installing /gstreamer/subprojects/gst-plugins-bad/gst-libs/gst/codecparsers/gstav1parser.h to /compiled-binaries/usr/include/gstreamer-1.0/gst/codecparsers/
#5 959.2 Installing /gstreamer/subprojects/gst-plugins-bad/gst-libs/gst/cuda/cuda-prelude.h to /compiled-binaries/usr/include/gstreamer-1.0/gst/cuda/
#5 959.2 Installing /gstreamer/subprojects/gst-plugins-bad/gst-libs/gst/cuda/gstcudabufferpool.h to /compiled-binaries/usr/include/gstreamer-1.0/gst/cuda/
#5 959.2 Installing /gstreamer/subprojects/gst-plugins-bad/gst-libs/gst/cuda/gstcudacontext.h to /compiled-binaries/usr/include/gstreamer-1.0/gst/cuda/
#5 959.2 Installing /gstreamer/subprojects/gst-plugins-bad/gst-libs/gst/cuda/gstcudaloader.h to /compiled-binaries/usr/include/gstreamer-1.0/gst/cuda/
#5 959.2 Installing /gstreamer/subprojects/gst-plugins-bad/gst-libs/gst/cuda/gstcudamemory.h to /compiled-binaries/usr/include/gstreamer-1.0/gst/cuda/
#5 959.2 Installing /gstreamer/subprojects/gst-plugins-bad/gst-libs/gst/cuda/gstcudanvrtc.h to /compiled-binaries/usr/include/gstreamer-1.0/gst/cuda/
#5 959.2 Installing /gstreamer/subprojects/gst-plugins-bad/gst-libs/gst/cuda/gstcudautils.h to /compiled-binaries/usr/include/gstreamer-1.0/gst/cuda/
#5 959.2 Installing /gstreamer/subprojects/gst-plugins-bad/gst-libs/gst/cuda/cuda-gst.h to /compiled-binaries/usr/include/gstreamer-1.0/gst/cuda/
#5 959.2 Installing /gstreamer/subprojects/gst-plugins-bad/gst-libs/gst/insertbin/gstinsertbin.h to /compiled-binaries/usr/include/gstreamer-1.0/gst/insertbin/
#5 959.2 Installing /gstreamer/subprojects/gst-plugins-bad/gst-libs/gst/interfaces/photography.h to /compiled-binaries/usr/include/gstreamer-1.0/gst/interfaces/
#5 959.2 Installing /gstreamer/subprojects/gst-plugins-bad/gst-libs/gst/interfaces/photography-prelude.h to /compiled-binaries/usr/include/gstreamer-1.0/gst/interfaces/
#5 959.2 Installing /gstreamer/subprojects/gst-plugins-bad/gst-libs/gst/isoff/gstisoff.h to /compiled-binaries/usr/include/gstreamer-1.0/gst/isoff/
#5 959.2 Installing /gstreamer/subprojects/gst-plugins-bad/gst-libs/gst/mpegts/gstmpegtssection.h to /compiled-binaries/usr/include/gstreamer-1.0/gst/mpegts/
#5 959.2 Installing /gstreamer/subprojects/gst-plugins-bad/gst-libs/gst/mpegts/gst-atsc-section.h to /compiled-binaries/usr/include/gstreamer-1.0/gst/mpegts/
#5 959.2 Installing /gstreamer/subprojects/gst-plugins-bad/gst-libs/gst/mpegts/gst-dvb-section.h to /compiled-binaries/usr/include/gstreamer-1.0/gst/mpegts/
#5 959.2 Installing /gstreamer/subprojects/gst-plugins-bad/gst-libs/gst/mpegts/gst-scte-section.h to /compiled-binaries/usr/include/gstreamer-1.0/gst/mpegts/
#5 959.2 Installing /gstreamer/subprojects/gst-plugins-bad/gst-libs/gst/mpegts/gst-hdmv-section.h to /compiled-binaries/usr/include/gstreamer-1.0/gst/mpegts/
#5 959.2 Installing /gstreamer/subprojects/gst-plugins-bad/gst-libs/gst/mpegts/gstmpegtsdescriptor.h to /compiled-binaries/usr/include/gstreamer-1.0/gst/mpegts/
#5 959.2 Installing /gstreamer/subprojects/gst-plugins-bad/gst-libs/gst/mpegts/gst-atsc-descriptor.h to /compiled-binaries/usr/include/gstreamer-1.0/gst/mpegts/
#5 959.2 Installing /gstreamer/subprojects/gst-plugins-bad/gst-libs/gst/mpegts/gst-dvb-descriptor.h to /compiled-binaries/usr/include/gstreamer-1.0/gst/mpegts/
#5 959.2 Installing /gstreamer/subprojects/gst-plugins-bad/gst-libs/gst/mpegts/gst-isdb-descriptor.h to /compiled-binaries/usr/include/gstreamer-1.0/gst/mpegts/
#5 959.2 Installing /gstreamer/subprojects/gst-plugins-bad/gst-libs/gst/mpegts/mpegts-prelude.h to /compiled-binaries/usr/include/gstreamer-1.0/gst/mpegts/
#5 959.2 Installing /gstreamer/subprojects/gst-plugins-bad/gst-libs/gst/mpegts/mpegts.h to /compiled-binaries/usr/include/gstreamer-1.0/gst/mpegts/
#5 959.2 Installing /gstreamer/subprojects/gst-plugins-bad/gst-libs/gst/play/play.h to /compiled-binaries/usr/include/gstreamer-1.0/gst/play/
#5 959.2 Installing /gstreamer/subprojects/gst-plugins-bad/gst-libs/gst/play/play-prelude.h to /compiled-binaries/usr/include/gstreamer-1.0/gst/play/
#5 959.2 Installing /gstreamer/subprojects/gst-plugins-bad/gst-libs/gst/play/gstplay.h to /compiled-binaries/usr/include/gstreamer-1.0/gst/play/
#5 959.2 Installing /gstreamer/subprojects/gst-plugins-bad/gst-libs/gst/play/gstplay-types.h to /compiled-binaries/usr/include/gstreamer-1.0/gst/play/
#5 959.2 Installing /gstreamer/subprojects/gst-plugins-bad/gst-libs/gst/play/gstplay-signal-adapter.h to /compiled-binaries/usr/include/gstreamer-1.0/gst/play/
#5 959.2 Installing /gstreamer/subprojects/gst-plugins-bad/gst-libs/gst/play/gstplay-video-renderer.h to /compiled-binaries/usr/include/gstreamer-1.0/gst/play/
#5 959.2 Installing /gstreamer/subprojects/gst-plugins-bad/gst-libs/gst/play/gstplay-media-info.h to /compiled-binaries/usr/include/gstreamer-1.0/gst/play/
#5 959.2 Installing /gstreamer/subprojects/gst-plugins-bad/gst-libs/gst/play/gstplay-video-overlay-video-renderer.h to /compiled-binaries/usr/include/gstreamer-1.0/gst/play/
#5 959.2 Installing /gstreamer/subprojects/gst-plugins-bad/gst-libs/gst/play/gstplay-visualization.h to /compiled-binaries/usr/include/gstreamer-1.0/gst/play/
#5 959.2 Installing /gstreamer/subprojects/gst-plugins-bad/gst-libs/gst/player/player.h to /compiled-binaries/usr/include/gstreamer-1.0/gst/player/
#5 959.2 Installing /gstreamer/subprojects/gst-plugins-bad/gst-libs/gst/player/player-prelude.h to /compiled-binaries/usr/include/gstreamer-1.0/gst/player/
#5 959.2 Installing /gstreamer/subprojects/gst-plugins-bad/gst-libs/gst/player/gstplayer.h to /compiled-binaries/usr/include/gstreamer-1.0/gst/player/
#5 959.2 Installing /gstreamer/subprojects/gst-plugins-bad/gst-libs/gst/player/gstplayer-types.h to /compiled-binaries/usr/include/gstreamer-1.0/gst/player/
#5 959.2 Installing /gstreamer/subprojects/gst-plugins-bad/gst-libs/gst/player/gstplayer-signal-dispatcher.h to /compiled-binaries/usr/include/gstreamer-1.0/gst/player/
#5 959.2 Installing /gstreamer/subprojects/gst-plugins-bad/gst-libs/gst/player/gstplayer-video-renderer.h to /compiled-binaries/usr/include/gstreamer-1.0/gst/player/
#5 959.2 Installing /gstreamer/subprojects/gst-plugins-bad/gst-libs/gst/player/gstplayer-media-info.h to /compiled-binaries/usr/include/gstreamer-1.0/gst/player/
#5 959.2 Installing /gstreamer/subprojects/gst-plugins-bad/gst-libs/gst/player/gstplayer-g-main-context-signal-dispatcher.h to /compiled-binaries/usr/include/gstreamer-1.0/gst/player/
#5 959.2 Installing /gstreamer/subprojects/gst-plugins-bad/gst-libs/gst/player/gstplayer-video-overlay-video-renderer.h to /compiled-binaries/usr/include/gstreamer-1.0/gst/player/
#5 959.2 Installing /gstreamer/subprojects/gst-plugins-bad/gst-libs/gst/player/gstplayer-visualization.h to /compiled-binaries/usr/include/gstreamer-1.0/gst/player/
#5 959.2 Installing /gstreamer/subprojects/gst-plugins-bad/gst-libs/gst/sctp/sctpreceivemeta.h to /compiled-binaries/usr/include/gstreamer-1.0/gst/sctp/
#5 959.2 Installing /gstreamer/subprojects/gst-plugins-bad/gst-libs/gst/sctp/sctpsendmeta.h to /compiled-binaries/usr/include/gstreamer-1.0/gst/sctp/
#5 959.2 Installing /gstreamer/subprojects/gst-plugins-bad/gst-libs/gst/sctp/sctp-prelude.h to /compiled-binaries/usr/include/gstreamer-1.0/gst/sctp/
#5 959.2 Installing /gstreamer/subprojects/gst-plugins-bad/gst-libs/gst/transcoder/gsttranscoder.h to /compiled-binaries/usr/include/gstreamer-1.0/gst/transcoder/
#5 959.2 Installing /gstreamer/subprojects/gst-plugins-bad/gst-libs/gst/transcoder/transcoder-prelude.h to /compiled-binaries/usr/include/gstreamer-1.0/gst/transcoder/
#5 959.2 Installing /gstreamer/subprojects/gst-plugins-bad/gst-libs/gst/transcoder/gsttranscoder-signal-adapter.h to /compiled-binaries/usr/include/gstreamer-1.0/gst/transcoder/
#5 959.2 Installing /gstreamer/subprojects/gst-plugins-bad/gst-libs/gst/va/gstva.h to /compiled-binaries/usr/include/gstreamer-1.0/gst/va/
#5 959.2 Installing /gstreamer/subprojects/gst-plugins-bad/gst-libs/gst/va/gstvaallocator.h to /compiled-binaries/usr/include/gstreamer-1.0/gst/va/
#5 959.2 Installing /gstreamer/subprojects/gst-plugins-bad/gst-libs/gst/va/gstvadisplay.h to /compiled-binaries/usr/include/gstreamer-1.0/gst/va/
#5 959.2 Installing /gstreamer/subprojects/gst-plugins-bad/gst-libs/gst/va/gstvadisplay_drm.h to /compiled-binaries/usr/include/gstreamer-1.0/gst/va/
#5 959.2 Installing /gstreamer/subprojects/gst-plugins-bad/gst-libs/gst/va/gstvadisplay_wrapped.h to /compiled-binaries/usr/include/gstreamer-1.0/gst/va/
#5 959.2 Installing /gstreamer/subprojects/gst-plugins-bad/gst-libs/gst/va/gstvapool.h to /compiled-binaries/usr/include/gstreamer-1.0/gst/va/
#5 959.2 Installing /gstreamer/subprojects/gst-plugins-bad/gst-libs/gst/va/gstvautils.h to /compiled-binaries/usr/include/gstreamer-1.0/gst/va/
#5 959.2 Installing /gstreamer/subprojects/gst-plugins-bad/gst-libs/gst/va/va-prelude.h to /compiled-binaries/usr/include/gstreamer-1.0/gst/va/
#5 959.2 Installing /gstreamer/subprojects/gst-plugins-bad/gst-libs/gst/va/va_fwd.h to /compiled-binaries/usr/include/gstreamer-1.0/gst/va/
#5 959.2 Installing /gstreamer/subprojects/gst-plugins-bad/gst-libs/gst/wayland/gstwl_fwd.h to /compiled-binaries/usr/include/gstreamer-1.0/gst/wayland/
#5 959.2 Installing /gstreamer/subprojects/gst-plugins-bad/gst-libs/gst/wayland/gstwlbuffer.h to /compiled-binaries/usr/include/gstreamer-1.0/gst/wayland/
#5 959.2 Installing /gstreamer/subprojects/gst-plugins-bad/gst-libs/gst/wayland/gstwlcontext.h to /compiled-binaries/usr/include/gstreamer-1.0/gst/wayland/
#5 959.2 Installing /gstreamer/subprojects/gst-plugins-bad/gst-libs/gst/wayland/gstwldisplay.h to /compiled-binaries/usr/include/gstreamer-1.0/gst/wayland/
#5 959.2 Installing /gstreamer/subprojects/gst-plugins-bad/gst-libs/gst/wayland/gstwllinuxdmabuf.h to /compiled-binaries/usr/include/gstreamer-1.0/gst/wayland/
#5 959.2 Installing /gstreamer/subprojects/gst-plugins-bad/gst-libs/gst/wayland/gstwlshmallocator.h to /compiled-binaries/usr/include/gstreamer-1.0/gst/wayland/
#5 959.2 Installing /gstreamer/subprojects/gst-plugins-bad/gst-libs/gst/wayland/gstwlvideobufferpool.h to /compiled-binaries/usr/include/gstreamer-1.0/gst/wayland/
#5 959.2 Installing /gstreamer/subprojects/gst-plugins-bad/gst-libs/gst/wayland/gstwlvideoformat.h to /compiled-binaries/usr/include/gstreamer-1.0/gst/wayland/
#5 959.2 Installing /gstreamer/subprojects/gst-plugins-bad/gst-libs/gst/wayland/gstwlwindow.h to /compiled-binaries/usr/include/gstreamer-1.0/gst/wayland/
#5 959.2 Installing /gstreamer/subprojects/gst-plugins-bad/gst-libs/gst/wayland/wayland.h to /compiled-binaries/usr/include/gstreamer-1.0/gst/wayland/
#5 959.2 Installing /gstreamer/subprojects/gst-plugins-bad/gst-libs/gst/wayland/wayland-prelude.h to /compiled-binaries/usr/include/gstreamer-1.0/gst/wayland/
#5 959.2 Installing /gstreamer/subprojects/gst-plugins-bad/gst-libs/gst/webrtc/dtlstransport.h to /compiled-binaries/usr/include/gstreamer-1.0/gst/webrtc/
#5 959.2 Installing /gstreamer/subprojects/gst-plugins-bad/gst-libs/gst/webrtc/ice.h to /compiled-binaries/usr/include/gstreamer-1.0/gst/webrtc/
#5 959.2 Installing /gstreamer/subprojects/gst-plugins-bad/gst-libs/gst/webrtc/icestream.h to /compiled-binaries/usr/include/gstreamer-1.0/gst/webrtc/
#5 959.2 Installing /gstreamer/subprojects/gst-plugins-bad/gst-libs/gst/webrtc/icetransport.h to /compiled-binaries/usr/include/gstreamer-1.0/gst/webrtc/
#5 959.2 Installing /gstreamer/subprojects/gst-plugins-bad/gst-libs/gst/webrtc/rtcsessiondescription.h to /compiled-binaries/usr/include/gstreamer-1.0/gst/webrtc/
#5 959.2 Installing /gstreamer/subprojects/gst-plugins-bad/gst-libs/gst/webrtc/rtpreceiver.h to /compiled-binaries/usr/include/gstreamer-1.0/gst/webrtc/
#5 959.2 Installing /gstreamer/subprojects/gst-plugins-bad/gst-libs/gst/webrtc/rtpsender.h to /compiled-binaries/usr/include/gstreamer-1.0/gst/webrtc/
#5 959.2 Installing /gstreamer/subprojects/gst-plugins-bad/gst-libs/gst/webrtc/rtptransceiver.h to /compiled-binaries/usr/include/gstreamer-1.0/gst/webrtc/
#5 959.2 Installing /gstreamer/subprojects/gst-plugins-bad/gst-libs/gst/webrtc/datachannel.h to /compiled-binaries/usr/include/gstreamer-1.0/gst/webrtc/
#5 959.2 Installing /gstreamer/subprojects/gst-plugins-bad/gst-libs/gst/webrtc/webrtc_fwd.h to /compiled-binaries/usr/include/gstreamer-1.0/gst/webrtc/
#5 959.2 Installing /gstreamer/subprojects/gst-plugins-bad/gst-libs/gst/webrtc/webrtc.h to /compiled-binaries/usr/include/gstreamer-1.0/gst/webrtc/
#5 959.2 Installing /gstreamer/subprojects/gst-plugins-bad/gst-libs/gst/webrtc/sctptransport.h to /compiled-binaries/usr/include/gstreamer-1.0/gst/webrtc/
#5 959.2 Installing /gstreamer/subprojects/gst-plugins-bad/gst-libs/gst/webrtc/nice/nice_fwd.h to /compiled-binaries/usr/include/gstreamer-1.0/gst/webrtc/nice/
#5 959.2 Installing /gstreamer/subprojects/gst-plugins-bad/gst-libs/gst/webrtc/nice/nice.h to /compiled-binaries/usr/include/gstreamer-1.0/gst/webrtc/nice/
#5 959.2 Installing /gstreamer/subprojects/gst-plugins-bad/gst-libs/gst/webrtc/nice/nicestream.h to /compiled-binaries/usr/include/gstreamer-1.0/gst/webrtc/nice/
#5 959.2 Installing /gstreamer/subprojects/gst-plugins-bad/gst-libs/gst/webrtc/nice/nicetransport.h to /compiled-binaries/usr/include/gstreamer-1.0/gst/webrtc/nice/
#5 959.2 Installing /gstreamer/subprojects/libavtp/include/avtp.h to /compiled-binaries/usr/include/
#5 959.2 Installing /gstreamer/subprojects/libavtp/include/avtp_aaf.h to /compiled-binaries/usr/include/
#5 959.2 Installing /gstreamer/subprojects/libavtp/include/avtp_crf.h to /compiled-binaries/usr/include/
#5 959.2 Installing /gstreamer/subprojects/libavtp/include/avtp_cvf.h to /compiled-binaries/usr/include/
#5 959.2 Installing /gstreamer/subprojects/libavtp/include/avtp_rvf.h to /compiled-binaries/usr/include/
#5 959.2 Installing /gstreamer/subprojects/libavtp/include/avtp_ieciidc.h to /compiled-binaries/usr/include/
#5 959.2 Installing /gstreamer/subprojects/dssim/src/dssim.h to /compiled-binaries/usr/include/
#5 959.2 Installing /gstreamer/subprojects/libmicrodns/include/microdns/microdns.h to /compiled-binaries/usr/include/microdns/
#5 959.2 Installing /gstreamer/subprojects/libmicrodns/include/microdns/rr.h to /compiled-binaries/usr/include/microdns/
#5 959.2 Installing /gstreamer/subprojects/openh264-2.3.1/codec/api/wels/codec_api.h to /compiled-binaries/usr/include/wels/
#5 959.2 Installing /gstreamer/subprojects/openh264-2.3.1/codec/api/wels/codec_app_def.h to /compiled-binaries/usr/include/wels/
#5 959.2 Installing /gstreamer/subprojects/openh264-2.3.1/codec/api/wels/codec_def.h to /compiled-binaries/usr/include/wels/
#5 959.2 Installing /gstreamer/subprojects/openh264-2.3.1/codec/api/wels/codec_ver.h to /compiled-binaries/usr/include/wels/
#5 959.2 Installing /gstreamer/subprojects/gst-rtsp-server/gst/rtsp-server/rtsp-auth.h to /compiled-binaries/usr/include/gstreamer-1.0/gst/rtsp-server/
#5 959.2 Installing /gstreamer/subprojects/gst-rtsp-server/gst/rtsp-server/rtsp-address-pool.h to /compiled-binaries/usr/include/gstreamer-1.0/gst/rtsp-server/
#5 959.2 Installing /gstreamer/subprojects/gst-rtsp-server/gst/rtsp-server/rtsp-context.h to /compiled-binaries/usr/include/gstreamer-1.0/gst/rtsp-server/
#5 959.2 Installing /gstreamer/subprojects/gst-rtsp-server/gst/rtsp-server/rtsp-params.h to /compiled-binaries/usr/include/gstreamer-1.0/gst/rtsp-server/
#5 959.2 Installing /gstreamer/subprojects/gst-rtsp-server/gst/rtsp-server/rtsp-sdp.h to /compiled-binaries/usr/include/gstreamer-1.0/gst/rtsp-server/
#5 959.2 Installing /gstreamer/subprojects/gst-rtsp-server/gst/rtsp-server/rtsp-thread-pool.h to /compiled-binaries/usr/include/gstreamer-1.0/gst/rtsp-server/
#5 959.2 Installing /gstreamer/subprojects/gst-rtsp-server/gst/rtsp-server/rtsp-media.h to /compiled-binaries/usr/include/gstreamer-1.0/gst/rtsp-server/
#5 959.2 Installing /gstreamer/subprojects/gst-rtsp-server/gst/rtsp-server/rtsp-media-factory.h to /compiled-binaries/usr/include/gstreamer-1.0/gst/rtsp-server/
#5 959.2 Installing /gstreamer/subprojects/gst-rtsp-server/gst/rtsp-server/rtsp-media-factory-uri.h to /compiled-binaries/usr/include/gstreamer-1.0/gst/rtsp-server/
#5 959.2 Installing /gstreamer/subprojects/gst-rtsp-server/gst/rtsp-server/rtsp-mount-points.h to /compiled-binaries/usr/include/gstreamer-1.0/gst/rtsp-server/
#5 959.2 Installing /gstreamer/subprojects/gst-rtsp-server/gst/rtsp-server/rtsp-permissions.h to /compiled-binaries/usr/include/gstreamer-1.0/gst/rtsp-server/
#5 959.2 Installing /gstreamer/subprojects/gst-rtsp-server/gst/rtsp-server/rtsp-stream.h to /compiled-binaries/usr/include/gstreamer-1.0/gst/rtsp-server/
#5 959.2 Installing /gstreamer/subprojects/gst-rtsp-server/gst/rtsp-server/rtsp-stream-transport.h to /compiled-binaries/usr/include/gstreamer-1.0/gst/rtsp-server/
#5 959.2 Installing /gstreamer/subprojects/gst-rtsp-server/gst/rtsp-server/rtsp-session.h to /compiled-binaries/usr/include/gstreamer-1.0/gst/rtsp-server/
#5 959.2 Installing /gstreamer/subprojects/gst-rtsp-server/gst/rtsp-server/rtsp-session-media.h to /compiled-binaries/usr/include/gstreamer-1.0/gst/rtsp-server/
#5 959.2 Installing /gstreamer/subprojects/gst-rtsp-server/gst/rtsp-server/rtsp-session-pool.h to /compiled-binaries/usr/include/gstreamer-1.0/gst/rtsp-server/
#5 959.3 Installing /gstreamer/subprojects/gst-rtsp-server/gst/rtsp-server/rtsp-token.h to /compiled-binaries/usr/include/gstreamer-1.0/gst/rtsp-server/
#5 959.3 Installing /gstreamer/subprojects/gst-rtsp-server/gst/rtsp-server/rtsp-client.h to /compiled-binaries/usr/include/gstreamer-1.0/gst/rtsp-server/
#5 959.3 Installing /gstreamer/subprojects/gst-rtsp-server/gst/rtsp-server/rtsp-server.h to /compiled-binaries/usr/include/gstreamer-1.0/gst/rtsp-server/
#5 959.3 Installing /gstreamer/subprojects/gst-rtsp-server/gst/rtsp-server/rtsp-server-object.h to /compiled-binaries/usr/include/gstreamer-1.0/gst/rtsp-server/
#5 959.3 Installing /gstreamer/subprojects/gst-rtsp-server/gst/rtsp-server/rtsp-server-prelude.h to /compiled-binaries/usr/include/gstreamer-1.0/gst/rtsp-server/
#5 959.3 Installing /gstreamer/subprojects/gst-rtsp-server/gst/rtsp-server/rtsp-onvif-server.h to /compiled-binaries/usr/include/gstreamer-1.0/gst/rtsp-server/
#5 959.3 Installing /gstreamer/subprojects/gst-rtsp-server/gst/rtsp-server/rtsp-onvif-client.h to /compiled-binaries/usr/include/gstreamer-1.0/gst/rtsp-server/
#5 959.3 Installing /gstreamer/subprojects/gst-rtsp-server/gst/rtsp-server/rtsp-onvif-media-factory.h to /compiled-binaries/usr/include/gstreamer-1.0/gst/rtsp-server/
#5 959.3 Installing /gstreamer/subprojects/gst-rtsp-server/gst/rtsp-server/rtsp-onvif-media.h to /compiled-binaries/usr/include/gstreamer-1.0/gst/rtsp-server/
#5 959.3 Installing /gstreamer/subprojects/gstreamer/tools/gst-inspect-1.0.1 to /compiled-binaries/usr/share/man/man1
#5 959.3 Installing /gstreamer/subprojects/gstreamer/tools/gst-stats-1.0.1 to /compiled-binaries/usr/share/man/man1
#5 959.3 Installing /gstreamer/subprojects/gstreamer/tools/gst-typefind-1.0.1 to /compiled-binaries/usr/share/man/man1
#5 959.3 Installing /gstreamer/subprojects/gstreamer/tools/gst-launch-1.0.1 to /compiled-binaries/usr/share/man/man1
#5 959.3 Installing /gstreamer/subprojects/gst-plugins-base/tools/gst-device-monitor-1.0.1 to /compiled-binaries/usr/share/man/man1
#5 959.3 Installing /gstreamer/subprojects/gst-plugins-base/tools/gst-discoverer-1.0.1 to /compiled-binaries/usr/share/man/man1
#5 959.3 Installing /gstreamer/subprojects/gst-plugins-base/tools/gst-play-1.0.1 to /compiled-binaries/usr/share/man/man1
#5 959.3 Installing /gstreamer/build/meson-private/orc-test-0.4.pc to /compiled-binaries/usr/lib/aarch64-linux-gnu/pkgconfig
#5 959.3 Installing /gstreamer/build/meson-private/orc-0.4.pc to /compiled-binaries/usr/lib/aarch64-linux-gnu/pkgconfig
#5 959.3 Installing /gstreamer/subprojects/orc/orc.m4 to /compiled-binaries/usr/share/aclocal
#5 959.3 Installing /gstreamer/build/subprojects/gstreamer/gst/gstconfig.h to /compiled-binaries/usr/include/gstreamer-1.0/gst
#5 959.3 Installing /gstreamer/build/subprojects/gstreamer/gst/gstversion.h to /compiled-binaries/usr/include/gstreamer-1.0/gst
#5 959.3 Installing /gstreamer/build/meson-private/gstreamer-1.0.pc to /compiled-binaries/usr/lib/aarch64-linux-gnu/pkgconfig
#5 959.3 Installing /gstreamer/build/meson-private/gstreamer-base-1.0.pc to /compiled-binaries/usr/lib/aarch64-linux-gnu/pkgconfig
#5 959.3 Installing /gstreamer/build/meson-private/gstreamer-controller-1.0.pc to /compiled-binaries/usr/lib/aarch64-linux-gnu/pkgconfig
#5 959.3 Installing /gstreamer/build/meson-private/gstreamer-net-1.0.pc to /compiled-binaries/usr/lib/aarch64-linux-gnu/pkgconfig
#5 959.3 Installing /gstreamer/subprojects/gstreamer/libs/gst/helpers/gst_gdb.py to /compiled-binaries/usr/share/gstreamer-1.0/gdb
#5 959.3 Installing /gstreamer/subprojects/gstreamer/libs/gst/helpers/glib_gobject_helper.py to /compiled-binaries/usr/share/gstreamer-1.0/gdb
#5 959.3 Installing /gstreamer/build/subprojects/gstreamer/libs/gst/helpers/libgstreamer-1.0.so.0.2200.0-gdb.py to /compiled-binaries/usr/share/gdb/auto-load/.//usr/lib/aarch64-linux-gnu
#5 959.3 Installing /gstreamer/build/subprojects/gstreamer/libs/gst/check/internal-check.h to /compiled-binaries/usr/include/gstreamer-1.0/gst/check
#5 959.3 Installing /gstreamer/build/meson-private/gstreamer-check-1.0.pc to /compiled-binaries/usr/lib/aarch64-linux-gnu/pkgconfig
#5 959.3 Installing /gstreamer/build/subprojects/gstreamer/data/bash-completion/helpers/gst to /compiled-binaries/usr/share/bash-completion/helpers
#5 959.3 Installing /gstreamer/subprojects/gstreamer/data/bash-completion/completions/gst-launch-1.0 to /compiled-binaries/usr/share/bash-completion/completions
#5 959.3 Installing /gstreamer/subprojects/gstreamer/data/bash-completion/completions/gst-inspect-1.0 to /compiled-binaries/usr/share/bash-completion/completions
#5 959.3 Installing /gstreamer/build/subprojects/gstreamer/docs/gst-plugins-doc-cache-generator to /compiled-binaries/usr/libexec/gstreamer-1.0
#5 959.3 Installing /gstreamer/subprojects/gstreamer/gst-element-check-1.0.m4 to /compiled-binaries/usr/share/aclocal
#5 959.3 Installing /gstreamer/subprojects/gst-plugins-base/gst-libs/gst/tag/license-translations.dict to /compiled-binaries/usr/share/gst-plugins-base/1.0
#5 959.3 Installing /gstreamer/build/meson-private/gstreamer-tag-1.0.pc to /compiled-binaries/usr/lib/aarch64-linux-gnu/pkgconfig
#5 959.3 Installing /gstreamer/build/meson-private/gstreamer-fft-1.0.pc to /compiled-binaries/usr/lib/aarch64-linux-gnu/pkgconfig
#5 959.3 Installing /gstreamer/build/meson-private/gstreamer-video-1.0.pc to /compiled-binaries/usr/lib/aarch64-linux-gnu/pkgconfig
#5 959.3 Installing /gstreamer/build/meson-private/gstreamer-audio-1.0.pc to /compiled-binaries/usr/lib/aarch64-linux-gnu/pkgconfig
#5 959.3 Installing /gstreamer/build/meson-private/gstreamer-rtp-1.0.pc to /compiled-binaries/usr/lib/aarch64-linux-gnu/pkgconfig
#5 959.3 Installing /gstreamer/build/subprojects/gst-plugins-base/gst-libs/gst/pbutils/gstpluginsbaseversion.h to /compiled-binaries/usr/include/gstreamer-1.0/gst/pbutils
#5 959.3 Installing /gstreamer/build/meson-private/gstreamer-pbutils-1.0.pc to /compiled-binaries/usr/lib/aarch64-linux-gnu/pkgconfig
#5 959.3 Installing /gstreamer/build/meson-private/gstreamer-sdp-1.0.pc to /compiled-binaries/usr/lib/aarch64-linux-gnu/pkgconfig
#5 959.3 Installing /gstreamer/build/meson-private/gstreamer-rtsp-1.0.pc to /compiled-binaries/usr/lib/aarch64-linux-gnu/pkgconfig
#5 959.3 Installing /gstreamer/build/meson-private/gstreamer-riff-1.0.pc to /compiled-binaries/usr/lib/aarch64-linux-gnu/pkgconfig
#5 959.3 Installing /gstreamer/build/meson-private/gstreamer-app-1.0.pc to /compiled-binaries/usr/lib/aarch64-linux-gnu/pkgconfig
#5 959.3 Installing /gstreamer/build/meson-private/gstreamer-allocators-1.0.pc to /compiled-binaries/usr/lib/aarch64-linux-gnu/pkgconfig
#5 959.3 Installing /gstreamer/build/subprojects/gst-plugins-base/gst-libs/gst/gl/gstglconfig.h to /compiled-binaries/usr/lib/aarch64-linux-gnu/gstreamer-1.0/include/gst/gl
#5 959.3 Installing /gstreamer/build/meson-private/gstreamer-gl-1.0.pc to /compiled-binaries/usr/lib/aarch64-linux-gnu/pkgconfig
#5 959.3 Installing /gstreamer/build/meson-private/gstreamer-gl-prototypes-1.0.pc to /compiled-binaries/usr/lib/aarch64-linux-gnu/pkgconfig
#5 959.3 Installing /gstreamer/build/meson-private/gstreamer-gl-wayland-1.0.pc to /compiled-binaries/usr/lib/aarch64-linux-gnu/pkgconfig
#5 959.3 Installing /gstreamer/build/meson-private/gstreamer-gl-egl-1.0.pc to /compiled-binaries/usr/lib/aarch64-linux-gnu/pkgconfig
#5 959.3 Installing /gstreamer/build/meson-private/gstreamer-plugins-base-1.0.pc to /compiled-binaries/usr/lib/aarch64-linux-gnu/pkgconfig
#5 959.3 Installing /gstreamer/subprojects/gst-plugins-good/gst/equalizer/GstIirEqualizer3Bands.prs to /compiled-binaries/usr/share/gstreamer-1.0/presets
#5 959.3 Installing /gstreamer/subprojects/gst-plugins-good/gst/equalizer/GstIirEqualizer10Bands.prs to /compiled-binaries/usr/share/gstreamer-1.0/presets
#5 959.3 Installing /gstreamer/subprojects/gst-plugins-good/gst/isomp4/GstQTMux.prs to /compiled-binaries/usr/share/gstreamer-1.0/presets
#5 959.3 Installing /gstreamer/subprojects/gst-plugins-good/ext/vpx/GstVP8Enc.prs to /compiled-binaries/usr/share/gstreamer-1.0/presets
#5 959.3 Installing /gstreamer/build/subprojects/libnice/nice-version.h to /compiled-binaries/usr/include/nice
#5 959.3 Installing /gstreamer/build/meson-private/nice.pc to /compiled-binaries/usr/lib/aarch64-linux-gnu/pkgconfig
#5 959.3 Installing /gstreamer/build/meson-private/gstreamer-plugins-bad-1.0.pc to /compiled-binaries/usr/lib/aarch64-linux-gnu/pkgconfig
#5 959.3 Installing /gstreamer/build/meson-private/gstreamer-bad-audio-1.0.pc to /compiled-binaries/usr/lib/aarch64-linux-gnu/pkgconfig
#5 959.3 Installing /gstreamer/build/meson-private/gstreamer-codecparsers-1.0.pc to /compiled-binaries/usr/lib/aarch64-linux-gnu/pkgconfig
#5 959.3 Installing /gstreamer/build/meson-private/gstreamer-cuda-1.0.pc to /compiled-binaries/usr/lib/aarch64-linux-gnu/pkgconfig
#5 959.3 Installing /gstreamer/build/meson-private/gstreamer-insertbin-1.0.pc to /compiled-binaries/usr/lib/aarch64-linux-gnu/pkgconfig
#5 959.3 Installing /gstreamer/build/meson-private/gstreamer-photography-1.0.pc to /compiled-binaries/usr/lib/aarch64-linux-gnu/pkgconfig
#5 959.3 Installing /gstreamer/build/meson-private/gstreamer-mpegts-1.0.pc to /compiled-binaries/usr/lib/aarch64-linux-gnu/pkgconfig
#5 959.3 Installing /gstreamer/build/meson-private/gstreamer-play-1.0.pc to /compiled-binaries/usr/lib/aarch64-linux-gnu/pkgconfig
#5 959.3 Installing /gstreamer/build/meson-private/gstreamer-player-1.0.pc to /compiled-binaries/usr/lib/aarch64-linux-gnu/pkgconfig
#5 959.3 Installing /gstreamer/build/meson-private/gstreamer-sctp-1.0.pc to /compiled-binaries/usr/lib/aarch64-linux-gnu/pkgconfig
#5 959.3 Installing /gstreamer/build/meson-private/gstreamer-transcoder-1.0.pc to /compiled-binaries/usr/lib/aarch64-linux-gnu/pkgconfig
#5 959.3 Installing /gstreamer/build/meson-private/gstreamer-va-1.0.pc to /compiled-binaries/usr/lib/aarch64-linux-gnu/pkgconfig
#5 959.3 Installing /gstreamer/build/meson-private/gstreamer-wayland-1.0.pc to /compiled-binaries/usr/lib/aarch64-linux-gnu/pkgconfig
#5 959.3 Installing /gstreamer/build/meson-private/gstreamer-webrtc-1.0.pc to /compiled-binaries/usr/lib/aarch64-linux-gnu/pkgconfig
#5 959.3 Installing /gstreamer/build/meson-private/gstreamer-webrtc-nice-1.0.pc to /compiled-binaries/usr/lib/aarch64-linux-gnu/pkgconfig
#5 959.3 Installing /gstreamer/subprojects/gst-plugins-bad/gst/freeverb/GstFreeverb.prs to /compiled-binaries/usr/share/gstreamer-1.0/presets
#5 959.3 Installing /gstreamer/build/meson-private/avtp.pc to /compiled-binaries/usr/lib/aarch64-linux-gnu/pkgconfig
#5 959.3 Installing /gstreamer/build/meson-private/dssim.pc to /compiled-binaries/usr/lib/aarch64-linux-gnu/pkgconfig
#5 959.3 Installing /gstreamer/build/meson-private/microdns.pc to /compiled-binaries/usr/lib/aarch64-linux-gnu/pkgconfig
#5 959.3 Installing /gstreamer/build/meson-private/openh264.pc to /compiled-binaries/usr/lib/aarch64-linux-gnu/pkgconfig
#5 959.3 Installing /gstreamer/subprojects/gst-plugins-bad/ext/voamrwbenc/GstVoAmrwbEnc.prs to /compiled-binaries/usr/share/gstreamer-1.0/presets
#5 959.3 Installing /gstreamer/subprojects/gst-plugins-bad/data/targets/file-extension/ogv.gep to /compiled-binaries/usr/share/gstreamer-1.0/encoding-profiles/file-extension
#5 959.3 Installing /gstreamer/subprojects/gst-plugins-bad/data/targets/file-extension/oga.gep to /compiled-binaries/usr/share/gstreamer-1.0/encoding-profiles/file-extension
#5 959.3 Installing /gstreamer/subprojects/gst-plugins-bad/data/targets/file-extension/mkv.gep to /compiled-binaries/usr/share/gstreamer-1.0/encoding-profiles/file-extension
#5 959.3 Installing /gstreamer/subprojects/gst-plugins-bad/data/targets/file-extension/mp3.gep to /compiled-binaries/usr/share/gstreamer-1.0/encoding-profiles/file-extension
#5 959.3 Installing /gstreamer/subprojects/gst-plugins-bad/data/targets/file-extension/webm.gep to /compiled-binaries/usr/share/gstreamer-1.0/encoding-profiles/file-extension
#5 959.3 Installing /gstreamer/subprojects/gst-plugins-bad/data/targets/file-extension/flv.gep to /compiled-binaries/usr/share/gstreamer-1.0/encoding-profiles/file-extension
#5 959.3 Installing /gstreamer/subprojects/gst-plugins-bad/data/targets/file-extension/mp4.gep to /compiled-binaries/usr/share/gstreamer-1.0/encoding-profiles/file-extension
#5 959.3 Installing /gstreamer/subprojects/gst-plugins-bad/data/targets/file-extension/ts.gep to /compiled-binaries/usr/share/gstreamer-1.0/encoding-profiles/file-extension
#5 959.3 Installing /gstreamer/subprojects/gst-plugins-bad/data/targets/file-extension/avi.gep to /compiled-binaries/usr/share/gstreamer-1.0/encoding-profiles/file-extension
#5 959.3 Installing /gstreamer/subprojects/gst-plugins-bad/data/targets/online-service/youtube.gep to /compiled-binaries/usr/share/gstreamer-1.0/encoding-profiles/online-services
#5 959.3 Installing /gstreamer/subprojects/gst-plugins-bad/data/targets/device/dvd.gep to /compiled-binaries/usr/share/gstreamer-1.0/encoding-profiles/device
#5 959.3 Installing /gstreamer/subprojects/gst-plugins-ugly/ext/amrnb/GstAmrnbEnc.prs to /compiled-binaries/usr/share/gstreamer-1.0/presets
#5 959.3 Installing /gstreamer/subprojects/gst-plugins-ugly/ext/x264/GstX264Enc.prs to /compiled-binaries/usr/share/gstreamer-1.0/presets
#5 959.3 Installing /gstreamer/build/meson-private/gstreamer-rtsp-server-1.0.pc to /compiled-binaries/usr/lib/aarch64-linux-gnu/pkgconfig
#5 959.3 Installing symlink pointing to liborc-0.4.so.0.33.0 to /compiled-binaries/usr/lib/aarch64-linux-gnu/liborc-0.4.so.0
#5 959.3 Installing symlink pointing to liborc-0.4.so.0 to /compiled-binaries/usr/lib/aarch64-linux-gnu/liborc-0.4.so
#5 959.3 Installing symlink pointing to liborc-test-0.4.so.0.33.0 to /compiled-binaries/usr/lib/aarch64-linux-gnu/liborc-test-0.4.so.0
#5 959.3 Installing symlink pointing to liborc-test-0.4.so.0 to /compiled-binaries/usr/lib/aarch64-linux-gnu/liborc-test-0.4.so
#5 959.3 Installing symlink pointing to libgstreamer-1.0.so.0.2200.0 to /compiled-binaries/usr/lib/aarch64-linux-gnu/libgstreamer-1.0.so.0
#5 959.3 Installing symlink pointing to libgstreamer-1.0.so.0 to /compiled-binaries/usr/lib/aarch64-linux-gnu/libgstreamer-1.0.so
#5 959.3 Installing symlink pointing to libgstbase-1.0.so.0.2200.0 to /compiled-binaries/usr/lib/aarch64-linux-gnu/libgstbase-1.0.so.0
#5 959.3 Installing symlink pointing to libgstbase-1.0.so.0 to /compiled-binaries/usr/lib/aarch64-linux-gnu/libgstbase-1.0.so
#5 959.3 Installing symlink pointing to libgstcontroller-1.0.so.0.2200.0 to /compiled-binaries/usr/lib/aarch64-linux-gnu/libgstcontroller-1.0.so.0
#5 959.3 Installing symlink pointing to libgstcontroller-1.0.so.0 to /compiled-binaries/usr/lib/aarch64-linux-gnu/libgstcontroller-1.0.so
#5 959.3 Installing symlink pointing to libgstnet-1.0.so.0.2200.0 to /compiled-binaries/usr/lib/aarch64-linux-gnu/libgstnet-1.0.so.0
#5 959.3 Installing symlink pointing to libgstnet-1.0.so.0 to /compiled-binaries/usr/lib/aarch64-linux-gnu/libgstnet-1.0.so
#5 959.3 Installing symlink pointing to libgstcheck-1.0.so.0.2200.0 to /compiled-binaries/usr/lib/aarch64-linux-gnu/libgstcheck-1.0.so.0
#5 959.3 Installing symlink pointing to libgstcheck-1.0.so.0 to /compiled-binaries/usr/lib/aarch64-linux-gnu/libgstcheck-1.0.so
#5 959.3 Installing symlink pointing to libgsttag-1.0.so.0.2200.0 to /compiled-binaries/usr/lib/aarch64-linux-gnu/libgsttag-1.0.so.0
#5 959.3 Installing symlink pointing to libgsttag-1.0.so.0 to /compiled-binaries/usr/lib/aarch64-linux-gnu/libgsttag-1.0.so
#5 959.3 Installing symlink pointing to libgstfft-1.0.so.0.2200.0 to /compiled-binaries/usr/lib/aarch64-linux-gnu/libgstfft-1.0.so.0
#5 959.3 Installing symlink pointing to libgstfft-1.0.so.0 to /compiled-binaries/usr/lib/aarch64-linux-gnu/libgstfft-1.0.so
#5 959.3 Installing symlink pointing to libgstvideo-1.0.so.0.2200.0 to /compiled-binaries/usr/lib/aarch64-linux-gnu/libgstvideo-1.0.so.0
#5 959.3 Installing symlink pointing to libgstvideo-1.0.so.0 to /compiled-binaries/usr/lib/aarch64-linux-gnu/libgstvideo-1.0.so
#5 959.3 Installing symlink pointing to libgstaudio-1.0.so.0.2200.0 to /compiled-binaries/usr/lib/aarch64-linux-gnu/libgstaudio-1.0.so.0
#5 959.3 Installing symlink pointing to libgstaudio-1.0.so.0 to /compiled-binaries/usr/lib/aarch64-linux-gnu/libgstaudio-1.0.so
#5 959.3 Installing symlink pointing to libgstrtp-1.0.so.0.2200.0 to /compiled-binaries/usr/lib/aarch64-linux-gnu/libgstrtp-1.0.so.0
#5 959.3 Installing symlink pointing to libgstrtp-1.0.so.0 to /compiled-binaries/usr/lib/aarch64-linux-gnu/libgstrtp-1.0.so
#5 959.3 Installing symlink pointing to libgstpbutils-1.0.so.0.2200.0 to /compiled-binaries/usr/lib/aarch64-linux-gnu/libgstpbutils-1.0.so.0
#5 959.3 Installing symlink pointing to libgstpbutils-1.0.so.0 to /compiled-binaries/usr/lib/aarch64-linux-gnu/libgstpbutils-1.0.so
#5 959.3 Installing symlink pointing to libgstsdp-1.0.so.0.2200.0 to /compiled-binaries/usr/lib/aarch64-linux-gnu/libgstsdp-1.0.so.0
#5 959.3 Installing symlink pointing to libgstsdp-1.0.so.0 to /compiled-binaries/usr/lib/aarch64-linux-gnu/libgstsdp-1.0.so
#5 959.3 Installing symlink pointing to libgstrtsp-1.0.so.0.2200.0 to /compiled-binaries/usr/lib/aarch64-linux-gnu/libgstrtsp-1.0.so.0
#5 959.3 Installing symlink pointing to libgstrtsp-1.0.so.0 to /compiled-binaries/usr/lib/aarch64-linux-gnu/libgstrtsp-1.0.so
#5 959.3 Installing symlink pointing to libgstriff-1.0.so.0.2200.0 to /compiled-binaries/usr/lib/aarch64-linux-gnu/libgstriff-1.0.so.0
#5 959.3 Installing symlink pointing to libgstriff-1.0.so.0 to /compiled-binaries/usr/lib/aarch64-linux-gnu/libgstriff-1.0.so
#5 959.3 Installing symlink pointing to libgstapp-1.0.so.0.2200.0 to /compiled-binaries/usr/lib/aarch64-linux-gnu/libgstapp-1.0.so.0
#5 959.3 Installing symlink pointing to libgstapp-1.0.so.0 to /compiled-binaries/usr/lib/aarch64-linux-gnu/libgstapp-1.0.so
#5 959.3 Installing symlink pointing to libgstallocators-1.0.so.0.2200.0 to /compiled-binaries/usr/lib/aarch64-linux-gnu/libgstallocators-1.0.so.0
#5 959.3 Installing symlink pointing to libgstallocators-1.0.so.0 to /compiled-binaries/usr/lib/aarch64-linux-gnu/libgstallocators-1.0.so
#5 959.3 Installing symlink pointing to libgstgl-1.0.so.0.2200.0 to /compiled-binaries/usr/lib/aarch64-linux-gnu/libgstgl-1.0.so.0
#5 959.3 Installing symlink pointing to libgstgl-1.0.so.0 to /compiled-binaries/usr/lib/aarch64-linux-gnu/libgstgl-1.0.so
#5 959.3 Installing symlink pointing to libnice.so.10.13.1 to /compiled-binaries/usr/lib/aarch64-linux-gnu/libnice.so.10
#5 959.3 Installing symlink pointing to libnice.so.10 to /compiled-binaries/usr/lib/aarch64-linux-gnu/libnice.so
#5 959.3 Installing symlink pointing to libgsturidownloader-1.0.so.0.2200.0 to /compiled-binaries/usr/lib/aarch64-linux-gnu/libgsturidownloader-1.0.so.0
#5 959.3 Installing symlink pointing to libgsturidownloader-1.0.so.0 to /compiled-binaries/usr/lib/aarch64-linux-gnu/libgsturidownloader-1.0.so
#5 959.3 Installing symlink pointing to libgstadaptivedemux-1.0.so.0.2200.0 to /compiled-binaries/usr/lib/aarch64-linux-gnu/libgstadaptivedemux-1.0.so.0
#5 959.3 Installing symlink pointing to libgstadaptivedemux-1.0.so.0 to /compiled-binaries/usr/lib/aarch64-linux-gnu/libgstadaptivedemux-1.0.so
#5 959.3 Installing symlink pointing to libgstbadaudio-1.0.so.0.2200.0 to /compiled-binaries/usr/lib/aarch64-linux-gnu/libgstbadaudio-1.0.so.0
#5 959.3 Installing symlink pointing to libgstbadaudio-1.0.so.0 to /compiled-binaries/usr/lib/aarch64-linux-gnu/libgstbadaudio-1.0.so
#5 959.3 Installing symlink pointing to libgstbasecamerabinsrc-1.0.so.0.2200.0 to /compiled-binaries/usr/lib/aarch64-linux-gnu/libgstbasecamerabinsrc-1.0.so.0
#5 959.3 Installing symlink pointing to libgstbasecamerabinsrc-1.0.so.0 to /compiled-binaries/usr/lib/aarch64-linux-gnu/libgstbasecamerabinsrc-1.0.so
#5 959.3 Installing symlink pointing to libgstcodecparsers-1.0.so.0.2200.0 to /compiled-binaries/usr/lib/aarch64-linux-gnu/libgstcodecparsers-1.0.so.0
#5 959.3 Installing symlink pointing to libgstcodecparsers-1.0.so.0 to /compiled-binaries/usr/lib/aarch64-linux-gnu/libgstcodecparsers-1.0.so
#5 959.3 Installing symlink pointing to libgstcodecs-1.0.so.0.2200.0 to /compiled-binaries/usr/lib/aarch64-linux-gnu/libgstcodecs-1.0.so.0
#5 959.3 Installing symlink pointing to libgstcodecs-1.0.so.0 to /compiled-binaries/usr/lib/aarch64-linux-gnu/libgstcodecs-1.0.so
#5 959.3 Installing symlink pointing to libgstcuda-1.0.so.0.2200.0 to /compiled-binaries/usr/lib/aarch64-linux-gnu/libgstcuda-1.0.so.0
#5 959.3 Installing symlink pointing to libgstcuda-1.0.so.0 to /compiled-binaries/usr/lib/aarch64-linux-gnu/libgstcuda-1.0.so
#5 959.3 Installing symlink pointing to libgstinsertbin-1.0.so.0.2200.0 to /compiled-binaries/usr/lib/aarch64-linux-gnu/libgstinsertbin-1.0.so.0
#5 959.3 Installing symlink pointing to libgstinsertbin-1.0.so.0 to /compiled-binaries/usr/lib/aarch64-linux-gnu/libgstinsertbin-1.0.so
#5 959.3 Installing symlink pointing to libgstphotography-1.0.so.0.2200.0 to /compiled-binaries/usr/lib/aarch64-linux-gnu/libgstphotography-1.0.so.0
#5 959.3 Installing symlink pointing to libgstphotography-1.0.so.0 to /compiled-binaries/usr/lib/aarch64-linux-gnu/libgstphotography-1.0.so
#5 959.3 Installing symlink pointing to libgstisoff-1.0.so.0.2200.0 to /compiled-binaries/usr/lib/aarch64-linux-gnu/libgstisoff-1.0.so.0
#5 959.3 Installing symlink pointing to libgstisoff-1.0.so.0 to /compiled-binaries/usr/lib/aarch64-linux-gnu/libgstisoff-1.0.so
#5 959.3 Installing symlink pointing to libgstmpegts-1.0.so.0.2200.0 to /compiled-binaries/usr/lib/aarch64-linux-gnu/libgstmpegts-1.0.so.0
#5 959.3 Installing symlink pointing to libgstmpegts-1.0.so.0 to /compiled-binaries/usr/lib/aarch64-linux-gnu/libgstmpegts-1.0.so
#5 959.3 Installing symlink pointing to libgstplay-1.0.so.0.2200.0 to /compiled-binaries/usr/lib/aarch64-linux-gnu/libgstplay-1.0.so.0
#5 959.3 Installing symlink pointing to libgstplay-1.0.so.0 to /compiled-binaries/usr/lib/aarch64-linux-gnu/libgstplay-1.0.so
#5 959.3 Installing symlink pointing to libgstplayer-1.0.so.0.2200.0 to /compiled-binaries/usr/lib/aarch64-linux-gnu/libgstplayer-1.0.so.0
#5 959.3 Installing symlink pointing to libgstplayer-1.0.so.0 to /compiled-binaries/usr/lib/aarch64-linux-gnu/libgstplayer-1.0.so
#5 959.3 Installing symlink pointing to libgstsctp-1.0.so.0.2200.0 to /compiled-binaries/usr/lib/aarch64-linux-gnu/libgstsctp-1.0.so.0
#5 959.3 Installing symlink pointing to libgstsctp-1.0.so.0 to /compiled-binaries/usr/lib/aarch64-linux-gnu/libgstsctp-1.0.so
#5 959.3 Installing symlink pointing to libgsttranscoder-1.0.so.0 to /compiled-binaries/usr/lib/aarch64-linux-gnu/libgsttranscoder-1.0.so
#5 959.3 Installing symlink pointing to libgstva-1.0.so.0.2200.0 to /compiled-binaries/usr/lib/aarch64-linux-gnu/libgstva-1.0.so.0
#5 959.3 Installing symlink pointing to libgstva-1.0.so.0 to /compiled-binaries/usr/lib/aarch64-linux-gnu/libgstva-1.0.so
#5 959.3 Installing symlink pointing to libgstwayland-1.0.so.0.2200.0 to /compiled-binaries/usr/lib/aarch64-linux-gnu/libgstwayland-1.0.so.0
#5 959.3 Installing symlink pointing to libgstwayland-1.0.so.0 to /compiled-binaries/usr/lib/aarch64-linux-gnu/libgstwayland-1.0.so
#5 959.3 Installing symlink pointing to libgstwebrtc-1.0.so.0.2200.0 to /compiled-binaries/usr/lib/aarch64-linux-gnu/libgstwebrtc-1.0.so.0
#5 959.3 Installing symlink pointing to libgstwebrtc-1.0.so.0 to /compiled-binaries/usr/lib/aarch64-linux-gnu/libgstwebrtc-1.0.so
#5 959.3 Installing symlink pointing to libgstwebrtcnice-1.0.so.0.2200.0 to /compiled-binaries/usr/lib/aarch64-linux-gnu/libgstwebrtcnice-1.0.so.0
#5 959.3 Installing symlink pointing to libgstwebrtcnice-1.0.so.0 to /compiled-binaries/usr/lib/aarch64-linux-gnu/libgstwebrtcnice-1.0.so
#5 959.3 Installing symlink pointing to libavtp.so.0.2.0 to /compiled-binaries/usr/lib/aarch64-linux-gnu/libavtp.so.0
#5 959.3 Installing symlink pointing to libavtp.so.0 to /compiled-binaries/usr/lib/aarch64-linux-gnu/libavtp.so
#5 959.3 Installing symlink pointing to libdssim-lib.so.1.1 to /compiled-binaries/usr/lib/aarch64-linux-gnu/libdssim-lib.so.1
#5 959.3 Installing symlink pointing to libdssim-lib.so.1 to /compiled-binaries/usr/lib/aarch64-linux-gnu/libdssim-lib.so
#5 959.3 Installing symlink pointing to libmicrodns.so.1.0.0 to /compiled-binaries/usr/lib/aarch64-linux-gnu/libmicrodns.so.1
#5 959.3 Installing symlink pointing to libmicrodns.so.1 to /compiled-binaries/usr/lib/aarch64-linux-gnu/libmicrodns.so
#5 959.3 Installing symlink pointing to libopenh264.so.2.3.1 to /compiled-binaries/usr/lib/aarch64-linux-gnu/libopenh264.so.7
#5 959.3 Installing symlink pointing to libopenh264.so.7 to /compiled-binaries/usr/lib/aarch64-linux-gnu/libopenh264.so
#5 959.3 Installing symlink pointing to libgstrtspserver-1.0.so.0.2200.0 to /compiled-binaries/usr/lib/aarch64-linux-gnu/libgstrtspserver-1.0.so.0
#5 959.3 Installing symlink pointing to libgstrtspserver-1.0.so.0 to /compiled-binaries/usr/lib/aarch64-linux-gnu/libgstrtspserver-1.0.so
#5 959.3 Running custom install script '/gstreamer/subprojects/gstreamer/libs/gst/helpers/ptp_helper_post_install.sh libexec/gstreamer-1.0 setuid-root '
#5 959.5 /
#5 961.5 a52dec:  a52dec: ATSC A/52 audio decoder
#5 961.5 aasink:  aasink: ASCII art video sink
#5 961.5 aasink:  aatv: aaTV effect
#5 961.5 accurip:  accurip: AccurateRip(TM) CRC element
#5 961.5 adaptivedemux2:  dashdemux2: DASH Demuxer
#5 961.5 adaptivedemux2:  hlsdemux2: HLS Demuxer
#5 961.5 adaptivedemux2:  mssdemux2: Smooth Streaming demuxer (v2)
#5 961.5 adder:  adder: Adder
#5 961.5 adpcmdec:  adpcmdec: ADPCM decoder
#5 961.5 adpcmenc:  adpcmenc: ADPCM encoder
#5 961.5 aes:  aesdec: aesdec
#5 961.5 aes:  aesenc: aesenc
#5 961.5 aiff:  aiffmux: AIFF audio muxer
#5 961.5 aiff:  aiffparse: AIFF audio demuxer
#5 961.5 alaw:  alawdec: A Law audio decoder
#5 961.5 alaw:  alawenc: A Law audio encoder
#5 961.5 alpha:  alpha: Alpha filter
#5 961.5 alphacolor:  alphacolor: Alpha color filter
#5 961.5 alsa:  alsadeviceprovider (GstDeviceProviderFactory)
#5 961.5 alsa:  alsamidisrc: AlsaMidi Source
#5 961.5 alsa:  alsasink: Audio sink (ALSA)
#5 961.5 alsa:  alsasrc: Audio source (ALSA)
#5 961.5 amrnb:  amrnbdec: AMR-NB audio decoder
#5 961.5 amrnb:  amrnbenc: AMR-NB audio encoder
#5 961.5 amrwbdec:  amrwbdec: AMR-WB audio decoder
#5 961.5 aom:  av1dec: AV1 Decoder
#5 961.5 aom:  av1enc: AV1 Encoder
#5 961.5 apetag:  apedemux: APE tag demuxer
#5 961.5 app:  appsink: AppSink
#5 961.5 app:  appsrc: AppSrc
#5 961.5 asf:  asfdemux: ASF Demuxer
#5 961.5 asf:  rtpasfdepay: RTP ASF packet depayloader
#5 961.5 asf:  rtspwms: WMS RTSP Extension
#5 961.5 asfmux:  asfmux: ASF muxer
#5 961.5 asfmux:  asfparse: ASF parser
#5 961.5 asfmux:  rtpasfpay: RTP ASF payloader
#5 961.5 assrender:  assrender: ASS/SSA Render
#5 961.5 audiobuffersplit:  audiobuffersplit: Audio Buffer Split
#5 961.5 audioconvert:  audioconvert: Audio converter
#5 961.5 audiofx:  audioamplify: Audio amplifier
#5 961.5 audiofx:  audiochebband: Band pass & band reject filter
#5 961.5 audiofx:  audiocheblimit: Low pass & high pass filter
#5 961.5 audiofx:  audiodynamic: Dynamic range controller
#5 961.5 audiofx:  audioecho: Audio echo
#5 961.5 audiofx:  audiofirfilter: Audio FIR filter
#5 961.5 audiofx:  audioiirfilter: Audio IIR filter
#5 961.5 audiofx:  audioinvert: Audio inversion
#5 961.5 audiofx:  audiokaraoke: AudioKaraoke
#5 961.5 audiofx:  audiopanorama: Stereo positioning
#5 961.5 audiofx:  audiowsincband: Band pass & band reject filter
#5 961.5 audiofx:  audiowsinclimit: Low pass & high pass filter
#5 961.5 audiofx:  scaletempo: Scaletempo
#5 961.5 audiofx:  stereo: Stereo effect
#5 961.5 audiofxbad:  audiochannelmix: Simple stereo audio mixer
#5 961.5 audiolatency:  audiolatency: AudioLatency
#5 961.5 audiomixer:  audiointerleave: AudioInterleave
#5 961.5 audiomixer:  audiomixer: AudioMixer
#5 961.5 audiomixer:  liveadder: AudioMixer
#5 961.5 audiomixmatrix:  audiomixmatrix: Matrix audio mix
#5 961.5 audioparsers:  aacparse: AAC audio stream parser
#5 961.5 audioparsers:  ac3parse: AC3 audio stream parser
#5 961.5 audioparsers:  amrparse: AMR audio stream parser
#5 961.5 audioparsers:  dcaparse: DTS Coherent Acoustics audio stream parser
#5 961.5 audioparsers:  flacparse: FLAC audio parser
#5 961.5 audioparsers:  mpegaudioparse: MPEG1 Audio Parser
#5 961.5 audioparsers:  sbcparse: SBC audio parser
#5 961.5 audioparsers:  wavpackparse: Wavpack audio stream parser
#5 961.5 audiorate:  audiorate: Audio rate adjuster
#5 961.5 audioresample:  audioresample: Audio resampler
#5 961.5 audiotestsrc:  audiotestsrc: Audio test source
#5 961.5 audiovisualizers:  spacescope: Stereo visualizer
#5 961.5 audiovisualizers:  spectrascope: Frequency spectrum scope
#5 961.5 audiovisualizers:  synaescope: Synaescope
#5 961.5 audiovisualizers:  wavescope: Waveform oscilloscope
#5 961.5 auparse:  auparse: AU audio demuxer
#5 961.5 autoconvert:  autoconvert: Select converter based on caps
#5 961.5 autoconvert:  autovideoconvert: Select color space converter based on caps
#5 961.5 autodetect:  autoaudiosink: Auto audio sink
#5 961.5 autodetect:  autoaudiosrc: Auto audio source
#5 961.5 autodetect:  autovideosink: Auto video sink
#5 961.5 autodetect:  autovideosrc: Auto video source
#5 961.5 avi:  avidemux: Avi demuxer
#5 961.5 avi:  avimux: Avi muxer
#5 961.5 avi:  avisubtitle: Avi subtitle parser
#5 961.5 avtp:  avtpaafdepay: AVTP Audio Format (AAF) depayloader
#5 961.5 avtp:  avtpaafpay: AVTP Audio Format (AAF) payloader
#5 961.5 avtp:  avtpcrfcheck: Clock Reference Format (CRF) Checker
#5 961.5 avtp:  avtpcrfsync: Clock Reference Format (CRF) Synchronizer
#5 961.5 avtp:  avtpcvfdepay: AVTP Compressed Video Format (CVF) depayloader
#5 961.5 avtp:  avtpcvfpay: AVTP Compressed Video Format (CVF) payloader
#5 961.5 avtp:  avtpsink: Audio/Video Transport Protocol (AVTP) Sink
#5 961.5 avtp:  avtpsrc: Audio/Video Transport Protocol (AVTP) Source
#5 961.5 bayer:  bayer2rgb: Bayer to RGB decoder for cameras
#5 961.5 bayer:  rgb2bayer: RGB to Bayer converter
#5 961.5 bs2b:  bs2b: Crossfeed effect
#5 961.5 bz2:  bz2dec: BZ2 decoder
#5 961.5 bz2:  bz2enc: BZ2 encoder
#5 961.5 cacasink:  cacasink: A colored ASCII art video sink
#5 961.5 cacasink:  cacatv: CacaTV effect
#5 961.5 cairo:  cairooverlay: Cairo overlay
#5 961.5 camerabin:  camerabin: Camera Bin
#5 961.5 camerabin:  viewfinderbin: Viewfinder Bin
#5 961.5 camerabin:  wrappercamerabinsrc: Wrapper camera src element for camerabin2
#5 961.5 cdparanoia:  cdparanoiasrc: CD Audio (cdda) Source, Paranoia IV
#5 961.5 chromaprint:  chromaprint: Chromaprint fingerprinting element
#5 961.5 closedcaption:  cc708overlay: Closed Caption overlay
#5 961.5 closedcaption:  cccombiner: Closed Caption Combiner
#5 961.5 closedcaption:  ccconverter: Closed Caption Converter
#5 961.5 closedcaption:  ccextractor: Closed Caption Extractor
#5 961.5 closedcaption:  line21decoder: Line 21 CC Decoder
#5 961.5 closedcaption:  line21encoder: Line 21 CC Encoder
#5 961.5 codecalpha:  alphacombine: Alpha Combiner
#5 961.5 codecalpha:  codecalphademux: CODEC Alpha Demuxer
#5 961.5 codecalpha:  vp8alphadecodebin: VP8 Alpha Decoder
#5 961.5 codecalpha:  vp9alphadecodebin: VP9 Alpha Decoder
#5 961.5 codectimestamper:  h264timestamper: H.264 timestamper
#5 961.5 codectimestamper:  h265timestamper: H.265 timestamper
#5 961.5 coloreffects:  chromahold: Chroma hold filter
#5 961.5 coloreffects:  coloreffects: Color Look-up Table filter
#5 961.5 colormanagement:  lcms: LCMS2 ICC correction
#5 961.5 compositor:  compositor: Compositor
#5 961.5 coreelements:  capsfilter: CapsFilter
#5 961.5 coreelements:  clocksync: ClockSync
#5 961.5 coreelements:  concat: Concat
#5 961.5 coreelements:  dataurisrc: data: URI source element
#5 961.5 coreelements:  downloadbuffer: DownloadBuffer
#5 961.5 coreelements:  fakesink: Fake Sink
#5 961.5 coreelements:  fakesrc: Fake Source
#5 961.5 coreelements:  fdsink: Filedescriptor Sink
#5 961.5 coreelements:  fdsrc: Filedescriptor Source
#5 961.5 coreelements:  filesink: File Sink
#5 961.5 coreelements:  filesrc: File Source
#5 961.5 coreelements:  funnel: Funnel pipe fitting
#5 961.5 coreelements:  identity: Identity
#5 961.5 coreelements:  input-selector: Input selector
#5 961.5 coreelements:  multiqueue: MultiQueue
#5 961.5 coreelements:  output-selector: Output selector
#5 961.5 coreelements:  queue: Queue
#5 961.5 coreelements:  queue2: Queue 2
#5 961.5 coreelements:  streamiddemux: Streamid Demux
#5 961.5 coreelements:  tee: Tee pipe fitting
#5 961.5 coreelements:  typefind: TypeFind
#5 961.5 coreelements:  valve: Valve element
#5 961.5 coretracers:  factories (GstTracerFactory)
#5 961.5 coretracers:  latency (GstTracerFactory)
#5 961.5 coretracers:  leaks (GstTracerFactory)
#5 961.5 coretracers:  log (GstTracerFactory)
#5 961.5 coretracers:  rusage (GstTracerFactory)
#5 961.5 coretracers:  stats (GstTracerFactory)
#5 961.5 curl:  curlfilesink: Curl file sink
#5 961.5 curl:  curlftpsink: Curl ftp sink
#5 961.5 curl:  curlhttpsink: Curl http sink
#5 961.5 curl:  curlhttpsrc: HTTP Client Source using libcURL
#5 961.5 curl:  curlsmtpsink: Curl smtp sink
#5 961.5 cutter:  cutter: Audio cutter
#5 961.5 dash:  dashdemux: DASH Demuxer
#5 961.5 dash:  dashsink: DASH Sink
#5 961.5 de265:  libde265dec: HEVC/H.265 decoder
#5 961.5 debug:  breakmydata: Break my data
#5 961.5 debug:  capssetter: CapsSetter
#5 961.5 debug:  cpureport: CPU report
#5 961.5 debug:  navseek: Seek based on left-right arrows
#5 961.5 debug:  progressreport: Progress report
#5 961.5 debug:  pushfilesrc: Push File Source
#5 961.5 debug:  rndbuffersize: Random buffer size
#5 961.5 debug:  taginject: TagInject
#5 961.5 debug:  testsink: Test plugin
#5 961.5 debugutilsbad:  checksumsink: Checksum sink
#5 961.5 debugutilsbad:  chopmydata: Chop my data
#5 961.5 debugutilsbad:  clockselect: Clock select
#5 961.5 debugutilsbad:  compare: Compare buffers
#5 961.5 debugutilsbad:  debugspy: DebugSpy
#5 961.5 debugutilsbad:  errorignore: Convert some GstFlowReturn types into others
#5 961.5 debugutilsbad:  fakeaudiosink: Fake Audio Sink
#5 961.5 debugutilsbad:  fakevideosink: Fake Video Sink
#5 961.5 debugutilsbad:  fpsdisplaysink: Measure and show framerate on videosink
#5 961.5 debugutilsbad:  testsrcbin: Generic bin
#5 961.5 debugutilsbad:  videocodectestsink: Video CODEC Test Sink
#5 961.5 debugutilsbad:  watchdog: Watchdog
#5 961.5 decklink:  decklinkaudiosink: Decklink Audio Sink
#5 961.5 decklink:  decklinkaudiosrc: Decklink Audio Source
#5 961.5 decklink:  decklinkdeviceprovider (GstDeviceProviderFactory)
#5 961.5 decklink:  decklinkvideosink: Decklink Video Sink
#5 961.5 decklink:  decklinkvideosrc: Decklink Video Source
#5 961.5 deinterlace:  deinterlace: Deinterlacer
#5 961.5 dtls:  dtlsdec: DTLS Decoder
#5 961.5 dtls:  dtlsenc: DTLS Encoder
#5 961.5 dtls:  dtlssrtpdec: DTLS-SRTP Decoder
#5 961.5 dtls:  dtlssrtpdemux: DTLS SRTP Demultiplexer
#5 961.5 dtls:  dtlssrtpenc: DTLS-SRTP Encoder
#5 961.5 dtmf:  dtmfsrc: DTMF tone generator
#5 961.5 dtmf:  rtpdtmfdepay: RTP DTMF packet depayloader
#5 961.5 dtmf:  rtpdtmfsrc: RTP DTMF packet generator
#5 961.5 dtsdec:  dtsdec: DTS audio decoder
#5 961.5 dv:  dvdec: DV video decoder
#5 961.5 dv:  dvdemux: DV system stream demuxer
#5 961.5 dvb:  dvbbasebin: DVB bin
#5 961.5 dvb:  dvbsrc: DVB Source
#5 961.5 dvbsubenc:  dvbsubenc: DVB subtitle encoder
#5 961.5 dvbsuboverlay:  dvbsuboverlay: DVB Subtitles Overlay
#5 961.5 dvdlpcmdec:  dvdlpcmdec: DVD LPCM Audio decoder
#5 961.5 dvdread:  dvdreadsrc: DVD Source
#5 961.5 dvdspu:  dvdspu: Sub-picture Overlay
#5 961.5 dvdsub:  dvdsubdec: DVD subtitle decoder
#5 961.5 dvdsub:  dvdsubparse: DVD subtitle parser
#5 961.5 effectv:  agingtv: AgingTV effect
#5 961.5 effectv:  dicetv: DiceTV effect
#5 961.5 effectv:  edgetv: EdgeTV effect
#5 961.5 effectv:  optv: OpTV effect
#5 961.5 effectv:  quarktv: QuarkTV effect
#5 961.5 effectv:  radioactv: RadioacTV effect
#5 961.5 effectv:  revtv: RevTV effect
#5 961.5 effectv:  rippletv: RippleTV effect
#5 961.5 effectv:  shagadelictv: ShagadelicTV
#5 961.5 effectv:  streaktv: StreakTV effect
#5 961.5 effectv:  vertigotv: VertigoTV effect
#5 961.5 effectv:  warptv: WarpTV effect
#5 961.5 encoding:  encodebin: Encoder Bin
#5 961.5 encoding:  encodebin2: Encoder Bin
#5 961.5 equalizer:  equalizer-10bands: 10 Band Equalizer
#5 961.5 equalizer:  equalizer-3bands: 3 Band Equalizer
#5 961.5 equalizer:  equalizer-nbands: N Band Equalizer
#5 961.5 faac:  faac: AAC audio encoder
#5 961.5 faad:  faad: AAC audio decoder
#5 961.5 faceoverlay:  faceoverlay: faceoverlay
#5 961.5 fbdevsink:  fbdevsink: fbdev video sink
#5 961.5 fdkaac:  fdkaacdec: FDK AAC audio decoder
#5 961.5 fdkaac:  fdkaacenc: FDK AAC audio encoder
#5 961.5 festival:  festival: Festival Text-to-Speech synthesizer
#5 961.5 fieldanalysis:  fieldanalysis: Video field analysis
#5 961.5 flac:  flacdec: FLAC audio decoder
#5 961.5 flac:  flacenc: FLAC audio encoder
#5 961.5 flac:  flactag: FLAC tagger
#5 961.5 flite:  flitetestsrc: Flite speech test source
#5 961.5 fluidsynthmidi:  fluiddec: Fluidsynth
#5 961.5 flv:  flvdemux: FLV Demuxer
#5 961.5 flv:  flvmux: FLV muxer
#5 961.5 flxdec:  flxdec: FLX video decoder
#5 961.5 freeverb:  freeverb: Reverberation/room effect
#5 961.5 gaudieffects:  burn: Burn
#5 961.5 gaudieffects:  chromium: Chromium
#5 961.5 gaudieffects:  dilate: Dilate
#5 961.5 gaudieffects:  dodge: Dodge
#5 961.5 gaudieffects:  exclusion: Exclusion
#5 961.5 gaudieffects:  gaussianblur: GstGaussianBlur
#5 961.5 gaudieffects:  solarize: Solarize
#5 961.5 gdkpixbuf:  gdkpixbufdec: GdkPixbuf image decoder
#5 961.5 gdkpixbuf:  gdkpixbufoverlay: GdkPixbuf Overlay
#5 961.5 gdkpixbuf:  gdkpixbufsink: GdkPixbuf sink
#5 961.5 gdp:  gdpdepay: GDP Depayloader
#5 961.5 gdp:  gdppay: GDP Payloader
#5 961.5 geometrictransform:  bulge: bulge
#5 961.5 geometrictransform:  circle: circle
#5 961.5 geometrictransform:  diffuse: diffuse
#5 961.5 geometrictransform:  fisheye: fisheye
#5 961.5 geometrictransform:  kaleidoscope: kaleidoscope
#5 961.5 geometrictransform:  marble: marble
#5 961.5 geometrictransform:  mirror: mirror
#5 961.5 geometrictransform:  perspective: perspective
#5 961.5 geometrictransform:  pinch: pinch
#5 961.5 geometrictransform:  rotate: rotate
#5 961.5 geometrictransform:  sphere: sphere
#5 961.5 geometrictransform:  square: square
#5 961.5 geometrictransform:  stretch: stretch
#5 961.5 geometrictransform:  tunnel: tunnel
#5 961.5 geometrictransform:  twirl: twirl
#5 961.5 geometrictransform:  waterripple: waterripple
#5 961.5 gio:  giosink: GIO sink
#5 961.5 gio:  giosrc: GIO source
#5 961.5 gio:  giostreamsink: GIO stream sink
#5 961.5 gio:  giostreamsrc: GIO stream source
#5 961.5 gme:  gmedec: Gaming console music file decoder
#5 961.5 goom:  goom: GOOM: what a GOOM!
#5 961.5 goom2k1:  goom2k1: GOOM: what a GOOM! 2k1 edition
#5 961.5 gsm:  gsmdec: GSM audio decoder
#5 961.5 gsm:  gsmenc: GSM audio encoder
#5 961.5 hls:  hlsdemux: HLS Demuxer
#5 961.5 hls:  hlssink: HTTP Live Streaming sink
#5 961.5 hls:  hlssink2: HTTP Live Streaming sink
#5 961.5 icydemux:  icydemux: ICY tag demuxer
#5 961.5 id3demux:  id3demux: ID3 tag demuxer
#5 961.5 id3tag:  id3mux: ID3 v1 and v2 Muxer
#5 961.5 imagefreeze:  imagefreeze: Still frame stream generator
#5 961.5 inter:  interaudiosink: Internal audio sink
#5 961.5 inter:  interaudiosrc: Internal audio source
#5 961.5 inter:  intersubsink: Internal subtitle sink
#5 961.5 inter:  intersubsrc: Internal subtitle source
#5 961.5 inter:  intervideosink: Internal video sink
#5 961.5 inter:  intervideosrc: Internal video source
#5 961.5 interlace:  interlace: Interlace filter
#5 961.5 interleave:  deinterleave: Audio deinterleaver
#5 961.5 interleave:  interleave: Audio interleaver
#5 961.5 ipcpipeline:  ipcpipelinesink: Inter-process Pipeline Sink
#5 961.5 ipcpipeline:  ipcpipelinesrc: Inter-process Pipeline Source
#5 961.5 ipcpipeline:  ipcslavepipeline: Inter-process slave pipeline
#5 961.5 iqa:  iqa: Iqa
#5 961.5 isomp4:  3gppmux: 3GPP Muxer
#5 961.5 isomp4:  ismlmux: ISML Muxer
#5 961.5 isomp4:  mj2mux: MJ2 Muxer
#5 961.5 isomp4:  mp4mux: MP4 Muxer
#5 961.5 isomp4:  qtdemux: QuickTime demuxer
#5 961.5 isomp4:  qtmoovrecover: QT Moov Recover
#5 961.5 isomp4:  qtmux: QuickTime Muxer
#5 961.5 isomp4:  rtpxqtdepay: RTP packet depayloader
#5 961.5 ivfparse:  ivfparse: IVF parser
#5 961.5 ivorbisdec:  ivorbisdec: Vorbis audio decoder
#5 961.5 ivtc:  combdetect: Comb Detect
#5 961.5 ivtc:  ivtc: Inverse Telecine
#5 961.5 jp2kdecimator:  jp2kdecimator: JPEG2000 decimator
#5 961.5 jpeg:  jpegdec: JPEG image decoder
#5 961.5 jpeg:  jpegenc: JPEG image encoder
#5 961.5 jpegformat:  jifmux: JPEG stream muxer
#5 961.5 jpegformat:  jpegparse: JPEG stream parser
#5 961.5 kate:  katedec: Kate stream text decoder
#5 961.5 kate:  kateenc: Kate stream encoder
#5 961.5 kate:  kateparse: Kate stream parser
#5 961.5 kate:  katetag: Kate stream tagger
#5 961.5 kms:  kmssink: KMS video sink
#5 961.6 lame:  lamemp3enc: L.A.M.E. mp3 encoder
#5 961.6 legacyrawparse:  audioparse: Audio Parse
#5 961.6 legacyrawparse:  videoparse: Video Parse
#5 961.6 level:  level: Level
#5 961.6 libav:  avdec_4xm: libav 4X Movie decoder
#5 961.6 libav:  avdec_8bps: libav QuickTime 8BPS video decoder
#5 961.6 libav:  avdec_8svx_exp: libav 8SVX exponential decoder
#5 961.6 libav:  avdec_8svx_fib: libav 8SVX fibonacci decoder
#5 961.6 libav:  avdec_aac: libav AAC (Advanced Audio Coding) decoder
#5 961.6 libav:  avdec_aac_fixed: libav AAC (Advanced Audio Coding) decoder
#5 961.6 libav:  avdec_aac_latm: libav AAC LATM (Advanced Audio Coding LATM syntax) decoder
#5 961.6 libav:  avdec_aasc: libav Autodesk RLE decoder
#5 961.6 libav:  avdec_ac3: libav ATSC A/52A (AC-3) decoder
#5 961.6 libav:  avdec_ac3_fixed: libav ATSC A/52A (AC-3) decoder
#5 961.6 libav:  avdec_acelp_kelvin: libav Sipro ACELP.KELVIN decoder
#5 961.6 libav:  avdec_adpcm_4xm: libav ADPCM 4X Movie decoder
#5 961.6 libav:  avdec_adpcm_adx: libav SEGA CRI ADX ADPCM decoder
#5 961.6 libav:  avdec_adpcm_afc: libav ADPCM Nintendo Gamecube AFC decoder
#5 961.6 libav:  avdec_adpcm_agm: libav ADPCM AmuseGraphics Movie decoder
#5 961.6 libav:  avdec_adpcm_aica: libav ADPCM Yamaha AICA decoder
#5 961.6 libav:  avdec_adpcm_argo: libav ADPCM Argonaut Games decoder
#5 961.6 libav:  avdec_adpcm_ct: libav ADPCM Creative Technology decoder
#5 961.6 libav:  avdec_adpcm_dtk: libav ADPCM Nintendo Gamecube DTK decoder
#5 961.6 libav:  avdec_adpcm_ea: libav ADPCM Electronic Arts decoder
#5 961.6 libav:  avdec_adpcm_ea_maxis_xa: libav ADPCM Electronic Arts Maxis CDROM XA decoder
#5 961.6 libav:  avdec_adpcm_ea_r1: libav ADPCM Electronic Arts R1 decoder
#5 961.6 libav:  avdec_adpcm_ea_r2: libav ADPCM Electronic Arts R2 decoder
#5 961.6 libav:  avdec_adpcm_ea_r3: libav ADPCM Electronic Arts R3 decoder
#5 961.6 libav:  avdec_adpcm_ea_xas: libav ADPCM Electronic Arts XAS decoder
#5 961.6 libav:  avdec_adpcm_ima_alp: libav ADPCM IMA High Voltage Software ALP decoder
#5 961.6 libav:  avdec_adpcm_ima_amv: libav ADPCM IMA AMV decoder
#5 961.6 libav:  avdec_adpcm_ima_apc: libav ADPCM IMA CRYO APC decoder
#5 961.6 libav:  avdec_adpcm_ima_apm: libav ADPCM IMA Ubisoft APM decoder
#5 961.6 libav:  avdec_adpcm_ima_cunning: libav ADPCM IMA Cunning Developments decoder
#5 961.6 libav:  avdec_adpcm_ima_dat4: libav ADPCM IMA Eurocom DAT4 decoder
#5 961.6 libav:  avdec_adpcm_ima_dk3: libav ADPCM IMA Duck DK3 decoder
#5 961.6 libav:  avdec_adpcm_ima_dk4: libav ADPCM IMA Duck DK4 decoder
#5 961.6 libav:  avdec_adpcm_ima_ea_eacs: libav ADPCM IMA Electronic Arts EACS decoder
#5 961.6 libav:  avdec_adpcm_ima_ea_sead: libav ADPCM IMA Electronic Arts SEAD decoder
#5 961.6 libav:  avdec_adpcm_ima_iss: libav ADPCM IMA Funcom ISS decoder
#5 961.6 libav:  avdec_adpcm_ima_moflex: libav ADPCM IMA MobiClip MOFLEX decoder
#5 961.6 libav:  avdec_adpcm_ima_mtf: libav ADPCM IMA Capcom's MT Framework decoder
#5 961.6 libav:  avdec_adpcm_ima_oki: libav ADPCM IMA Dialogic OKI decoder
#5 961.6 libav:  avdec_adpcm_ima_qt: libav ADPCM IMA QuickTime decoder
#5 961.6 libav:  avdec_adpcm_ima_rad: libav ADPCM IMA Radical decoder
#5 961.6 libav:  avdec_adpcm_ima_smjpeg: libav ADPCM IMA Loki SDL MJPEG decoder
#5 961.6 libav:  avdec_adpcm_ima_ssi: libav ADPCM IMA Simon & Schuster Interactive decoder
#5 961.6 libav:  avdec_adpcm_ima_wav: libav ADPCM IMA WAV decoder
#5 961.6 libav:  avdec_adpcm_ima_ws: libav ADPCM IMA Westwood decoder
#5 961.6 libav:  avdec_adpcm_ms: libav ADPCM Microsoft decoder
#5 961.6 libav:  avdec_adpcm_mtaf: libav ADPCM MTAF decoder
#5 961.6 libav:  avdec_adpcm_psx: libav ADPCM Playstation decoder
#5 961.6 libav:  avdec_adpcm_sbpro_2: libav ADPCM Sound Blaster Pro 2-bit decoder
#5 961.6 libav:  avdec_adpcm_sbpro_3: libav ADPCM Sound Blaster Pro 2.6-bit decoder
#5 961.6 libav:  avdec_adpcm_sbpro_4: libav ADPCM Sound Blaster Pro 4-bit decoder
#5 961.6 libav:  avdec_adpcm_swf: libav ADPCM Shockwave Flash decoder
#5 961.6 libav:  avdec_adpcm_thp: libav ADPCM Nintendo THP decoder
#5 961.6 libav:  avdec_adpcm_thp_le: libav ADPCM Nintendo THP (little-endian) decoder
#5 961.6 libav:  avdec_adpcm_vima: libav LucasArts VIMA audio decoder
#5 961.6 libav:  avdec_adpcm_xa: libav ADPCM CDROM XA decoder
#5 961.6 libav:  avdec_adpcm_yamaha: libav ADPCM Yamaha decoder
#5 961.6 libav:  avdec_adpcm_zork: libav ADPCM Zork decoder
#5 961.6 libav:  avdec_agm: libav Amuse Graphics Movie decoder
#5 961.6 libav:  avdec_aic: libav Apple Intermediate Codec decoder
#5 961.6 libav:  avdec_alac: libav ALAC (Apple Lossless Audio Codec) decoder
#5 961.6 libav:  avdec_alias_pix: libav Alias/Wavefront PIX image decoder
#5 961.6 libav:  avdec_als: libav MPEG-4 Audio Lossless Coding (ALS) decoder
#5 961.6 libav:  avdec_amrnb: libav AMR-NB (Adaptive Multi-Rate NarrowBand) decoder
#5 961.6 libav:  avdec_amrwb: libav AMR-WB (Adaptive Multi-Rate WideBand) decoder
#5 961.6 libav:  avdec_amv: libav AMV Video decoder
#5 961.6 libav:  avdec_anm: libav Deluxe Paint Animation decoder
#5 961.6 libav:  avdec_ansi: libav ASCII/ANSI art decoder
#5 961.6 libav:  avdec_ape: libav Monkey's Audio decoder
#5 961.6 libav:  avdec_apng: libav APNG (Animated Portable Network Graphics) image decoder
#5 961.6 libav:  avdec_aptx: libav aptX (Audio Processing Technology for Bluetooth) decoder
#5 961.6 libav:  avdec_aptx_hd: libav aptX HD (Audio Processing Technology for Bluetooth) decoder
#5 961.6 libav:  avdec_arbc: libav Gryphon's Anim Compressor decoder
#5 961.6 libav:  avdec_argo: libav Argonaut Games Video decoder
#5 961.6 libav:  avdec_asv1: libav ASUS V1 decoder
#5 961.6 libav:  avdec_asv2: libav ASUS V2 decoder
#5 961.6 libav:  avdec_atrac1: libav ATRAC1 (Adaptive TRansform Acoustic Coding) decoder
#5 961.6 libav:  avdec_atrac3: libav ATRAC3 (Adaptive TRansform Acoustic Coding 3) decoder
#5 961.6 libav:  avdec_atrac3al: libav ATRAC3 AL (Adaptive TRansform Acoustic Coding 3 Advanced Lossless) decoder
#5 961.6 libav:  avdec_atrac3plus: libav ATRAC3+ (Adaptive TRansform Acoustic Coding 3+) decoder
#5 961.6 libav:  avdec_atrac3plusal: libav ATRAC3+ AL (Adaptive TRansform Acoustic Coding 3+ Advanced Lossless) decoder
#5 961.6 libav:  avdec_atrac9: libav ATRAC9 (Adaptive TRansform Acoustic Coding 9) decoder
#5 961.6 libav:  avdec_aura: libav Auravision AURA decoder
#5 961.6 libav:  avdec_aura2: libav Auravision Aura 2 decoder
#5 961.6 libav:  avdec_avrn: libav Avid AVI Codec decoder
#5 961.6 libav:  avdec_avrp: libav Avid 1:1 10-bit RGB Packer decoder
#5 961.6 libav:  avdec_avs: libav AVS (Audio Video Standard) video decoder
#5 961.6 libav:  avdec_avui: libav Avid Meridien Uncompressed decoder
#5 961.6 libav:  avdec_bethsoftvid: libav Bethesda VID video decoder
#5 961.6 libav:  avdec_bfi: libav Brute Force & Ignorance decoder
#5 961.6 libav:  avdec_binkaudio_dct: libav Bink Audio (DCT) decoder
#5 961.6 libav:  avdec_binkaudio_rdft: libav Bink Audio (RDFT) decoder
#5 961.6 libav:  avdec_binkvideo: libav Bink video decoder
#5 961.6 libav:  avdec_bintext: libav Binary text decoder
#5 961.6 libav:  avdec_bitpacked: libav Bitpacked decoder
#5 961.6 libav:  avdec_bmp: libav BMP (Windows and OS/2 bitmap) decoder
#5 961.6 libav:  avdec_bmv_audio: libav Discworld II BMV audio decoder
#5 961.6 libav:  avdec_bmv_video: libav Discworld II BMV video decoder
#5 961.6 libav:  avdec_brender_pix: libav BRender PIX image decoder
#5 961.6 libav:  avdec_c93: libav Interplay C93 decoder
#5 961.6 libav:  avdec_camstudio: libav CamStudio decoder
#5 961.6 libav:  avdec_camtasia: libav TechSmith Screen Capture Codec decoder
#5 961.6 libav:  avdec_cavs: libav Chinese AVS (Audio Video Standard) (AVS1-P2, JiZhun profile) decoder
#5 961.6 libav:  avdec_cdtoons: libav CDToons video decoder
#5 961.6 libav:  avdec_cdxl: libav Commodore CDXL video decoder
#5 961.6 libav:  avdec_cfhd: libav GoPro CineForm HD decoder
#5 961.6 libav:  avdec_cinepak: libav Cinepak decoder
#5 961.6 libav:  avdec_clearvideo: libav Iterated Systems ClearVideo decoder
#5 961.6 libav:  avdec_cljr: libav Cirrus Logic AccuPak decoder
#5 961.6 libav:  avdec_cllc: libav Canopus Lossless Codec decoder
#5 961.6 libav:  avdec_comfortnoise: libav RFC 3389 comfort noise generator decoder
#5 961.6 libav:  avdec_cook: libav Cook / Cooker / Gecko (RealAudio G2) decoder
#5 961.6 libav:  avdec_cpia: libav CPiA video format decoder
#5 961.6 libav:  avdec_cri: libav Cintel RAW decoder
#5 961.6 libav:  avdec_cyuv: libav Creative YUV (CYUV) decoder
#5 961.6 libav:  avdec_dca: libav DCA (DTS Coherent Acoustics) decoder
#5 961.6 libav:  avdec_dds: libav DirectDraw Surface image decoder decoder
#5 961.6 libav:  avdec_derf_dpcm: libav DPCM Xilam DERF decoder
#5 961.6 libav:  avdec_dfa: libav Chronomaster DFA decoder
#5 961.6 libav:  avdec_dirac: libav BBC Dirac VC-2 decoder
#5 961.6 libav:  avdec_dnxhd: libav VC3/DNxHD decoder
#5 961.6 libav:  avdec_dolby_e: libav Dolby E decoder
#5 961.6 libav:  avdec_dpx: libav DPX (Digital Picture Exchange) image decoder
#5 961.6 libav:  avdec_dsd_lsbf: libav DSD (Direct Stream Digital), least significant bit first decoder
#5 961.6 libav:  avdec_dsd_lsbf_planar: libav DSD (Direct Stream Digital), least significant bit first, planar decoder
#5 961.6 libav:  avdec_dsd_msbf: libav DSD (Direct Stream Digital), most significant bit first decoder
#5 961.6 libav:  avdec_dsd_msbf_planar: libav DSD (Direct Stream Digital), most significant bit first, planar decoder
#5 961.6 libav:  avdec_dsicinaudio: libav Delphine Software International CIN audio decoder
#5 961.6 libav:  avdec_dsicinvideo: libav Delphine Software International CIN video decoder
#5 961.6 libav:  avdec_dss_sp: libav Digital Speech Standard - Standard Play mode (DSS SP) decoder
#5 961.6 libav:  avdec_dst: libav DST (Digital Stream Transfer) decoder
#5 961.6 libav:  avdec_dvaudio: libav Ulead DV Audio decoder
#5 961.6 libav:  avdec_dvvideo: libav DV (Digital Video) decoder
#5 961.6 libav:  avdec_dxa: libav Feeble Files/ScummVM DXA decoder
#5 961.6 libav:  avdec_dxtory: libav Dxtory decoder
#5 961.6 libav:  avdec_dxv: libav Resolume DXV decoder
#5 961.6 libav:  avdec_eac3: libav ATSC A/52B (AC-3, E-AC-3) decoder
#5 961.6 libav:  avdec_eacmv: libav Electronic Arts CMV video decoder
#5 961.6 libav:  avdec_eamad: libav Electronic Arts Madcow Video decoder
#5 961.6 libav:  avdec_eatgq: libav Electronic Arts TGQ video decoder
#5 961.6 libav:  avdec_eatgv: libav Electronic Arts TGV video decoder
#5 961.6 libav:  avdec_eatqi: libav Electronic Arts TQI Video decoder
#5 961.6 libav:  avdec_escape124: libav Escape 124 decoder
#5 961.6 libav:  avdec_escape130: libav Escape 130 decoder
#5 961.6 libav:  avdec_evrc: libav EVRC (Enhanced Variable Rate Codec) decoder
#5 961.6 libav:  avdec_exr: libav OpenEXR image decoder
#5 961.6 libav:  avdec_fastaudio: libav MobiClip FastAudio decoder
#5 961.6 libav:  avdec_ffv1: libav FFmpeg video codec #1 decoder
#5 961.6 libav:  avdec_ffvhuff: libav Huffyuv FFmpeg variant decoder
#5 961.6 libav:  avdec_fic: libav Mirillis FIC decoder
#5 961.6 libav:  avdec_fits: libav Flexible Image Transport System decoder
#5 961.6 libav:  avdec_flac: libav FLAC (Free Lossless Audio Codec) decoder
#5 961.6 libav:  avdec_flashsv: libav Flash Screen Video v1 decoder
#5 961.6 libav:  avdec_flashsv2: libav Flash Screen Video v2 decoder
#5 961.6 libav:  avdec_flic: libav Autodesk Animator Flic video decoder
#5 961.6 libav:  avdec_flv: libav FLV / Sorenson Spark / Sorenson H.263 (Flash Video) decoder
#5 961.6 libav:  avdec_fmvc: libav FM Screen Capture Codec decoder
#5 961.6 libav:  avdec_fraps: libav Fraps decoder
#5 961.6 libav:  avdec_frwu: libav Forward Uncompressed decoder
#5 961.6 libav:  avdec_g2m: libav Go2Meeting decoder
#5 961.6 libav:  avdec_g722: libav G.722 ADPCM decoder
#5 961.6 libav:  avdec_g723_1: libav G.723.1 decoder
#5 961.6 libav:  avdec_g726: libav G.726 ADPCM decoder
#5 961.6 libav:  avdec_g726le: libav G.726 ADPCM little-endian decoder
#5 961.6 libav:  avdec_g729: libav G.729 decoder
#5 961.6 libav:  avdec_gdv: libav Gremlin Digital Video decoder
#5 961.6 libav:  avdec_gif: libav GIF (Graphics Interchange Format) decoder
#5 961.6 libav:  avdec_gremlin_dpcm: libav DPCM Gremlin decoder
#5 961.6 libav:  avdec_gsm: libav GSM decoder
#5 961.6 libav:  avdec_gsm_ms: libav GSM Microsoft variant decoder
#5 961.6 libav:  avdec_h261: libav H.261 decoder
#5 961.6 libav:  avdec_h263: libav H.263 / H.263-1996, H.263+ / H.263-1998 / H.263 version 2 decoder
#5 961.6 libav:  avdec_h263i: libav Intel H.263 decoder
#5 961.6 libav:  avdec_h263p: libav H.263 / H.263-1996, H.263+ / H.263-1998 / H.263 version 2 decoder
#5 961.6 libav:  avdec_h264: libav H.264 / AVC / MPEG-4 AVC / MPEG-4 part 10 decoder
#5 961.6 libav:  avdec_h265: libav HEVC (High Efficiency Video Coding) decoder
#5 961.6 libav:  avdec_hap: libav Vidvox Hap decoder
#5 961.6 libav:  avdec_hca: libav CRI HCA decoder
#5 961.6 libav:  avdec_hcom: libav HCOM Audio decoder
#5 961.6 libav:  avdec_hnm4video: libav HNM 4 video decoder
#5 961.6 libav:  avdec_hq_hqa: libav Canopus HQ/HQA decoder
#5 961.6 libav:  avdec_hqx: libav Canopus HQX decoder
#5 961.6 libav:  avdec_huffyuv: libav Huffyuv / HuffYUV decoder
#5 961.6 libav:  avdec_hymt: libav HuffYUV MT decoder
#5 961.6 libav:  avdec_iac: libav IAC (Indeo Audio Coder) decoder
#5 961.6 libav:  avdec_idcinvideo: libav id Quake II CIN video decoder
#5 961.6 libav:  avdec_idf: libav iCEDraw text decoder
#5 961.6 libav:  avdec_iff: libav IFF ACBM/ANIM/DEEP/ILBM/PBM/RGB8/RGBN decoder
#5 961.6 libav:  avdec_ilbc: libav iLBC (Internet Low Bitrate Codec) decoder
#5 961.6 libav:  avdec_imc: libav IMC (Intel Music Coder) decoder
#5 961.6 libav:  avdec_imm4: libav Infinity IMM4 decoder
#5 961.6 libav:  avdec_imm5: libav Infinity IMM5 decoder
#5 961.6 libav:  avdec_indeo2: libav Intel Indeo 2 decoder
#5 961.6 libav:  avdec_indeo3: libav Intel Indeo 3 decoder
#5 961.6 libav:  avdec_indeo4: libav Intel Indeo Video Interactive 4 decoder
#5 961.6 libav:  avdec_indeo5: libav Intel Indeo Video Interactive 5 decoder
#5 961.6 libav:  avdec_interplay_dpcm: libav DPCM Interplay decoder
#5 961.6 libav:  avdec_interplayacm: libav Interplay ACM decoder
#5 961.6 libav:  avdec_interplayvideo: libav Interplay MVE video decoder
#5 961.6 libav:  avdec_ipu: libav IPU Video decoder
#5 961.6 libav:  avdec_jpeg2000: libav JPEG 2000 decoder
#5 961.6 libav:  avdec_jpegls: libav JPEG-LS decoder
#5 961.6 libav:  avdec_jv: libav Bitmap Brothers JV video decoder
#5 961.6 libav:  avdec_kgv1: libav Kega Game Video decoder
#5 961.6 libav:  avdec_kmvc: libav Karl Morton's video codec decoder
#5 961.6 libav:  avdec_lagarith: libav Lagarith lossless decoder
#5 961.6 libav:  avdec_loco: libav LOCO decoder
#5 961.6 libav:  avdec_lscr: libav LEAD Screen Capture decoder
#5 961.6 libav:  avdec_m101: libav Matrox Uncompressed SD decoder
#5 961.6 libav:  avdec_mace3: libav MACE (Macintosh Audio Compression/Expansion) 3:1 decoder
#5 961.6 libav:  avdec_mace6: libav MACE (Macintosh Audio Compression/Expansion) 6:1 decoder
#5 961.6 libav:  avdec_magicyuv: libav MagicYUV video decoder
#5 961.6 libav:  avdec_mdec: libav Sony PlayStation MDEC (Motion DECoder) decoder
#5 961.6 libav:  avdec_metasound: libav Voxware MetaSound decoder
#5 961.6 libav:  avdec_mimic: libav Mimic decoder
#5 961.6 libav:  avdec_mjpeg: libav MJPEG (Motion JPEG) decoder
#5 961.6 libav:  avdec_mjpegb: libav Apple MJPEG-B decoder
#5 961.6 libav:  avdec_mlp: libav MLP (Meridian Lossless Packing) decoder
#5 961.6 libav:  avdec_mmvideo: libav American Laser Games MM Video decoder
#5 961.6 libav:  avdec_mobiclip: libav MobiClip Video decoder
#5 961.6 libav:  avdec_motionpixels: libav Motion Pixels video decoder
#5 961.6 libav:  avdec_mp1float: libav MP1 (MPEG audio layer 1) decoder
#5 961.6 libav:  avdec_mp2float: libav MP2 (MPEG audio layer 2) decoder
#5 961.6 libav:  avdec_mp3: libav MP3 (MPEG audio layer 3) decoder
#5 961.6 libav:  avdec_mp3adu: libav ADU (Application Data Unit) MP3 (MPEG audio layer 3) decoder
#5 961.6 libav:  avdec_mp3adufloat: libav ADU (Application Data Unit) MP3 (MPEG audio layer 3) decoder
#5 961.6 libav:  avdec_mp3float: libav MP3 (MPEG audio layer 3) decoder
#5 961.6 libav:  avdec_mp3on4: libav MP3onMP4 decoder
#5 961.6 libav:  avdec_mp3on4float: libav MP3onMP4 decoder
#5 961.6 libav:  avdec_mpc7: libav Musepack SV7 decoder
#5 961.6 libav:  avdec_mpc8: libav Musepack SV8 decoder
#5 961.6 libav:  avdec_mpeg2video: libav MPEG-2 video decoder
#5 961.6 libav:  avdec_mpeg4: libav MPEG-4 part 2 decoder
#5 961.6 libav:  avdec_mpegvideo: libav MPEG-1 video decoder
#5 961.6 libav:  avdec_msa1: libav MS ATC Screen decoder
#5 961.6 libav:  avdec_mscc: libav Mandsoft Screen Capture Codec decoder
#5 961.6 libav:  avdec_msmpeg4: libav MPEG-4 part 2 Microsoft variant version 3 decoder
#5 961.6 libav:  avdec_msmpeg4v1: libav MPEG-4 part 2 Microsoft variant version 1 decoder
#5 961.6 libav:  avdec_msmpeg4v2: libav MPEG-4 part 2 Microsoft variant version 2 decoder
#5 961.6 libav:  avdec_msp2: libav Microsoft Paint (MSP) version 2 decoder
#5 961.6 libav:  avdec_msrle: libav Microsoft RLE decoder
#5 961.6 libav:  avdec_mss1: libav MS Screen 1 decoder
#5 961.6 libav:  avdec_mss2: libav MS Windows Media Video V9 Screen decoder
#5 961.6 libav:  avdec_msvideo1: libav Microsoft Video 1 decoder
#5 961.6 libav:  avdec_mszh: libav LCL (LossLess Codec Library) MSZH decoder
#5 961.6 libav:  avdec_mts2: libav MS Expression Encoder Screen decoder
#5 961.6 libav:  avdec_mv30: libav MidiVid 3.0 decoder
#5 961.6 libav:  avdec_mvc1: libav Silicon Graphics Motion Video Compressor 1 decoder
#5 961.6 libav:  avdec_mvc2: libav Silicon Graphics Motion Video Compressor 2 decoder
#5 961.6 libav:  avdec_mvdv: libav MidiVid VQ decoder
#5 961.6 libav:  avdec_mvha: libav MidiVid Archive Codec decoder
#5 961.6 libav:  avdec_mwsc: libav MatchWare Screen Capture Codec decoder
#5 961.6 libav:  avdec_mxpeg: libav Mobotix MxPEG video decoder
#5 961.6 libav:  avdec_nellymoser: libav Nellymoser Asao decoder
#5 961.6 libav:  avdec_notchlc: libav NotchLC decoder
#5 961.6 libav:  avdec_nuv: libav NuppelVideo/RTJPEG decoder
#5 961.6 libav:  avdec_on2avc: libav On2 Audio for Video Codec decoder
#5 961.6 libav:  avdec_opus: libav Opus decoder
#5 961.6 libav:  avdec_paf_audio: libav Amazing Studio Packed Animation File Audio decoder
#5 961.6 libav:  avdec_paf_video: libav Amazing Studio Packed Animation File Video decoder
#5 961.6 libav:  avdec_pam: libav PAM (Portable AnyMap) image decoder
#5 961.6 libav:  avdec_pbm: libav PBM (Portable BitMap) image decoder
#5 961.6 libav:  avdec_pcm_lxf: libav PCM signed 20-bit little-endian planar decoder
#5 961.6 libav:  avdec_pcm_sga: libav PCM SGA decoder
#5 961.6 libav:  avdec_pcm_vidc: libav PCM Archimedes VIDC decoder
#5 961.6 libav:  avdec_pcx: libav PC Paintbrush PCX image decoder
#5 961.6 libav:  avdec_pfm: libav PFM (Portable FloatMap) image decoder
#5 961.6 libav:  avdec_pgm: libav PGM (Portable GrayMap) image decoder
#5 961.6 libav:  avdec_pgmyuv: libav PGMYUV (Portable GrayMap YUV) image decoder
#5 961.6 libav:  avdec_pgx: libav PGX (JPEG2000 Test Format) decoder
#5 961.6 libav:  avdec_photocd: libav Kodak Photo CD decoder
#5 961.6 libav:  avdec_pictor: libav Pictor/PC Paint decoder
#5 961.6 libav:  avdec_pixlet: libav Apple Pixlet decoder
#5 961.6 libav:  avdec_png: libav PNG (Portable Network Graphics) image decoder
#5 961.6 libav:  avdec_ppm: libav PPM (Portable PixelMap) image decoder
#5 961.6 libav:  avdec_prores: libav Apple ProRes (iCodec Pro) decoder
#5 961.6 libav:  avdec_prosumer: libav Brooktree ProSumer Video decoder
#5 961.6 libav:  avdec_psd: libav Photoshop PSD file decoder
#5 961.6 libav:  avdec_ptx: libav V.Flash PTX image decoder
#5 961.6 libav:  avdec_qcelp: libav QCELP / PureVoice decoder
#5 961.6 libav:  avdec_qdm2: libav QDesign Music Codec 2 decoder
#5 961.6 libav:  avdec_qdmc: libav QDesign Music Codec 1 decoder
#5 961.6 libav:  avdec_qdraw: libav Apple QuickDraw decoder
#5 961.6 libav:  avdec_qpeg: libav Q-team QPEG decoder
#5 961.6 libav:  avdec_qtrle: libav QuickTime Animation (RLE) video decoder
#5 961.6 libav:  avdec_r10k: libav AJA Kona 10-bit RGB Codec decoder
#5 961.6 libav:  avdec_ralf: libav RealAudio Lossless decoder
#5 961.6 libav:  avdec_rasc: libav RemotelyAnywhere Screen Capture decoder
#5 961.6 libav:  avdec_real_144: libav RealAudio 1.0 (14.4K) decoder
#5 961.6 libav:  avdec_real_288: libav RealAudio 2.0 (28.8K) decoder
#5 961.6 libav:  avdec_rl2: libav RL2 video decoder
#5 961.6 libav:  avdec_roq_dpcm: libav DPCM id RoQ decoder
#5 961.6 libav:  avdec_roqvideo: libav id RoQ video decoder
#5 961.6 libav:  avdec_rpza: libav QuickTime video (RPZA) decoder
#5 961.6 libav:  avdec_rscc: libav innoHeim/Rsupport Screen Capture Codec decoder
#5 961.6 libav:  avdec_rv10: libav RealVideo 1.0 decoder
#5 961.6 libav:  avdec_rv20: libav RealVideo 2.0 decoder
#5 961.6 libav:  avdec_rv30: libav RealVideo 3.0 decoder
#5 961.6 libav:  avdec_rv40: libav RealVideo 4.0 decoder
#5 961.6 libav:  avdec_s302m: libav SMPTE 302M decoder
#5 961.6 libav:  avdec_sanm: libav LucasArts SANM/Smush video decoder
#5 961.6 libav:  avdec_sbc: libav SBC (low-complexity subband codec) decoder
#5 961.6 libav:  avdec_scpr: libav ScreenPressor decoder
#5 961.6 libav:  avdec_screenpresso: libav Screenpresso decoder
#5 961.6 libav:  avdec_sdx2_dpcm: libav DPCM Squareroot-Delta-Exact decoder
#5 961.6 libav:  avdec_sga: libav Digital Pictures SGA Video decoder
#5 961.6 libav:  avdec_sgi: libav SGI image decoder
#5 961.6 libav:  avdec_sgirle: libav Silicon Graphics RLE 8-bit video decoder
#5 961.6 libav:  avdec_sheervideo: libav BitJazz SheerVideo decoder
#5 961.6 libav:  avdec_shorten: libav Shorten decoder
#5 961.6 libav:  avdec_simbiosis_imx: libav Simbiosis Interactive IMX Video decoder
#5 961.6 libav:  avdec_sipr: libav RealAudio SIPR / ACELP.NET decoder
#5 961.6 libav:  avdec_siren: libav Siren decoder
#5 961.6 libav:  avdec_smackaud: libav Smacker audio decoder
#5 961.6 libav:  avdec_smackvid: libav Smacker video decoder
#5 961.6 libav:  avdec_smc: libav QuickTime Graphics (SMC) decoder
#5 961.6 libav:  avdec_smvjpeg: libav SMV JPEG decoder
#5 961.6 libav:  avdec_snow: libav Snow decoder
#5 961.6 libav:  avdec_sol_dpcm: libav DPCM Sol decoder
#5 961.6 libav:  avdec_sonic: libav Sonic decoder
#5 961.6 libav:  avdec_sp5x: libav Sunplus JPEG (SP5X) decoder
#5 961.6 libav:  avdec_speedhq: libav NewTek SpeedHQ decoder
#5 961.6 libav:  avdec_srgc: libav Screen Recorder Gold Codec decoder
#5 961.6 libav:  avdec_sunrast: libav Sun Rasterfile image decoder
#5 961.6 libav:  avdec_svq1: libav Sorenson Vector Quantizer 1 / Sorenson Video 1 / SVQ1 decoder
#5 961.6 libav:  avdec_svq3: libav Sorenson Vector Quantizer 3 / Sorenson Video 3 / SVQ3 decoder
#5 961.6 libav:  avdec_tak: libav TAK (Tom's lossless Audio Kompressor) decoder
#5 961.6 libav:  avdec_targa: libav Truevision Targa image decoder
#5 961.6 libav:  avdec_targa_y216: libav Pinnacle TARGA CineWave YUV16 decoder
#5 961.6 libav:  avdec_tdsc: libav TDSC decoder
#5 961.6 libav:  avdec_thp: libav Nintendo Gamecube THP video decoder
#5 961.6 libav:  avdec_tiertexseqvideo: libav Tiertex Limited SEQ video decoder
#5 961.6 libav:  avdec_tiff: libav TIFF image decoder
#5 961.6 libav:  avdec_tmv: libav 8088flex TMV decoder
#5 961.6 libav:  avdec_truehd: libav TrueHD decoder
#5 961.6 libav:  avdec_truemotion1: libav Duck TrueMotion 1.0 decoder
#5 961.6 libav:  avdec_truemotion2: libav Duck TrueMotion 2.0 decoder
#5 961.6 libav:  avdec_truemotion2rt: libav Duck TrueMotion 2.0 Real Time decoder
#5 961.6 libav:  avdec_truespeech: libav DSP Group TrueSpeech decoder
#5 961.6 libav:  avdec_tscc2: libav TechSmith Screen Codec 2 decoder
#5 961.6 libav:  avdec_tta: libav TTA (True Audio) decoder
#5 961.6 libav:  avdec_twinvq: libav VQF TwinVQ decoder
#5 961.6 libav:  avdec_txd: libav Renderware TXD (TeXture Dictionary) image decoder
#5 961.6 libav:  avdec_ultimotion: libav IBM UltiMotion decoder
#5 961.6 libav:  avdec_utvideo: libav Ut Video decoder
#5 961.6 libav:  avdec_vb: libav Beam Software VB decoder
#5 961.6 libav:  avdec_vble: libav VBLE Lossless Codec decoder
#5 961.6 libav:  avdec_vc1: libav SMPTE VC-1 decoder
#5 961.6 libav:  avdec_vc1image: libav Windows Media Video 9 Image v2 decoder
#5 961.6 libav:  avdec_vcr1: libav ATI VCR1 decoder
#5 961.6 libav:  avdec_vmdaudio: libav Sierra VMD audio decoder
#5 961.6 libav:  avdec_vmdvideo: libav Sierra VMD video decoder
#5 961.6 libav:  avdec_vmnc: libav VMware Screen Codec / VMware Video decoder
#5 961.6 libav:  avdec_vp3: libav On2 VP3 decoder
#5 961.6 libav:  avdec_vp4: libav On2 VP4 decoder
#5 961.6 libav:  avdec_vp5: libav On2 VP5 decoder
#5 961.6 libav:  avdec_vp6: libav On2 VP6 decoder
#5 961.6 libav:  avdec_vp6a: libav On2 VP6 (Flash version, with alpha channel) decoder
#5 961.6 libav:  avdec_vp6f: libav On2 VP6 (Flash version) decoder
#5 961.6 libav:  avdec_vp7: libav On2 VP7 decoder
#5 961.6 libav:  avdec_vp8: libav On2 VP8 decoder
#5 961.6 libav:  avdec_vp9: libav Google VP9 decoder
#5 961.6 libav:  avdec_vqavideo: libav Westwood Studios VQA (Vector Quantized Animation) video decoder
#5 961.6 libav:  avdec_wavesynth: libav Wave synthesis pseudo-codec decoder
#5 961.6 libav:  avdec_wcmv: libav WinCAM Motion Video decoder
#5 961.6 libav:  avdec_webp: libav WebP image decoder
#5 961.6 libav:  avdec_wmalossless: libav Windows Media Audio Lossless decoder
#5 961.6 libav:  avdec_wmapro: libav Windows Media Audio 9 Professional decoder
#5 961.6 libav:  avdec_wmav1: libav Windows Media Audio 1 decoder
#5 961.6 libav:  avdec_wmav2: libav Windows Media Audio 2 decoder
#5 961.6 libav:  avdec_wmavoice: libav Windows Media Audio Voice decoder
#5 961.6 libav:  avdec_wmv1: libav Windows Media Video 7 decoder
#5 961.6 libav:  avdec_wmv2: libav Windows Media Video 8 decoder
#5 961.6 libav:  avdec_wmv3: libav Windows Media Video 9 decoder
#5 961.6 libav:  avdec_wmv3image: libav Windows Media Video 9 Image decoder
#5 961.6 libav:  avdec_wnv1: libav Winnov WNV1 decoder
#5 961.6 libav:  avdec_ws_snd1: libav Westwood Audio (SND1) decoder
#5 961.6 libav:  avdec_xan_dpcm: libav DPCM Xan decoder
#5 961.6 libav:  avdec_xan_wc3: libav Wing Commander III / Xan decoder
#5 961.6 libav:  avdec_xan_wc4: libav Wing Commander IV / Xxan decoder
#5 961.6 libav:  avdec_xbin: libav eXtended BINary text decoder
#5 961.6 libav:  avdec_xbm: libav XBM (X BitMap) image decoder
#5 961.6 libav:  avdec_xface: libav X-face image decoder
#5 961.6 libav:  avdec_xl: libav Miro VideoXL decoder
#5 961.6 libav:  avdec_xma1: libav Xbox Media Audio 1 decoder
#5 961.6 libav:  avdec_xma2: libav Xbox Media Audio 2 decoder
#5 961.6 libav:  avdec_xpm: libav XPM (X PixMap) image decoder
#5 961.6 libav:  avdec_xwd: libav XWD (X Window Dump) image decoder
#5 961.6 libav:  avdec_ylc: libav YUY2 Lossless Codec decoder
#5 961.6 libav:  avdec_yop: libav Psygnosis YOP Video decoder
#5 961.6 libav:  avdec_zerocodec: libav ZeroCodec Lossless Video decoder
#5 961.6 libav:  avdec_zmbv: libav Zip Motion Blocks Video decoder
#5 961.6 libav:  avdeinterlace: libav Deinterlace element
#5 961.6 libav:  avdemux_4xm: libav 4X Technologies demuxer
#5 961.6 libav:  avdemux_aiff: libav Audio IFF demuxer
#5 961.6 libav:  avdemux_ape: libav Monkey's Audio demuxer
#5 961.6 libav:  avdemux_avs: libav Argonaut Games Creature Shock demuxer
#5 961.6 libav:  avdemux_bfstm: libav BFSTM (Binary Cafe Stream) demuxer
#5 961.6 libav:  avdemux_brstm: libav BRSTM (Binary Revolution Stream) demuxer
#5 961.6 libav:  avdemux_daud: libav D-Cinema audio demuxer
#5 961.6 libav:  avdemux_dsf: libav DSD Stream File (DSF) demuxer
#5 961.6 libav:  avdemux_ea: libav Electronic Arts Multimedia demuxer
#5 961.6 libav:  avdemux_film_cpk: libav Sega FILM / CPK demuxer
#5 961.6 libav:  avdemux_gif: libav CompuServe Graphics Interchange Format (GIF) demuxer
#5 961.6 libav:  avdemux_gxf: libav GXF (General eXchange Format) demuxer
#5 961.6 libav:  avdemux_idcin: libav id Cinematic demuxer
#5 961.6 libav:  avdemux_iff: libav IFF (Interchange File Format) demuxer
#5 961.6 libav:  avdemux_ipmovie: libav Interplay MVE demuxer
#5 961.6 libav:  avdemux_ivf: libav On2 IVF demuxer
#5 961.6 libav:  avdemux_mm: libav American Laser Games MM demuxer
#5 961.6 libav:  avdemux_mmf: libav Yamaha SMAF demuxer
#5 961.6 libav:  avdemux_mpc: libav Musepack demuxer
#5 961.6 libav:  avdemux_mpc8: libav Musepack SV8 demuxer
#5 961.6 libav:  avdemux_mxf: libav MXF (Material eXchange Format) demuxer
#5 961.6 libav:  avdemux_nsv: libav Nullsoft Streaming Video demuxer
#5 961.6 libav:  avdemux_nut: libav NUT demuxer
#5 961.6 libav:  avdemux_nuv: libav NuppelVideo demuxer
#5 961.6 libav:  avdemux_psxstr: libav Sony Playstation STR demuxer
#5 961.6 libav:  avdemux_pva: libav TechnoTrend PVA demuxer
#5 961.6 libav:  avdemux_smk: libav Smacker demuxer
#5 961.6 libav:  avdemux_sol: libav Sierra SOL demuxer
#5 961.6 libav:  avdemux_tta: libav TTA (True Audio) demuxer
#5 961.6 libav:  avdemux_vmd: libav Sierra VMD demuxer
#5 961.6 libav:  avdemux_voc: libav Creative Voice demuxer
#5 961.6 libav:  avdemux_wc3movie: libav Wing Commander III movie demuxer
#5 961.6 libav:  avdemux_wsaud: libav Westwood Studios audio demuxer
#5 961.6 libav:  avdemux_wsvqa: libav Westwood Studios VQA demuxer
#5 961.6 libav:  avdemux_xwma: libav Microsoft xWMA demuxer
#5 961.6 libav:  avdemux_yuv4mpegpipe: libav YUV4MPEG pipe demuxer
#5 961.6 libav:  avenc_a64multi: libav Multicolor charset for Commodore 64 encoder
#5 961.6 libav:  avenc_a64multi5: libav Multicolor charset for Commodore 64, extended with 5th color (colram) encoder
#5 961.6 libav:  avenc_aac: libav AAC (Advanced Audio Coding) encoder
#5 961.6 libav:  avenc_ac3: libav ATSC A/52A (AC-3) encoder
#5 961.6 libav:  avenc_ac3_fixed: libav ATSC A/52A (AC-3) encoder
#5 961.6 libav:  avenc_adpcm_adx: libav SEGA CRI ADX ADPCM encoder
#5 961.6 libav:  avenc_adpcm_argo: libav ADPCM Argonaut Games encoder
#5 961.6 libav:  avenc_adpcm_ima_alp: libav ADPCM IMA High Voltage Software ALP encoder
#5 961.6 libav:  avenc_adpcm_ima_amv: libav ADPCM IMA AMV encoder
#5 961.6 libav:  avenc_adpcm_ima_apm: libav ADPCM IMA Ubisoft APM encoder
#5 961.6 libav:  avenc_adpcm_ima_qt: libav ADPCM IMA QuickTime encoder
#5 961.6 libav:  avenc_adpcm_ima_ssi: libav ADPCM IMA Simon & Schuster Interactive encoder
#5 961.6 libav:  avenc_adpcm_ima_wav: libav ADPCM IMA WAV encoder
#5 961.6 libav:  avenc_adpcm_ms: libav ADPCM Microsoft encoder
#5 961.6 libav:  avenc_adpcm_swf: libav ADPCM Shockwave Flash encoder
#5 961.6 libav:  avenc_adpcm_yamaha: libav ADPCM Yamaha encoder
#5 961.6 libav:  avenc_alac: libav ALAC (Apple Lossless Audio Codec) encoder
#5 961.6 libav:  avenc_alias_pix: libav Alias/Wavefront PIX image encoder
#5 961.6 libav:  avenc_amv: libav AMV Video encoder
#5 961.6 libav:  avenc_apng: libav APNG (Animated Portable Network Graphics) image encoder
#5 961.6 libav:  avenc_aptx: libav aptX (Audio Processing Technology for Bluetooth) encoder
#5 961.6 libav:  avenc_aptx_hd: libav aptX HD (Audio Processing Technology for Bluetooth) encoder
#5 961.6 libav:  avenc_asv1: libav ASUS V1 encoder
#5 961.6 libav:  avenc_asv2: libav ASUS V2 encoder
#5 961.6 libav:  avenc_avrp: libav Avid 1:1 10-bit RGB Packer encoder
#5 961.6 libav:  avenc_avui: libav Avid Meridien Uncompressed encoder
#5 961.6 libav:  avenc_bmp: libav BMP (Windows and OS/2 bitmap) encoder
#5 961.6 libav:  avenc_cfhd: libav GoPro CineForm HD encoder
#5 961.6 libav:  avenc_cinepak: libav Cinepak encoder
#5 961.6 libav:  avenc_cljr: libav Cirrus Logic AccuPak encoder
#5 961.6 libav:  avenc_comfortnoise: libav RFC 3389 comfort noise generator encoder
#5 961.6 libav:  avenc_dca: libav DCA (DTS Coherent Acoustics) encoder
#5 961.6 libav:  avenc_dnxhd: libav VC3/DNxHD encoder
#5 961.6 libav:  avenc_dpx: libav DPX (Digital Picture Exchange) image encoder
#5 961.6 libav:  avenc_dvvideo: libav DV (Digital Video) encoder
#5 961.6 libav:  avenc_eac3: libav ATSC A/52 E-AC-3 encoder
#5 961.6 libav:  avenc_exr: libav OpenEXR image encoder
#5 961.6 libav:  avenc_ffv1: libav FFmpeg video codec #1 encoder
#5 961.6 libav:  avenc_ffvhuff: libav Huffyuv FFmpeg variant encoder
#5 961.6 libav:  avenc_fits: libav Flexible Image Transport System encoder
#5 961.6 libav:  avenc_flashsv: libav Flash Screen Video encoder
#5 961.6 libav:  avenc_flashsv2: libav Flash Screen Video Version 2 encoder
#5 961.6 libav:  avenc_flv: libav FLV / Sorenson Spark / Sorenson H.263 (Flash Video) encoder
#5 961.6 libav:  avenc_g722: libav G.722 ADPCM encoder
#5 961.6 libav:  avenc_g723_1: libav G.723.1 encoder
#5 961.6 libav:  avenc_g726: libav G.726 ADPCM encoder
#5 961.6 libav:  avenc_g726le: libav G.726 little endian ADPCM ("right-justified") encoder
#5 961.6 libav:  avenc_h261: libav H.261 encoder
#5 961.6 libav:  avenc_h263: libav H.263 / H.263-1996 encoder
#5 961.6 libav:  avenc_h263p: libav H.263+ / H.263-1998 / H.263 version 2 encoder
#5 961.6 libav:  avenc_h264_omx: libav OpenMAX IL H.264 video encoder encoder
#5 961.6 libav:  avenc_hap: libav Vidvox Hap encoder
#5 961.6 libav:  avenc_huffyuv: libav Huffyuv / HuffYUV encoder
#5 961.6 libav:  avenc_jpeg2000: libav JPEG 2000 encoder
#5 961.6 libav:  avenc_jpegls: libav JPEG-LS encoder
#5 961.6 libav:  avenc_ljpeg: libav Lossless JPEG encoder
#5 961.6 libav:  avenc_magicyuv: libav MagicYUV video encoder
#5 961.6 libav:  avenc_mjpeg: libav MJPEG (Motion JPEG) encoder
#5 961.6 libav:  avenc_mlp: libav MLP (Meridian Lossless Packing) encoder
#5 961.6 libav:  avenc_mp2: libav MP2 (MPEG audio layer 2) encoder
#5 961.6 libav:  avenc_mp2fixed: libav MP2 fixed point (MPEG audio layer 2) encoder
#5 961.6 libav:  avenc_mpeg1video: libav MPEG-1 video encoder
#5 961.6 libav:  avenc_mpeg2video: libav MPEG-2 video encoder
#5 961.6 libav:  avenc_mpeg4: libav MPEG-4 part 2 encoder
#5 961.6 libav:  avenc_mpeg4_omx: libav OpenMAX IL MPEG-4 video encoder encoder
#5 961.6 libav:  avenc_msmpeg4: libav MPEG-4 part 2 Microsoft variant version 3 encoder
#5 961.6 libav:  avenc_msmpeg4v2: libav MPEG-4 part 2 Microsoft variant version 2 encoder
#5 961.6 libav:  avenc_msvideo1: libav Microsoft Video-1 encoder
#5 961.6 libav:  avenc_nellymoser: libav Nellymoser Asao encoder
#5 961.6 libav:  avenc_opus: libav Opus encoder
#5 961.6 libav:  avenc_pam: libav PAM (Portable AnyMap) image encoder
#5 961.6 libav:  avenc_pbm: libav PBM (Portable BitMap) image encoder
#5 961.6 libav:  avenc_pcm_vidc: libav PCM Archimedes VIDC encoder
#5 961.6 libav:  avenc_pcx: libav PC Paintbrush PCX image encoder
#5 961.6 libav:  avenc_pfm: libav PFM (Portable FloatMap) image encoder
#5 961.6 libav:  avenc_pgm: libav PGM (Portable GrayMap) image encoder
#5 961.6 libav:  avenc_pgmyuv: libav PGMYUV (Portable GrayMap YUV) image encoder
#5 961.6 libav:  avenc_png: libav PNG (Portable Network Graphics) image encoder
#5 961.6 libav:  avenc_ppm: libav PPM (Portable PixelMap) image encoder
#5 961.6 libav:  avenc_prores: libav Apple ProRes encoder
#5 961.6 libav:  avenc_prores_aw: libav Apple ProRes encoder
#5 961.6 libav:  avenc_prores_ks: libav Apple ProRes (iCodec Pro) encoder
#5 961.6 libav:  avenc_qtrle: libav QuickTime Animation (RLE) video encoder
#5 961.6 libav:  avenc_r10k: libav AJA Kona 10-bit RGB Codec encoder
#5 961.6 libav:  avenc_real_144: libav RealAudio 1.0 (14.4K) encoder
#5 961.6 libav:  avenc_roq_dpcm: libav id RoQ DPCM encoder
#5 961.6 libav:  avenc_roqvideo: libav id RoQ video encoder
#5 961.6 libav:  avenc_rpza: libav QuickTime video (RPZA) encoder
#5 961.6 libav:  avenc_rv10: libav RealVideo 1.0 encoder
#5 961.6 libav:  avenc_rv20: libav RealVideo 2.0 encoder
#5 961.6 libav:  avenc_s302m: libav SMPTE 302M encoder
#5 961.6 libav:  avenc_sbc: libav SBC (low-complexity subband codec) encoder
#5 961.6 libav:  avenc_sgi: libav SGI image encoder
#5 961.6 libav:  avenc_snow: libav Snow encoder
#5 961.6 libav:  avenc_sonic: libav Sonic encoder
#5 961.6 libav:  avenc_sonicls: libav Sonic lossless encoder
#5 961.6 libav:  avenc_speedhq: libav NewTek SpeedHQ encoder
#5 961.6 libav:  avenc_sunrast: libav Sun Rasterfile image encoder
#5 961.6 libav:  avenc_svq1: libav Sorenson Vector Quantizer 1 / Sorenson Video 1 / SVQ1 encoder
#5 961.6 libav:  avenc_targa: libav Truevision Targa image encoder
#5 961.6 libav:  avenc_tiff: libav TIFF image encoder
#5 961.6 libav:  avenc_truehd: libav TrueHD encoder
#5 961.6 libav:  avenc_tta: libav TTA (True Audio) encoder
#5 961.6 libav:  avenc_utvideo: libav Ut Video encoder
#5 961.6 libav:  avenc_vc2: libav SMPTE VC-2 encoder
#5 961.6 libav:  avenc_wavpack: libav WavPack encoder
#5 961.6 libav:  avenc_wmav1: libav Windows Media Audio 1 encoder
#5 961.6 libav:  avenc_wmav2: libav Windows Media Audio 2 encoder
#5 961.6 libav:  avenc_wmv1: libav Windows Media Video 7 encoder
#5 961.6 libav:  avenc_wmv2: libav Windows Media Video 8 encoder
#5 961.6 libav:  avenc_xbm: libav XBM (X BitMap) image encoder
#5 961.6 libav:  avenc_xface: libav X-face image encoder
#5 961.6 libav:  avenc_xwd: libav XWD (X Window Dump) image encoder
#5 961.6 libav:  avenc_zmbv: libav Zip Motion Blocks Video encoder
#5 961.6 libav:  avmux_3g2: libav 3GP2 (3GPP2 file format) muxer
#5 961.6 libav:  avmux_3gp: libav 3GP (3GPP file format) muxer (not recommended, use gppmux instead)
#5 961.6 libav:  avmux_a64: libav a64 - video for Commodore 64 muxer
#5 961.6 libav:  avmux_adts: libav ADTS AAC (Advanced Audio Coding) muxer (not recommended, use aacparse instead)
#5 961.6 libav:  avmux_adx: libav CRI ADX muxer
#5 961.6 libav:  avmux_aiff: libav Audio IFF muxer (not recommended, use aiffmux instead)
#5 961.6 libav:  avmux_alp: libav LEGO Racers ALP muxer
#5 961.6 libav:  avmux_amr: libav 3GPP AMR muxer
#5 961.6 libav:  avmux_amv: libav AMV muxer
#5 961.6 libav:  avmux_apm: libav Ubisoft Rayman 2 APM muxer
#5 961.6 libav:  avmux_apng: libav Animated Portable Network Graphics muxer
#5 961.6 libav:  avmux_argo_asf: libav Argonaut Games ASF muxer
#5 961.6 libav:  avmux_asf: libav ASF (Advanced / Active Streaming Format) muxer (not recommended, use asfmux instead)
#5 961.6 libav:  avmux_asf_stream: libav ASF (Advanced / Active Streaming Format) muxer (not recommended, use asfmux instead)
#5 961.6 libav:  avmux_ast: libav AST (Audio Stream) muxer
#5 961.6 libav:  avmux_au: libav Sun AU muxer
#5 961.6 libav:  avmux_avi: libav AVI (Audio Video Interleaved) muxer (not recommended, use avimux instead)
#5 961.6 libav:  avmux_avm2: libav SWF (ShockWave Flash) (AVM2) muxer
#5 961.6 libav:  avmux_bit: libav G.729 BIT file format muxer
#5 961.6 libav:  avmux_caf: libav Apple CAF (Core Audio Format) muxer
#5 961.6 libav:  avmux_chromaprint: libav Chromaprint muxer
#5 961.6 libav:  avmux_codec2: libav codec2 .c2 muxer muxer
#5 961.6 libav:  avmux_dash: libav DASH Muxer muxer
#5 961.6 libav:  avmux_daud: libav D-Cinema audio muxer
#5 961.6 libav:  avmux_dv: libav DV (Digital Video) muxer
#5 961.6 libav:  avmux_dvd: libav MPEG-2 PS (DVD VOB) muxer
#5 961.6 libav:  avmux_f4v: libav F4V Adobe Flash Video muxer
#5 961.6 libav:  avmux_film_cpk: libav Sega FILM / CPK muxer
#5 961.6 libav:  avmux_filmstrip: libav Adobe Filmstrip muxer
#5 961.6 libav:  avmux_fits: libav Flexible Image Transport System muxer
#5 961.6 libav:  avmux_flv: libav FLV (Flash Video) muxer (not recommended, use flvmux instead)
#5 961.6 libav:  avmux_gxf: libav GXF (General eXchange Format) muxer
#5 961.6 libav:  avmux_hash: libav Hash testing muxer
#5 961.6 libav:  avmux_hds: libav HDS Muxer muxer
#5 961.6 libav:  avmux_hls: libav Apple HTTP Live Streaming muxer
#5 961.6 libav:  avmux_ico: libav Microsoft Windows ICO muxer
#5 961.6 libav:  avmux_ilbc: libav iLBC storage muxer
#5 961.6 libav:  avmux_ipod: libav iPod H.264 MP4 (MPEG-4 Part 14) muxer
#5 961.6 libav:  avmux_ircam: libav Berkeley/IRCAM/CARL Sound Format muxer
#5 961.6 libav:  avmux_ismv: libav ISMV/ISMA (Smooth Streaming) muxer
#5 961.6 libav:  avmux_ivf: libav On2 IVF muxer
#5 961.6 libav:  avmux_kvag: libav Simon & Schuster Interactive VAG muxer
#5 961.6 libav:  avmux_latm: libav LOAS/LATM muxer
#5 961.6 libav:  avmux_matroska: libav Matroska muxer (not recommended, use matroskamux instead)
#5 961.6 libav:  avmux_md5: libav MD5 testing muxer
#5 961.6 libav:  avmux_mkvtimestamp_v2: libav extract pts as timecode v2 format, as defined by mkvtoolnix muxer
#5 961.6 libav:  avmux_mmf: libav Yamaha SMAF muxer
#5 961.6 libav:  avmux_mov: libav QuickTime / MOV muxer (not recommended, use qtmux instead)
#5 961.6 libav:  avmux_mp2: libav MP2 (MPEG audio layer 2) formatter (not recommended, use id3v2mux instead)
#5 961.6 libav:  avmux_mp3: libav MP3 (MPEG audio layer 3) formatter (not recommended, use id3v2mux instead)
#5 961.6 libav:  avmux_mp4: libav MP4 (MPEG-4 Part 14) muxer (not recommended, use mp4mux instead)
#5 961.6 libav:  avmux_mpeg: libav MPEG-1 Systems / MPEG program stream muxer
#5 961.6 libav:  avmux_mpegts: libav MPEG-TS (MPEG-2 Transport Stream) muxer (not recommended, use mpegtsmux instead)
#5 961.6 libav:  avmux_mpjpeg: libav MIME multipart JPEG muxer (not recommended, use multipartmux instead)
#5 961.6 libav:  avmux_mxf: libav MXF (Material eXchange Format) muxer (not recommended, use mxfmux instead)
#5 961.6 libav:  avmux_mxf_d10: libav MXF (Material eXchange Format) D-10 Mapping muxer
#5 961.6 libav:  avmux_mxf_opatom: libav MXF (Material eXchange Format) Operational Pattern Atom muxer
#5 961.6 libav:  avmux_nut: libav NUT muxer
#5 961.6 libav:  avmux_oga: libav Ogg Audio muxer
#5 961.6 libav:  avmux_ogg: libav Ogg muxer (not recommended, use oggmux instead)
#5 961.6 libav:  avmux_ogv: libav Ogg Video muxer
#5 961.6 libav:  avmux_oma: libav Sony OpenMG audio muxer
#5 961.6 libav:  avmux_opus: libav Ogg Opus muxer
#5 961.6 libav:  avmux_psp: libav PSP MP4 (MPEG-4 Part 14) muxer
#5 961.6 libav:  avmux_rm: libav RealMedia muxer
#5 961.6 libav:  avmux_rso: libav Lego Mindstorms RSO muxer
#5 961.6 libav:  avmux_rtsp: libav RTSP output muxer
#5 961.6 libav:  avmux_sap: libav SAP output muxer
#5 961.6 libav:  avmux_singlejpeg: libav JPEG single image muxer
#5 961.6 libav:  avmux_smjpeg: libav Loki SDL MJPEG muxer
#5 961.6 libav:  avmux_smoothstreaming: libav Smooth Streaming Muxer muxer
#5 961.6 libav:  avmux_sox: libav SoX native muxer
#5 961.6 libav:  avmux_spdif: libav IEC 61937 (used on S/PDIF - IEC958) muxer
#5 961.6 libav:  avmux_spx: libav Ogg Speex muxer
#5 961.6 libav:  avmux_streamhash: libav Per-stream hash testing muxer
#5 961.6 libav:  avmux_svcd: libav MPEG-2 PS (SVCD) muxer
#5 961.6 libav:  avmux_swf: libav SWF (ShockWave Flash) muxer
#5 961.6 libav:  avmux_tta: libav TTA (True Audio) muxer
#5 961.6 libav:  avmux_uncodedframecrc: libav uncoded framecrc testing muxer
#5 961.6 libav:  avmux_vc1test: libav VC-1 test bitstream muxer
#5 961.6 libav:  avmux_vcd: libav MPEG-1 Systems / MPEG program stream (VCD) muxer
#5 961.6 libav:  avmux_vidc: libav PCM Archimedes VIDC muxer
#5 961.6 libav:  avmux_vob: libav MPEG-2 PS (VOB) muxer
#5 961.6 libav:  avmux_voc: libav Creative Voice muxer
#5 961.6 libav:  avmux_w64: libav Sony Wave64 muxer
#5 961.6 libav:  avmux_wav: libav WAV / WAVE (Waveform Audio) muxer (not recommended, use wavenc instead)
#5 961.6 libav:  avmux_webp: libav WebP muxer
#5 961.6 libav:  avmux_wtv: libav Windows Television (WTV) muxer
#5 961.6 libav:  avmux_yuv4mpegpipe: libav YUV4MPEG pipe muxer (not recommended, use y4menc instead)
#5 961.6 libav: avtype_4xm: no extensions
#5 961.6 libav: avtype_avs: no extensions
#5 961.6 libav: avtype_bfstm: bfstm, bcstm
#5 961.6 libav: avtype_brstm: brstm
#5 961.6 libav: avtype_daud: 302, daud
#5 961.6 libav: avtype_dsf: no extensions
#5 961.6 libav: avtype_ea: no extensions
#5 961.6 libav: avtype_film_cpk: no extensions
#5 961.6 libav: avtype_gxf: no extensions
#5 961.6 libav: avtype_idcin: no extensions
#5 961.6 libav: avtype_iff: no extensions
#5 961.6 libav: avtype_ipmovie: no extensions
#5 961.6 libav: avtype_mm: no extensions
#5 961.6 libav: avtype_mmf: no extensions
#5 961.6 libav: avtype_nsv: no extensions
#5 961.6 libav: avtype_nut: nut
#5 961.6 libav: avtype_psxstr: no extensions
#5 961.6 libav: avtype_smk: no extensions
#5 961.6 libav: avtype_sol: no extensions
#5 961.6 libav: avtype_vmd: no extensions
#5 961.6 libav: avtype_wc3movie: no extensions
#5 961.6 libav: avtype_wsaud: no extensions
#5 961.6 libav: avtype_wsvqa: no extensions
#5 961.6 libav: avtype_xwma: no extensions
#5 961.6 libav: avtype_yuv4mpegpipe: y4m
#5 961.6 matroska:  matroskademux: Matroska demuxer
#5 961.6 matroska:  matroskamux: Matroska muxer
#5 961.6 matroska:  matroskaparse: Matroska parser
#5 961.6 matroska:  webmmux: WebM muxer
#5 961.6 microdns:  microdnsdeviceprovider (GstDeviceProviderFactory)
#5 961.6 midi:  midiparse: MidiParse
#5 961.6 modplug:  modplug: ModPlug
#5 961.6 monoscope:  monoscope: Monoscope
#5 961.6 mpeg2dec:  mpeg2dec: mpeg1 and mpeg2 video decoder
#5 961.6 mpeg2enc:  mpeg2enc: mpeg2enc video encoder
#5 961.6 mpegpsdemux:  mpegpsdemux: MPEG Program Stream Demuxer
#5 961.6 mpegpsmux:  mpegpsmux: MPEG Program Stream Muxer
#5 961.6 mpegtsdemux:  tsdemux: MPEG transport stream demuxer
#5 961.6 mpegtsdemux:  tsparse: MPEG transport stream parser
#5 961.6 mpegtsmux:  atscmux: ATSC Transport Stream Muxer
#5 961.6 mpegtsmux:  mpegtsmux: MPEG Transport Stream Muxer
#5 961.6 mpg123:  mpg123audiodec: mpg123 mp3 decoder
#5 961.6 mplex:  mplex: mplex video multiplexer
#5 961.6 mulaw:  mulawdec: Mu Law audio decoder
#5 961.6 mulaw:  mulawenc: Mu Law audio encoder
#5 961.6 multifile:  imagesequencesrc: Image Sequence Source
#5 961.6 multifile:  multifilesink: Multi-File Sink
#5 961.6 multifile:  multifilesrc: Multi-File Source
#5 961.6 multifile:  splitfilesrc: Split-File Source
#5 961.6 multifile:  splitmuxsink: Split Muxing Bin
#5 961.6 multifile:  splitmuxsrc: Split File Demuxing Bin
#5 961.6 multipart:  multipartdemux: Multipart demuxer
#5 961.6 multipart:  multipartmux: Multipart muxer
#5 961.6 musepack:  musepackdec: Musepack decoder
#5 961.6 mxf:  mxfdemux: MXF Demuxer
#5 961.6 mxf:  mxfmux: MXF muxer
#5 961.6 navigationtest:  navigationtest: Video navigation test
#5 961.6 netsim:  netsim: Network Simulator
#5 961.6 nice:  nicesink: ICE sink
#5 961.6 nice:  nicesrc: ICE source
#5 961.6 ogg:  oggaviparse: Ogg AVI parser
#5 961.6 ogg:  oggdemux: Ogg demuxer
#5 961.6 ogg:  oggmux: Ogg muxer
#5 961.6 ogg:  oggparse: Ogg parser
#5 961.6 ogg:  ogmaudioparse: OGM audio stream parser
#5 961.6 ogg:  ogmtextparse: OGM text stream parser
#5 961.6 ogg:  ogmvideoparse: OGM video stream parser
#5 961.6 openexr:  openexrdec: OpenEXR decoder
#5 961.6 opengl:  glalpha: OpenGL Alpha Filter
#5 961.6 opengl:  glcolorbalance: Video balance
#5 961.6 opengl:  glcolorconvert: OpenGL color converter
#5 961.6 opengl:  glcolorscale: OpenGL color scale
#5 961.6 opengl:  gldeinterlace: OpenGL deinterlacing filter
#5 961.6 opengl:  gldifferencematte: Gstreamer OpenGL DifferenceMatte
#5 961.6 opengl:  gldownload: OpenGL downloader
#5 961.6 opengl:  gleffects: Gstreamer OpenGL Effects
#5 961.6 opengl:  gleffects_blur: Blur with 9x9 separable convolution Effect
#5 961.6 opengl:  gleffects_bulge: Bulge Effect
#5 961.6 opengl:  gleffects_fisheye: FishEye Effect
#5 961.6 opengl:  gleffects_glow: Glow Lighting Effect
#5 961.6 opengl:  gleffects_heat: Heat Signature Effect
#5 961.6 opengl:  gleffects_identity: Do nothing Effect
#5 961.6 opengl:  gleffects_laplacian: Laplacian Convolution Demo Effect
#5 961.6 opengl:  gleffects_lumaxpro: Luma Cross Processing Effect
#5 961.6 opengl:  gleffects_mirror: Mirror Effect
#5 961.6 opengl:  gleffects_sepia: Sepia Toning Effect
#5 961.6 opengl:  gleffects_sin: All Grey but Red Effect
#5 961.6 opengl:  gleffects_sobel: Sobel edge detection Effect
#5 961.6 opengl:  gleffects_square: Square Effect
#5 961.6 opengl:  gleffects_squeeze: Squeeze Effect
#5 961.6 opengl:  gleffects_stretch: Stretch Effect
#5 961.6 opengl:  gleffects_tunnel: Light Tunnel Effect
#5 961.6 opengl:  gleffects_twirl: Twirl Effect
#5 961.6 opengl:  gleffects_xpro: Cross Processing Effect
#5 961.6 opengl:  gleffects_xray: Glowing negative effect
#5 961.6 opengl:  glfilterapp: OpenGL application filter
#5 961.6 opengl:  glfilterbin: GL Filter Bin
#5 961.6 opengl:  glfiltercube: OpenGL cube filter
#5 961.6 opengl:  glfilterglass: OpenGL glass filter
#5 961.6 opengl:  glimagesink: GL Sink Bin
#5 961.6 opengl:  glimagesinkelement: OpenGL video sink
#5 961.6 opengl:  glmixerbin: OpenGL video_mixer empty bin
#5 961.6 opengl:  glmosaic: OpenGL mosaic
#5 961.6 opengl:  gloverlay: Gstreamer OpenGL Overlay
#5 961.6 opengl:  gloverlaycompositor: OpenGL overlaying filter
#5 961.6 opengl:  glshader: OpenGL fragment shader filter
#5 961.6 opengl:  glsinkbin: GL Sink Bin
#5 961.6 opengl:  glsrcbin: GL Src Bin
#5 961.6 opengl:  glstereomix: OpenGL stereo video combiner
#5 961.6 opengl:  glstereosplit: GLStereoSplit
#5 961.6 opengl:  gltestsrc: Video test source
#5 961.6 opengl:  gltransformation: OpenGL transformation filter
#5 961.6 opengl:  glupload: OpenGL uploader
#5 961.6 opengl:  glvideoflip: OpenGL video flip filter
#5 961.6 opengl:  glvideomixer: OpenGL video_mixer bin
#5 961.6 opengl:  glvideomixerelement: OpenGL video_mixer
#5 961.6 opengl:  glviewconvert: OpenGL Multiview/3D conversion filter
#5 961.6 openh264:  openh264dec: OpenH264 video decoder
#5 961.6 openh264:  openh264enc: OpenH264 video encoder
#5 961.6 openjpeg:  openjpegdec: OpenJPEG JPEG2000 decoder
#5 961.6 openjpeg:  openjpegenc: OpenJPEG JPEG2000 encoder
#5 961.6 opus:  opusdec: Opus audio decoder
#5 961.6 opus:  opusenc: Opus audio encoder
#5 961.6 opusparse:  opusparse: Opus audio parser
#5 961.6 oss4:  oss4sink: OSS v4 Audio Sink
#5 961.6 oss4:  oss4src: OSS v4 Audio Source
#5 961.6 ossaudio:  osssink: Audio Sink (OSS)
#5 961.6 ossaudio:  osssrc: Audio Source (OSS)
#5 961.6 overlaycomposition:  overlaycomposition: Overlay Composition
#5 961.6 pango:  clockoverlay: Clock overlay
#5 961.6 pango:  textoverlay: Text overlay
#5 961.6 pango:  textrender: Text renderer
#5 961.6 pango:  timeoverlay: Time overlay
#5 961.6 pbtypes:  GstVideoMultiviewFlagsSet (GstDynamicTypeFactory)
#5 961.6 pcapparse:  irtspparse: IRTSPParse
#5 961.6 pcapparse:  pcapparse: PCapParse
#5 961.6 playback:  decodebin: Decoder Bin
#5 961.6 playback:  decodebin3: Decoder Bin 3
#5 961.6 playback:  parsebin: Parse Bin
#5 961.6 playback:  playbin: Player Bin 2
#5 961.6 playback:  playbin3: Player Bin 3
#5 961.6 playback:  playsink: Player Sink
#5 961.6 playback:  streamsynchronizer: Stream Synchronizer
#5 961.6 playback:  subtitleoverlay: Subtitle Overlay
#5 961.6 playback:  uridecodebin: URI Decoder
#5 961.6 playback:  uridecodebin3: URI Decoder
#5 961.6 playback:  urisourcebin: URI reader
#5 961.6 png:  pngdec: PNG image decoder
#5 961.6 png:  pngenc: PNG image encoder
#5 961.6 pnm:  pnmdec: PNM image decoder
#5 961.6 pnm:  pnmenc: PNM image encoder
#5 961.6 proxy:  proxysink: Proxy Sink
#5 961.6 proxy:  proxysrc: Proxy source
#5 961.6 pulseaudio:  pulsedeviceprovider (GstDeviceProviderFactory)
#5 961.6 pulseaudio:  pulsesink: PulseAudio Audio Sink
#5 961.6 pulseaudio:  pulsesrc: PulseAudio Audio Source
#5 961.6 qroverlay:  debugqroverlay: qroverlay
#5 961.6 qroverlay:  qroverlay: qroverlay
#5 961.6 rawparse:  rawaudioparse: rawaudioparse
#5 961.6 rawparse:  rawvideoparse: rawvideoparse
#5 961.6 rawparse:  unalignedaudioparse: unalignedaudioparse
#5 961.6 rawparse:  unalignedvideoparse: unalignedvideoparse
#5 961.6 realmedia:  pnmsrc: PNM packet receiver
#5 961.6 realmedia:  rademux: RealAudio Demuxer
#5 961.6 realmedia:  rdtdepay: RDT packet parser
#5 961.6 realmedia:  rdtmanager: RTP Decoder
#5 961.6 realmedia:  rmdemux: RealMedia Demuxer
#5 961.6 realmedia:  rtspreal: RealMedia RTSP Extension
#5 961.6 removesilence:  removesilence: RemoveSilence
#5 961.6 replaygain:  rganalysis: ReplayGain analysis
#5 961.6 replaygain:  rglimiter: ReplayGain limiter
#5 961.6 replaygain:  rgvolume: ReplayGain volume
#5 961.6 resindvd:  rsndvdbin: rsndvdbin
#5 961.6 rfbsrc:  rfbsrc: Rfb source
#5 961.6 rist:  ristrtpdeext: RIST RTP Extension remover
#5 961.6 rist:  ristrtpext: RIST RTP Extension adder
#5 961.6 rist:  ristrtxreceive: RIST Retransmission receiver
#5 961.6 rist:  ristrtxsend: RIST Retransmission Sender
#5 961.6 rist:  ristsink: RIST Sink
#5 961.6 rist:  ristsrc: RIST Source
#5 961.6 rist:  roundrobin: Round Robin
#5 961.6 rsvg:  rsvgdec: SVG image decoder
#5 961.6 rsvg:  rsvgoverlay: RSVG overlay
#5 961.6 rtmp:  rtmpsink: RTMP output sink
#5 961.6 rtmp:  rtmpsrc: RTMP Source
#5 961.6 rtmp2:  rtmp2sink: RTMP sink element
#5 961.6 rtmp2:  rtmp2src: RTMP source element
#5 961.6 rtp:  asteriskh263: RTP Asterisk H263 depayloader
#5 961.6 rtp:  rtpL16depay: RTP audio depayloader
#5 961.6 rtp:  rtpL16pay: RTP audio payloader
#5 961.6 rtp:  rtpL24depay: RTP audio depayloader
#5 961.6 rtp:  rtpL24pay: RTP audio payloader
#5 961.6 rtp:  rtpL8depay: RTP audio depayloader
#5 961.6 rtp:  rtpL8pay: RTP audio payloader
#5 961.6 rtp:  rtpac3depay: RTP AC3 depayloader
#5 961.6 rtp:  rtpac3pay: RTP AC3 audio payloader
#5 961.6 rtp:  rtpamrdepay: RTP AMR depayloader
#5 961.6 rtp:  rtpamrpay: RTP AMR payloader
#5 961.6 rtp:  rtpbvdepay: RTP BroadcomVoice depayloader
#5 961.6 rtp:  rtpbvpay: RTP BV Payloader
#5 961.6 rtp:  rtpceltdepay: RTP CELT depayloader
#5 961.6 rtp:  rtpceltpay: RTP CELT payloader
#5 961.6 rtp:  rtpdvdepay: RTP DV Depayloader
#5 961.6 rtp:  rtpdvpay: RTP DV Payloader
#5 961.6 rtp:  rtpg722depay: RTP audio depayloader
#5 961.6 rtp:  rtpg722pay: RTP audio payloader
#5 961.6 rtp:  rtpg723depay: RTP G.723 depayloader
#5 961.6 rtp:  rtpg723pay: RTP G.723 payloader
#5 961.6 rtp:  rtpg726depay: RTP G.726 depayloader
#5 961.6 rtp:  rtpg726pay: RTP G.726 payloader
#5 961.6 rtp:  rtpg729depay: RTP G.729 depayloader
#5 961.6 rtp:  rtpg729pay: RTP G.729 payloader
#5 961.6 rtp:  rtpgsmdepay: RTP GSM depayloader
#5 961.6 rtp:  rtpgsmpay: RTP GSM payloader
#5 961.6 rtp:  rtpgstdepay: GStreamer depayloader
#5 961.6 rtp:  rtpgstpay: RTP GStreamer payloader
#5 961.6 rtp:  rtph261depay: RTP H261 depayloader
#5 961.6 rtp:  rtph261pay: RTP H261 packet payloader
#5 961.6 rtp:  rtph263depay: RTP H263 depayloader
#5 961.6 rtp:  rtph263pay: RTP H263 packet payloader
#5 961.6 rtp:  rtph263pdepay: RTP H263 depayloader
#5 961.6 rtp:  rtph263ppay: RTP H263 payloader
#5 961.6 rtp:  rtph264depay: RTP H264 depayloader
#5 961.6 rtp:  rtph264pay: RTP H264 payloader
#5 961.6 rtp:  rtph265depay: RTP H265 depayloader
#5 961.6 rtp:  rtph265pay: RTP H265 payloader
#5 961.6 rtp:  rtphdrextcolorspace: Color Space
#5 961.6 rtp:  rtpilbcdepay: RTP iLBC depayloader
#5 961.6 rtp:  rtpilbcpay: RTP iLBC Payloader
#5 961.6 rtp:  rtpisacdepay: RTP iSAC depayloader
#5 961.6 rtp:  rtpisacpay: RTP iSAC payloader
#5 961.6 rtp:  rtpj2kdepay: RTP JPEG 2000 depayloader
#5 961.6 rtp:  rtpj2kpay: RTP JPEG 2000 payloader
#5 961.6 rtp:  rtpjpegdepay: RTP JPEG depayloader
#5 961.6 rtp:  rtpjpegpay: RTP JPEG payloader
#5 961.6 rtp:  rtpklvdepay: RTP KLV Depayloader
#5 961.6 rtp:  rtpklvpay: RTP KLV Payloader
#5 961.6 rtp:  rtpldacpay: RTP packet payloader
#5 961.6 rtp:  rtpmp1sdepay: RTP MPEG1 System Stream depayloader
#5 961.6 rtp:  rtpmp2tdepay: RTP MPEG Transport Stream depayloader
#5 961.6 rtp:  rtpmp2tpay: RTP MPEG2 Transport Stream payloader
#5 961.6 rtp:  rtpmp4adepay: RTP MPEG4 audio depayloader
#5 961.6 rtp:  rtpmp4apay: RTP MPEG4 audio payloader
#5 961.6 rtp:  rtpmp4gdepay: RTP MPEG4 ES depayloader
#5 961.6 rtp:  rtpmp4gpay: RTP MPEG4 ES payloader
#5 961.6 rtp:  rtpmp4vdepay: RTP MPEG4 video depayloader
#5 961.6 rtp:  rtpmp4vpay: RTP MPEG4 Video payloader
#5 961.6 rtp:  rtpmpadepay: RTP MPEG audio depayloader
#5 961.6 rtp:  rtpmpapay: RTP MPEG audio payloader
#5 961.6 rtp:  rtpmparobustdepay: RTP MPEG audio depayloader
#5 961.6 rtp:  rtpmpvdepay: RTP MPEG video depayloader
#5 961.6 rtp:  rtpmpvpay: RTP MPEG2 ES video payloader
#5 961.6 rtp:  rtpopusdepay: RTP Opus packet depayloader
#5 961.6 rtp:  rtpopuspay: RTP Opus payloader
#5 961.6 rtp:  rtppcmadepay: RTP PCMA depayloader
#5 961.6 rtp:  rtppcmapay: RTP PCMA payloader
#5 961.6 rtp:  rtppcmudepay: RTP PCMU depayloader
#5 961.6 rtp:  rtppcmupay: RTP PCMU payloader
#5 961.6 rtp:  rtpqcelpdepay: RTP QCELP depayloader
#5 961.6 rtp:  rtpqdm2depay: RTP QDM2 depayloader
#5 961.6 rtp:  rtpreddec: Redundant Audio Data (RED) Decoder
#5 961.6 rtp:  rtpredenc: Redundant Audio Data (RED) Encoder
#5 961.6 rtp:  rtpsbcdepay: RTP SBC audio depayloader
#5 961.6 rtp:  rtpsbcpay: RTP packet payloader
#5 961.6 rtp:  rtpsirendepay: RTP Siren packet depayloader
#5 961.6 rtp:  rtpsirenpay: RTP Payloader for Siren Audio
#5 961.6 rtp:  rtpspeexdepay: RTP Speex depayloader
#5 961.6 rtp:  rtpspeexpay: RTP Speex payloader
#5 961.6 rtp:  rtpstorage: RTP storage
#5 961.6 rtp:  rtpstreamdepay: RTP Stream Depayloading
#5 961.6 rtp:  rtpstreampay: RTP Stream Payloading
#5 961.6 rtp:  rtpsv3vdepay: RTP SVQ3 depayloader
#5 961.6 rtp:  rtptheoradepay: RTP Theora depayloader
#5 961.6 rtp:  rtptheorapay: RTP Theora payloader
#5 961.6 rtp:  rtpulpfecdec: RTP FEC Decoder
#5 961.6 rtp:  rtpulpfecenc: RTP FEC Encoder
#5 961.6 rtp:  rtpvorbisdepay: RTP Vorbis depayloader
#5 961.6 rtp:  rtpvorbispay: RTP Vorbis payloader
#5 961.6 rtp:  rtpvp8depay: RTP VP8 depayloader
#5 961.6 rtp:  rtpvp8pay: RTP VP8 payloader
#5 961.6 rtp:  rtpvp9depay: RTP VP9 depayloader
#5 961.6 rtp:  rtpvp9pay: RTP VP9 payloader
#5 961.6 rtp:  rtpvrawdepay: RTP Raw Video depayloader
#5 961.6 rtp:  rtpvrawpay: RTP Raw Video payloader
#5 961.6 rtpmanager:  rtpbin: RTP Bin
#5 961.6 rtpmanager:  rtpdtmfmux: RTP muxer
#5 961.6 rtpmanager:  rtpfunnel: RTP funnel
#5 961.6 rtpmanager:  rtphdrextclientaudiolevel: Client-to-Mixer Audio Level Indication (RFC6464) RTP Header Extension
#5 961.6 rtpmanager:  rtphdrextmid: RTP BUNDLE MID Header Extension
#5 961.6 rtpmanager:  rtphdrextntp64: RTP Header Extension RFC6051 64-bit NTP timestamp
#5 961.6 rtpmanager:  rtphdrextrepairedstreamid: RTP Header Extension Repaired RFC8852 Stream ID
#5 961.6 rtpmanager:  rtphdrextstreamid: RTP Header Extension RFC8852 Stream ID
#5 961.6 rtpmanager:  rtphdrexttwcc: Transport Wide Congestion Control
#5 961.6 rtpmanager:  rtpjitterbuffer: RTP packet jitter-buffer
#5 961.6 rtpmanager:  rtpmux: RTP muxer
#5 961.6 rtpmanager:  rtpptdemux: RTP Demux
#5 961.6 rtpmanager:  rtprtxqueue: RTP Retransmission Queue
#5 961.6 rtpmanager:  rtprtxreceive: RTP Retransmission receiver
#5 961.6 rtpmanager:  rtprtxsend: RTP Retransmission Sender
#5 961.6 rtpmanager:  rtpsession: RTP Session
#5 961.6 rtpmanager:  rtpssrcdemux: RTP SSRC Demux
#5 961.6 rtpmanager:  rtpst2022-1-fecdec: SMPTE 2022-1 FEC decoder
#5 961.6 rtpmanager:  rtpst2022-1-fecenc: SMPTE 2022-1 FEC encoder
#5 961.6 rtpmanagerbad:  rtpsink: RTP Sink element
#5 961.6 rtpmanagerbad:  rtpsrc: RTP Source element
#5 961.6 rtponvif:  rtponvifparse: ONVIF NTP timestamps RTP extension
#5 961.6 rtponvif:  rtponviftimestamp: ONVIF NTP timestamps RTP extension
#5 961.6 rtsp:  rtpdec: RTP Decoder
#5 961.6 rtsp:  rtspsrc: RTSP packet receiver
#5 961.6 rtspclientsink:  rtspclientsink: RTSP RECORD client
#5 961.6 sbc:  sbcdec: Bluetooth SBC audio decoder
#5 961.6 sbc:  sbcenc: Bluetooth SBC audio encoder
#5 961.6 sctp:  sctpdec: SCTP Decoder
#5 961.6 sctp:  sctpenc: SCTP Encoder
#5 961.6 sdpelem:  sdpdemux: SDP session setup
#5 961.6 sdpelem:  sdpsrc: SDP Source
#5 961.6 segmentclip:  audiosegmentclip: Audio buffer segment clipper
#5 961.6 segmentclip:  videosegmentclip: Video buffer segment clipper
#5 961.6 shapewipe:  shapewipe: Shape Wipe transition filter
#5 961.6 shm:  shmsink: Shared Memory Sink
#5 961.6 shm:  shmsrc: Shared Memory Source
#5 961.6 shout2:  shout2send: Icecast network sink
#5 961.6 siren:  sirendec: Siren Decoder element
#5 961.6 siren:  sirenenc: Siren Encoder element
#5 961.6 smooth:  smooth: Smooth effect
#5 961.6 smoothstreaming:  mssdemux: Smooth Streaming demuxer
#5 961.6 smpte:  smpte: SMPTE transitions
#5 961.6 smpte:  smptealpha: SMPTE transitions
#5 961.6 sndfile:  sfdec: Sndfile decoder
#5 961.6 soundtouch:  bpmdetect: BPM Detector
#5 961.6 soundtouch:  pitch: Pitch controller
#5 961.6 soup:  souphttpclientsink: HTTP client sink
#5 961.6 soup:  souphttpsrc: HTTP client source
#5 961.6 spandsp:  dtmfdetect: DTMF detector element
#5 961.6 spandsp:  spanplc: SpanDSP PLC
#5 961.6 spandsp:  tonegeneratesrc: Telephony Tone  Generator source
#5 961.6 spectrum:  spectrum: Spectrum analyzer
#5 961.6 speed:  speed: Speed
#5 961.6 speex:  speexdec: Speex audio decoder
#5 961.6 speex:  speexenc: Speex audio encoder
#5 961.6 srt:  srtclientsink: SRT sink
#5 961.6 srt:  srtclientsrc: SRT source
#5 961.6 srt:  srtserversink: SRT sink
#5 961.6 srt:  srtserversrc: SRT source
#5 961.6 srt:  srtsink: SRT sink
#5 961.6 srt:  srtsrc: SRT source
#5 961.6 srtp:  srtpdec: SRTP decoder
#5 961.6 srtp:  srtpenc: SRTP encoder
#5 961.6 staticelements:  bin: Generic bin
#5 961.6 staticelements:  pipeline: Pipeline object
#5 961.6 subenc:  srtenc: Srt encoder
#5 961.6 subenc:  webvttenc: WebVTT encoder
#5 961.6 subparse:  ssaparse: SSA Subtitle Parser
#5 961.6 subparse:  subparse: Subtitle parser
#5 961.6 subparse: subparse_typefind: srt, sub, mpsub, mdvd, smi, txt, dks, vtt
#5 961.6 switchbin:  switchbin: switchbin
#5 961.6 taglib:  apev2mux: TagLib-based APEv2 Muxer
#5 961.6 taglib:  id3v2mux: TagLib-based ID3v2 Muxer
#5 961.6 tcp:  multifdsink: Multi filedescriptor sink
#5 961.6 tcp:  multisocketsink: Multi socket sink
#5 961.6 tcp:  socketsrc: socket source
#5 961.6 tcp:  tcpclientsink: TCP client sink
#5 961.6 tcp:  tcpclientsrc: TCP client source
#5 961.6 tcp:  tcpserversink: TCP server sink
#5 961.6 tcp:  tcpserversrc: TCP server source
#5 961.6 teletext:  teletextdec: Teletext decoder
#5 961.6 theora:  theoradec: Theora video decoder
#5 961.6 theora:  theoraenc: Theora video encoder
#5 961.6 theora:  theoraparse: Theora video parser
#5 961.6 timecode:  avwait: Timecode Wait
#5 961.6 timecode:  timecodestamper: Timecode stamper
#5 961.6 transcode:  transcodebin: Transcode Bin
#5 961.6 transcode:  uritranscodebin: URITranscode Bin
#5 961.6 ttmlsubs:  ttmlparse: TTML subtitle parser
#5 961.6 ttmlsubs:  ttmlrender: TTML subtitle renderer
#5 961.6 twolame:  twolamemp2enc: TwoLAME mp2 encoder
#5 961.6 typefindfunctions: application/dash+xml: mpd, MPD
#5 961.6 typefindfunctions: application/itc: itc
#5 961.6 typefindfunctions: application/msword: doc
#5 961.6 typefindfunctions: application/mxf: mxf
#5 961.6 typefindfunctions: application/octet-stream: no extensions
#5 961.6 typefindfunctions: application/ogg: ogg, oga, ogv, ogm, ogx, spx, anx, axa, axv
#5 961.6 typefindfunctions: application/pdf: pdf
#5 961.6 typefindfunctions: application/postscript: ps
#5 961.6 typefindfunctions: application/sdp: sdp
#5 961.6 typefindfunctions: application/smil: smil
#5 961.6 typefindfunctions: application/ttml+xml: ttml+xml
#5 961.6 typefindfunctions: application/vnd.apple-fcp+xml: fcpxml
#5 961.6 typefindfunctions: application/vnd.apple-xmeml+xml: xmeml
#5 961.6 typefindfunctions: application/vnd.ms-sstr+xml: no extensions
#5 961.6 typefindfunctions: application/vnd.pixar.opentimelineio+json: otio
#5 961.6 typefindfunctions: application/vnd.rn-realmedia: ra, ram, rm, rmvb
#5 961.6 typefindfunctions: application/x-3gp: 3gp
#5 961.6 typefindfunctions: application/x-ape: ape
#5 961.6 typefindfunctions: application/x-apetag: mp3, ape, mpc, wv
#5 961.6 typefindfunctions: application/x-ar: a
#5 961.6 typefindfunctions: application/x-bzip: bz2
#5 961.6 typefindfunctions: application/x-compress: Z
#5 961.6 typefindfunctions: application/x-executable: no extensions
#5 961.6 typefindfunctions: application/x-gzip: gz
#5 961.6 typefindfunctions: application/x-hls: m3u8
#5 961.6 typefindfunctions: application/x-id3v1: mp3, mp2, mp1, mpga, ogg, flac, tta
#5 961.6 typefindfunctions: application/x-id3v2: mp3, mp2, mp1, mpga, ogg, flac, tta
#5 961.6 typefindfunctions: application/x-mcc: mcc
#5 961.6 typefindfunctions: application/x-mmsh: no extensions
#5 961.6 typefindfunctions: application/x-ms-dos-executable: dll, exe, ocx, sys, scr, msstyles, cpl
#5 961.6 typefindfunctions: application/x-ogg-skeleton: no extensions
#5 961.6 typefindfunctions: application/x-ogm-audio: no extensions
#5 961.6 typefindfunctions: application/x-ogm-text: no extensions
#5 961.6 typefindfunctions: application/x-ogm-video: no extensions
#5 961.6 typefindfunctions: application/x-pn-realaudio: ra, ram, rm, rmvb
#5 961.6 typefindfunctions: application/x-rar: rar
#5 961.6 typefindfunctions: application/x-scc: scc
#5 961.6 typefindfunctions: application/x-shockwave-flash: swf, swfl
#5 961.6 typefindfunctions: application/x-ssa: ssa, ass
#5 961.6 typefindfunctions: application/x-subtitle-vtt: vtt
#5 961.6 typefindfunctions: application/x-tar: tar
#5 961.6 typefindfunctions: application/x-yuv4mpeg: no extensions
#5 961.6 typefindfunctions: application/xges: xges
#5 961.6 typefindfunctions: application/xml: xml
#5 961.6 typefindfunctions: application/zip: zip
#5 961.6 typefindfunctions: audio/aac: aac, adts, adif, loas
#5 961.6 typefindfunctions: audio/audible: aa, aax
#5 961.6 typefindfunctions: audio/iLBC-sh: ilbc
#5 961.6 typefindfunctions: audio/midi: mid, midi
#5 961.6 typefindfunctions: audio/mobile-xmf: mxmf
#5 961.6 typefindfunctions: audio/mpeg: mp3, mp2, mp1, mpga
#5 961.6 typefindfunctions: audio/qcelp: qcp
#5 961.6 typefindfunctions: audio/riff-midi: mid, midi
#5 961.6 typefindfunctions: audio/x-ac3: ac3, eac3
#5 961.6 typefindfunctions: audio/x-aiff: aiff, aif, aifc
#5 961.6 typefindfunctions: audio/x-amr-nb-sh: amr
#5 961.6 typefindfunctions: audio/x-amr-wb-sh: amr
#5 961.6 typefindfunctions: audio/x-au: au, snd
#5 961.6 typefindfunctions: audio/x-ay: ay
#5 961.6 typefindfunctions: audio/x-caf: caf
#5 961.6 typefindfunctions: audio/x-celt: no extensions
#5 961.6 typefindfunctions: audio/x-dts: dts
#5 961.6 typefindfunctions: audio/x-flac: flac
#5 961.6 typefindfunctions: audio/x-gbs: gbs
#5 961.6 typefindfunctions: audio/x-gsm: gsm
#5 961.6 typefindfunctions: audio/x-gym: gym
#5 961.6 typefindfunctions: audio/x-imelody: imy, ime, imelody
#5 961.6 typefindfunctions: audio/x-ircam: sf
#5 961.6 typefindfunctions: audio/x-kss: kss
#5 961.6 typefindfunctions: audio/x-m4a: m4a
#5 961.6 typefindfunctions: audio/x-mod: 669, amf, ams, dbm, digi, dmf, dsm, gdm, far, imf, it, j2b, mdl, med, mod, mt2, mtm, okt, psm, ptm, sam, s3m, stm, stx, ult, umx, xm
#5 961.6 typefindfunctions: audio/x-musepack: mpc, mpp, mp+
#5 961.6 typefindfunctions: audio/x-nist: nist
#5 961.6 typefindfunctions: audio/x-nsf: nsf
#5 961.6 typefindfunctions: audio/x-paris: paf
#5 961.6 typefindfunctions: audio/x-rf64: rf64
#5 961.6 typefindfunctions: audio/x-sap: sap
#5 961.6 typefindfunctions: audio/x-sbc: sbc
#5 961.6 typefindfunctions: audio/x-sds: sds
#5 961.6 typefindfunctions: audio/x-shorten: shn
#5 961.6 typefindfunctions: audio/x-sid: sid
#5 961.6 typefindfunctions: audio/x-spc: spc
#5 961.6 typefindfunctions: audio/x-speex: no extensions
#5 961.6 typefindfunctions: audio/x-svx: iff, svx
#5 961.6 typefindfunctions: audio/x-tap-dmp: dmp
#5 961.6 typefindfunctions: audio/x-tap-tap: tap
#5 961.6 typefindfunctions: audio/x-ttafile: tta
#5 961.6 typefindfunctions: audio/x-vgm: vgm
#5 961.6 typefindfunctions: audio/x-voc: voc
#5 961.6 typefindfunctions: audio/x-vorbis: no extensions
#5 961.6 typefindfunctions: audio/x-w64: w64
#5 961.6 typefindfunctions: audio/x-wav: wav
#5 961.6 typefindfunctions: audio/x-wavpack: wv, wvp
#5 961.6 typefindfunctions: audio/x-wavpack-correction: wvc
#5 961.6 typefindfunctions: audio/x-xi: xi
#5 961.6 typefindfunctions: image/bmp: bmp
#5 961.6 typefindfunctions: image/gif: gif
#5 961.6 typefindfunctions: image/jp2: jp2
#5 961.6 typefindfunctions: image/jpeg: jpg, jpe, jpeg
#5 961.6 typefindfunctions: image/png: png
#5 961.6 typefindfunctions: image/svg+xml: svg
#5 961.6 typefindfunctions: image/tiff: tif, tiff
#5 961.6 typefindfunctions: image/vnd.adobe.photoshop: psd
#5 961.6 typefindfunctions: image/vnd.wap.wbmp: no extensions
#5 961.6 typefindfunctions: image/webp: webp
#5 961.6 typefindfunctions: image/x-degas: no extensions
#5 961.6 typefindfunctions: image/x-exr: exr
#5 961.6 typefindfunctions: image/x-icon: no extensions
#5 961.6 typefindfunctions: image/x-jng: jng
#5 961.6 typefindfunctions: image/x-jpc: jpc, j2k
#5 961.6 typefindfunctions: image/x-portable-pixmap: pnm, ppm, pgm, pbm
#5 961.6 typefindfunctions: image/x-quicktime: qif, qtif, qti
#5 961.6 typefindfunctions: image/x-sun-raster: ras
#5 961.6 typefindfunctions: image/x-xcf: xcf
#5 961.6 typefindfunctions: image/x-xpixmap: xpm
#5 961.6 typefindfunctions: multipart/x-mixed-replace: no extensions
#5 961.6 typefindfunctions: subtitle/x-kate: no extensions
#5 961.6 typefindfunctions: text/html: htm, html
#5 961.6 typefindfunctions: text/plain: txt
#5 961.6 typefindfunctions: text/uri-list: ram
#5 961.6 typefindfunctions: text/utf-16: txt
#5 961.6 typefindfunctions: text/utf-32: txt
#5 961.6 typefindfunctions: text/x-cmml: no extensions
#5 961.6 typefindfunctions: video/mj2: mj2
#5 961.6 typefindfunctions: video/mpeg-elementary: mpv, mpeg, mpg
#5 961.6 typefindfunctions: video/mpeg-sys: mpe, mpeg, mpg
#5 961.6 typefindfunctions: video/mpeg4: m4v
#5 961.6 typefindfunctions: video/mpegts: ts, mts
#5 961.6 typefindfunctions: video/quicktime: mov, mp4
#5 961.6 typefindfunctions: video/vivo: viv
#5 961.6 typefindfunctions: video/x-cdxa: dat
#5 961.6 typefindfunctions: video/x-dirac: no extensions
#5 961.6 typefindfunctions: video/x-dv: dv, dif
#5 961.6 typefindfunctions: video/x-fli: flc, fli
#5 961.6 typefindfunctions: video/x-flv: flv
#5 961.6 typefindfunctions: video/x-h263: h263, 263
#5 961.6 typefindfunctions: video/x-h264: h264, x264, 264
#5 961.6 typefindfunctions: video/x-h265: h265, x265, 265
#5 961.6 typefindfunctions: video/x-ivf: ivf
#5 961.6 typefindfunctions: video/x-matroska: mkv, mka, mk3d, webm
#5 961.6 typefindfunctions: video/x-mng: mng
#5 961.6 typefindfunctions: video/x-ms-asf: asf, wm, wma, wmv
#5 961.6 typefindfunctions: video/x-msvideo: avi
#5 961.6 typefindfunctions: video/x-mve: mve
#5 961.6 typefindfunctions: video/x-nuv: nuv
#5 961.6 typefindfunctions: video/x-pva: pva
#5 961.6 typefindfunctions: video/x-theora: no extensions
#5 961.6 typefindfunctions: video/x-vcd: dat
#5 961.6 udp:  dynudpsink: UDP packet sender
#5 961.6 udp:  multiudpsink: UDP packet sender
#5 961.6 udp:  udpsink: UDP packet sender
#5 961.6 udp:  udpsrc: UDP packet receiver
#5 961.6 video4linux2:  v4l2deviceprovider (GstDeviceProviderFactory)
#5 961.6 video4linux2:  v4l2radio: Radio (video4linux2) Tuner
#5 961.6 video4linux2:  v4l2sink: Video (video4linux2) Sink
#5 961.6 video4linux2:  v4l2src: Video (video4linux2) Source
#5 961.6 videobox:  videobox: Video box filter
#5 961.6 videoconvertscale:  videoconvert: Video colorspace converter
#5 961.6 videoconvertscale:  videoconvertscale: Video colorspace converter and scaler
#5 961.6 videoconvertscale:  videoscale: Video scaler
#5 961.6 videocrop:  aspectratiocrop: aspectratiocrop
#5 961.6 videocrop:  videocrop: Crop
#5 961.6 videofilter:  gamma: Video gamma correction
#5 961.6 videofilter:  videobalance: Video balance
#5 961.6 videofilter:  videoflip: Video flipper
#5 961.6 videofilter:  videomedian: Median effect
#5 961.6 videofiltersbad:  scenechange: Scene change detector
#5 961.6 videofiltersbad:  videodiff: Video Diff
#5 961.6 videofiltersbad:  zebrastripe: Zebra stripe overlay
#5 961.6 videoframe_audiolevel:  videoframe-audiolevel: Video-frame audio level
#5 961.6 videomixer:  videomixer: Video mixer 2
#5 961.6 videoparsersbad:  av1parse: AV1 parser
#5 961.6 videoparsersbad:  diracparse: Dirac parser
#5 961.6 videoparsersbad:  h263parse: H.263 parser
#5 961.6 videoparsersbad:  h264parse: H.264 parser
#5 961.6 videoparsersbad:  h265parse: H.265 parser
#5 961.6 videoparsersbad:  jpeg2000parse: JPEG 2000 parser
#5 961.6 videoparsersbad:  mpeg4videoparse: MPEG 4 video elementary stream parser
#5 961.6 videoparsersbad:  mpegvideoparse: MPEG video elementary stream parser
#5 961.6 videoparsersbad:  pngparse: PNG parser
#5 961.6 videoparsersbad:  vc1parse: VC1 parser
#5 961.6 videoparsersbad:  vp9parse: VP9 parser
#5 961.6 videorate:  videorate: Video rate adjuster
#5 961.6 videosignal:  simplevideomark: Video marker
#5 961.6 videosignal:  simplevideomarkdetect: Video detecter
#5 961.6 videosignal:  videoanalyse: Video analyser
#5 961.6 videotestsrc:  videotestsrc: Video test source
#5 961.6 vmnc:  vmncdec: VMnc video decoder
#5 961.6 voaacenc:  voaacenc: AAC audio encoder
#5 961.6 voamrwbenc:  voamrwbenc: AMR-WB audio encoder
#5 961.6 volume:  volume: Volume
#5 961.6 vorbis:  vorbisdec: Vorbis audio decoder
#5 961.6 vorbis:  vorbisenc: Vorbis audio encoder
#5 961.6 vorbis:  vorbisparse: VorbisParse
#5 961.6 vorbis:  vorbistag: VorbisTag
#5 961.6 vpx:  vp8dec: On2 VP8 Decoder
#5 961.6 vpx:  vp8enc: On2 VP8 Encoder
#5 961.6 vpx:  vp9dec: On2 VP9 Decoder
#5 961.6 vpx:  vp9enc: On2 VP9 Encoder
#5 961.6 wavenc:  wavenc: WAV audio muxer
#5 961.6 wavpack:  wavpackdec: Wavpack audio decoder
#5 961.6 wavpack:  wavpackenc: Wavpack audio encoder
#5 961.6 wavparse:  wavparse: WAV audio demuxer
#5 961.6 waylandsink:  waylandsink: wayland video sink
#5 961.6 webp:  webpdec: WebP image decoder
#5 961.6 webp:  webpenc: WEBP image encoder
#5 961.6 webrtc:  webrtcbin: WebRTC Bin
#5 961.6 webrtcdsp:  webrtcdsp: Voice Processor (AGC, AEC, filters, etc.)
#5 961.6 webrtcdsp:  webrtcechoprobe: Acoustic Echo Canceller probe
#5 961.6 wildmidi:  wildmididec: WildMidi-based MIDI music decoder
#5 961.6 x264:  x264enc: x264 H.264 Encoder
#5 961.6 x265:  x265enc: x265enc
#5 961.6 ximagesink:  ximagesink: Video sink
#5 961.6 ximagesrc:  ximagesrc: Ximage video source
#5 961.6 xingmux:  xingmux: MP3 Xing muxer
#5 961.6 xvimagesink:  xvimagesink: Video sink
#5 961.6 y4mdec:  y4mdec: YUV4MPEG demuxer/decoder
#5 961.6 y4menc:  y4menc: YUV4MPEG video encoder
#5 961.6 zbar:  zbar: Barcode detector
#5 961.6 
#5 961.6 Total count: 253 plugins, 1549 features
#5 DONE 961.9s

#6 exporting to image
#6 exporting layers
#6 exporting layers 7.3s done
#6 writing image sha256:dc6a8ee5c1ea2a98ac5aa1055557e403df6689ba898acc05bbe6b6d6ecb01e68 done
#6 naming to docker.io/bittles999/gst-compile done
#6 DONE 7.3s
